core   0: 0x00001000 (0x00000297) auipc   t0, 0x0
core   0: 3 0x00001000 (0x00000297) x5  0x00001000
core   0: 0x00001004 (0x02028593) addi    a1, t0, 32
core   0: 3 0x00001004 (0x02028593) x11 0x00001020
core   0: 0x00001008 (0xf1402573) csrr    a0, mhartid
core   0: 3 0x00001008 (0xf1402573) x10 0x00000000
core   0: 0x0000100c (0x0182a283) lw      t0, 24(t0)
core   0: 3 0x0000100c (0x0182a283) x5  0x80001000 mem 0x00001018
core   0: 0x00001010 (0x00028067) jr      t0
core   0: 3 0x00001010 (0x00028067)
core   0: 0x80001000 (0xdeadc537) lui     a0, 0xdeadc
core   0: 3 0x80001000 (0xdeadc537) x10 0xdeadc000
core   0: 0x80001004 (0xeef50513) addi    a0, a0, -273
core   0: 3 0x80001004 (0xeef50513) x10 0xdeadbeef
core   0: 0x80001008 (0x00001297) auipc   t0, 0x1
core   0: 3 0x80001008 (0x00001297) x5  0x80002008
core   0: 0x8000100c (0xff828293) addi    t0, t0, -8
core   0: 3 0x8000100c (0xff828293) x5  0x80002000
core   0: 0x80001010 (0x00a2a023) sw      a0, 0(t0)
core   0: 3 0x80001010 (0x00a2a023) mem 0x80002000 0xdeadbeef
core   0: 0x80001014 (0x00028403) lb      s0, 0(t0)
core   0: 3 0x80001014 (0x00028403) x8  0xffffffef mem 0x80002000
core   0: 0x80001018 (0x0002c483) lbu     s1, 0(t0)
core   0: 3 0x80001018 (0x0002c483) x9  0x000000ef mem 0x80002000
core   0: 0x8000101c (0x00029903) lh      s2, 0(t0)
core   0: 3 0x8000101c (0x00029903) x18 0xffffbeef mem 0x80002000
core   0: 0x80001020 (0x0002d983) lhu     s3, 0(t0)
core   0: 3 0x80001020 (0x0002d983) x19 0x0000beef mem 0x80002000
core   0: 0x80001024 (0x0002aa03) lw      s4, 0(t0)
core   0: 3 0x80001024 (0x0002aa03) x20 0xdeadbeef mem 0x80002000
core   0: 0x80001028 (0x00100093) li      ra, 1
core   0: 3 0x80001028 (0x00100093) x1  0x00000001
core   0: 0x8000102c (0xffffff17) auipc   t5, 0xfffff
core   0: 3 0x8000102c (0xffffff17) x30 0x8000002c
core   0: 0x80001030 (0xfc1f2a23) sw      ra, -44(t5)
core   0: 3 0x80001030 (0xfc1f2a23) mem 0x80000000 0x00000001
core   0: 0x80001034 (0xff5ff06f) j       pc - 0xc
core   0: 3 0x80001034 (0xff5ff06f)
core   0: 0x80001028 (0x00100093) li      ra, 1
core   0: 3 0x80001028 (0x00100093) x1  0x00000001
core   0: 0x8000102c (0xffffff17) auipc   t5, 0xfffff
core   0: 3 0x8000102c (0xffffff17) x30 0x8000002c
core   0: 0x80001030 (0xfc1f2a23) sw      ra, -44(t5)
core   0: 3 0x80001030 (0xfc1f2a23) mem 0x80000000 0x00000001
core   0: 0x80001034 (0xff5ff06f) j       pc - 0xc
core   0: 3 0x80001034 (0xff5ff06f)
core   0: 0x80001028 (0x00100093) li      ra, 1
core   0: 3 0x80001028 (0x00100093) x1  0x00000001
core   0: 0x8000102c (0xffffff17) auipc   t5, 0xfffff
core   0: 3 0x8000102c (0xffffff17) x30 0x8000002c
core   0: 0x80001030 (0xfc1f2a23) sw      ra, -44(t5)
core   0: 3 0x80001030 (0xfc1f2a23) mem 0x80000000 0x00000001
core   0: 0x80001034 (0xff5ff06f) j       pc - 0xc
core   0: 3 0x80001034 (0xff5ff06f)
core   0: 0x80001028 (0x00100093) li      ra, 1
core   0: 3 0x80001028 (0x00100093) x1  0x00000001
core   0: 0x8000102c (0xffffff17) auipc   t5, 0xfffff
core   0: 3 0x8000102c (0xffffff17) x30 0x8000002c
core   0: 0x80001030 (0xfc1f2a23) sw      ra, -44(t5)
core   0: 3 0x80001030 (0xfc1f2a23) mem 0x80000000 0x00000001
core   0: 0x80001034 (0xff5ff06f) j       pc - 0xc
core   0: 3 0x80001034 (0xff5ff06f)
core   0: 0x80001028 (0x00100093) li      ra, 1
core   0: 3 0x80001028 (0x00100093) x1  0x00000001
core   0: 0x8000102c (0xffffff17) auipc   t5, 0xfffff
core   0: 3 0x8000102c (0xffffff17) x30 0x8000002c
core   0: 0x80001030 (0xfc1f2a23) sw      ra, -44(t5)
core   0: 3 0x80001030 (0xfc1f2a23) mem 0x80000000 0x00000001
core   0: 0x80001034 (0xff5ff06f) j       pc - 0xc
core   0: 3 0x80001034 (0xff5ff06f)
core   0: 0x80001028 (0x00100093) li      ra, 1
core   0: 3 0x80001028 (0x00100093) x1  0x00000001
core   0: 0x8000102c (0xffffff17) auipc   t5, 0xfffff
core   0: 3 0x8000102c (0xffffff17) x30 0x8000002c
core   0: 0x80001030 (0xfc1f2a23) sw      ra, -44(t5)
core   0: 3 0x80001030 (0xfc1f2a23) mem 0x80000000 0x00000001
core   0: 0x80001034 (0xff5ff06f) j       pc - 0xc
core   0: 3 0x80001034 (0xff5ff06f)
core   0: 0x80001028 (0x00100093) li      ra, 1
core   0: 3 0x80001028 (0x00100093) x1  0x00000001
core   0: 0x8000102c (0xffffff17) auipc   t5, 0xfffff
core   0: 3 0x8000102c (0xffffff17) x30 0x8000002c
core   0: 0x80001030 (0xfc1f2a23) sw      ra, -44(t5)
core   0: 3 0x80001030 (0xfc1f2a23) mem 0x80000000 0x00000001
core   0: 0x80001034 (0xff5ff06f) j       pc - 0xc
core   0: 3 0x80001034 (0xff5ff06f)
core   0: 0x80001028 (0x00100093) li      ra, 1
core   0: 3 0x80001028 (0x00100093) x1  0x00000001
core   0: 0x8000102c (0xffffff17) auipc   t5, 0xfffff
core   0: 3 0x8000102c (0xffffff17) x30 0x8000002c
core   0: 0x80001030 (0xfc1f2a23) sw      ra, -44(t5)
core   0: 3 0x80001030 (0xfc1f2a23) mem 0x80000000 0x00000001
core   0: 0x80001034 (0xff5ff06f) j       pc - 0xc
core   0: 3 0x80001034 (0xff5ff06f)
core   0: 0x80001028 (0x00100093) li      ra, 1
core   0: 3 0x80001028 (0x00100093) x1  0x00000001
core   0: 0x8000102c (0xffffff17) auipc   t5, 0xfffff
core   0: 3 0x8000102c (0xffffff17) x30 0x8000002c
core   0: 0x80001030 (0xfc1f2a23) sw      ra, -44(t5)
core   0: 3 0x80001030 (0xfc1f2a23) mem 0x80000000 0x00000001
core   0: 0x80001034 (0xff5ff06f) j       pc - 0xc
core   0: 3 0x80001034 (0xff5ff06f)
core   0: 0x80001028 (0x00100093) li      ra, 1
core   0: 3 0x80001028 (0x00100093) x1  0x00000001
core   0: 0x8000102c (0xffffff17) auipc   t5, 0xfffff
core   0: 3 0x8000102c (0xffffff17) x30 0x8000002c
core   0: 0x80001030 (0xfc1f2a23) sw      ra, -44(t5)
core   0: 3 0x80001030 (0xfc1f2a23) mem 0x80000000 0x00000001
core   0: 0x80001034 (0xff5ff06f) j       pc - 0xc
core   0: 3 0x80001034 (0xff5ff06f)
core   0: 0x80001028 (0x00100093) li      ra, 1
core   0: 3 0x80001028 (0x00100093) x1  0x00000001
core   0: 0x8000102c (0xffffff17) auipc   t5, 0xfffff
core   0: 3 0x8000102c (0xffffff17) x30 0x8000002c
core   0: 0x80001030 (0xfc1f2a23) sw      ra, -44(t5)
core   0: 3 0x80001030 (0xfc1f2a23) mem 0x80000000 0x00000001
core   0: 0x80001034 (0xff5ff06f) j       pc - 0xc
core   0: 3 0x80001034 (0xff5ff06f)
core   0: 0x80001028 (0x00100093) li      ra, 1
core   0: 3 0x80001028 (0x00100093) x1  0x00000001
core   0: 0x8000102c (0xffffff17) auipc   t5, 0xfffff
core   0: 3 0x8000102c (0xffffff17) x30 0x8000002c
core   0: 0x80001030 (0xfc1f2a23) sw      ra, -44(t5)
core   0: 3 0x80001030 (0xfc1f2a23) mem 0x80000000 0x00000001
core   0: 0x80001034 (0xff5ff06f) j       pc - 0xc
core   0: 3 0x80001034 (0xff5ff06f)
core   0: 0x80001028 (0x00100093) li      ra, 1
core   0: 3 0x80001028 (0x00100093) x1  0x00000001
core   0: 0x8000102c (0xffffff17) auipc   t5, 0xfffff
core   0: 3 0x8000102c (0xffffff17) x30 0x8000002c
core   0: 0x80001030 (0xfc1f2a23) sw      ra, -44(t5)
core   0: 3 0x80001030 (0xfc1f2a23) mem 0x80000000 0x00000001
core   0: 0x80001034 (0xff5ff06f) j       pc - 0xc
core   0: 3 0x80001034 (0xff5ff06f)
core   0: 0x80001028 (0x00100093) li      ra, 1
core   0: 3 0x80001028 (0x00100093) x1  0x00000001
core   0: 0x8000102c (0xffffff17) auipc   t5, 0xfffff
core   0: 3 0x8000102c (0xffffff17) x30 0x8000002c
core   0: 0x80001030 (0xfc1f2a23) sw      ra, -44(t5)
core   0: 3 0x80001030 (0xfc1f2a23) mem 0x80000000 0x00000001
core   0: 0x80001034 (0xff5ff06f) j       pc - 0xc
core   0: 3 0x80001034 (0xff5ff06f)
core   0: 0x80001028 (0x00100093) li      ra, 1
core   0: 3 0x80001028 (0x00100093) x1  0x00000001
core   0: 0x8000102c (0xffffff17) auipc   t5, 0xfffff
core   0: 3 0x8000102c (0xffffff17) x30 0x8000002c
core   0: 0x80001030 (0xfc1f2a23) sw      ra, -44(t5)
core   0: 3 0x80001030 (0xfc1f2a23) mem 0x80000000 0x00000001
core   0: 0x80001034 (0xff5ff06f) j       pc - 0xc
core   0: 3 0x80001034 (0xff5ff06f)
core   0: 0x80001028 (0x00100093) li      ra, 1
core   0: 3 0x80001028 (0x00100093) x1  0x00000001
core   0: 0x8000102c (0xffffff17) auipc   t5, 0xfffff
core   0: 3 0x8000102c (0xffffff17) x30 0x8000002c
core   0: 0x80001030 (0xfc1f2a23) sw      ra, -44(t5)
core   0: 3 0x80001030 (0xfc1f2a23) mem 0x80000000 0x00000001
core   0: 0x80001034 (0xff5ff06f) j       pc - 0xc
core   0: 3 0x80001034 (0xff5ff06f)
core   0: 0x80001028 (0x00100093) li      ra, 1
core   0: 3 0x80001028 (0x00100093) x1  0x00000001
core   0: 0x8000102c (0xffffff17) auipc   t5, 0xfffff
core   0: 3 0x8000102c (0xffffff17) x30 0x8000002c
core   0: 0x80001030 (0xfc1f2a23) sw      ra, -44(t5)
core   0: 3 0x80001030 (0xfc1f2a23) mem 0x80000000 0x00000001
core   0: 0x80001034 (0xff5ff06f) j       pc - 0xc
core   0: 3 0x80001034 (0xff5ff06f)
core   0: 0x80001028 (0x00100093) li      ra, 1
core   0: 3 0x80001028 (0x00100093) x1  0x00000001
core   0: 0x8000102c (0xffffff17) auipc   t5, 0xfffff
core   0: 3 0x8000102c (0xffffff17) x30 0x8000002c
core   0: 0x80001030 (0xfc1f2a23) sw      ra, -44(t5)
core   0: 3 0x80001030 (0xfc1f2a23) mem 0x80000000 0x00000001
core   0: 0x80001034 (0xff5ff06f) j       pc - 0xc
core   0: 3 0x80001034 (0xff5ff06f)
core   0: 0x80001028 (0x00100093) li      ra, 1
core   0: 3 0x80001028 (0x00100093) x1  0x00000001
core   0: 0x8000102c (0xffffff17) auipc   t5, 0xfffff
core   0: 3 0x8000102c (0xffffff17) x30 0x8000002c
core   0: 0x80001030 (0xfc1f2a23) sw      ra, -44(t5)
core   0: 3 0x80001030 (0xfc1f2a23) mem 0x80000000 0x00000001
core   0: 0x80001034 (0xff5ff06f) j       pc - 0xc
core   0: 3 0x80001034 (0xff5ff06f)
core   0: 0x80001028 (0x00100093) li      ra, 1
core   0: 3 0x80001028 (0x00100093) x1  0x00000001
core   0: 0x8000102c (0xffffff17) auipc   t5, 0xfffff
core   0: 3 0x8000102c (0xffffff17) x30 0x8000002c
core   0: 0x80001030 (0xfc1f2a23) sw      ra, -44(t5)
core   0: 3 0x80001030 (0xfc1f2a23) mem 0x80000000 0x00000001
core   0: 0x80001034 (0xff5ff06f) j       pc - 0xc
core   0: 3 0x80001034 (0xff5ff06f)
core   0: 0x80001028 (0x00100093) li      ra, 1
core   0: 3 0x80001028 (0x00100093) x1  0x00000001
core   0: 0x8000102c (0xffffff17) auipc   t5, 0xfffff
core   0: 3 0x8000102c (0xffffff17) x30 0x8000002c
core   0: 0x80001030 (0xfc1f2a23) sw      ra, -44(t5)
core   0: 3 0x80001030 (0xfc1f2a23) mem 0x80000000 0x00000001
core   0: 0x80001034 (0xff5ff06f) j       pc - 0xc
core   0: 3 0x80001034 (0xff5ff06f)
core   0: 0x80001028 (0x00100093) li      ra, 1
core   0: 3 0x80001028 (0x00100093) x1  0x00000001
core   0: 0x8000102c (0xffffff17) auipc   t5, 0xfffff
core   0: 3 0x8000102c (0xffffff17) x30 0x8000002c
core   0: 0x80001030 (0xfc1f2a23) sw      ra, -44(t5)
core   0: 3 0x80001030 (0xfc1f2a23) mem 0x80000000 0x00000001
core   0: 0x80001034 (0xff5ff06f) j       pc - 0xc
core   0: 3 0x80001034 (0xff5ff06f)
core   0: 0x80001028 (0x00100093) li      ra, 1
core   0: 3 0x80001028 (0x00100093) x1  0x00000001
core   0: 0x8000102c (0xffffff17) auipc   t5, 0xfffff
core   0: 3 0x8000102c (0xffffff17) x30 0x8000002c
core   0: 0x80001030 (0xfc1f2a23) sw      ra, -44(t5)
core   0: 3 0x80001030 (0xfc1f2a23) mem 0x80000000 0x00000001
core   0: 0x80001034 (0xff5ff06f) j       pc - 0xc
core   0: 3 0x80001034 (0xff5ff06f)
core   0: 0x80001028 (0x00100093) li      ra, 1
core   0: 3 0x80001028 (0x00100093) x1  0x00000001
core   0: 0x8000102c (0xffffff17) auipc   t5, 0xfffff
core   0: 3 0x8000102c (0xffffff17) x30 0x8000002c
core   0: 0x80001030 (0xfc1f2a23) sw      ra, -44(t5)
core   0: 3 0x80001030 (0xfc1f2a23) mem 0x80000000 0x00000001
core   0: 0x80001034 (0xff5ff06f) j       pc - 0xc
core   0: 3 0x80001034 (0xff5ff06f)
core   0: 0x80001028 (0x00100093) li      ra, 1
core   0: 3 0x80001028 (0x00100093) x1  0x00000001
core   0: 0x8000102c (0xffffff17) auipc   t5, 0xfffff
core   0: 3 0x8000102c (0xffffff17) x30 0x8000002c
core   0: 0x80001030 (0xfc1f2a23) sw      ra, -44(t5)
core   0: 3 0x80001030 (0xfc1f2a23) mem 0x80000000 0x00000001
core   0: 0x80001034 (0xff5ff06f) j       pc - 0xc
core   0: 3 0x80001034 (0xff5ff06f)
core   0: 0x80001028 (0x00100093) li      ra, 1
core   0: 3 0x80001028 (0x00100093) x1  0x00000001
core   0: 0x8000102c (0xffffff17) auipc   t5, 0xfffff
core   0: 3 0x8000102c (0xffffff17) x30 0x8000002c
core   0: 0x80001030 (0xfc1f2a23) sw      ra, -44(t5)
core   0: 3 0x80001030 (0xfc1f2a23) mem 0x80000000 0x00000001
core   0: 0x80001034 (0xff5ff06f) j       pc - 0xc
core   0: 3 0x80001034 (0xff5ff06f)
core   0: 0x80001028 (0x00100093) li      ra, 1
core   0: 3 0x80001028 (0x00100093) x1  0x00000001
core   0: 0x8000102c (0xffffff17) auipc   t5, 0xfffff
core   0: 3 0x8000102c (0xffffff17) x30 0x8000002c
core   0: 0x80001030 (0xfc1f2a23) sw      ra, -44(t5)
core   0: 3 0x80001030 (0xfc1f2a23) mem 0x80000000 0x00000001
core   0: 0x80001034 (0xff5ff06f) j       pc - 0xc
core   0: 3 0x80001034 (0xff5ff06f)
core   0: 0x80001028 (0x00100093) li      ra, 1
core   0: 3 0x80001028 (0x00100093) x1  0x00000001
core   0: 0x8000102c (0xffffff17) auipc   t5, 0xfffff
core   0: 3 0x8000102c (0xffffff17) x30 0x8000002c
core   0: 0x80001030 (0xfc1f2a23) sw      ra, -44(t5)
core   0: 3 0x80001030 (0xfc1f2a23) mem 0x80000000 0x00000001
core   0: 0x80001034 (0xff5ff06f) j       pc - 0xc
core   0: 3 0x80001034 (0xff5ff06f)
core   0: 0x80001028 (0x00100093) li      ra, 1
core   0: 3 0x80001028 (0x00100093) x1  0x00000001
core   0: 0x8000102c (0xffffff17) auipc   t5, 0xfffff
core   0: 3 0x8000102c (0xffffff17) x30 0x8000002c
core   0: 0x80001030 (0xfc1f2a23) sw      ra, -44(t5)
core   0: 3 0x80001030 (0xfc1f2a23) mem 0x80000000 0x00000001
core   0: 0x80001034 (0xff5ff06f) j       pc - 0xc
core   0: 3 0x80001034 (0xff5ff06f)
core   0: 0x80001028 (0x00100093) li      ra, 1
core   0: 3 0x80001028 (0x00100093) x1  0x00000001
core   0: 0x8000102c (0xffffff17) auipc   t5, 0xfffff
core   0: 3 0x8000102c (0xffffff17) x30 0x8000002c
core   0: 0x80001030 (0xfc1f2a23) sw      ra, -44(t5)
core   0: 3 0x80001030 (0xfc1f2a23) mem 0x80000000 0x00000001
core   0: 0x80001034 (0xff5ff06f) j       pc - 0xc
core   0: 3 0x80001034 (0xff5ff06f)
core   0: 0x80001028 (0x00100093) li      ra, 1
core   0: 3 0x80001028 (0x00100093) x1  0x00000001
core   0: 0x8000102c (0xffffff17) auipc   t5, 0xfffff
core   0: 3 0x8000102c (0xffffff17) x30 0x8000002c
core   0: 0x80001030 (0xfc1f2a23) sw      ra, -44(t5)
core   0: 3 0x80001030 (0xfc1f2a23) mem 0x80000000 0x00000001
core   0: 0x80001034 (0xff5ff06f) j       pc - 0xc
core   0: 3 0x80001034 (0xff5ff06f)
core   0: 0x80001028 (0x00100093) li      ra, 1
core   0: 3 0x80001028 (0x00100093) x1  0x00000001
core   0: 0x8000102c (0xffffff17) auipc   t5, 0xfffff
core   0: 3 0x8000102c (0xffffff17) x30 0x8000002c
core   0: 0x80001030 (0xfc1f2a23) sw      ra, -44(t5)
core   0: 3 0x80001030 (0xfc1f2a23) mem 0x80000000 0x00000001
core   0: 0x80001034 (0xff5ff06f) j       pc - 0xc
core   0: 3 0x80001034 (0xff5ff06f)
core   0: 0x80001028 (0x00100093) li      ra, 1
core   0: 3 0x80001028 (0x00100093) x1  0x00000001
core   0: 0x8000102c (0xffffff17) auipc   t5, 0xfffff
core   0: 3 0x8000102c (0xffffff17) x30 0x8000002c
core   0: 0x80001030 (0xfc1f2a23) sw      ra, -44(t5)
core   0: 3 0x80001030 (0xfc1f2a23) mem 0x80000000 0x00000001
core   0: 0x80001034 (0xff5ff06f) j       pc - 0xc
core   0: 3 0x80001034 (0xff5ff06f)
core   0: 0x80001028 (0x00100093) li      ra, 1
core   0: 3 0x80001028 (0x00100093) x1  0x00000001
core   0: 0x8000102c (0xffffff17) auipc   t5, 0xfffff
core   0: 3 0x8000102c (0xffffff17) x30 0x8000002c
core   0: 0x80001030 (0xfc1f2a23) sw      ra, -44(t5)
core   0: 3 0x80001030 (0xfc1f2a23) mem 0x80000000 0x00000001
core   0: 0x80001034 (0xff5ff06f) j       pc - 0xc
core   0: 3 0x80001034 (0xff5ff06f)
core   0: 0x80001028 (0x00100093) li      ra, 1
core   0: 3 0x80001028 (0x00100093) x1  0x00000001
core   0: 0x8000102c (0xffffff17) auipc   t5, 0xfffff
core   0: 3 0x8000102c (0xffffff17) x30 0x8000002c
core   0: 0x80001030 (0xfc1f2a23) sw      ra, -44(t5)
core   0: 3 0x80001030 (0xfc1f2a23) mem 0x80000000 0x00000001
core   0: 0x80001034 (0xff5ff06f) j       pc - 0xc
core   0: 3 0x80001034 (0xff5ff06f)
core   0: 0x80001028 (0x00100093) li      ra, 1
core   0: 3 0x80001028 (0x00100093) x1  0x00000001
core   0: 0x8000102c (0xffffff17) auipc   t5, 0xfffff
core   0: 3 0x8000102c (0xffffff17) x30 0x8000002c
core   0: 0x80001030 (0xfc1f2a23) sw      ra, -44(t5)
core   0: 3 0x80001030 (0xfc1f2a23) mem 0x80000000 0x00000001
core   0: 0x80001034 (0xff5ff06f) j       pc - 0xc
core   0: 3 0x80001034 (0xff5ff06f)
core   0: 0x80001028 (0x00100093) li      ra, 1
core   0: 3 0x80001028 (0x00100093) x1  0x00000001
core   0: 0x8000102c (0xffffff17) auipc   t5, 0xfffff
core   0: 3 0x8000102c (0xffffff17) x30 0x8000002c
core   0: 0x80001030 (0xfc1f2a23) sw      ra, -44(t5)
core   0: 3 0x80001030 (0xfc1f2a23) mem 0x80000000 0x00000001
core   0: 0x80001034 (0xff5ff06f) j       pc - 0xc
core   0: 3 0x80001034 (0xff5ff06f)
core   0: 0x80001028 (0x00100093) li      ra, 1
core   0: 3 0x80001028 (0x00100093) x1  0x00000001
core   0: 0x8000102c (0xffffff17) auipc   t5, 0xfffff
core   0: 3 0x8000102c (0xffffff17) x30 0x8000002c
core   0: 0x80001030 (0xfc1f2a23) sw      ra, -44(t5)
core   0: 3 0x80001030 (0xfc1f2a23) mem 0x80000000 0x00000001
core   0: 0x80001034 (0xff5ff06f) j       pc - 0xc
core   0: 3 0x80001034 (0xff5ff06f)
core   0: 0x80001028 (0x00100093) li      ra, 1
core   0: 3 0x80001028 (0x00100093) x1  0x00000001
core   0: 0x8000102c (0xffffff17) auipc   t5, 0xfffff
core   0: 3 0x8000102c (0xffffff17) x30 0x8000002c
core   0: 0x80001030 (0xfc1f2a23) sw      ra, -44(t5)
core   0: 3 0x80001030 (0xfc1f2a23) mem 0x80000000 0x00000001
core   0: 0x80001034 (0xff5ff06f) j       pc - 0xc
core   0: 3 0x80001034 (0xff5ff06f)
core   0: 0x80001028 (0x00100093) li      ra, 1
core   0: 3 0x80001028 (0x00100093) x1  0x00000001
core   0: 0x8000102c (0xffffff17) auipc   t5, 0xfffff
core   0: 3 0x8000102c (0xffffff17) x30 0x8000002c
core   0: 0x80001030 (0xfc1f2a23) sw      ra, -44(t5)
core   0: 3 0x80001030 (0xfc1f2a23) mem 0x80000000 0x00000001
core   0: 0x80001034 (0xff5ff06f) j       pc - 0xc
core   0: 3 0x80001034 (0xff5ff06f)
core   0: 0x80001028 (0x00100093) li      ra, 1
core   0: 3 0x80001028 (0x00100093) x1  0x00000001
core   0: 0x8000102c (0xffffff17) auipc   t5, 0xfffff
core   0: 3 0x8000102c (0xffffff17) x30 0x8000002c
core   0: 0x80001030 (0xfc1f2a23) sw      ra, -44(t5)
core   0: 3 0x80001030 (0xfc1f2a23) mem 0x80000000 0x00000001
core   0: 0x80001034 (0xff5ff06f) j       pc - 0xc
core   0: 3 0x80001034 (0xff5ff06f)
core   0: 0x80001028 (0x00100093) li      ra, 1
core   0: 3 0x80001028 (0x00100093) x1  0x00000001
core   0: 0x8000102c (0xffffff17) auipc   t5, 0xfffff
core   0: 3 0x8000102c (0xffffff17) x30 0x8000002c
core   0: 0x80001030 (0xfc1f2a23) sw      ra, -44(t5)
core   0: 3 0x80001030 (0xfc1f2a23) mem 0x80000000 0x00000001
core   0: 0x80001034 (0xff5ff06f) j       pc - 0xc
core   0: 3 0x80001034 (0xff5ff06f)
core   0: 0x80001028 (0x00100093) li      ra, 1
core   0: 3 0x80001028 (0x00100093) x1  0x00000001
core   0: 0x8000102c (0xffffff17) auipc   t5, 0xfffff
core   0: 3 0x8000102c (0xffffff17) x30 0x8000002c
core   0: 0x80001030 (0xfc1f2a23) sw      ra, -44(t5)
core   0: 3 0x80001030 (0xfc1f2a23) mem 0x80000000 0x00000001
core   0: 0x80001034 (0xff5ff06f) j       pc - 0xc
core   0: 3 0x80001034 (0xff5ff06f)
core   0: 0x80001028 (0x00100093) li      ra, 1
core   0: 3 0x80001028 (0x00100093) x1  0x00000001
core   0: 0x8000102c (0xffffff17) auipc   t5, 0xfffff
core   0: 3 0x8000102c (0xffffff17) x30 0x8000002c
core   0: 0x80001030 (0xfc1f2a23) sw      ra, -44(t5)
core   0: 3 0x80001030 (0xfc1f2a23) mem 0x80000000 0x00000001
core   0: 0x80001034 (0xff5ff06f) j       pc - 0xc
core   0: 3 0x80001034 (0xff5ff06f)
core   0: 0x80001028 (0x00100093) li      ra, 1
core   0: 3 0x80001028 (0x00100093) x1  0x00000001
core   0: 0x8000102c (0xffffff17) auipc   t5, 0xfffff
core   0: 3 0x8000102c (0xffffff17) x30 0x8000002c
core   0: 0x80001030 (0xfc1f2a23) sw      ra, -44(t5)
core   0: 3 0x80001030 (0xfc1f2a23) mem 0x80000000 0x00000001
core   0: 0x80001034 (0xff5ff06f) j       pc - 0xc
core   0: 3 0x80001034 (0xff5ff06f)
core   0: 0x80001028 (0x00100093) li      ra, 1
core   0: 3 0x80001028 (0x00100093) x1  0x00000001
core   0: 0x8000102c (0xffffff17) auipc   t5, 0xfffff
core   0: 3 0x8000102c (0xffffff17) x30 0x8000002c
core   0: 0x80001030 (0xfc1f2a23) sw      ra, -44(t5)
core   0: 3 0x80001030 (0xfc1f2a23) mem 0x80000000 0x00000001
core   0: 0x80001034 (0xff5ff06f) j       pc - 0xc
core   0: 3 0x80001034 (0xff5ff06f)
core   0: 0x80001028 (0x00100093) li      ra, 1
core   0: 3 0x80001028 (0x00100093) x1  0x00000001
core   0: 0x8000102c (0xffffff17) auipc   t5, 0xfffff
core   0: 3 0x8000102c (0xffffff17) x30 0x8000002c
core   0: 0x80001030 (0xfc1f2a23) sw      ra, -44(t5)
core   0: 3 0x80001030 (0xfc1f2a23) mem 0x80000000 0x00000001
core   0: 0x80001034 (0xff5ff06f) j       pc - 0xc
core   0: 3 0x80001034 (0xff5ff06f)
core   0: 0x80001028 (0x00100093) li      ra, 1
core   0: 3 0x80001028 (0x00100093) x1  0x00000001
core   0: 0x8000102c (0xffffff17) auipc   t5, 0xfffff
core   0: 3 0x8000102c (0xffffff17) x30 0x8000002c
core   0: 0x80001030 (0xfc1f2a23) sw      ra, -44(t5)
core   0: 3 0x80001030 (0xfc1f2a23) mem 0x80000000 0x00000001
core   0: 0x80001034 (0xff5ff06f) j       pc - 0xc
core   0: 3 0x80001034 (0xff5ff06f)
core   0: 0x80001028 (0x00100093) li      ra, 1
core   0: 3 0x80001028 (0x00100093) x1  0x00000001
core   0: 0x8000102c (0xffffff17) auipc   t5, 0xfffff
core   0: 3 0x8000102c (0xffffff17) x30 0x8000002c
core   0: 0x80001030 (0xfc1f2a23) sw      ra, -44(t5)
core   0: 3 0x80001030 (0xfc1f2a23) mem 0x80000000 0x00000001
core   0: 0x80001034 (0xff5ff06f) j       pc - 0xc
core   0: 3 0x80001034 (0xff5ff06f)
core   0: 0x80001028 (0x00100093) li      ra, 1
core   0: 3 0x80001028 (0x00100093) x1  0x00000001
core   0: 0x8000102c (0xffffff17) auipc   t5, 0xfffff
core   0: 3 0x8000102c (0xffffff17) x30 0x8000002c
core   0: 0x80001030 (0xfc1f2a23) sw      ra, -44(t5)
core   0: 3 0x80001030 (0xfc1f2a23) mem 0x80000000 0x00000001
core   0: 0x80001034 (0xff5ff06f) j       pc - 0xc
core   0: 3 0x80001034 (0xff5ff06f)
core   0: 0x80001028 (0x00100093) li      ra, 1
core   0: 3 0x80001028 (0x00100093) x1  0x00000001
core   0: 0x8000102c (0xffffff17) auipc   t5, 0xfffff
core   0: 3 0x8000102c (0xffffff17) x30 0x8000002c
core   0: 0x80001030 (0xfc1f2a23) sw      ra, -44(t5)
core   0: 3 0x80001030 (0xfc1f2a23) mem 0x80000000 0x00000001
core   0: 0x80001034 (0xff5ff06f) j       pc - 0xc
core   0: 3 0x80001034 (0xff5ff06f)
core   0: 0x80001028 (0x00100093) li      ra, 1
core   0: 3 0x80001028 (0x00100093) x1  0x00000001
core   0: 0x8000102c (0xffffff17) auipc   t5, 0xfffff
core   0: 3 0x8000102c (0xffffff17) x30 0x8000002c
core   0: 0x80001030 (0xfc1f2a23) sw      ra, -44(t5)
core   0: 3 0x80001030 (0xfc1f2a23) mem 0x80000000 0x00000001
core   0: 0x80001034 (0xff5ff06f) j       pc - 0xc
core   0: 3 0x80001034 (0xff5ff06f)
core   0: 0x80001028 (0x00100093) li      ra, 1
core   0: 3 0x80001028 (0x00100093) x1  0x00000001
core   0: 0x8000102c (0xffffff17) auipc   t5, 0xfffff
core   0: 3 0x8000102c (0xffffff17) x30 0x8000002c
core   0: 0x80001030 (0xfc1f2a23) sw      ra, -44(t5)
core   0: 3 0x80001030 (0xfc1f2a23) mem 0x80000000 0x00000001
core   0: 0x80001034 (0xff5ff06f) j       pc - 0xc
core   0: 3 0x80001034 (0xff5ff06f)
core   0: 0x80001028 (0x00100093) li      ra, 1
core   0: 3 0x80001028 (0x00100093) x1  0x00000001
core   0: 0x8000102c (0xffffff17) auipc   t5, 0xfffff
core   0: 3 0x8000102c (0xffffff17) x30 0x8000002c
core   0: 0x80001030 (0xfc1f2a23) sw      ra, -44(t5)
core   0: 3 0x80001030 (0xfc1f2a23) mem 0x80000000 0x00000001
core   0: 0x80001034 (0xff5ff06f) j       pc - 0xc
core   0: 3 0x80001034 (0xff5ff06f)
core   0: 0x80001028 (0x00100093) li      ra, 1
core   0: 3 0x80001028 (0x00100093) x1  0x00000001
core   0: 0x8000102c (0xffffff17) auipc   t5, 0xfffff
core   0: 3 0x8000102c (0xffffff17) x30 0x8000002c
core   0: 0x80001030 (0xfc1f2a23) sw      ra, -44(t5)
core   0: 3 0x80001030 (0xfc1f2a23) mem 0x80000000 0x00000001
core   0: 0x80001034 (0xff5ff06f) j       pc - 0xc
core   0: 3 0x80001034 (0xff5ff06f)
core   0: 0x80001028 (0x00100093) li      ra, 1
core   0: 3 0x80001028 (0x00100093) x1  0x00000001
core   0: 0x8000102c (0xffffff17) auipc   t5, 0xfffff
core   0: 3 0x8000102c (0xffffff17) x30 0x8000002c
core   0: 0x80001030 (0xfc1f2a23) sw      ra, -44(t5)
core   0: 3 0x80001030 (0xfc1f2a23) mem 0x80000000 0x00000001
core   0: 0x80001034 (0xff5ff06f) j       pc - 0xc
core   0: 3 0x80001034 (0xff5ff06f)
core   0: 0x80001028 (0x00100093) li      ra, 1
core   0: 3 0x80001028 (0x00100093) x1  0x00000001
core   0: 0x8000102c (0xffffff17) auipc   t5, 0xfffff
core   0: 3 0x8000102c (0xffffff17) x30 0x8000002c
core   0: 0x80001030 (0xfc1f2a23) sw      ra, -44(t5)
core   0: 3 0x80001030 (0xfc1f2a23) mem 0x80000000 0x00000001
core   0: 0x80001034 (0xff5ff06f) j       pc - 0xc
core   0: 3 0x80001034 (0xff5ff06f)
core   0: 0x80001028 (0x00100093) li      ra, 1
core   0: 3 0x80001028 (0x00100093) x1  0x00000001
core   0: 0x8000102c (0xffffff17) auipc   t5, 0xfffff
core   0: 3 0x8000102c (0xffffff17) x30 0x8000002c
core   0: 0x80001030 (0xfc1f2a23) sw      ra, -44(t5)
core   0: 3 0x80001030 (0xfc1f2a23) mem 0x80000000 0x00000001
core   0: 0x80001034 (0xff5ff06f) j       pc - 0xc
core   0: 3 0x80001034 (0xff5ff06f)
core   0: 0x80001028 (0x00100093) li      ra, 1
core   0: 3 0x80001028 (0x00100093) x1  0x00000001
core   0: 0x8000102c (0xffffff17) auipc   t5, 0xfffff
core   0: 3 0x8000102c (0xffffff17) x30 0x8000002c
core   0: 0x80001030 (0xfc1f2a23) sw      ra, -44(t5)
core   0: 3 0x80001030 (0xfc1f2a23) mem 0x80000000 0x00000001
core   0: 0x80001034 (0xff5ff06f) j       pc - 0xc
core   0: 3 0x80001034 (0xff5ff06f)
core   0: 0x80001028 (0x00100093) li      ra, 1
core   0: 3 0x80001028 (0x00100093) x1  0x00000001
core   0: 0x8000102c (0xffffff17) auipc   t5, 0xfffff
core   0: 3 0x8000102c (0xffffff17) x30 0x8000002c
core   0: 0x80001030 (0xfc1f2a23) sw      ra, -44(t5)
core   0: 3 0x80001030 (0xfc1f2a23) mem 0x80000000 0x00000001
core   0: 0x80001034 (0xff5ff06f) j       pc - 0xc
core   0: 3 0x80001034 (0xff5ff06f)
core   0: 0x80001028 (0x00100093) li      ra, 1
core   0: 3 0x80001028 (0x00100093) x1  0x00000001
core   0: 0x8000102c (0xffffff17) auipc   t5, 0xfffff
core   0: 3 0x8000102c (0xffffff17) x30 0x8000002c
core   0: 0x80001030 (0xfc1f2a23) sw      ra, -44(t5)
core   0: 3 0x80001030 (0xfc1f2a23) mem 0x80000000 0x00000001
core   0: 0x80001034 (0xff5ff06f) j       pc - 0xc
core   0: 3 0x80001034 (0xff5ff06f)
core   0: 0x80001028 (0x00100093) li      ra, 1
core   0: 3 0x80001028 (0x00100093) x1  0x00000001
core   0: 0x8000102c (0xffffff17) auipc   t5, 0xfffff
core   0: 3 0x8000102c (0xffffff17) x30 0x8000002c
core   0: 0x80001030 (0xfc1f2a23) sw      ra, -44(t5)
core   0: 3 0x80001030 (0xfc1f2a23) mem 0x80000000 0x00000001
core   0: 0x80001034 (0xff5ff06f) j       pc - 0xc
core   0: 3 0x80001034 (0xff5ff06f)
core   0: 0x80001028 (0x00100093) li      ra, 1
core   0: 3 0x80001028 (0x00100093) x1  0x00000001
core   0: 0x8000102c (0xffffff17) auipc   t5, 0xfffff
core   0: 3 0x8000102c (0xffffff17) x30 0x8000002c
core   0: 0x80001030 (0xfc1f2a23) sw      ra, -44(t5)
core   0: 3 0x80001030 (0xfc1f2a23) mem 0x80000000 0x00000001
core   0: 0x80001034 (0xff5ff06f) j       pc - 0xc
core   0: 3 0x80001034 (0xff5ff06f)
core   0: 0x80001028 (0x00100093) li      ra, 1
core   0: 3 0x80001028 (0x00100093) x1  0x00000001
core   0: 0x8000102c (0xffffff17) auipc   t5, 0xfffff
core   0: 3 0x8000102c (0xffffff17) x30 0x8000002c
core   0: 0x80001030 (0xfc1f2a23) sw      ra, -44(t5)
core   0: 3 0x80001030 (0xfc1f2a23) mem 0x80000000 0x00000001
core   0: 0x80001034 (0xff5ff06f) j       pc - 0xc
core   0: 3 0x80001034 (0xff5ff06f)
core   0: 0x80001028 (0x00100093) li      ra, 1
core   0: 3 0x80001028 (0x00100093) x1  0x00000001
core   0: 0x8000102c (0xffffff17) auipc   t5, 0xfffff
core   0: 3 0x8000102c (0xffffff17) x30 0x8000002c
core   0: 0x80001030 (0xfc1f2a23) sw      ra, -44(t5)
core   0: 3 0x80001030 (0xfc1f2a23) mem 0x80000000 0x00000001
core   0: 0x80001034 (0xff5ff06f) j       pc - 0xc
core   0: 3 0x80001034 (0xff5ff06f)
core   0: 0x80001028 (0x00100093) li      ra, 1
core   0: 3 0x80001028 (0x00100093) x1  0x00000001
core   0: 0x8000102c (0xffffff17) auipc   t5, 0xfffff
core   0: 3 0x8000102c (0xffffff17) x30 0x8000002c
core   0: 0x80001030 (0xfc1f2a23) sw      ra, -44(t5)
core   0: 3 0x80001030 (0xfc1f2a23) mem 0x80000000 0x00000001
core   0: 0x80001034 (0xff5ff06f) j       pc - 0xc
core   0: 3 0x80001034 (0xff5ff06f)
core   0: 0x80001028 (0x00100093) li      ra, 1
core   0: 3 0x80001028 (0x00100093) x1  0x00000001
core   0: 0x8000102c (0xffffff17) auipc   t5, 0xfffff
core   0: 3 0x8000102c (0xffffff17) x30 0x8000002c
core   0: 0x80001030 (0xfc1f2a23) sw      ra, -44(t5)
core   0: 3 0x80001030 (0xfc1f2a23) mem 0x80000000 0x00000001
core   0: 0x80001034 (0xff5ff06f) j       pc - 0xc
core   0: 3 0x80001034 (0xff5ff06f)
core   0: 0x80001028 (0x00100093) li      ra, 1
core   0: 3 0x80001028 (0x00100093) x1  0x00000001
core   0: 0x8000102c (0xffffff17) auipc   t5, 0xfffff
core   0: 3 0x8000102c (0xffffff17) x30 0x8000002c
core   0: 0x80001030 (0xfc1f2a23) sw      ra, -44(t5)
core   0: 3 0x80001030 (0xfc1f2a23) mem 0x80000000 0x00000001
core   0: 0x80001034 (0xff5ff06f) j       pc - 0xc
core   0: 3 0x80001034 (0xff5ff06f)
core   0: 0x80001028 (0x00100093) li      ra, 1
core   0: 3 0x80001028 (0x00100093) x1  0x00000001
core   0: 0x8000102c (0xffffff17) auipc   t5, 0xfffff
core   0: 3 0x8000102c (0xffffff17) x30 0x8000002c
core   0: 0x80001030 (0xfc1f2a23) sw      ra, -44(t5)
core   0: 3 0x80001030 (0xfc1f2a23) mem 0x80000000 0x00000001
core   0: 0x80001034 (0xff5ff06f) j       pc - 0xc
core   0: 3 0x80001034 (0xff5ff06f)
core   0: 0x80001028 (0x00100093) li      ra, 1
core   0: 3 0x80001028 (0x00100093) x1  0x00000001
core   0: 0x8000102c (0xffffff17) auipc   t5, 0xfffff
core   0: 3 0x8000102c (0xffffff17) x30 0x8000002c
core   0: 0x80001030 (0xfc1f2a23) sw      ra, -44(t5)
core   0: 3 0x80001030 (0xfc1f2a23) mem 0x80000000 0x00000001
core   0: 0x80001034 (0xff5ff06f) j       pc - 0xc
core   0: 3 0x80001034 (0xff5ff06f)
core   0: 0x80001028 (0x00100093) li      ra, 1
core   0: 3 0x80001028 (0x00100093) x1  0x00000001
core   0: 0x8000102c (0xffffff17) auipc   t5, 0xfffff
core   0: 3 0x8000102c (0xffffff17) x30 0x8000002c
core   0: 0x80001030 (0xfc1f2a23) sw      ra, -44(t5)
core   0: 3 0x80001030 (0xfc1f2a23) mem 0x80000000 0x00000001
core   0: 0x80001034 (0xff5ff06f) j       pc - 0xc
core   0: 3 0x80001034 (0xff5ff06f)
core   0: 0x80001028 (0x00100093) li      ra, 1
core   0: 3 0x80001028 (0x00100093) x1  0x00000001
core   0: 0x8000102c (0xffffff17) auipc   t5, 0xfffff
core   0: 3 0x8000102c (0xffffff17) x30 0x8000002c
core   0: 0x80001030 (0xfc1f2a23) sw      ra, -44(t5)
core   0: 3 0x80001030 (0xfc1f2a23) mem 0x80000000 0x00000001
core   0: 0x80001034 (0xff5ff06f) j       pc - 0xc
core   0: 3 0x80001034 (0xff5ff06f)
core   0: 0x80001028 (0x00100093) li      ra, 1
core   0: 3 0x80001028 (0x00100093) x1  0x00000001
core   0: 0x8000102c (0xffffff17) auipc   t5, 0xfffff
core   0: 3 0x8000102c (0xffffff17) x30 0x8000002c
core   0: 0x80001030 (0xfc1f2a23) sw      ra, -44(t5)
core   0: 3 0x80001030 (0xfc1f2a23) mem 0x80000000 0x00000001
core   0: 0x80001034 (0xff5ff06f) j       pc - 0xc
core   0: 3 0x80001034 (0xff5ff06f)
core   0: 0x80001028 (0x00100093) li      ra, 1
core   0: 3 0x80001028 (0x00100093) x1  0x00000001
core   0: 0x8000102c (0xffffff17) auipc   t5, 0xfffff
core   0: 3 0x8000102c (0xffffff17) x30 0x8000002c
core   0: 0x80001030 (0xfc1f2a23) sw      ra, -44(t5)
core   0: 3 0x80001030 (0xfc1f2a23) mem 0x80000000 0x00000001
core   0: 0x80001034 (0xff5ff06f) j       pc - 0xc
core   0: 3 0x80001034 (0xff5ff06f)
core   0: 0x80001028 (0x00100093) li      ra, 1
core   0: 3 0x80001028 (0x00100093) x1  0x00000001
core   0: 0x8000102c (0xffffff17) auipc   t5, 0xfffff
core   0: 3 0x8000102c (0xffffff17) x30 0x8000002c
core   0: 0x80001030 (0xfc1f2a23) sw      ra, -44(t5)
core   0: 3 0x80001030 (0xfc1f2a23) mem 0x80000000 0x00000001
core   0: 0x80001034 (0xff5ff06f) j       pc - 0xc
core   0: 3 0x80001034 (0xff5ff06f)
core   0: 0x80001028 (0x00100093) li      ra, 1
core   0: 3 0x80001028 (0x00100093) x1  0x00000001
core   0: 0x8000102c (0xffffff17) auipc   t5, 0xfffff
core   0: 3 0x8000102c (0xffffff17) x30 0x8000002c
core   0: 0x80001030 (0xfc1f2a23) sw      ra, -44(t5)
core   0: 3 0x80001030 (0xfc1f2a23) mem 0x80000000 0x00000001
core   0: 0x80001034 (0xff5ff06f) j       pc - 0xc
core   0: 3 0x80001034 (0xff5ff06f)
core   0: 0x80001028 (0x00100093) li      ra, 1
core   0: 3 0x80001028 (0x00100093) x1  0x00000001
core   0: 0x8000102c (0xffffff17) auipc   t5, 0xfffff
core   0: 3 0x8000102c (0xffffff17) x30 0x8000002c
core   0: 0x80001030 (0xfc1f2a23) sw      ra, -44(t5)
core   0: 3 0x80001030 (0xfc1f2a23) mem 0x80000000 0x00000001
core   0: 0x80001034 (0xff5ff06f) j       pc - 0xc
core   0: 3 0x80001034 (0xff5ff06f)
core   0: 0x80001028 (0x00100093) li      ra, 1
core   0: 3 0x80001028 (0x00100093) x1  0x00000001
core   0: 0x8000102c (0xffffff17) auipc   t5, 0xfffff
core   0: 3 0x8000102c (0xffffff17) x30 0x8000002c
core   0: 0x80001030 (0xfc1f2a23) sw      ra, -44(t5)
core   0: 3 0x80001030 (0xfc1f2a23) mem 0x80000000 0x00000001
core   0: 0x80001034 (0xff5ff06f) j       pc - 0xc
core   0: 3 0x80001034 (0xff5ff06f)
core   0: 0x80001028 (0x00100093) li      ra, 1
core   0: 3 0x80001028 (0x00100093) x1  0x00000001
core   0: 0x8000102c (0xffffff17) auipc   t5, 0xfffff
core   0: 3 0x8000102c (0xffffff17) x30 0x8000002c
core   0: 0x80001030 (0xfc1f2a23) sw      ra, -44(t5)
core   0: 3 0x80001030 (0xfc1f2a23) mem 0x80000000 0x00000001
core   0: 0x80001034 (0xff5ff06f) j       pc - 0xc
core   0: 3 0x80001034 (0xff5ff06f)
core   0: 0x80001028 (0x00100093) li      ra, 1
core   0: 3 0x80001028 (0x00100093) x1  0x00000001
core   0: 0x8000102c (0xffffff17) auipc   t5, 0xfffff
core   0: 3 0x8000102c (0xffffff17) x30 0x8000002c
core   0: 0x80001030 (0xfc1f2a23) sw      ra, -44(t5)
core   0: 3 0x80001030 (0xfc1f2a23) mem 0x80000000 0x00000001
core   0: 0x80001034 (0xff5ff06f) j       pc - 0xc
core   0: 3 0x80001034 (0xff5ff06f)
core   0: 0x80001028 (0x00100093) li      ra, 1
core   0: 3 0x80001028 (0x00100093) x1  0x00000001
core   0: 0x8000102c (0xffffff17) auipc   t5, 0xfffff
core   0: 3 0x8000102c (0xffffff17) x30 0x8000002c
core   0: 0x80001030 (0xfc1f2a23) sw      ra, -44(t5)
core   0: 3 0x80001030 (0xfc1f2a23) mem 0x80000000 0x00000001
core   0: 0x80001034 (0xff5ff06f) j       pc - 0xc
core   0: 3 0x80001034 (0xff5ff06f)
core   0: 0x80001028 (0x00100093) li      ra, 1
core   0: 3 0x80001028 (0x00100093) x1  0x00000001
core   0: 0x8000102c (0xffffff17) auipc   t5, 0xfffff
core   0: 3 0x8000102c (0xffffff17) x30 0x8000002c
core   0: 0x80001030 (0xfc1f2a23) sw      ra, -44(t5)
core   0: 3 0x80001030 (0xfc1f2a23) mem 0x80000000 0x00000001
core   0: 0x80001034 (0xff5ff06f) j       pc - 0xc
core   0: 3 0x80001034 (0xff5ff06f)
core   0: 0x80001028 (0x00100093) li      ra, 1
core   0: 3 0x80001028 (0x00100093) x1  0x00000001
core   0: 0x8000102c (0xffffff17) auipc   t5, 0xfffff
core   0: 3 0x8000102c (0xffffff17) x30 0x8000002c
core   0: 0x80001030 (0xfc1f2a23) sw      ra, -44(t5)
core   0: 3 0x80001030 (0xfc1f2a23) mem 0x80000000 0x00000001
core   0: 0x80001034 (0xff5ff06f) j       pc - 0xc
core   0: 3 0x80001034 (0xff5ff06f)
core   0: 0x80001028 (0x00100093) li      ra, 1
core   0: 3 0x80001028 (0x00100093) x1  0x00000001
core   0: 0x8000102c (0xffffff17) auipc   t5, 0xfffff
core   0: 3 0x8000102c (0xffffff17) x30 0x8000002c
core   0: 0x80001030 (0xfc1f2a23) sw      ra, -44(t5)
core   0: 3 0x80001030 (0xfc1f2a23) mem 0x80000000 0x00000001
core   0: 0x80001034 (0xff5ff06f) j       pc - 0xc
core   0: 3 0x80001034 (0xff5ff06f)
core   0: 0x80001028 (0x00100093) li      ra, 1
core   0: 3 0x80001028 (0x00100093) x1  0x00000001
core   0: 0x8000102c (0xffffff17) auipc   t5, 0xfffff
core   0: 3 0x8000102c (0xffffff17) x30 0x8000002c
core   0: 0x80001030 (0xfc1f2a23) sw      ra, -44(t5)
core   0: 3 0x80001030 (0xfc1f2a23) mem 0x80000000 0x00000001
core   0: 0x80001034 (0xff5ff06f) j       pc - 0xc
core   0: 3 0x80001034 (0xff5ff06f)
core   0: 0x80001028 (0x00100093) li      ra, 1
core   0: 3 0x80001028 (0x00100093) x1  0x00000001
core   0: 0x8000102c (0xffffff17) auipc   t5, 0xfffff
core   0: 3 0x8000102c (0xffffff17) x30 0x8000002c
core   0: 0x80001030 (0xfc1f2a23) sw      ra, -44(t5)
core   0: 3 0x80001030 (0xfc1f2a23) mem 0x80000000 0x00000001
core   0: 0x80001034 (0xff5ff06f) j       pc - 0xc
core   0: 3 0x80001034 (0xff5ff06f)
core   0: 0x80001028 (0x00100093) li      ra, 1
core   0: 3 0x80001028 (0x00100093) x1  0x00000001
core   0: 0x8000102c (0xffffff17) auipc   t5, 0xfffff
core   0: 3 0x8000102c (0xffffff17) x30 0x8000002c
core   0: 0x80001030 (0xfc1f2a23) sw      ra, -44(t5)
core   0: 3 0x80001030 (0xfc1f2a23) mem 0x80000000 0x00000001
core   0: 0x80001034 (0xff5ff06f) j       pc - 0xc
core   0: 3 0x80001034 (0xff5ff06f)
core   0: 0x80001028 (0x00100093) li      ra, 1
core   0: 3 0x80001028 (0x00100093) x1  0x00000001
core   0: 0x8000102c (0xffffff17) auipc   t5, 0xfffff
core   0: 3 0x8000102c (0xffffff17) x30 0x8000002c
core   0: 0x80001030 (0xfc1f2a23) sw      ra, -44(t5)
core   0: 3 0x80001030 (0xfc1f2a23) mem 0x80000000 0x00000001
core   0: 0x80001034 (0xff5ff06f) j       pc - 0xc
core   0: 3 0x80001034 (0xff5ff06f)
core   0: 0x80001028 (0x00100093) li      ra, 1
core   0: 3 0x80001028 (0x00100093) x1  0x00000001
core   0: 0x8000102c (0xffffff17) auipc   t5, 0xfffff
core   0: 3 0x8000102c (0xffffff17) x30 0x8000002c
core   0: 0x80001030 (0xfc1f2a23) sw      ra, -44(t5)
core   0: 3 0x80001030 (0xfc1f2a23) mem 0x80000000 0x00000001
core   0: 0x80001034 (0xff5ff06f) j       pc - 0xc
core   0: 3 0x80001034 (0xff5ff06f)
core   0: 0x80001028 (0x00100093) li      ra, 1
core   0: 3 0x80001028 (0x00100093) x1  0x00000001
core   0: 0x8000102c (0xffffff17) auipc   t5, 0xfffff
core   0: 3 0x8000102c (0xffffff17) x30 0x8000002c
core   0: 0x80001030 (0xfc1f2a23) sw      ra, -44(t5)
core   0: 3 0x80001030 (0xfc1f2a23) mem 0x80000000 0x00000001
core   0: 0x80001034 (0xff5ff06f) j       pc - 0xc
core   0: 3 0x80001034 (0xff5ff06f)
core   0: 0x80001028 (0x00100093) li      ra, 1
core   0: 3 0x80001028 (0x00100093) x1  0x00000001
core   0: 0x8000102c (0xffffff17) auipc   t5, 0xfffff
core   0: 3 0x8000102c (0xffffff17) x30 0x8000002c
core   0: 0x80001030 (0xfc1f2a23) sw      ra, -44(t5)
core   0: 3 0x80001030 (0xfc1f2a23) mem 0x80000000 0x00000001
core   0: 0x80001034 (0xff5ff06f) j       pc - 0xc
core   0: 3 0x80001034 (0xff5ff06f)
core   0: 0x80001028 (0x00100093) li      ra, 1
core   0: 3 0x80001028 (0x00100093) x1  0x00000001
core   0: 0x8000102c (0xffffff17) auipc   t5, 0xfffff
core   0: 3 0x8000102c (0xffffff17) x30 0x8000002c
core   0: 0x80001030 (0xfc1f2a23) sw      ra, -44(t5)
core   0: 3 0x80001030 (0xfc1f2a23) mem 0x80000000 0x00000001
core   0: 0x80001034 (0xff5ff06f) j       pc - 0xc
core   0: 3 0x80001034 (0xff5ff06f)
core   0: 0x80001028 (0x00100093) li      ra, 1
core   0: 3 0x80001028 (0x00100093) x1  0x00000001
core   0: 0x8000102c (0xffffff17) auipc   t5, 0xfffff
core   0: 3 0x8000102c (0xffffff17) x30 0x8000002c
core   0: 0x80001030 (0xfc1f2a23) sw      ra, -44(t5)
core   0: 3 0x80001030 (0xfc1f2a23) mem 0x80000000 0x00000001
core   0: 0x80001034 (0xff5ff06f) j       pc - 0xc
core   0: 3 0x80001034 (0xff5ff06f)
core   0: 0x80001028 (0x00100093) li      ra, 1
core   0: 3 0x80001028 (0x00100093) x1  0x00000001
core   0: 0x8000102c (0xffffff17) auipc   t5, 0xfffff
core   0: 3 0x8000102c (0xffffff17) x30 0x8000002c
core   0: 0x80001030 (0xfc1f2a23) sw      ra, -44(t5)
core   0: 3 0x80001030 (0xfc1f2a23) mem 0x80000000 0x00000001
core   0: 0x80001034 (0xff5ff06f) j       pc - 0xc
core   0: 3 0x80001034 (0xff5ff06f)
core   0: 0x80001028 (0x00100093) li      ra, 1
core   0: 3 0x80001028 (0x00100093) x1  0x00000001
core   0: 0x8000102c (0xffffff17) auipc   t5, 0xfffff
core   0: 3 0x8000102c (0xffffff17) x30 0x8000002c
core   0: 0x80001030 (0xfc1f2a23) sw      ra, -44(t5)
core   0: 3 0x80001030 (0xfc1f2a23) mem 0x80000000 0x00000001
core   0: 0x80001034 (0xff5ff06f) j       pc - 0xc
core   0: 3 0x80001034 (0xff5ff06f)
core   0: 0x80001028 (0x00100093) li      ra, 1
core   0: 3 0x80001028 (0x00100093) x1  0x00000001
core   0: 0x8000102c (0xffffff17) auipc   t5, 0xfffff
core   0: 3 0x8000102c (0xffffff17) x30 0x8000002c
core   0: 0x80001030 (0xfc1f2a23) sw      ra, -44(t5)
core   0: 3 0x80001030 (0xfc1f2a23) mem 0x80000000 0x00000001
core   0: 0x80001034 (0xff5ff06f) j       pc - 0xc
core   0: 3 0x80001034 (0xff5ff06f)
core   0: 0x80001028 (0x00100093) li      ra, 1
core   0: 3 0x80001028 (0x00100093) x1  0x00000001
core   0: 0x8000102c (0xffffff17) auipc   t5, 0xfffff
core   0: 3 0x8000102c (0xffffff17) x30 0x8000002c
core   0: 0x80001030 (0xfc1f2a23) sw      ra, -44(t5)
core   0: 3 0x80001030 (0xfc1f2a23) mem 0x80000000 0x00000001
core   0: 0x80001034 (0xff5ff06f) j       pc - 0xc
core   0: 3 0x80001034 (0xff5ff06f)
core   0: 0x80001028 (0x00100093) li      ra, 1
core   0: 3 0x80001028 (0x00100093) x1  0x00000001
core   0: 0x8000102c (0xffffff17) auipc   t5, 0xfffff
core   0: 3 0x8000102c (0xffffff17) x30 0x8000002c
core   0: 0x80001030 (0xfc1f2a23) sw      ra, -44(t5)
core   0: 3 0x80001030 (0xfc1f2a23) mem 0x80000000 0x00000001
core   0: 0x80001034 (0xff5ff06f) j       pc - 0xc
core   0: 3 0x80001034 (0xff5ff06f)
core   0: 0x80001028 (0x00100093) li      ra, 1
core   0: 3 0x80001028 (0x00100093) x1  0x00000001
core   0: 0x8000102c (0xffffff17) auipc   t5, 0xfffff
core   0: 3 0x8000102c (0xffffff17) x30 0x8000002c
core   0: 0x80001030 (0xfc1f2a23) sw      ra, -44(t5)
core   0: 3 0x80001030 (0xfc1f2a23) mem 0x80000000 0x00000001
core   0: 0x80001034 (0xff5ff06f) j       pc - 0xc
core   0: 3 0x80001034 (0xff5ff06f)
core   0: 0x80001028 (0x00100093) li      ra, 1
core   0: 3 0x80001028 (0x00100093) x1  0x00000001
core   0: 0x8000102c (0xffffff17) auipc   t5, 0xfffff
core   0: 3 0x8000102c (0xffffff17) x30 0x8000002c
core   0: 0x80001030 (0xfc1f2a23) sw      ra, -44(t5)
core   0: 3 0x80001030 (0xfc1f2a23) mem 0x80000000 0x00000001
core   0: 0x80001034 (0xff5ff06f) j       pc - 0xc
core   0: 3 0x80001034 (0xff5ff06f)
core   0: 0x80001028 (0x00100093) li      ra, 1
core   0: 3 0x80001028 (0x00100093) x1  0x00000001
core   0: 0x8000102c (0xffffff17) auipc   t5, 0xfffff
core   0: 3 0x8000102c (0xffffff17) x30 0x8000002c
core   0: 0x80001030 (0xfc1f2a23) sw      ra, -44(t5)
core   0: 3 0x80001030 (0xfc1f2a23) mem 0x80000000 0x00000001
core   0: 0x80001034 (0xff5ff06f) j       pc - 0xc
core   0: 3 0x80001034 (0xff5ff06f)
core   0: 0x80001028 (0x00100093) li      ra, 1
core   0: 3 0x80001028 (0x00100093) x1  0x00000001
core   0: 0x8000102c (0xffffff17) auipc   t5, 0xfffff
core   0: 3 0x8000102c (0xffffff17) x30 0x8000002c
core   0: 0x80001030 (0xfc1f2a23) sw      ra, -44(t5)
core   0: 3 0x80001030 (0xfc1f2a23) mem 0x80000000 0x00000001
core   0: 0x80001034 (0xff5ff06f) j       pc - 0xc
core   0: 3 0x80001034 (0xff5ff06f)
core   0: 0x80001028 (0x00100093) li      ra, 1
core   0: 3 0x80001028 (0x00100093) x1  0x00000001
core   0: 0x8000102c (0xffffff17) auipc   t5, 0xfffff
core   0: 3 0x8000102c (0xffffff17) x30 0x8000002c
core   0: 0x80001030 (0xfc1f2a23) sw      ra, -44(t5)
core   0: 3 0x80001030 (0xfc1f2a23) mem 0x80000000 0x00000001
core   0: 0x80001034 (0xff5ff06f) j       pc - 0xc
core   0: 3 0x80001034 (0xff5ff06f)
core   0: 0x80001028 (0x00100093) li      ra, 1
core   0: 3 0x80001028 (0x00100093) x1  0x00000001
core   0: 0x8000102c (0xffffff17) auipc   t5, 0xfffff
core   0: 3 0x8000102c (0xffffff17) x30 0x8000002c
core   0: 0x80001030 (0xfc1f2a23) sw      ra, -44(t5)
core   0: 3 0x80001030 (0xfc1f2a23) mem 0x80000000 0x00000001
core   0: 0x80001034 (0xff5ff06f) j       pc - 0xc
core   0: 3 0x80001034 (0xff5ff06f)
core   0: 0x80001028 (0x00100093) li      ra, 1
core   0: 3 0x80001028 (0x00100093) x1  0x00000001
core   0: 0x8000102c (0xffffff17) auipc   t5, 0xfffff
core   0: 3 0x8000102c (0xffffff17) x30 0x8000002c
core   0: 0x80001030 (0xfc1f2a23) sw      ra, -44(t5)
core   0: 3 0x80001030 (0xfc1f2a23) mem 0x80000000 0x00000001
core   0: 0x80001034 (0xff5ff06f) j       pc - 0xc
core   0: 3 0x80001034 (0xff5ff06f)
core   0: 0x80001028 (0x00100093) li      ra, 1
core   0: 3 0x80001028 (0x00100093) x1  0x00000001
core   0: 0x8000102c (0xffffff17) auipc   t5, 0xfffff
core   0: 3 0x8000102c (0xffffff17) x30 0x8000002c
core   0: 0x80001030 (0xfc1f2a23) sw      ra, -44(t5)
core   0: 3 0x80001030 (0xfc1f2a23) mem 0x80000000 0x00000001
core   0: 0x80001034 (0xff5ff06f) j       pc - 0xc
core   0: 3 0x80001034 (0xff5ff06f)
core   0: 0x80001028 (0x00100093) li      ra, 1
core   0: 3 0x80001028 (0x00100093) x1  0x00000001
core   0: 0x8000102c (0xffffff17) auipc   t5, 0xfffff
core   0: 3 0x8000102c (0xffffff17) x30 0x8000002c
core   0: 0x80001030 (0xfc1f2a23) sw      ra, -44(t5)
core   0: 3 0x80001030 (0xfc1f2a23) mem 0x80000000 0x00000001
core   0: 0x80001034 (0xff5ff06f) j       pc - 0xc
core   0: 3 0x80001034 (0xff5ff06f)
core   0: 0x80001028 (0x00100093) li      ra, 1
core   0: 3 0x80001028 (0x00100093) x1  0x00000001
core   0: 0x8000102c (0xffffff17) auipc   t5, 0xfffff
core   0: 3 0x8000102c (0xffffff17) x30 0x8000002c
core   0: 0x80001030 (0xfc1f2a23) sw      ra, -44(t5)
core   0: 3 0x80001030 (0xfc1f2a23) mem 0x80000000 0x00000001
core   0: 0x80001034 (0xff5ff06f) j       pc - 0xc
core   0: 3 0x80001034 (0xff5ff06f)
core   0: 0x80001028 (0x00100093) li      ra, 1
core   0: 3 0x80001028 (0x00100093) x1  0x00000001
core   0: 0x8000102c (0xffffff17) auipc   t5, 0xfffff
core   0: 3 0x8000102c (0xffffff17) x30 0x8000002c
core   0: 0x80001030 (0xfc1f2a23) sw      ra, -44(t5)
core   0: 3 0x80001030 (0xfc1f2a23) mem 0x80000000 0x00000001
core   0: 0x80001034 (0xff5ff06f) j       pc - 0xc
core   0: 3 0x80001034 (0xff5ff06f)
core   0: 0x80001028 (0x00100093) li      ra, 1
core   0: 3 0x80001028 (0x00100093) x1  0x00000001
core   0: 0x8000102c (0xffffff17) auipc   t5, 0xfffff
core   0: 3 0x8000102c (0xffffff17) x30 0x8000002c
core   0: 0x80001030 (0xfc1f2a23) sw      ra, -44(t5)
core   0: 3 0x80001030 (0xfc1f2a23) mem 0x80000000 0x00000001
core   0: 0x80001034 (0xff5ff06f) j       pc - 0xc
core   0: 3 0x80001034 (0xff5ff06f)
core   0: 0x80001028 (0x00100093) li      ra, 1
core   0: 3 0x80001028 (0x00100093) x1  0x00000001
core   0: 0x8000102c (0xffffff17) auipc   t5, 0xfffff
core   0: 3 0x8000102c (0xffffff17) x30 0x8000002c
core   0: 0x80001030 (0xfc1f2a23) sw      ra, -44(t5)
core   0: 3 0x80001030 (0xfc1f2a23) mem 0x80000000 0x00000001
core   0: 0x80001034 (0xff5ff06f) j       pc - 0xc
core   0: 3 0x80001034 (0xff5ff06f)
core   0: 0x80001028 (0x00100093) li      ra, 1
core   0: 3 0x80001028 (0x00100093) x1  0x00000001
core   0: 0x8000102c (0xffffff17) auipc   t5, 0xfffff
core   0: 3 0x8000102c (0xffffff17) x30 0x8000002c
core   0: 0x80001030 (0xfc1f2a23) sw      ra, -44(t5)
core   0: 3 0x80001030 (0xfc1f2a23) mem 0x80000000 0x00000001
core   0: 0x80001034 (0xff5ff06f) j       pc - 0xc
core   0: 3 0x80001034 (0xff5ff06f)
core   0: 0x80001028 (0x00100093) li      ra, 1
core   0: 3 0x80001028 (0x00100093) x1  0x00000001
core   0: 0x8000102c (0xffffff17) auipc   t5, 0xfffff
core   0: 3 0x8000102c (0xffffff17) x30 0x8000002c
core   0: 0x80001030 (0xfc1f2a23) sw      ra, -44(t5)
core   0: 3 0x80001030 (0xfc1f2a23) mem 0x80000000 0x00000001
core   0: 0x80001034 (0xff5ff06f) j       pc - 0xc
core   0: 3 0x80001034 (0xff5ff06f)
core   0: 0x80001028 (0x00100093) li      ra, 1
core   0: 3 0x80001028 (0x00100093) x1  0x00000001
core   0: 0x8000102c (0xffffff17) auipc   t5, 0xfffff
core   0: 3 0x8000102c (0xffffff17) x30 0x8000002c
core   0: 0x80001030 (0xfc1f2a23) sw      ra, -44(t5)
core   0: 3 0x80001030 (0xfc1f2a23) mem 0x80000000 0x00000001
core   0: 0x80001034 (0xff5ff06f) j       pc - 0xc
core   0: 3 0x80001034 (0xff5ff06f)
core   0: 0x80001028 (0x00100093) li      ra, 1
core   0: 3 0x80001028 (0x00100093) x1  0x00000001
core   0: 0x8000102c (0xffffff17) auipc   t5, 0xfffff
core   0: 3 0x8000102c (0xffffff17) x30 0x8000002c
core   0: 0x80001030 (0xfc1f2a23) sw      ra, -44(t5)
core   0: 3 0x80001030 (0xfc1f2a23) mem 0x80000000 0x00000001
core   0: 0x80001034 (0xff5ff06f) j       pc - 0xc
core   0: 3 0x80001034 (0xff5ff06f)
core   0: 0x80001028 (0x00100093) li      ra, 1
core   0: 3 0x80001028 (0x00100093) x1  0x00000001
core   0: 0x8000102c (0xffffff17) auipc   t5, 0xfffff
core   0: 3 0x8000102c (0xffffff17) x30 0x8000002c
core   0: 0x80001030 (0xfc1f2a23) sw      ra, -44(t5)
core   0: 3 0x80001030 (0xfc1f2a23) mem 0x80000000 0x00000001
core   0: 0x80001034 (0xff5ff06f) j       pc - 0xc
core   0: 3 0x80001034 (0xff5ff06f)
core   0: 0x80001028 (0x00100093) li      ra, 1
core   0: 3 0x80001028 (0x00100093) x1  0x00000001
core   0: 0x8000102c (0xffffff17) auipc   t5, 0xfffff
core   0: 3 0x8000102c (0xffffff17) x30 0x8000002c
core   0: 0x80001030 (0xfc1f2a23) sw      ra, -44(t5)
core   0: 3 0x80001030 (0xfc1f2a23) mem 0x80000000 0x00000001
core   0: 0x80001034 (0xff5ff06f) j       pc - 0xc
core   0: 3 0x80001034 (0xff5ff06f)
core   0: 0x80001028 (0x00100093) li      ra, 1
core   0: 3 0x80001028 (0x00100093) x1  0x00000001
core   0: 0x8000102c (0xffffff17) auipc   t5, 0xfffff
core   0: 3 0x8000102c (0xffffff17) x30 0x8000002c
core   0: 0x80001030 (0xfc1f2a23) sw      ra, -44(t5)
core   0: 3 0x80001030 (0xfc1f2a23) mem 0x80000000 0x00000001
core   0: 0x80001034 (0xff5ff06f) j       pc - 0xc
core   0: 3 0x80001034 (0xff5ff06f)
core   0: 0x80001028 (0x00100093) li      ra, 1
core   0: 3 0x80001028 (0x00100093) x1  0x00000001
core   0: 0x8000102c (0xffffff17) auipc   t5, 0xfffff
core   0: 3 0x8000102c (0xffffff17) x30 0x8000002c
core   0: 0x80001030 (0xfc1f2a23) sw      ra, -44(t5)
core   0: 3 0x80001030 (0xfc1f2a23) mem 0x80000000 0x00000001
core   0: 0x80001034 (0xff5ff06f) j       pc - 0xc
core   0: 3 0x80001034 (0xff5ff06f)
core   0: 0x80001028 (0x00100093) li      ra, 1
core   0: 3 0x80001028 (0x00100093) x1  0x00000001
core   0: 0x8000102c (0xffffff17) auipc   t5, 0xfffff
core   0: 3 0x8000102c (0xffffff17) x30 0x8000002c
core   0: 0x80001030 (0xfc1f2a23) sw      ra, -44(t5)
core   0: 3 0x80001030 (0xfc1f2a23) mem 0x80000000 0x00000001
core   0: 0x80001034 (0xff5ff06f) j       pc - 0xc
core   0: 3 0x80001034 (0xff5ff06f)
core   0: 0x80001028 (0x00100093) li      ra, 1
core   0: 3 0x80001028 (0x00100093) x1  0x00000001
core   0: 0x8000102c (0xffffff17) auipc   t5, 0xfffff
core   0: 3 0x8000102c (0xffffff17) x30 0x8000002c
core   0: 0x80001030 (0xfc1f2a23) sw      ra, -44(t5)
core   0: 3 0x80001030 (0xfc1f2a23) mem 0x80000000 0x00000001
core   0: 0x80001034 (0xff5ff06f) j       pc - 0xc
core   0: 3 0x80001034 (0xff5ff06f)
core   0: 0x80001028 (0x00100093) li      ra, 1
core   0: 3 0x80001028 (0x00100093) x1  0x00000001
core   0: 0x8000102c (0xffffff17) auipc   t5, 0xfffff
core   0: 3 0x8000102c (0xffffff17) x30 0x8000002c
core   0: 0x80001030 (0xfc1f2a23) sw      ra, -44(t5)
core   0: 3 0x80001030 (0xfc1f2a23) mem 0x80000000 0x00000001
core   0: 0x80001034 (0xff5ff06f) j       pc - 0xc
core   0: 3 0x80001034 (0xff5ff06f)
core   0: 0x80001028 (0x00100093) li      ra, 1
core   0: 3 0x80001028 (0x00100093) x1  0x00000001
core   0: 0x8000102c (0xffffff17) auipc   t5, 0xfffff
core   0: 3 0x8000102c (0xffffff17) x30 0x8000002c
core   0: 0x80001030 (0xfc1f2a23) sw      ra, -44(t5)
core   0: 3 0x80001030 (0xfc1f2a23) mem 0x80000000 0x00000001
core   0: 0x80001034 (0xff5ff06f) j       pc - 0xc
core   0: 3 0x80001034 (0xff5ff06f)
core   0: 0x80001028 (0x00100093) li      ra, 1
core   0: 3 0x80001028 (0x00100093) x1  0x00000001
core   0: 0x8000102c (0xffffff17) auipc   t5, 0xfffff
core   0: 3 0x8000102c (0xffffff17) x30 0x8000002c
core   0: 0x80001030 (0xfc1f2a23) sw      ra, -44(t5)
core   0: 3 0x80001030 (0xfc1f2a23) mem 0x80000000 0x00000001
core   0: 0x80001034 (0xff5ff06f) j       pc - 0xc
core   0: 3 0x80001034 (0xff5ff06f)
core   0: 0x80001028 (0x00100093) li      ra, 1
core   0: 3 0x80001028 (0x00100093) x1  0x00000001
core   0: 0x8000102c (0xffffff17) auipc   t5, 0xfffff
core   0: 3 0x8000102c (0xffffff17) x30 0x8000002c
core   0: 0x80001030 (0xfc1f2a23) sw      ra, -44(t5)
core   0: 3 0x80001030 (0xfc1f2a23) mem 0x80000000 0x00000001
core   0: 0x80001034 (0xff5ff06f) j       pc - 0xc
core   0: 3 0x80001034 (0xff5ff06f)
core   0: 0x80001028 (0x00100093) li      ra, 1
core   0: 3 0x80001028 (0x00100093) x1  0x00000001
core   0: 0x8000102c (0xffffff17) auipc   t5, 0xfffff
core   0: 3 0x8000102c (0xffffff17) x30 0x8000002c
core   0: 0x80001030 (0xfc1f2a23) sw      ra, -44(t5)
core   0: 3 0x80001030 (0xfc1f2a23) mem 0x80000000 0x00000001
core   0: 0x80001034 (0xff5ff06f) j       pc - 0xc
core   0: 3 0x80001034 (0xff5ff06f)
core   0: 0x80001028 (0x00100093) li      ra, 1
core   0: 3 0x80001028 (0x00100093) x1  0x00000001
core   0: 0x8000102c (0xffffff17) auipc   t5, 0xfffff
core   0: 3 0x8000102c (0xffffff17) x30 0x8000002c
core   0: 0x80001030 (0xfc1f2a23) sw      ra, -44(t5)
core   0: 3 0x80001030 (0xfc1f2a23) mem 0x80000000 0x00000001
core   0: 0x80001034 (0xff5ff06f) j       pc - 0xc
core   0: 3 0x80001034 (0xff5ff06f)
core   0: 0x80001028 (0x00100093) li      ra, 1
core   0: 3 0x80001028 (0x00100093) x1  0x00000001
core   0: 0x8000102c (0xffffff17) auipc   t5, 0xfffff
core   0: 3 0x8000102c (0xffffff17) x30 0x8000002c
core   0: 0x80001030 (0xfc1f2a23) sw      ra, -44(t5)
core   0: 3 0x80001030 (0xfc1f2a23) mem 0x80000000 0x00000001
core   0: 0x80001034 (0xff5ff06f) j       pc - 0xc
core   0: 3 0x80001034 (0xff5ff06f)
core   0: 0x80001028 (0x00100093) li      ra, 1
core   0: 3 0x80001028 (0x00100093) x1  0x00000001
core   0: 0x8000102c (0xffffff17) auipc   t5, 0xfffff
core   0: 3 0x8000102c (0xffffff17) x30 0x8000002c
core   0: 0x80001030 (0xfc1f2a23) sw      ra, -44(t5)
core   0: 3 0x80001030 (0xfc1f2a23) mem 0x80000000 0x00000001
core   0: 0x80001034 (0xff5ff06f) j       pc - 0xc
core   0: 3 0x80001034 (0xff5ff06f)
core   0: 0x80001028 (0x00100093) li      ra, 1
core   0: 3 0x80001028 (0x00100093) x1  0x00000001
core   0: 0x8000102c (0xffffff17) auipc   t5, 0xfffff
core   0: 3 0x8000102c (0xffffff17) x30 0x8000002c
core   0: 0x80001030 (0xfc1f2a23) sw      ra, -44(t5)
core   0: 3 0x80001030 (0xfc1f2a23) mem 0x80000000 0x00000001
core   0: 0x80001034 (0xff5ff06f) j       pc - 0xc
core   0: 3 0x80001034 (0xff5ff06f)
core   0: 0x80001028 (0x00100093) li      ra, 1
core   0: 3 0x80001028 (0x00100093) x1  0x00000001
core   0: 0x8000102c (0xffffff17) auipc   t5, 0xfffff
core   0: 3 0x8000102c (0xffffff17) x30 0x8000002c
core   0: 0x80001030 (0xfc1f2a23) sw      ra, -44(t5)
core   0: 3 0x80001030 (0xfc1f2a23) mem 0x80000000 0x00000001
core   0: 0x80001034 (0xff5ff06f) j       pc - 0xc
core   0: 3 0x80001034 (0xff5ff06f)
core   0: 0x80001028 (0x00100093) li      ra, 1
core   0: 3 0x80001028 (0x00100093) x1  0x00000001
core   0: 0x8000102c (0xffffff17) auipc   t5, 0xfffff
core   0: 3 0x8000102c (0xffffff17) x30 0x8000002c
core   0: 0x80001030 (0xfc1f2a23) sw      ra, -44(t5)
core   0: 3 0x80001030 (0xfc1f2a23) mem 0x80000000 0x00000001
core   0: 0x80001034 (0xff5ff06f) j       pc - 0xc
core   0: 3 0x80001034 (0xff5ff06f)
core   0: 0x80001028 (0x00100093) li      ra, 1
core   0: 3 0x80001028 (0x00100093) x1  0x00000001
core   0: 0x8000102c (0xffffff17) auipc   t5, 0xfffff
core   0: 3 0x8000102c (0xffffff17) x30 0x8000002c
core   0: 0x80001030 (0xfc1f2a23) sw      ra, -44(t5)
core   0: 3 0x80001030 (0xfc1f2a23) mem 0x80000000 0x00000001
core   0: 0x80001034 (0xff5ff06f) j       pc - 0xc
core   0: 3 0x80001034 (0xff5ff06f)
core   0: 0x80001028 (0x00100093) li      ra, 1
core   0: 3 0x80001028 (0x00100093) x1  0x00000001
core   0: 0x8000102c (0xffffff17) auipc   t5, 0xfffff
core   0: 3 0x8000102c (0xffffff17) x30 0x8000002c
core   0: 0x80001030 (0xfc1f2a23) sw      ra, -44(t5)
core   0: 3 0x80001030 (0xfc1f2a23) mem 0x80000000 0x00000001
core   0: 0x80001034 (0xff5ff06f) j       pc - 0xc
core   0: 3 0x80001034 (0xff5ff06f)
core   0: 0x80001028 (0x00100093) li      ra, 1
core   0: 3 0x80001028 (0x00100093) x1  0x00000001
core   0: 0x8000102c (0xffffff17) auipc   t5, 0xfffff
core   0: 3 0x8000102c (0xffffff17) x30 0x8000002c
core   0: 0x80001030 (0xfc1f2a23) sw      ra, -44(t5)
core   0: 3 0x80001030 (0xfc1f2a23) mem 0x80000000 0x00000001
core   0: 0x80001034 (0xff5ff06f) j       pc - 0xc
core   0: 3 0x80001034 (0xff5ff06f)
core   0: 0x80001028 (0x00100093) li      ra, 1
core   0: 3 0x80001028 (0x00100093) x1  0x00000001
core   0: 0x8000102c (0xffffff17) auipc   t5, 0xfffff
core   0: 3 0x8000102c (0xffffff17) x30 0x8000002c
core   0: 0x80001030 (0xfc1f2a23) sw      ra, -44(t5)
core   0: 3 0x80001030 (0xfc1f2a23) mem 0x80000000 0x00000001
core   0: 0x80001034 (0xff5ff06f) j       pc - 0xc
core   0: 3 0x80001034 (0xff5ff06f)
core   0: 0x80001028 (0x00100093) li      ra, 1
core   0: 3 0x80001028 (0x00100093) x1  0x00000001
core   0: 0x8000102c (0xffffff17) auipc   t5, 0xfffff
core   0: 3 0x8000102c (0xffffff17) x30 0x8000002c
core   0: 0x80001030 (0xfc1f2a23) sw      ra, -44(t5)
core   0: 3 0x80001030 (0xfc1f2a23) mem 0x80000000 0x00000001
core   0: 0x80001034 (0xff5ff06f) j       pc - 0xc
core   0: 3 0x80001034 (0xff5ff06f)
core   0: 0x80001028 (0x00100093) li      ra, 1
core   0: 3 0x80001028 (0x00100093) x1  0x00000001
core   0: 0x8000102c (0xffffff17) auipc   t5, 0xfffff
core   0: 3 0x8000102c (0xffffff17) x30 0x8000002c
core   0: 0x80001030 (0xfc1f2a23) sw      ra, -44(t5)
core   0: 3 0x80001030 (0xfc1f2a23) mem 0x80000000 0x00000001
core   0: 0x80001034 (0xff5ff06f) j       pc - 0xc
core   0: 3 0x80001034 (0xff5ff06f)
core   0: 0x80001028 (0x00100093) li      ra, 1
core   0: 3 0x80001028 (0x00100093) x1  0x00000001
core   0: 0x8000102c (0xffffff17) auipc   t5, 0xfffff
core   0: 3 0x8000102c (0xffffff17) x30 0x8000002c
core   0: 0x80001030 (0xfc1f2a23) sw      ra, -44(t5)
core   0: 3 0x80001030 (0xfc1f2a23) mem 0x80000000 0x00000001
core   0: 0x80001034 (0xff5ff06f) j       pc - 0xc
core   0: 3 0x80001034 (0xff5ff06f)
core   0: 0x80001028 (0x00100093) li      ra, 1
core   0: 3 0x80001028 (0x00100093) x1  0x00000001
core   0: 0x8000102c (0xffffff17) auipc   t5, 0xfffff
core   0: 3 0x8000102c (0xffffff17) x30 0x8000002c
core   0: 0x80001030 (0xfc1f2a23) sw      ra, -44(t5)
core   0: 3 0x80001030 (0xfc1f2a23) mem 0x80000000 0x00000001
core   0: 0x80001034 (0xff5ff06f) j       pc - 0xc
core   0: 3 0x80001034 (0xff5ff06f)
core   0: 0x80001028 (0x00100093) li      ra, 1
core   0: 3 0x80001028 (0x00100093) x1  0x00000001
core   0: 0x8000102c (0xffffff17) auipc   t5, 0xfffff
core   0: 3 0x8000102c (0xffffff17) x30 0x8000002c
core   0: 0x80001030 (0xfc1f2a23) sw      ra, -44(t5)
core   0: 3 0x80001030 (0xfc1f2a23) mem 0x80000000 0x00000001
core   0: 0x80001034 (0xff5ff06f) j       pc - 0xc
core   0: 3 0x80001034 (0xff5ff06f)
core   0: 0x80001028 (0x00100093) li      ra, 1
core   0: 3 0x80001028 (0x00100093) x1  0x00000001
core   0: 0x8000102c (0xffffff17) auipc   t5, 0xfffff
core   0: 3 0x8000102c (0xffffff17) x30 0x8000002c
core   0: 0x80001030 (0xfc1f2a23) sw      ra, -44(t5)
core   0: 3 0x80001030 (0xfc1f2a23) mem 0x80000000 0x00000001
core   0: 0x80001034 (0xff5ff06f) j       pc - 0xc
core   0: 3 0x80001034 (0xff5ff06f)
core   0: 0x80001028 (0x00100093) li      ra, 1
core   0: 3 0x80001028 (0x00100093) x1  0x00000001
core   0: 0x8000102c (0xffffff17) auipc   t5, 0xfffff
core   0: 3 0x8000102c (0xffffff17) x30 0x8000002c
core   0: 0x80001030 (0xfc1f2a23) sw      ra, -44(t5)
core   0: 3 0x80001030 (0xfc1f2a23) mem 0x80000000 0x00000001
core   0: 0x80001034 (0xff5ff06f) j       pc - 0xc
core   0: 3 0x80001034 (0xff5ff06f)
core   0: 0x80001028 (0x00100093) li      ra, 1
core   0: 3 0x80001028 (0x00100093) x1  0x00000001
core   0: 0x8000102c (0xffffff17) auipc   t5, 0xfffff
core   0: 3 0x8000102c (0xffffff17) x30 0x8000002c
core   0: 0x80001030 (0xfc1f2a23) sw      ra, -44(t5)
core   0: 3 0x80001030 (0xfc1f2a23) mem 0x80000000 0x00000001
core   0: 0x80001034 (0xff5ff06f) j       pc - 0xc
core   0: 3 0x80001034 (0xff5ff06f)
core   0: 0x80001028 (0x00100093) li      ra, 1
core   0: 3 0x80001028 (0x00100093) x1  0x00000001
core   0: 0x8000102c (0xffffff17) auipc   t5, 0xfffff
core   0: 3 0x8000102c (0xffffff17) x30 0x8000002c
core   0: 0x80001030 (0xfc1f2a23) sw      ra, -44(t5)
core   0: 3 0x80001030 (0xfc1f2a23) mem 0x80000000 0x00000001
core   0: 0x80001034 (0xff5ff06f) j       pc - 0xc
core   0: 3 0x80001034 (0xff5ff06f)
core   0: 0x80001028 (0x00100093) li      ra, 1
core   0: 3 0x80001028 (0x00100093) x1  0x00000001
core   0: 0x8000102c (0xffffff17) auipc   t5, 0xfffff
core   0: 3 0x8000102c (0xffffff17) x30 0x8000002c
core   0: 0x80001030 (0xfc1f2a23) sw      ra, -44(t5)
core   0: 3 0x80001030 (0xfc1f2a23) mem 0x80000000 0x00000001
core   0: 0x80001034 (0xff5ff06f) j       pc - 0xc
core   0: 3 0x80001034 (0xff5ff06f)
core   0: 0x80001028 (0x00100093) li      ra, 1
core   0: 3 0x80001028 (0x00100093) x1  0x00000001
core   0: 0x8000102c (0xffffff17) auipc   t5, 0xfffff
core   0: 3 0x8000102c (0xffffff17) x30 0x8000002c
core   0: 0x80001030 (0xfc1f2a23) sw      ra, -44(t5)
core   0: 3 0x80001030 (0xfc1f2a23) mem 0x80000000 0x00000001
core   0: 0x80001034 (0xff5ff06f) j       pc - 0xc
core   0: 3 0x80001034 (0xff5ff06f)
core   0: 0x80001028 (0x00100093) li      ra, 1
core   0: 3 0x80001028 (0x00100093) x1  0x00000001
core   0: 0x8000102c (0xffffff17) auipc   t5, 0xfffff
core   0: 3 0x8000102c (0xffffff17) x30 0x8000002c
core   0: 0x80001030 (0xfc1f2a23) sw      ra, -44(t5)
core   0: 3 0x80001030 (0xfc1f2a23) mem 0x80000000 0x00000001
core   0: 0x80001034 (0xff5ff06f) j       pc - 0xc
core   0: 3 0x80001034 (0xff5ff06f)
core   0: 0x80001028 (0x00100093) li      ra, 1
core   0: 3 0x80001028 (0x00100093) x1  0x00000001
core   0: 0x8000102c (0xffffff17) auipc   t5, 0xfffff
core   0: 3 0x8000102c (0xffffff17) x30 0x8000002c
core   0: 0x80001030 (0xfc1f2a23) sw      ra, -44(t5)
core   0: 3 0x80001030 (0xfc1f2a23) mem 0x80000000 0x00000001
core   0: 0x80001034 (0xff5ff06f) j       pc - 0xc
core   0: 3 0x80001034 (0xff5ff06f)
core   0: 0x80001028 (0x00100093) li      ra, 1
core   0: 3 0x80001028 (0x00100093) x1  0x00000001
core   0: 0x8000102c (0xffffff17) auipc   t5, 0xfffff
core   0: 3 0x8000102c (0xffffff17) x30 0x8000002c
core   0: 0x80001030 (0xfc1f2a23) sw      ra, -44(t5)
core   0: 3 0x80001030 (0xfc1f2a23) mem 0x80000000 0x00000001
core   0: 0x80001034 (0xff5ff06f) j       pc - 0xc
core   0: 3 0x80001034 (0xff5ff06f)
core   0: 0x80001028 (0x00100093) li      ra, 1
core   0: 3 0x80001028 (0x00100093) x1  0x00000001
core   0: 0x8000102c (0xffffff17) auipc   t5, 0xfffff
core   0: 3 0x8000102c (0xffffff17) x30 0x8000002c
core   0: 0x80001030 (0xfc1f2a23) sw      ra, -44(t5)
core   0: 3 0x80001030 (0xfc1f2a23) mem 0x80000000 0x00000001
core   0: 0x80001034 (0xff5ff06f) j       pc - 0xc
core   0: 3 0x80001034 (0xff5ff06f)
core   0: 0x80001028 (0x00100093) li      ra, 1
core   0: 3 0x80001028 (0x00100093) x1  0x00000001
core   0: 0x8000102c (0xffffff17) auipc   t5, 0xfffff
core   0: 3 0x8000102c (0xffffff17) x30 0x8000002c
core   0: 0x80001030 (0xfc1f2a23) sw      ra, -44(t5)
core   0: 3 0x80001030 (0xfc1f2a23) mem 0x80000000 0x00000001
core   0: 0x80001034 (0xff5ff06f) j       pc - 0xc
core   0: 3 0x80001034 (0xff5ff06f)
core   0: 0x80001028 (0x00100093) li      ra, 1
core   0: 3 0x80001028 (0x00100093) x1  0x00000001
core   0: 0x8000102c (0xffffff17) auipc   t5, 0xfffff
core   0: 3 0x8000102c (0xffffff17) x30 0x8000002c
core   0: 0x80001030 (0xfc1f2a23) sw      ra, -44(t5)
core   0: 3 0x80001030 (0xfc1f2a23) mem 0x80000000 0x00000001
core   0: 0x80001034 (0xff5ff06f) j       pc - 0xc
core   0: 3 0x80001034 (0xff5ff06f)
core   0: 0x80001028 (0x00100093) li      ra, 1
core   0: 3 0x80001028 (0x00100093) x1  0x00000001
core   0: 0x8000102c (0xffffff17) auipc   t5, 0xfffff
core   0: 3 0x8000102c (0xffffff17) x30 0x8000002c
core   0: 0x80001030 (0xfc1f2a23) sw      ra, -44(t5)
core   0: 3 0x80001030 (0xfc1f2a23) mem 0x80000000 0x00000001
core   0: 0x80001034 (0xff5ff06f) j       pc - 0xc
core   0: 3 0x80001034 (0xff5ff06f)
core   0: 0x80001028 (0x00100093) li      ra, 1
core   0: 3 0x80001028 (0x00100093) x1  0x00000001
core   0: 0x8000102c (0xffffff17) auipc   t5, 0xfffff
core   0: 3 0x8000102c (0xffffff17) x30 0x8000002c
core   0: 0x80001030 (0xfc1f2a23) sw      ra, -44(t5)
core   0: 3 0x80001030 (0xfc1f2a23) mem 0x80000000 0x00000001
core   0: 0x80001034 (0xff5ff06f) j       pc - 0xc
core   0: 3 0x80001034 (0xff5ff06f)
core   0: 0x80001028 (0x00100093) li      ra, 1
core   0: 3 0x80001028 (0x00100093) x1  0x00000001
core   0: 0x8000102c (0xffffff17) auipc   t5, 0xfffff
core   0: 3 0x8000102c (0xffffff17) x30 0x8000002c
core   0: 0x80001030 (0xfc1f2a23) sw      ra, -44(t5)
core   0: 3 0x80001030 (0xfc1f2a23) mem 0x80000000 0x00000001
core   0: 0x80001034 (0xff5ff06f) j       pc - 0xc
core   0: 3 0x80001034 (0xff5ff06f)
core   0: 0x80001028 (0x00100093) li      ra, 1
core   0: 3 0x80001028 (0x00100093) x1  0x00000001
core   0: 0x8000102c (0xffffff17) auipc   t5, 0xfffff
core   0: 3 0x8000102c (0xffffff17) x30 0x8000002c
core   0: 0x80001030 (0xfc1f2a23) sw      ra, -44(t5)
core   0: 3 0x80001030 (0xfc1f2a23) mem 0x80000000 0x00000001
core   0: 0x80001034 (0xff5ff06f) j       pc - 0xc
core   0: 3 0x80001034 (0xff5ff06f)
core   0: 0x80001028 (0x00100093) li      ra, 1
core   0: 3 0x80001028 (0x00100093) x1  0x00000001
core   0: 0x8000102c (0xffffff17) auipc   t5, 0xfffff
core   0: 3 0x8000102c (0xffffff17) x30 0x8000002c
core   0: 0x80001030 (0xfc1f2a23) sw      ra, -44(t5)
core   0: 3 0x80001030 (0xfc1f2a23) mem 0x80000000 0x00000001
core   0: 0x80001034 (0xff5ff06f) j       pc - 0xc
core   0: 3 0x80001034 (0xff5ff06f)
core   0: 0x80001028 (0x00100093) li      ra, 1
core   0: 3 0x80001028 (0x00100093) x1  0x00000001
core   0: 0x8000102c (0xffffff17) auipc   t5, 0xfffff
core   0: 3 0x8000102c (0xffffff17) x30 0x8000002c
core   0: 0x80001030 (0xfc1f2a23) sw      ra, -44(t5)
core   0: 3 0x80001030 (0xfc1f2a23) mem 0x80000000 0x00000001
core   0: 0x80001034 (0xff5ff06f) j       pc - 0xc
core   0: 3 0x80001034 (0xff5ff06f)
core   0: 0x80001028 (0x00100093) li      ra, 1
core   0: 3 0x80001028 (0x00100093) x1  0x00000001
core   0: 0x8000102c (0xffffff17) auipc   t5, 0xfffff
core   0: 3 0x8000102c (0xffffff17) x30 0x8000002c
core   0: 0x80001030 (0xfc1f2a23) sw      ra, -44(t5)
core   0: 3 0x80001030 (0xfc1f2a23) mem 0x80000000 0x00000001
core   0: 0x80001034 (0xff5ff06f) j       pc - 0xc
core   0: 3 0x80001034 (0xff5ff06f)
core   0: 0x80001028 (0x00100093) li      ra, 1
core   0: 3 0x80001028 (0x00100093) x1  0x00000001
core   0: 0x8000102c (0xffffff17) auipc   t5, 0xfffff
core   0: 3 0x8000102c (0xffffff17) x30 0x8000002c
core   0: 0x80001030 (0xfc1f2a23) sw      ra, -44(t5)
core   0: 3 0x80001030 (0xfc1f2a23) mem 0x80000000 0x00000001
core   0: 0x80001034 (0xff5ff06f) j       pc - 0xc
core   0: 3 0x80001034 (0xff5ff06f)
core   0: 0x80001028 (0x00100093) li      ra, 1
core   0: 3 0x80001028 (0x00100093) x1  0x00000001
core   0: 0x8000102c (0xffffff17) auipc   t5, 0xfffff
core   0: 3 0x8000102c (0xffffff17) x30 0x8000002c
core   0: 0x80001030 (0xfc1f2a23) sw      ra, -44(t5)
core   0: 3 0x80001030 (0xfc1f2a23) mem 0x80000000 0x00000001
core   0: 0x80001034 (0xff5ff06f) j       pc - 0xc
core   0: 3 0x80001034 (0xff5ff06f)
core   0: 0x80001028 (0x00100093) li      ra, 1
core   0: 3 0x80001028 (0x00100093) x1  0x00000001
core   0: 0x8000102c (0xffffff17) auipc   t5, 0xfffff
core   0: 3 0x8000102c (0xffffff17) x30 0x8000002c
core   0: 0x80001030 (0xfc1f2a23) sw      ra, -44(t5)
core   0: 3 0x80001030 (0xfc1f2a23) mem 0x80000000 0x00000001
core   0: 0x80001034 (0xff5ff06f) j       pc - 0xc
core   0: 3 0x80001034 (0xff5ff06f)
core   0: 0x80001028 (0x00100093) li      ra, 1
core   0: 3 0x80001028 (0x00100093) x1  0x00000001
core   0: 0x8000102c (0xffffff17) auipc   t5, 0xfffff
core   0: 3 0x8000102c (0xffffff17) x30 0x8000002c
core   0: 0x80001030 (0xfc1f2a23) sw      ra, -44(t5)
core   0: 3 0x80001030 (0xfc1f2a23) mem 0x80000000 0x00000001
core   0: 0x80001034 (0xff5ff06f) j       pc - 0xc
core   0: 3 0x80001034 (0xff5ff06f)
core   0: 0x80001028 (0x00100093) li      ra, 1
core   0: 3 0x80001028 (0x00100093) x1  0x00000001
core   0: 0x8000102c (0xffffff17) auipc   t5, 0xfffff
core   0: 3 0x8000102c (0xffffff17) x30 0x8000002c
core   0: 0x80001030 (0xfc1f2a23) sw      ra, -44(t5)
core   0: 3 0x80001030 (0xfc1f2a23) mem 0x80000000 0x00000001
core   0: 0x80001034 (0xff5ff06f) j       pc - 0xc
core   0: 3 0x80001034 (0xff5ff06f)
core   0: 0x80001028 (0x00100093) li      ra, 1
core   0: 3 0x80001028 (0x00100093) x1  0x00000001
core   0: 0x8000102c (0xffffff17) auipc   t5, 0xfffff
core   0: 3 0x8000102c (0xffffff17) x30 0x8000002c
core   0: 0x80001030 (0xfc1f2a23) sw      ra, -44(t5)
core   0: 3 0x80001030 (0xfc1f2a23) mem 0x80000000 0x00000001
core   0: 0x80001034 (0xff5ff06f) j       pc - 0xc
core   0: 3 0x80001034 (0xff5ff06f)
core   0: 0x80001028 (0x00100093) li      ra, 1
core   0: 3 0x80001028 (0x00100093) x1  0x00000001
core   0: 0x8000102c (0xffffff17) auipc   t5, 0xfffff
core   0: 3 0x8000102c (0xffffff17) x30 0x8000002c
core   0: 0x80001030 (0xfc1f2a23) sw      ra, -44(t5)
core   0: 3 0x80001030 (0xfc1f2a23) mem 0x80000000 0x00000001
core   0: 0x80001034 (0xff5ff06f) j       pc - 0xc
core   0: 3 0x80001034 (0xff5ff06f)
core   0: 0x80001028 (0x00100093) li      ra, 1
core   0: 3 0x80001028 (0x00100093) x1  0x00000001
core   0: 0x8000102c (0xffffff17) auipc   t5, 0xfffff
core   0: 3 0x8000102c (0xffffff17) x30 0x8000002c
core   0: 0x80001030 (0xfc1f2a23) sw      ra, -44(t5)
core   0: 3 0x80001030 (0xfc1f2a23) mem 0x80000000 0x00000001
core   0: 0x80001034 (0xff5ff06f) j       pc - 0xc
core   0: 3 0x80001034 (0xff5ff06f)
core   0: 0x80001028 (0x00100093) li      ra, 1
core   0: 3 0x80001028 (0x00100093) x1  0x00000001
core   0: 0x8000102c (0xffffff17) auipc   t5, 0xfffff
core   0: 3 0x8000102c (0xffffff17) x30 0x8000002c
core   0: 0x80001030 (0xfc1f2a23) sw      ra, -44(t5)
core   0: 3 0x80001030 (0xfc1f2a23) mem 0x80000000 0x00000001
core   0: 0x80001034 (0xff5ff06f) j       pc - 0xc
core   0: 3 0x80001034 (0xff5ff06f)
core   0: 0x80001028 (0x00100093) li      ra, 1
core   0: 3 0x80001028 (0x00100093) x1  0x00000001
core   0: 0x8000102c (0xffffff17) auipc   t5, 0xfffff
core   0: 3 0x8000102c (0xffffff17) x30 0x8000002c
core   0: 0x80001030 (0xfc1f2a23) sw      ra, -44(t5)
core   0: 3 0x80001030 (0xfc1f2a23) mem 0x80000000 0x00000001
core   0: 0x80001034 (0xff5ff06f) j       pc - 0xc
core   0: 3 0x80001034 (0xff5ff06f)
core   0: 0x80001028 (0x00100093) li      ra, 1
core   0: 3 0x80001028 (0x00100093) x1  0x00000001
core   0: 0x8000102c (0xffffff17) auipc   t5, 0xfffff
core   0: 3 0x8000102c (0xffffff17) x30 0x8000002c
core   0: 0x80001030 (0xfc1f2a23) sw      ra, -44(t5)
core   0: 3 0x80001030 (0xfc1f2a23) mem 0x80000000 0x00000001
core   0: 0x80001034 (0xff5ff06f) j       pc - 0xc
core   0: 3 0x80001034 (0xff5ff06f)
core   0: 0x80001028 (0x00100093) li      ra, 1
core   0: 3 0x80001028 (0x00100093) x1  0x00000001
core   0: 0x8000102c (0xffffff17) auipc   t5, 0xfffff
core   0: 3 0x8000102c (0xffffff17) x30 0x8000002c
core   0: 0x80001030 (0xfc1f2a23) sw      ra, -44(t5)
core   0: 3 0x80001030 (0xfc1f2a23) mem 0x80000000 0x00000001
core   0: 0x80001034 (0xff5ff06f) j       pc - 0xc
core   0: 3 0x80001034 (0xff5ff06f)
core   0: 0x80001028 (0x00100093) li      ra, 1
core   0: 3 0x80001028 (0x00100093) x1  0x00000001
core   0: 0x8000102c (0xffffff17) auipc   t5, 0xfffff
core   0: 3 0x8000102c (0xffffff17) x30 0x8000002c
core   0: 0x80001030 (0xfc1f2a23) sw      ra, -44(t5)
core   0: 3 0x80001030 (0xfc1f2a23) mem 0x80000000 0x00000001
core   0: 0x80001034 (0xff5ff06f) j       pc - 0xc
core   0: 3 0x80001034 (0xff5ff06f)
core   0: 0x80001028 (0x00100093) li      ra, 1
core   0: 3 0x80001028 (0x00100093) x1  0x00000001
core   0: 0x8000102c (0xffffff17) auipc   t5, 0xfffff
core   0: 3 0x8000102c (0xffffff17) x30 0x8000002c
core   0: 0x80001030 (0xfc1f2a23) sw      ra, -44(t5)
core   0: 3 0x80001030 (0xfc1f2a23) mem 0x80000000 0x00000001
core   0: 0x80001034 (0xff5ff06f) j       pc - 0xc
core   0: 3 0x80001034 (0xff5ff06f)
core   0: 0x80001028 (0x00100093) li      ra, 1
core   0: 3 0x80001028 (0x00100093) x1  0x00000001
core   0: 0x8000102c (0xffffff17) auipc   t5, 0xfffff
core   0: 3 0x8000102c (0xffffff17) x30 0x8000002c
core   0: 0x80001030 (0xfc1f2a23) sw      ra, -44(t5)
core   0: 3 0x80001030 (0xfc1f2a23) mem 0x80000000 0x00000001
core   0: 0x80001034 (0xff5ff06f) j       pc - 0xc
core   0: 3 0x80001034 (0xff5ff06f)
core   0: 0x80001028 (0x00100093) li      ra, 1
core   0: 3 0x80001028 (0x00100093) x1  0x00000001
core   0: 0x8000102c (0xffffff17) auipc   t5, 0xfffff
core   0: 3 0x8000102c (0xffffff17) x30 0x8000002c
core   0: 0x80001030 (0xfc1f2a23) sw      ra, -44(t5)
core   0: 3 0x80001030 (0xfc1f2a23) mem 0x80000000 0x00000001
core   0: 0x80001034 (0xff5ff06f) j       pc - 0xc
core   0: 3 0x80001034 (0xff5ff06f)
core   0: 0x80001028 (0x00100093) li      ra, 1
core   0: 3 0x80001028 (0x00100093) x1  0x00000001
core   0: 0x8000102c (0xffffff17) auipc   t5, 0xfffff
core   0: 3 0x8000102c (0xffffff17) x30 0x8000002c
core   0: 0x80001030 (0xfc1f2a23) sw      ra, -44(t5)
core   0: 3 0x80001030 (0xfc1f2a23) mem 0x80000000 0x00000001
core   0: 0x80001034 (0xff5ff06f) j       pc - 0xc
core   0: 3 0x80001034 (0xff5ff06f)
core   0: 0x80001028 (0x00100093) li      ra, 1
core   0: 3 0x80001028 (0x00100093) x1  0x00000001
core   0: 0x8000102c (0xffffff17) auipc   t5, 0xfffff
core   0: 3 0x8000102c (0xffffff17) x30 0x8000002c
core   0: 0x80001030 (0xfc1f2a23) sw      ra, -44(t5)
core   0: 3 0x80001030 (0xfc1f2a23) mem 0x80000000 0x00000001
core   0: 0x80001034 (0xff5ff06f) j       pc - 0xc
core   0: 3 0x80001034 (0xff5ff06f)
core   0: 0x80001028 (0x00100093) li      ra, 1
core   0: 3 0x80001028 (0x00100093) x1  0x00000001
core   0: 0x8000102c (0xffffff17) auipc   t5, 0xfffff
core   0: 3 0x8000102c (0xffffff17) x30 0x8000002c
core   0: 0x80001030 (0xfc1f2a23) sw      ra, -44(t5)
core   0: 3 0x80001030 (0xfc1f2a23) mem 0x80000000 0x00000001
core   0: 0x80001034 (0xff5ff06f) j       pc - 0xc
core   0: 3 0x80001034 (0xff5ff06f)
core   0: 0x80001028 (0x00100093) li      ra, 1
core   0: 3 0x80001028 (0x00100093) x1  0x00000001
core   0: 0x8000102c (0xffffff17) auipc   t5, 0xfffff
core   0: 3 0x8000102c (0xffffff17) x30 0x8000002c
core   0: 0x80001030 (0xfc1f2a23) sw      ra, -44(t5)
core   0: 3 0x80001030 (0xfc1f2a23) mem 0x80000000 0x00000001
core   0: 0x80001034 (0xff5ff06f) j       pc - 0xc
core   0: 3 0x80001034 (0xff5ff06f)
core   0: 0x80001028 (0x00100093) li      ra, 1
core   0: 3 0x80001028 (0x00100093) x1  0x00000001
core   0: 0x8000102c (0xffffff17) auipc   t5, 0xfffff
core   0: 3 0x8000102c (0xffffff17) x30 0x8000002c
core   0: 0x80001030 (0xfc1f2a23) sw      ra, -44(t5)
core   0: 3 0x80001030 (0xfc1f2a23) mem 0x80000000 0x00000001
core   0: 0x80001034 (0xff5ff06f) j       pc - 0xc
core   0: 3 0x80001034 (0xff5ff06f)
core   0: 0x80001028 (0x00100093) li      ra, 1
core   0: 3 0x80001028 (0x00100093) x1  0x00000001
core   0: 0x8000102c (0xffffff17) auipc   t5, 0xfffff
core   0: 3 0x8000102c (0xffffff17) x30 0x8000002c
core   0: 0x80001030 (0xfc1f2a23) sw      ra, -44(t5)
core   0: 3 0x80001030 (0xfc1f2a23) mem 0x80000000 0x00000001
core   0: 0x80001034 (0xff5ff06f) j       pc - 0xc
core   0: 3 0x80001034 (0xff5ff06f)
core   0: 0x80001028 (0x00100093) li      ra, 1
core   0: 3 0x80001028 (0x00100093) x1  0x00000001
core   0: 0x8000102c (0xffffff17) auipc   t5, 0xfffff
core   0: 3 0x8000102c (0xffffff17) x30 0x8000002c
core   0: 0x80001030 (0xfc1f2a23) sw      ra, -44(t5)
core   0: 3 0x80001030 (0xfc1f2a23) mem 0x80000000 0x00000001
core   0: 0x80001034 (0xff5ff06f) j       pc - 0xc
core   0: 3 0x80001034 (0xff5ff06f)
core   0: 0x80001028 (0x00100093) li      ra, 1
core   0: 3 0x80001028 (0x00100093) x1  0x00000001
core   0: 0x8000102c (0xffffff17) auipc   t5, 0xfffff
core   0: 3 0x8000102c (0xffffff17) x30 0x8000002c
core   0: 0x80001030 (0xfc1f2a23) sw      ra, -44(t5)
core   0: 3 0x80001030 (0xfc1f2a23) mem 0x80000000 0x00000001
core   0: 0x80001034 (0xff5ff06f) j       pc - 0xc
core   0: 3 0x80001034 (0xff5ff06f)
core   0: 0x80001028 (0x00100093) li      ra, 1
core   0: 3 0x80001028 (0x00100093) x1  0x00000001
core   0: 0x8000102c (0xffffff17) auipc   t5, 0xfffff
core   0: 3 0x8000102c (0xffffff17) x30 0x8000002c
core   0: 0x80001030 (0xfc1f2a23) sw      ra, -44(t5)
core   0: 3 0x80001030 (0xfc1f2a23) mem 0x80000000 0x00000001
core   0: 0x80001034 (0xff5ff06f) j       pc - 0xc
core   0: 3 0x80001034 (0xff5ff06f)
core   0: 0x80001028 (0x00100093) li      ra, 1
core   0: 3 0x80001028 (0x00100093) x1  0x00000001
core   0: 0x8000102c (0xffffff17) auipc   t5, 0xfffff
core   0: 3 0x8000102c (0xffffff17) x30 0x8000002c
core   0: 0x80001030 (0xfc1f2a23) sw      ra, -44(t5)
core   0: 3 0x80001030 (0xfc1f2a23) mem 0x80000000 0x00000001
core   0: 0x80001034 (0xff5ff06f) j       pc - 0xc
core   0: 3 0x80001034 (0xff5ff06f)
core   0: 0x80001028 (0x00100093) li      ra, 1
core   0: 3 0x80001028 (0x00100093) x1  0x00000001
core   0: 0x8000102c (0xffffff17) auipc   t5, 0xfffff
core   0: 3 0x8000102c (0xffffff17) x30 0x8000002c
core   0: 0x80001030 (0xfc1f2a23) sw      ra, -44(t5)
core   0: 3 0x80001030 (0xfc1f2a23) mem 0x80000000 0x00000001
core   0: 0x80001034 (0xff5ff06f) j       pc - 0xc
core   0: 3 0x80001034 (0xff5ff06f)
core   0: 0x80001028 (0x00100093) li      ra, 1
core   0: 3 0x80001028 (0x00100093) x1  0x00000001
core   0: 0x8000102c (0xffffff17) auipc   t5, 0xfffff
core   0: 3 0x8000102c (0xffffff17) x30 0x8000002c
core   0: 0x80001030 (0xfc1f2a23) sw      ra, -44(t5)
core   0: 3 0x80001030 (0xfc1f2a23) mem 0x80000000 0x00000001
core   0: 0x80001034 (0xff5ff06f) j       pc - 0xc
core   0: 3 0x80001034 (0xff5ff06f)
core   0: 0x80001028 (0x00100093) li      ra, 1
core   0: 3 0x80001028 (0x00100093) x1  0x00000001
core   0: 0x8000102c (0xffffff17) auipc   t5, 0xfffff
core   0: 3 0x8000102c (0xffffff17) x30 0x8000002c
core   0: 0x80001030 (0xfc1f2a23) sw      ra, -44(t5)
core   0: 3 0x80001030 (0xfc1f2a23) mem 0x80000000 0x00000001
core   0: 0x80001034 (0xff5ff06f) j       pc - 0xc
core   0: 3 0x80001034 (0xff5ff06f)
core   0: 0x80001028 (0x00100093) li      ra, 1
core   0: 3 0x80001028 (0x00100093) x1  0x00000001
core   0: 0x8000102c (0xffffff17) auipc   t5, 0xfffff
core   0: 3 0x8000102c (0xffffff17) x30 0x8000002c
core   0: 0x80001030 (0xfc1f2a23) sw      ra, -44(t5)
core   0: 3 0x80001030 (0xfc1f2a23) mem 0x80000000 0x00000001
core   0: 0x80001034 (0xff5ff06f) j       pc - 0xc
core   0: 3 0x80001034 (0xff5ff06f)
core   0: 0x80001028 (0x00100093) li      ra, 1
core   0: 3 0x80001028 (0x00100093) x1  0x00000001
core   0: 0x8000102c (0xffffff17) auipc   t5, 0xfffff
core   0: 3 0x8000102c (0xffffff17) x30 0x8000002c
core   0: 0x80001030 (0xfc1f2a23) sw      ra, -44(t5)
core   0: 3 0x80001030 (0xfc1f2a23) mem 0x80000000 0x00000001
core   0: 0x80001034 (0xff5ff06f) j       pc - 0xc
core   0: 3 0x80001034 (0xff5ff06f)
core   0: 0x80001028 (0x00100093) li      ra, 1
core   0: 3 0x80001028 (0x00100093) x1  0x00000001
core   0: 0x8000102c (0xffffff17) auipc   t5, 0xfffff
core   0: 3 0x8000102c (0xffffff17) x30 0x8000002c
core   0: 0x80001030 (0xfc1f2a23) sw      ra, -44(t5)
core   0: 3 0x80001030 (0xfc1f2a23) mem 0x80000000 0x00000001
core   0: 0x80001034 (0xff5ff06f) j       pc - 0xc
core   0: 3 0x80001034 (0xff5ff06f)
core   0: 0x80001028 (0x00100093) li      ra, 1
core   0: 3 0x80001028 (0x00100093) x1  0x00000001
core   0: 0x8000102c (0xffffff17) auipc   t5, 0xfffff
core   0: 3 0x8000102c (0xffffff17) x30 0x8000002c
core   0: 0x80001030 (0xfc1f2a23) sw      ra, -44(t5)
core   0: 3 0x80001030 (0xfc1f2a23) mem 0x80000000 0x00000001
core   0: 0x80001034 (0xff5ff06f) j       pc - 0xc
core   0: 3 0x80001034 (0xff5ff06f)
core   0: 0x80001028 (0x00100093) li      ra, 1
core   0: 3 0x80001028 (0x00100093) x1  0x00000001
core   0: 0x8000102c (0xffffff17) auipc   t5, 0xfffff
core   0: 3 0x8000102c (0xffffff17) x30 0x8000002c
core   0: 0x80001030 (0xfc1f2a23) sw      ra, -44(t5)
core   0: 3 0x80001030 (0xfc1f2a23) mem 0x80000000 0x00000001
core   0: 0x80001034 (0xff5ff06f) j       pc - 0xc
core   0: 3 0x80001034 (0xff5ff06f)
core   0: 0x80001028 (0x00100093) li      ra, 1
core   0: 3 0x80001028 (0x00100093) x1  0x00000001
core   0: 0x8000102c (0xffffff17) auipc   t5, 0xfffff
core   0: 3 0x8000102c (0xffffff17) x30 0x8000002c
core   0: 0x80001030 (0xfc1f2a23) sw      ra, -44(t5)
core   0: 3 0x80001030 (0xfc1f2a23) mem 0x80000000 0x00000001
core   0: 0x80001034 (0xff5ff06f) j       pc - 0xc
core   0: 3 0x80001034 (0xff5ff06f)
core   0: 0x80001028 (0x00100093) li      ra, 1
core   0: 3 0x80001028 (0x00100093) x1  0x00000001
core   0: 0x8000102c (0xffffff17) auipc   t5, 0xfffff
core   0: 3 0x8000102c (0xffffff17) x30 0x8000002c
core   0: 0x80001030 (0xfc1f2a23) sw      ra, -44(t5)
core   0: 3 0x80001030 (0xfc1f2a23) mem 0x80000000 0x00000001
core   0: 0x80001034 (0xff5ff06f) j       pc - 0xc
core   0: 3 0x80001034 (0xff5ff06f)
core   0: 0x80001028 (0x00100093) li      ra, 1
core   0: 3 0x80001028 (0x00100093) x1  0x00000001
core   0: 0x8000102c (0xffffff17) auipc   t5, 0xfffff
core   0: 3 0x8000102c (0xffffff17) x30 0x8000002c
core   0: 0x80001030 (0xfc1f2a23) sw      ra, -44(t5)
core   0: 3 0x80001030 (0xfc1f2a23) mem 0x80000000 0x00000001
core   0: 0x80001034 (0xff5ff06f) j       pc - 0xc
core   0: 3 0x80001034 (0xff5ff06f)
core   0: 0x80001028 (0x00100093) li      ra, 1
core   0: 3 0x80001028 (0x00100093) x1  0x00000001
core   0: 0x8000102c (0xffffff17) auipc   t5, 0xfffff
core   0: 3 0x8000102c (0xffffff17) x30 0x8000002c
core   0: 0x80001030 (0xfc1f2a23) sw      ra, -44(t5)
core   0: 3 0x80001030 (0xfc1f2a23) mem 0x80000000 0x00000001
core   0: 0x80001034 (0xff5ff06f) j       pc - 0xc
core   0: 3 0x80001034 (0xff5ff06f)
core   0: 0x80001028 (0x00100093) li      ra, 1
core   0: 3 0x80001028 (0x00100093) x1  0x00000001
core   0: 0x8000102c (0xffffff17) auipc   t5, 0xfffff
core   0: 3 0x8000102c (0xffffff17) x30 0x8000002c
core   0: 0x80001030 (0xfc1f2a23) sw      ra, -44(t5)
core   0: 3 0x80001030 (0xfc1f2a23) mem 0x80000000 0x00000001
core   0: 0x80001034 (0xff5ff06f) j       pc - 0xc
core   0: 3 0x80001034 (0xff5ff06f)
core   0: 0x80001028 (0x00100093) li      ra, 1
core   0: 3 0x80001028 (0x00100093) x1  0x00000001
core   0: 0x8000102c (0xffffff17) auipc   t5, 0xfffff
core   0: 3 0x8000102c (0xffffff17) x30 0x8000002c
core   0: 0x80001030 (0xfc1f2a23) sw      ra, -44(t5)
core   0: 3 0x80001030 (0xfc1f2a23) mem 0x80000000 0x00000001
core   0: 0x80001034 (0xff5ff06f) j       pc - 0xc
core   0: 3 0x80001034 (0xff5ff06f)
core   0: 0x80001028 (0x00100093) li      ra, 1
core   0: 3 0x80001028 (0x00100093) x1  0x00000001
core   0: 0x8000102c (0xffffff17) auipc   t5, 0xfffff
core   0: 3 0x8000102c (0xffffff17) x30 0x8000002c
core   0: 0x80001030 (0xfc1f2a23) sw      ra, -44(t5)
core   0: 3 0x80001030 (0xfc1f2a23) mem 0x80000000 0x00000001
core   0: 0x80001034 (0xff5ff06f) j       pc - 0xc
core   0: 3 0x80001034 (0xff5ff06f)
core   0: 0x80001028 (0x00100093) li      ra, 1
core   0: 3 0x80001028 (0x00100093) x1  0x00000001
core   0: 0x8000102c (0xffffff17) auipc   t5, 0xfffff
core   0: 3 0x8000102c (0xffffff17) x30 0x8000002c
core   0: 0x80001030 (0xfc1f2a23) sw      ra, -44(t5)
core   0: 3 0x80001030 (0xfc1f2a23) mem 0x80000000 0x00000001
core   0: 0x80001034 (0xff5ff06f) j       pc - 0xc
core   0: 3 0x80001034 (0xff5ff06f)
core   0: 0x80001028 (0x00100093) li      ra, 1
core   0: 3 0x80001028 (0x00100093) x1  0x00000001
core   0: 0x8000102c (0xffffff17) auipc   t5, 0xfffff
core   0: 3 0x8000102c (0xffffff17) x30 0x8000002c
core   0: 0x80001030 (0xfc1f2a23) sw      ra, -44(t5)
core   0: 3 0x80001030 (0xfc1f2a23) mem 0x80000000 0x00000001
core   0: 0x80001034 (0xff5ff06f) j       pc - 0xc
core   0: 3 0x80001034 (0xff5ff06f)
core   0: 0x80001028 (0x00100093) li      ra, 1
core   0: 3 0x80001028 (0x00100093) x1  0x00000001
core   0: 0x8000102c (0xffffff17) auipc   t5, 0xfffff
core   0: 3 0x8000102c (0xffffff17) x30 0x8000002c
core   0: 0x80001030 (0xfc1f2a23) sw      ra, -44(t5)
core   0: 3 0x80001030 (0xfc1f2a23) mem 0x80000000 0x00000001
core   0: 0x80001034 (0xff5ff06f) j       pc - 0xc
core   0: 3 0x80001034 (0xff5ff06f)
core   0: 0x80001028 (0x00100093) li      ra, 1
core   0: 3 0x80001028 (0x00100093) x1  0x00000001
core   0: 0x8000102c (0xffffff17) auipc   t5, 0xfffff
core   0: 3 0x8000102c (0xffffff17) x30 0x8000002c
core   0: 0x80001030 (0xfc1f2a23) sw      ra, -44(t5)
core   0: 3 0x80001030 (0xfc1f2a23) mem 0x80000000 0x00000001
core   0: 0x80001034 (0xff5ff06f) j       pc - 0xc
core   0: 3 0x80001034 (0xff5ff06f)
core   0: 0x80001028 (0x00100093) li      ra, 1
core   0: 3 0x80001028 (0x00100093) x1  0x00000001
core   0: 0x8000102c (0xffffff17) auipc   t5, 0xfffff
core   0: 3 0x8000102c (0xffffff17) x30 0x8000002c
core   0: 0x80001030 (0xfc1f2a23) sw      ra, -44(t5)
core   0: 3 0x80001030 (0xfc1f2a23) mem 0x80000000 0x00000001
core   0: 0x80001034 (0xff5ff06f) j       pc - 0xc
core   0: 3 0x80001034 (0xff5ff06f)
core   0: 0x80001028 (0x00100093) li      ra, 1
core   0: 3 0x80001028 (0x00100093) x1  0x00000001
core   0: 0x8000102c (0xffffff17) auipc   t5, 0xfffff
core   0: 3 0x8000102c (0xffffff17) x30 0x8000002c
core   0: 0x80001030 (0xfc1f2a23) sw      ra, -44(t5)
core   0: 3 0x80001030 (0xfc1f2a23) mem 0x80000000 0x00000001
core   0: 0x80001034 (0xff5ff06f) j       pc - 0xc
core   0: 3 0x80001034 (0xff5ff06f)
core   0: 0x80001028 (0x00100093) li      ra, 1
core   0: 3 0x80001028 (0x00100093) x1  0x00000001
core   0: 0x8000102c (0xffffff17) auipc   t5, 0xfffff
core   0: 3 0x8000102c (0xffffff17) x30 0x8000002c
core   0: 0x80001030 (0xfc1f2a23) sw      ra, -44(t5)
core   0: 3 0x80001030 (0xfc1f2a23) mem 0x80000000 0x00000001
core   0: 0x80001034 (0xff5ff06f) j       pc - 0xc
core   0: 3 0x80001034 (0xff5ff06f)
core   0: 0x80001028 (0x00100093) li      ra, 1
core   0: 3 0x80001028 (0x00100093) x1  0x00000001
core   0: 0x8000102c (0xffffff17) auipc   t5, 0xfffff
core   0: 3 0x8000102c (0xffffff17) x30 0x8000002c
core   0: 0x80001030 (0xfc1f2a23) sw      ra, -44(t5)
core   0: 3 0x80001030 (0xfc1f2a23) mem 0x80000000 0x00000001
core   0: 0x80001034 (0xff5ff06f) j       pc - 0xc
core   0: 3 0x80001034 (0xff5ff06f)
core   0: 0x80001028 (0x00100093) li      ra, 1
core   0: 3 0x80001028 (0x00100093) x1  0x00000001
core   0: 0x8000102c (0xffffff17) auipc   t5, 0xfffff
core   0: 3 0x8000102c (0xffffff17) x30 0x8000002c
core   0: 0x80001030 (0xfc1f2a23) sw      ra, -44(t5)
core   0: 3 0x80001030 (0xfc1f2a23) mem 0x80000000 0x00000001
core   0: 0x80001034 (0xff5ff06f) j       pc - 0xc
core   0: 3 0x80001034 (0xff5ff06f)
core   0: 0x80001028 (0x00100093) li      ra, 1
core   0: 3 0x80001028 (0x00100093) x1  0x00000001
core   0: 0x8000102c (0xffffff17) auipc   t5, 0xfffff
core   0: 3 0x8000102c (0xffffff17) x30 0x8000002c
core   0: 0x80001030 (0xfc1f2a23) sw      ra, -44(t5)
core   0: 3 0x80001030 (0xfc1f2a23) mem 0x80000000 0x00000001
core   0: 0x80001034 (0xff5ff06f) j       pc - 0xc
core   0: 3 0x80001034 (0xff5ff06f)
core   0: 0x80001028 (0x00100093) li      ra, 1
core   0: 3 0x80001028 (0x00100093) x1  0x00000001
core   0: 0x8000102c (0xffffff17) auipc   t5, 0xfffff
core   0: 3 0x8000102c (0xffffff17) x30 0x8000002c
core   0: 0x80001030 (0xfc1f2a23) sw      ra, -44(t5)
core   0: 3 0x80001030 (0xfc1f2a23) mem 0x80000000 0x00000001
core   0: 0x80001034 (0xff5ff06f) j       pc - 0xc
core   0: 3 0x80001034 (0xff5ff06f)
core   0: 0x80001028 (0x00100093) li      ra, 1
core   0: 3 0x80001028 (0x00100093) x1  0x00000001
core   0: 0x8000102c (0xffffff17) auipc   t5, 0xfffff
core   0: 3 0x8000102c (0xffffff17) x30 0x8000002c
core   0: 0x80001030 (0xfc1f2a23) sw      ra, -44(t5)
core   0: 3 0x80001030 (0xfc1f2a23) mem 0x80000000 0x00000001
core   0: 0x80001034 (0xff5ff06f) j       pc - 0xc
core   0: 3 0x80001034 (0xff5ff06f)
core   0: 0x80001028 (0x00100093) li      ra, 1
core   0: 3 0x80001028 (0x00100093) x1  0x00000001
core   0: 0x8000102c (0xffffff17) auipc   t5, 0xfffff
core   0: 3 0x8000102c (0xffffff17) x30 0x8000002c
core   0: 0x80001030 (0xfc1f2a23) sw      ra, -44(t5)
core   0: 3 0x80001030 (0xfc1f2a23) mem 0x80000000 0x00000001
core   0: 0x80001034 (0xff5ff06f) j       pc - 0xc
core   0: 3 0x80001034 (0xff5ff06f)
core   0: 0x80001028 (0x00100093) li      ra, 1
core   0: 3 0x80001028 (0x00100093) x1  0x00000001
core   0: 0x8000102c (0xffffff17) auipc   t5, 0xfffff
core   0: 3 0x8000102c (0xffffff17) x30 0x8000002c
core   0: 0x80001030 (0xfc1f2a23) sw      ra, -44(t5)
core   0: 3 0x80001030 (0xfc1f2a23) mem 0x80000000 0x00000001
core   0: 0x80001034 (0xff5ff06f) j       pc - 0xc
core   0: 3 0x80001034 (0xff5ff06f)
core   0: 0x80001028 (0x00100093) li      ra, 1
core   0: 3 0x80001028 (0x00100093) x1  0x00000001
core   0: 0x8000102c (0xffffff17) auipc   t5, 0xfffff
core   0: 3 0x8000102c (0xffffff17) x30 0x8000002c
core   0: 0x80001030 (0xfc1f2a23) sw      ra, -44(t5)
core   0: 3 0x80001030 (0xfc1f2a23) mem 0x80000000 0x00000001
core   0: 0x80001034 (0xff5ff06f) j       pc - 0xc
core   0: 3 0x80001034 (0xff5ff06f)
core   0: 0x80001028 (0x00100093) li      ra, 1
core   0: 3 0x80001028 (0x00100093) x1  0x00000001
core   0: 0x8000102c (0xffffff17) auipc   t5, 0xfffff
core   0: 3 0x8000102c (0xffffff17) x30 0x8000002c
core   0: 0x80001030 (0xfc1f2a23) sw      ra, -44(t5)
core   0: 3 0x80001030 (0xfc1f2a23) mem 0x80000000 0x00000001
core   0: 0x80001034 (0xff5ff06f) j       pc - 0xc
core   0: 3 0x80001034 (0xff5ff06f)
core   0: 0x80001028 (0x00100093) li      ra, 1
core   0: 3 0x80001028 (0x00100093) x1  0x00000001
core   0: 0x8000102c (0xffffff17) auipc   t5, 0xfffff
core   0: 3 0x8000102c (0xffffff17) x30 0x8000002c
core   0: 0x80001030 (0xfc1f2a23) sw      ra, -44(t5)
core   0: 3 0x80001030 (0xfc1f2a23) mem 0x80000000 0x00000001
core   0: 0x80001034 (0xff5ff06f) j       pc - 0xc
core   0: 3 0x80001034 (0xff5ff06f)
core   0: 0x80001028 (0x00100093) li      ra, 1
core   0: 3 0x80001028 (0x00100093) x1  0x00000001
core   0: 0x8000102c (0xffffff17) auipc   t5, 0xfffff
core   0: 3 0x8000102c (0xffffff17) x30 0x8000002c
core   0: 0x80001030 (0xfc1f2a23) sw      ra, -44(t5)
core   0: 3 0x80001030 (0xfc1f2a23) mem 0x80000000 0x00000001
core   0: 0x80001034 (0xff5ff06f) j       pc - 0xc
core   0: 3 0x80001034 (0xff5ff06f)
core   0: 0x80001028 (0x00100093) li      ra, 1
core   0: 3 0x80001028 (0x00100093) x1  0x00000001
core   0: 0x8000102c (0xffffff17) auipc   t5, 0xfffff
core   0: 3 0x8000102c (0xffffff17) x30 0x8000002c
core   0: 0x80001030 (0xfc1f2a23) sw      ra, -44(t5)
core   0: 3 0x80001030 (0xfc1f2a23) mem 0x80000000 0x00000001
core   0: 0x80001034 (0xff5ff06f) j       pc - 0xc
core   0: 3 0x80001034 (0xff5ff06f)
core   0: 0x80001028 (0x00100093) li      ra, 1
core   0: 3 0x80001028 (0x00100093) x1  0x00000001
core   0: 0x8000102c (0xffffff17) auipc   t5, 0xfffff
core   0: 3 0x8000102c (0xffffff17) x30 0x8000002c
core   0: 0x80001030 (0xfc1f2a23) sw      ra, -44(t5)
core   0: 3 0x80001030 (0xfc1f2a23) mem 0x80000000 0x00000001
core   0: 0x80001034 (0xff5ff06f) j       pc - 0xc
core   0: 3 0x80001034 (0xff5ff06f)
core   0: 0x80001028 (0x00100093) li      ra, 1
core   0: 3 0x80001028 (0x00100093) x1  0x00000001
core   0: 0x8000102c (0xffffff17) auipc   t5, 0xfffff
core   0: 3 0x8000102c (0xffffff17) x30 0x8000002c
core   0: 0x80001030 (0xfc1f2a23) sw      ra, -44(t5)
core   0: 3 0x80001030 (0xfc1f2a23) mem 0x80000000 0x00000001
core   0: 0x80001034 (0xff5ff06f) j       pc - 0xc
core   0: 3 0x80001034 (0xff5ff06f)
core   0: 0x80001028 (0x00100093) li      ra, 1
core   0: 3 0x80001028 (0x00100093) x1  0x00000001
core   0: 0x8000102c (0xffffff17) auipc   t5, 0xfffff
core   0: 3 0x8000102c (0xffffff17) x30 0x8000002c
core   0: 0x80001030 (0xfc1f2a23) sw      ra, -44(t5)
core   0: 3 0x80001030 (0xfc1f2a23) mem 0x80000000 0x00000001
core   0: 0x80001034 (0xff5ff06f) j       pc - 0xc
core   0: 3 0x80001034 (0xff5ff06f)
core   0: 0x80001028 (0x00100093) li      ra, 1
core   0: 3 0x80001028 (0x00100093) x1  0x00000001
core   0: 0x8000102c (0xffffff17) auipc   t5, 0xfffff
core   0: 3 0x8000102c (0xffffff17) x30 0x8000002c
core   0: 0x80001030 (0xfc1f2a23) sw      ra, -44(t5)
core   0: 3 0x80001030 (0xfc1f2a23) mem 0x80000000 0x00000001
core   0: 0x80001034 (0xff5ff06f) j       pc - 0xc
core   0: 3 0x80001034 (0xff5ff06f)
core   0: 0x80001028 (0x00100093) li      ra, 1
core   0: 3 0x80001028 (0x00100093) x1  0x00000001
core   0: 0x8000102c (0xffffff17) auipc   t5, 0xfffff
core   0: 3 0x8000102c (0xffffff17) x30 0x8000002c
core   0: 0x80001030 (0xfc1f2a23) sw      ra, -44(t5)
core   0: 3 0x80001030 (0xfc1f2a23) mem 0x80000000 0x00000001
core   0: 0x80001034 (0xff5ff06f) j       pc - 0xc
core   0: 3 0x80001034 (0xff5ff06f)
core   0: 0x80001028 (0x00100093) li      ra, 1
core   0: 3 0x80001028 (0x00100093) x1  0x00000001
core   0: 0x8000102c (0xffffff17) auipc   t5, 0xfffff
core   0: 3 0x8000102c (0xffffff17) x30 0x8000002c
core   0: 0x80001030 (0xfc1f2a23) sw      ra, -44(t5)
core   0: 3 0x80001030 (0xfc1f2a23) mem 0x80000000 0x00000001
core   0: 0x80001034 (0xff5ff06f) j       pc - 0xc
core   0: 3 0x80001034 (0xff5ff06f)
core   0: 0x80001028 (0x00100093) li      ra, 1
core   0: 3 0x80001028 (0x00100093) x1  0x00000001
core   0: 0x8000102c (0xffffff17) auipc   t5, 0xfffff
core   0: 3 0x8000102c (0xffffff17) x30 0x8000002c
core   0: 0x80001030 (0xfc1f2a23) sw      ra, -44(t5)
core   0: 3 0x80001030 (0xfc1f2a23) mem 0x80000000 0x00000001
core   0: 0x80001034 (0xff5ff06f) j       pc - 0xc
core   0: 3 0x80001034 (0xff5ff06f)
core   0: 0x80001028 (0x00100093) li      ra, 1
core   0: 3 0x80001028 (0x00100093) x1  0x00000001
core   0: 0x8000102c (0xffffff17) auipc   t5, 0xfffff
core   0: 3 0x8000102c (0xffffff17) x30 0x8000002c
core   0: 0x80001030 (0xfc1f2a23) sw      ra, -44(t5)
core   0: 3 0x80001030 (0xfc1f2a23) mem 0x80000000 0x00000001
core   0: 0x80001034 (0xff5ff06f) j       pc - 0xc
core   0: 3 0x80001034 (0xff5ff06f)
core   0: 0x80001028 (0x00100093) li      ra, 1
core   0: 3 0x80001028 (0x00100093) x1  0x00000001
core   0: 0x8000102c (0xffffff17) auipc   t5, 0xfffff
core   0: 3 0x8000102c (0xffffff17) x30 0x8000002c
core   0: 0x80001030 (0xfc1f2a23) sw      ra, -44(t5)
core   0: 3 0x80001030 (0xfc1f2a23) mem 0x80000000 0x00000001
core   0: 0x80001034 (0xff5ff06f) j       pc - 0xc
core   0: 3 0x80001034 (0xff5ff06f)
core   0: 0x80001028 (0x00100093) li      ra, 1
core   0: 3 0x80001028 (0x00100093) x1  0x00000001
core   0: 0x8000102c (0xffffff17) auipc   t5, 0xfffff
core   0: 3 0x8000102c (0xffffff17) x30 0x8000002c
core   0: 0x80001030 (0xfc1f2a23) sw      ra, -44(t5)
core   0: 3 0x80001030 (0xfc1f2a23) mem 0x80000000 0x00000001
core   0: 0x80001034 (0xff5ff06f) j       pc - 0xc
core   0: 3 0x80001034 (0xff5ff06f)
core   0: 0x80001028 (0x00100093) li      ra, 1
core   0: 3 0x80001028 (0x00100093) x1  0x00000001
core   0: 0x8000102c (0xffffff17) auipc   t5, 0xfffff
core   0: 3 0x8000102c (0xffffff17) x30 0x8000002c
core   0: 0x80001030 (0xfc1f2a23) sw      ra, -44(t5)
core   0: 3 0x80001030 (0xfc1f2a23) mem 0x80000000 0x00000001
core   0: 0x80001034 (0xff5ff06f) j       pc - 0xc
core   0: 3 0x80001034 (0xff5ff06f)
core   0: 0x80001028 (0x00100093) li      ra, 1
core   0: 3 0x80001028 (0x00100093) x1  0x00000001
core   0: 0x8000102c (0xffffff17) auipc   t5, 0xfffff
core   0: 3 0x8000102c (0xffffff17) x30 0x8000002c
core   0: 0x80001030 (0xfc1f2a23) sw      ra, -44(t5)
core   0: 3 0x80001030 (0xfc1f2a23) mem 0x80000000 0x00000001
core   0: 0x80001034 (0xff5ff06f) j       pc - 0xc
core   0: 3 0x80001034 (0xff5ff06f)
core   0: 0x80001028 (0x00100093) li      ra, 1
core   0: 3 0x80001028 (0x00100093) x1  0x00000001
core   0: 0x8000102c (0xffffff17) auipc   t5, 0xfffff
core   0: 3 0x8000102c (0xffffff17) x30 0x8000002c
core   0: 0x80001030 (0xfc1f2a23) sw      ra, -44(t5)
core   0: 3 0x80001030 (0xfc1f2a23) mem 0x80000000 0x00000001
core   0: 0x80001034 (0xff5ff06f) j       pc - 0xc
core   0: 3 0x80001034 (0xff5ff06f)
core   0: 0x80001028 (0x00100093) li      ra, 1
core   0: 3 0x80001028 (0x00100093) x1  0x00000001
core   0: 0x8000102c (0xffffff17) auipc   t5, 0xfffff
core   0: 3 0x8000102c (0xffffff17) x30 0x8000002c
core   0: 0x80001030 (0xfc1f2a23) sw      ra, -44(t5)
core   0: 3 0x80001030 (0xfc1f2a23) mem 0x80000000 0x00000001
core   0: 0x80001034 (0xff5ff06f) j       pc - 0xc
core   0: 3 0x80001034 (0xff5ff06f)
core   0: 0x80001028 (0x00100093) li      ra, 1
core   0: 3 0x80001028 (0x00100093) x1  0x00000001
core   0: 0x8000102c (0xffffff17) auipc   t5, 0xfffff
core   0: 3 0x8000102c (0xffffff17) x30 0x8000002c
core   0: 0x80001030 (0xfc1f2a23) sw      ra, -44(t5)
core   0: 3 0x80001030 (0xfc1f2a23) mem 0x80000000 0x00000001
core   0: 0x80001034 (0xff5ff06f) j       pc - 0xc
core   0: 3 0x80001034 (0xff5ff06f)
core   0: 0x80001028 (0x00100093) li      ra, 1
core   0: 3 0x80001028 (0x00100093) x1  0x00000001
core   0: 0x8000102c (0xffffff17) auipc   t5, 0xfffff
core   0: 3 0x8000102c (0xffffff17) x30 0x8000002c
core   0: 0x80001030 (0xfc1f2a23) sw      ra, -44(t5)
core   0: 3 0x80001030 (0xfc1f2a23) mem 0x80000000 0x00000001
core   0: 0x80001034 (0xff5ff06f) j       pc - 0xc
core   0: 3 0x80001034 (0xff5ff06f)
core   0: 0x80001028 (0x00100093) li      ra, 1
core   0: 3 0x80001028 (0x00100093) x1  0x00000001
core   0: 0x8000102c (0xffffff17) auipc   t5, 0xfffff
core   0: 3 0x8000102c (0xffffff17) x30 0x8000002c
core   0: 0x80001030 (0xfc1f2a23) sw      ra, -44(t5)
core   0: 3 0x80001030 (0xfc1f2a23) mem 0x80000000 0x00000001
core   0: 0x80001034 (0xff5ff06f) j       pc - 0xc
core   0: 3 0x80001034 (0xff5ff06f)
core   0: 0x80001028 (0x00100093) li      ra, 1
core   0: 3 0x80001028 (0x00100093) x1  0x00000001
core   0: 0x8000102c (0xffffff17) auipc   t5, 0xfffff
core   0: 3 0x8000102c (0xffffff17) x30 0x8000002c
core   0: 0x80001030 (0xfc1f2a23) sw      ra, -44(t5)
core   0: 3 0x80001030 (0xfc1f2a23) mem 0x80000000 0x00000001
core   0: 0x80001034 (0xff5ff06f) j       pc - 0xc
core   0: 3 0x80001034 (0xff5ff06f)
core   0: 0x80001028 (0x00100093) li      ra, 1
core   0: 3 0x80001028 (0x00100093) x1  0x00000001
core   0: 0x8000102c (0xffffff17) auipc   t5, 0xfffff
core   0: 3 0x8000102c (0xffffff17) x30 0x8000002c
core   0: 0x80001030 (0xfc1f2a23) sw      ra, -44(t5)
core   0: 3 0x80001030 (0xfc1f2a23) mem 0x80000000 0x00000001
core   0: 0x80001034 (0xff5ff06f) j       pc - 0xc
core   0: 3 0x80001034 (0xff5ff06f)
core   0: 0x80001028 (0x00100093) li      ra, 1
core   0: 3 0x80001028 (0x00100093) x1  0x00000001
core   0: 0x8000102c (0xffffff17) auipc   t5, 0xfffff
core   0: 3 0x8000102c (0xffffff17) x30 0x8000002c
core   0: 0x80001030 (0xfc1f2a23) sw      ra, -44(t5)
core   0: 3 0x80001030 (0xfc1f2a23) mem 0x80000000 0x00000001
core   0: 0x80001034 (0xff5ff06f) j       pc - 0xc
core   0: 3 0x80001034 (0xff5ff06f)
core   0: 0x80001028 (0x00100093) li      ra, 1
core   0: 3 0x80001028 (0x00100093) x1  0x00000001
core   0: 0x8000102c (0xffffff17) auipc   t5, 0xfffff
core   0: 3 0x8000102c (0xffffff17) x30 0x8000002c
core   0: 0x80001030 (0xfc1f2a23) sw      ra, -44(t5)
core   0: 3 0x80001030 (0xfc1f2a23) mem 0x80000000 0x00000001
core   0: 0x80001034 (0xff5ff06f) j       pc - 0xc
core   0: 3 0x80001034 (0xff5ff06f)
core   0: 0x80001028 (0x00100093) li      ra, 1
core   0: 3 0x80001028 (0x00100093) x1  0x00000001
core   0: 0x8000102c (0xffffff17) auipc   t5, 0xfffff
core   0: 3 0x8000102c (0xffffff17) x30 0x8000002c
core   0: 0x80001030 (0xfc1f2a23) sw      ra, -44(t5)
core   0: 3 0x80001030 (0xfc1f2a23) mem 0x80000000 0x00000001
core   0: 0x80001034 (0xff5ff06f) j       pc - 0xc
core   0: 3 0x80001034 (0xff5ff06f)
core   0: 0x80001028 (0x00100093) li      ra, 1
core   0: 3 0x80001028 (0x00100093) x1  0x00000001
core   0: 0x8000102c (0xffffff17) auipc   t5, 0xfffff
core   0: 3 0x8000102c (0xffffff17) x30 0x8000002c
core   0: 0x80001030 (0xfc1f2a23) sw      ra, -44(t5)
core   0: 3 0x80001030 (0xfc1f2a23) mem 0x80000000 0x00000001
core   0: 0x80001034 (0xff5ff06f) j       pc - 0xc
core   0: 3 0x80001034 (0xff5ff06f)
core   0: 0x80001028 (0x00100093) li      ra, 1
core   0: 3 0x80001028 (0x00100093) x1  0x00000001
core   0: 0x8000102c (0xffffff17) auipc   t5, 0xfffff
core   0: 3 0x8000102c (0xffffff17) x30 0x8000002c
core   0: 0x80001030 (0xfc1f2a23) sw      ra, -44(t5)
core   0: 3 0x80001030 (0xfc1f2a23) mem 0x80000000 0x00000001
core   0: 0x80001034 (0xff5ff06f) j       pc - 0xc
core   0: 3 0x80001034 (0xff5ff06f)
core   0: 0x80001028 (0x00100093) li      ra, 1
core   0: 3 0x80001028 (0x00100093) x1  0x00000001
core   0: 0x8000102c (0xffffff17) auipc   t5, 0xfffff
core   0: 3 0x8000102c (0xffffff17) x30 0x8000002c
core   0: 0x80001030 (0xfc1f2a23) sw      ra, -44(t5)
core   0: 3 0x80001030 (0xfc1f2a23) mem 0x80000000 0x00000001
core   0: 0x80001034 (0xff5ff06f) j       pc - 0xc
core   0: 3 0x80001034 (0xff5ff06f)
core   0: 0x80001028 (0x00100093) li      ra, 1
core   0: 3 0x80001028 (0x00100093) x1  0x00000001
core   0: 0x8000102c (0xffffff17) auipc   t5, 0xfffff
core   0: 3 0x8000102c (0xffffff17) x30 0x8000002c
core   0: 0x80001030 (0xfc1f2a23) sw      ra, -44(t5)
core   0: 3 0x80001030 (0xfc1f2a23) mem 0x80000000 0x00000001
core   0: 0x80001034 (0xff5ff06f) j       pc - 0xc
core   0: 3 0x80001034 (0xff5ff06f)
core   0: 0x80001028 (0x00100093) li      ra, 1
core   0: 3 0x80001028 (0x00100093) x1  0x00000001
core   0: 0x8000102c (0xffffff17) auipc   t5, 0xfffff
core   0: 3 0x8000102c (0xffffff17) x30 0x8000002c
core   0: 0x80001030 (0xfc1f2a23) sw      ra, -44(t5)
core   0: 3 0x80001030 (0xfc1f2a23) mem 0x80000000 0x00000001
core   0: 0x80001034 (0xff5ff06f) j       pc - 0xc
core   0: 3 0x80001034 (0xff5ff06f)
core   0: 0x80001028 (0x00100093) li      ra, 1
core   0: 3 0x80001028 (0x00100093) x1  0x00000001
core   0: 0x8000102c (0xffffff17) auipc   t5, 0xfffff
core   0: 3 0x8000102c (0xffffff17) x30 0x8000002c
core   0: 0x80001030 (0xfc1f2a23) sw      ra, -44(t5)
core   0: 3 0x80001030 (0xfc1f2a23) mem 0x80000000 0x00000001
core   0: 0x80001034 (0xff5ff06f) j       pc - 0xc
core   0: 3 0x80001034 (0xff5ff06f)
core   0: 0x80001028 (0x00100093) li      ra, 1
core   0: 3 0x80001028 (0x00100093) x1  0x00000001
core   0: 0x8000102c (0xffffff17) auipc   t5, 0xfffff
core   0: 3 0x8000102c (0xffffff17) x30 0x8000002c
core   0: 0x80001030 (0xfc1f2a23) sw      ra, -44(t5)
core   0: 3 0x80001030 (0xfc1f2a23) mem 0x80000000 0x00000001
core   0: 0x80001034 (0xff5ff06f) j       pc - 0xc
core   0: 3 0x80001034 (0xff5ff06f)
core   0: 0x80001028 (0x00100093) li      ra, 1
core   0: 3 0x80001028 (0x00100093) x1  0x00000001
core   0: 0x8000102c (0xffffff17) auipc   t5, 0xfffff
core   0: 3 0x8000102c (0xffffff17) x30 0x8000002c
core   0: 0x80001030 (0xfc1f2a23) sw      ra, -44(t5)
core   0: 3 0x80001030 (0xfc1f2a23) mem 0x80000000 0x00000001
core   0: 0x80001034 (0xff5ff06f) j       pc - 0xc
core   0: 3 0x80001034 (0xff5ff06f)
core   0: 0x80001028 (0x00100093) li      ra, 1
core   0: 3 0x80001028 (0x00100093) x1  0x00000001
core   0: 0x8000102c (0xffffff17) auipc   t5, 0xfffff
core   0: 3 0x8000102c (0xffffff17) x30 0x8000002c
core   0: 0x80001030 (0xfc1f2a23) sw      ra, -44(t5)
core   0: 3 0x80001030 (0xfc1f2a23) mem 0x80000000 0x00000001
core   0: 0x80001034 (0xff5ff06f) j       pc - 0xc
core   0: 3 0x80001034 (0xff5ff06f)
core   0: 0x80001028 (0x00100093) li      ra, 1
core   0: 3 0x80001028 (0x00100093) x1  0x00000001
core   0: 0x8000102c (0xffffff17) auipc   t5, 0xfffff
core   0: 3 0x8000102c (0xffffff17) x30 0x8000002c
core   0: 0x80001030 (0xfc1f2a23) sw      ra, -44(t5)
core   0: 3 0x80001030 (0xfc1f2a23) mem 0x80000000 0x00000001
core   0: 0x80001034 (0xff5ff06f) j       pc - 0xc
core   0: 3 0x80001034 (0xff5ff06f)
core   0: 0x80001028 (0x00100093) li      ra, 1
core   0: 3 0x80001028 (0x00100093) x1  0x00000001
core   0: 0x8000102c (0xffffff17) auipc   t5, 0xfffff
core   0: 3 0x8000102c (0xffffff17) x30 0x8000002c
core   0: 0x80001030 (0xfc1f2a23) sw      ra, -44(t5)
core   0: 3 0x80001030 (0xfc1f2a23) mem 0x80000000 0x00000001
core   0: 0x80001034 (0xff5ff06f) j       pc - 0xc
core   0: 3 0x80001034 (0xff5ff06f)
core   0: 0x80001028 (0x00100093) li      ra, 1
core   0: 3 0x80001028 (0x00100093) x1  0x00000001
core   0: 0x8000102c (0xffffff17) auipc   t5, 0xfffff
core   0: 3 0x8000102c (0xffffff17) x30 0x8000002c
core   0: 0x80001030 (0xfc1f2a23) sw      ra, -44(t5)
core   0: 3 0x80001030 (0xfc1f2a23) mem 0x80000000 0x00000001
core   0: 0x80001034 (0xff5ff06f) j       pc - 0xc
core   0: 3 0x80001034 (0xff5ff06f)
core   0: 0x80001028 (0x00100093) li      ra, 1
core   0: 3 0x80001028 (0x00100093) x1  0x00000001
core   0: 0x8000102c (0xffffff17) auipc   t5, 0xfffff
core   0: 3 0x8000102c (0xffffff17) x30 0x8000002c
core   0: 0x80001030 (0xfc1f2a23) sw      ra, -44(t5)
core   0: 3 0x80001030 (0xfc1f2a23) mem 0x80000000 0x00000001
core   0: 0x80001034 (0xff5ff06f) j       pc - 0xc
core   0: 3 0x80001034 (0xff5ff06f)
core   0: 0x80001028 (0x00100093) li      ra, 1
core   0: 3 0x80001028 (0x00100093) x1  0x00000001
core   0: 0x8000102c (0xffffff17) auipc   t5, 0xfffff
core   0: 3 0x8000102c (0xffffff17) x30 0x8000002c
core   0: 0x80001030 (0xfc1f2a23) sw      ra, -44(t5)
core   0: 3 0x80001030 (0xfc1f2a23) mem 0x80000000 0x00000001
core   0: 0x80001034 (0xff5ff06f) j       pc - 0xc
core   0: 3 0x80001034 (0xff5ff06f)
core   0: 0x80001028 (0x00100093) li      ra, 1
core   0: 3 0x80001028 (0x00100093) x1  0x00000001
core   0: 0x8000102c (0xffffff17) auipc   t5, 0xfffff
core   0: 3 0x8000102c (0xffffff17) x30 0x8000002c
core   0: 0x80001030 (0xfc1f2a23) sw      ra, -44(t5)
core   0: 3 0x80001030 (0xfc1f2a23) mem 0x80000000 0x00000001
core   0: 0x80001034 (0xff5ff06f) j       pc - 0xc
core   0: 3 0x80001034 (0xff5ff06f)
core   0: 0x80001028 (0x00100093) li      ra, 1
core   0: 3 0x80001028 (0x00100093) x1  0x00000001
core   0: 0x8000102c (0xffffff17) auipc   t5, 0xfffff
core   0: 3 0x8000102c (0xffffff17) x30 0x8000002c
core   0: 0x80001030 (0xfc1f2a23) sw      ra, -44(t5)
core   0: 3 0x80001030 (0xfc1f2a23) mem 0x80000000 0x00000001
core   0: 0x80001034 (0xff5ff06f) j       pc - 0xc
core   0: 3 0x80001034 (0xff5ff06f)
core   0: 0x80001028 (0x00100093) li      ra, 1
core   0: 3 0x80001028 (0x00100093) x1  0x00000001
core   0: 0x8000102c (0xffffff17) auipc   t5, 0xfffff
core   0: 3 0x8000102c (0xffffff17) x30 0x8000002c
core   0: 0x80001030 (0xfc1f2a23) sw      ra, -44(t5)
core   0: 3 0x80001030 (0xfc1f2a23) mem 0x80000000 0x00000001
core   0: 0x80001034 (0xff5ff06f) j       pc - 0xc
core   0: 3 0x80001034 (0xff5ff06f)
core   0: 0x80001028 (0x00100093) li      ra, 1
core   0: 3 0x80001028 (0x00100093) x1  0x00000001
core   0: 0x8000102c (0xffffff17) auipc   t5, 0xfffff
core   0: 3 0x8000102c (0xffffff17) x30 0x8000002c
core   0: 0x80001030 (0xfc1f2a23) sw      ra, -44(t5)
core   0: 3 0x80001030 (0xfc1f2a23) mem 0x80000000 0x00000001
core   0: 0x80001034 (0xff5ff06f) j       pc - 0xc
core   0: 3 0x80001034 (0xff5ff06f)
core   0: 0x80001028 (0x00100093) li      ra, 1
core   0: 3 0x80001028 (0x00100093) x1  0x00000001
core   0: 0x8000102c (0xffffff17) auipc   t5, 0xfffff
core   0: 3 0x8000102c (0xffffff17) x30 0x8000002c
core   0: 0x80001030 (0xfc1f2a23) sw      ra, -44(t5)
core   0: 3 0x80001030 (0xfc1f2a23) mem 0x80000000 0x00000001
core   0: 0x80001034 (0xff5ff06f) j       pc - 0xc
core   0: 3 0x80001034 (0xff5ff06f)
core   0: 0x80001028 (0x00100093) li      ra, 1
core   0: 3 0x80001028 (0x00100093) x1  0x00000001
core   0: 0x8000102c (0xffffff17) auipc   t5, 0xfffff
core   0: 3 0x8000102c (0xffffff17) x30 0x8000002c
core   0: 0x80001030 (0xfc1f2a23) sw      ra, -44(t5)
core   0: 3 0x80001030 (0xfc1f2a23) mem 0x80000000 0x00000001
core   0: 0x80001034 (0xff5ff06f) j       pc - 0xc
core   0: 3 0x80001034 (0xff5ff06f)
core   0: 0x80001028 (0x00100093) li      ra, 1
core   0: 3 0x80001028 (0x00100093) x1  0x00000001
core   0: 0x8000102c (0xffffff17) auipc   t5, 0xfffff
core   0: 3 0x8000102c (0xffffff17) x30 0x8000002c
core   0: 0x80001030 (0xfc1f2a23) sw      ra, -44(t5)
core   0: 3 0x80001030 (0xfc1f2a23) mem 0x80000000 0x00000001
core   0: 0x80001034 (0xff5ff06f) j       pc - 0xc
core   0: 3 0x80001034 (0xff5ff06f)
core   0: 0x80001028 (0x00100093) li      ra, 1
core   0: 3 0x80001028 (0x00100093) x1  0x00000001
core   0: 0x8000102c (0xffffff17) auipc   t5, 0xfffff
core   0: 3 0x8000102c (0xffffff17) x30 0x8000002c
core   0: 0x80001030 (0xfc1f2a23) sw      ra, -44(t5)
core   0: 3 0x80001030 (0xfc1f2a23) mem 0x80000000 0x00000001
core   0: 0x80001034 (0xff5ff06f) j       pc - 0xc
core   0: 3 0x80001034 (0xff5ff06f)
core   0: 0x80001028 (0x00100093) li      ra, 1
core   0: 3 0x80001028 (0x00100093) x1  0x00000001
core   0: 0x8000102c (0xffffff17) auipc   t5, 0xfffff
core   0: 3 0x8000102c (0xffffff17) x30 0x8000002c
core   0: 0x80001030 (0xfc1f2a23) sw      ra, -44(t5)
core   0: 3 0x80001030 (0xfc1f2a23) mem 0x80000000 0x00000001
core   0: 0x80001034 (0xff5ff06f) j       pc - 0xc
core   0: 3 0x80001034 (0xff5ff06f)
core   0: 0x80001028 (0x00100093) li      ra, 1
core   0: 3 0x80001028 (0x00100093) x1  0x00000001
core   0: 0x8000102c (0xffffff17) auipc   t5, 0xfffff
core   0: 3 0x8000102c (0xffffff17) x30 0x8000002c
core   0: 0x80001030 (0xfc1f2a23) sw      ra, -44(t5)
core   0: 3 0x80001030 (0xfc1f2a23) mem 0x80000000 0x00000001
core   0: 0x80001034 (0xff5ff06f) j       pc - 0xc
core   0: 3 0x80001034 (0xff5ff06f)
core   0: 0x80001028 (0x00100093) li      ra, 1
core   0: 3 0x80001028 (0x00100093) x1  0x00000001
core   0: 0x8000102c (0xffffff17) auipc   t5, 0xfffff
core   0: 3 0x8000102c (0xffffff17) x30 0x8000002c
core   0: 0x80001030 (0xfc1f2a23) sw      ra, -44(t5)
core   0: 3 0x80001030 (0xfc1f2a23) mem 0x80000000 0x00000001
core   0: 0x80001034 (0xff5ff06f) j       pc - 0xc
core   0: 3 0x80001034 (0xff5ff06f)
core   0: 0x80001028 (0x00100093) li      ra, 1
core   0: 3 0x80001028 (0x00100093) x1  0x00000001
core   0: 0x8000102c (0xffffff17) auipc   t5, 0xfffff
core   0: 3 0x8000102c (0xffffff17) x30 0x8000002c
core   0: 0x80001030 (0xfc1f2a23) sw      ra, -44(t5)
core   0: 3 0x80001030 (0xfc1f2a23) mem 0x80000000 0x00000001
core   0: 0x80001034 (0xff5ff06f) j       pc - 0xc
core   0: 3 0x80001034 (0xff5ff06f)
core   0: 0x80001028 (0x00100093) li      ra, 1
core   0: 3 0x80001028 (0x00100093) x1  0x00000001
core   0: 0x8000102c (0xffffff17) auipc   t5, 0xfffff
core   0: 3 0x8000102c (0xffffff17) x30 0x8000002c
core   0: 0x80001030 (0xfc1f2a23) sw      ra, -44(t5)
core   0: 3 0x80001030 (0xfc1f2a23) mem 0x80000000 0x00000001
core   0: 0x80001034 (0xff5ff06f) j       pc - 0xc
core   0: 3 0x80001034 (0xff5ff06f)
core   0: 0x80001028 (0x00100093) li      ra, 1
core   0: 3 0x80001028 (0x00100093) x1  0x00000001
core   0: 0x8000102c (0xffffff17) auipc   t5, 0xfffff
core   0: 3 0x8000102c (0xffffff17) x30 0x8000002c
core   0: 0x80001030 (0xfc1f2a23) sw      ra, -44(t5)
core   0: 3 0x80001030 (0xfc1f2a23) mem 0x80000000 0x00000001
core   0: 0x80001034 (0xff5ff06f) j       pc - 0xc
core   0: 3 0x80001034 (0xff5ff06f)
core   0: 0x80001028 (0x00100093) li      ra, 1
core   0: 3 0x80001028 (0x00100093) x1  0x00000001
core   0: 0x8000102c (0xffffff17) auipc   t5, 0xfffff
core   0: 3 0x8000102c (0xffffff17) x30 0x8000002c
core   0: 0x80001030 (0xfc1f2a23) sw      ra, -44(t5)
core   0: 3 0x80001030 (0xfc1f2a23) mem 0x80000000 0x00000001
core   0: 0x80001034 (0xff5ff06f) j       pc - 0xc
core   0: 3 0x80001034 (0xff5ff06f)
core   0: 0x80001028 (0x00100093) li      ra, 1
core   0: 3 0x80001028 (0x00100093) x1  0x00000001
core   0: 0x8000102c (0xffffff17) auipc   t5, 0xfffff
core   0: 3 0x8000102c (0xffffff17) x30 0x8000002c
core   0: 0x80001030 (0xfc1f2a23) sw      ra, -44(t5)
core   0: 3 0x80001030 (0xfc1f2a23) mem 0x80000000 0x00000001
core   0: 0x80001034 (0xff5ff06f) j       pc - 0xc
core   0: 3 0x80001034 (0xff5ff06f)
core   0: 0x80001028 (0x00100093) li      ra, 1
core   0: 3 0x80001028 (0x00100093) x1  0x00000001
core   0: 0x8000102c (0xffffff17) auipc   t5, 0xfffff
core   0: 3 0x8000102c (0xffffff17) x30 0x8000002c
core   0: 0x80001030 (0xfc1f2a23) sw      ra, -44(t5)
core   0: 3 0x80001030 (0xfc1f2a23) mem 0x80000000 0x00000001
core   0: 0x80001034 (0xff5ff06f) j       pc - 0xc
core   0: 3 0x80001034 (0xff5ff06f)
core   0: 0x80001028 (0x00100093) li      ra, 1
core   0: 3 0x80001028 (0x00100093) x1  0x00000001
core   0: 0x8000102c (0xffffff17) auipc   t5, 0xfffff
core   0: 3 0x8000102c (0xffffff17) x30 0x8000002c
core   0: 0x80001030 (0xfc1f2a23) sw      ra, -44(t5)
core   0: 3 0x80001030 (0xfc1f2a23) mem 0x80000000 0x00000001
core   0: 0x80001034 (0xff5ff06f) j       pc - 0xc
core   0: 3 0x80001034 (0xff5ff06f)
core   0: 0x80001028 (0x00100093) li      ra, 1
core   0: 3 0x80001028 (0x00100093) x1  0x00000001
core   0: 0x8000102c (0xffffff17) auipc   t5, 0xfffff
core   0: 3 0x8000102c (0xffffff17) x30 0x8000002c
core   0: 0x80001030 (0xfc1f2a23) sw      ra, -44(t5)
core   0: 3 0x80001030 (0xfc1f2a23) mem 0x80000000 0x00000001
core   0: 0x80001034 (0xff5ff06f) j       pc - 0xc
core   0: 3 0x80001034 (0xff5ff06f)
core   0: 0x80001028 (0x00100093) li      ra, 1
core   0: 3 0x80001028 (0x00100093) x1  0x00000001
core   0: 0x8000102c (0xffffff17) auipc   t5, 0xfffff
core   0: 3 0x8000102c (0xffffff17) x30 0x8000002c
core   0: 0x80001030 (0xfc1f2a23) sw      ra, -44(t5)
core   0: 3 0x80001030 (0xfc1f2a23) mem 0x80000000 0x00000001
core   0: 0x80001034 (0xff5ff06f) j       pc - 0xc
core   0: 3 0x80001034 (0xff5ff06f)
core   0: 0x80001028 (0x00100093) li      ra, 1
core   0: 3 0x80001028 (0x00100093) x1  0x00000001
core   0: 0x8000102c (0xffffff17) auipc   t5, 0xfffff
core   0: 3 0x8000102c (0xffffff17) x30 0x8000002c
core   0: 0x80001030 (0xfc1f2a23) sw      ra, -44(t5)
core   0: 3 0x80001030 (0xfc1f2a23) mem 0x80000000 0x00000001
core   0: 0x80001034 (0xff5ff06f) j       pc - 0xc
core   0: 3 0x80001034 (0xff5ff06f)
core   0: 0x80001028 (0x00100093) li      ra, 1
core   0: 3 0x80001028 (0x00100093) x1  0x00000001
core   0: 0x8000102c (0xffffff17) auipc   t5, 0xfffff
core   0: 3 0x8000102c (0xffffff17) x30 0x8000002c
core   0: 0x80001030 (0xfc1f2a23) sw      ra, -44(t5)
core   0: 3 0x80001030 (0xfc1f2a23) mem 0x80000000 0x00000001
core   0: 0x80001034 (0xff5ff06f) j       pc - 0xc
core   0: 3 0x80001034 (0xff5ff06f)
core   0: 0x80001028 (0x00100093) li      ra, 1
core   0: 3 0x80001028 (0x00100093) x1  0x00000001
core   0: 0x8000102c (0xffffff17) auipc   t5, 0xfffff
core   0: 3 0x8000102c (0xffffff17) x30 0x8000002c
core   0: 0x80001030 (0xfc1f2a23) sw      ra, -44(t5)
core   0: 3 0x80001030 (0xfc1f2a23) mem 0x80000000 0x00000001
core   0: 0x80001034 (0xff5ff06f) j       pc - 0xc
core   0: 3 0x80001034 (0xff5ff06f)
core   0: 0x80001028 (0x00100093) li      ra, 1
core   0: 3 0x80001028 (0x00100093) x1  0x00000001
core   0: 0x8000102c (0xffffff17) auipc   t5, 0xfffff
core   0: 3 0x8000102c (0xffffff17) x30 0x8000002c
core   0: 0x80001030 (0xfc1f2a23) sw      ra, -44(t5)
core   0: 3 0x80001030 (0xfc1f2a23) mem 0x80000000 0x00000001
core   0: 0x80001034 (0xff5ff06f) j       pc - 0xc
core   0: 3 0x80001034 (0xff5ff06f)
core   0: 0x80001028 (0x00100093) li      ra, 1
core   0: 3 0x80001028 (0x00100093) x1  0x00000001
core   0: 0x8000102c (0xffffff17) auipc   t5, 0xfffff
core   0: 3 0x8000102c (0xffffff17) x30 0x8000002c
core   0: 0x80001030 (0xfc1f2a23) sw      ra, -44(t5)
core   0: 3 0x80001030 (0xfc1f2a23) mem 0x80000000 0x00000001
core   0: 0x80001034 (0xff5ff06f) j       pc - 0xc
core   0: 3 0x80001034 (0xff5ff06f)
core   0: 0x80001028 (0x00100093) li      ra, 1
core   0: 3 0x80001028 (0x00100093) x1  0x00000001
core   0: 0x8000102c (0xffffff17) auipc   t5, 0xfffff
core   0: 3 0x8000102c (0xffffff17) x30 0x8000002c
core   0: 0x80001030 (0xfc1f2a23) sw      ra, -44(t5)
core   0: 3 0x80001030 (0xfc1f2a23) mem 0x80000000 0x00000001
core   0: 0x80001034 (0xff5ff06f) j       pc - 0xc
core   0: 3 0x80001034 (0xff5ff06f)
core   0: 0x80001028 (0x00100093) li      ra, 1
core   0: 3 0x80001028 (0x00100093) x1  0x00000001
core   0: 0x8000102c (0xffffff17) auipc   t5, 0xfffff
core   0: 3 0x8000102c (0xffffff17) x30 0x8000002c
core   0: 0x80001030 (0xfc1f2a23) sw      ra, -44(t5)
core   0: 3 0x80001030 (0xfc1f2a23) mem 0x80000000 0x00000001
core   0: 0x80001034 (0xff5ff06f) j       pc - 0xc
core   0: 3 0x80001034 (0xff5ff06f)
core   0: 0x80001028 (0x00100093) li      ra, 1
core   0: 3 0x80001028 (0x00100093) x1  0x00000001
core   0: 0x8000102c (0xffffff17) auipc   t5, 0xfffff
core   0: 3 0x8000102c (0xffffff17) x30 0x8000002c
core   0: 0x80001030 (0xfc1f2a23) sw      ra, -44(t5)
core   0: 3 0x80001030 (0xfc1f2a23) mem 0x80000000 0x00000001
core   0: 0x80001034 (0xff5ff06f) j       pc - 0xc
core   0: 3 0x80001034 (0xff5ff06f)
core   0: 0x80001028 (0x00100093) li      ra, 1
core   0: 3 0x80001028 (0x00100093) x1  0x00000001
core   0: 0x8000102c (0xffffff17) auipc   t5, 0xfffff
core   0: 3 0x8000102c (0xffffff17) x30 0x8000002c
core   0: 0x80001030 (0xfc1f2a23) sw      ra, -44(t5)
core   0: 3 0x80001030 (0xfc1f2a23) mem 0x80000000 0x00000001
core   0: 0x80001034 (0xff5ff06f) j       pc - 0xc
core   0: 3 0x80001034 (0xff5ff06f)
core   0: 0x80001028 (0x00100093) li      ra, 1
core   0: 3 0x80001028 (0x00100093) x1  0x00000001
core   0: 0x8000102c (0xffffff17) auipc   t5, 0xfffff
core   0: 3 0x8000102c (0xffffff17) x30 0x8000002c
core   0: 0x80001030 (0xfc1f2a23) sw      ra, -44(t5)
core   0: 3 0x80001030 (0xfc1f2a23) mem 0x80000000 0x00000001
core   0: 0x80001034 (0xff5ff06f) j       pc - 0xc
core   0: 3 0x80001034 (0xff5ff06f)
core   0: 0x80001028 (0x00100093) li      ra, 1
core   0: 3 0x80001028 (0x00100093) x1  0x00000001
core   0: 0x8000102c (0xffffff17) auipc   t5, 0xfffff
core   0: 3 0x8000102c (0xffffff17) x30 0x8000002c
core   0: 0x80001030 (0xfc1f2a23) sw      ra, -44(t5)
core   0: 3 0x80001030 (0xfc1f2a23) mem 0x80000000 0x00000001
core   0: 0x80001034 (0xff5ff06f) j       pc - 0xc
core   0: 3 0x80001034 (0xff5ff06f)
core   0: 0x80001028 (0x00100093) li      ra, 1
core   0: 3 0x80001028 (0x00100093) x1  0x00000001
core   0: 0x8000102c (0xffffff17) auipc   t5, 0xfffff
core   0: 3 0x8000102c (0xffffff17) x30 0x8000002c
core   0: 0x80001030 (0xfc1f2a23) sw      ra, -44(t5)
core   0: 3 0x80001030 (0xfc1f2a23) mem 0x80000000 0x00000001
core   0: 0x80001034 (0xff5ff06f) j       pc - 0xc
core   0: 3 0x80001034 (0xff5ff06f)
core   0: 0x80001028 (0x00100093) li      ra, 1
core   0: 3 0x80001028 (0x00100093) x1  0x00000001
core   0: 0x8000102c (0xffffff17) auipc   t5, 0xfffff
core   0: 3 0x8000102c (0xffffff17) x30 0x8000002c
core   0: 0x80001030 (0xfc1f2a23) sw      ra, -44(t5)
core   0: 3 0x80001030 (0xfc1f2a23) mem 0x80000000 0x00000001
core   0: 0x80001034 (0xff5ff06f) j       pc - 0xc
core   0: 3 0x80001034 (0xff5ff06f)
core   0: 0x80001028 (0x00100093) li      ra, 1
core   0: 3 0x80001028 (0x00100093) x1  0x00000001
core   0: 0x8000102c (0xffffff17) auipc   t5, 0xfffff
core   0: 3 0x8000102c (0xffffff17) x30 0x8000002c
core   0: 0x80001030 (0xfc1f2a23) sw      ra, -44(t5)
core   0: 3 0x80001030 (0xfc1f2a23) mem 0x80000000 0x00000001
core   0: 0x80001034 (0xff5ff06f) j       pc - 0xc
core   0: 3 0x80001034 (0xff5ff06f)
core   0: 0x80001028 (0x00100093) li      ra, 1
core   0: 3 0x80001028 (0x00100093) x1  0x00000001
core   0: 0x8000102c (0xffffff17) auipc   t5, 0xfffff
core   0: 3 0x8000102c (0xffffff17) x30 0x8000002c
core   0: 0x80001030 (0xfc1f2a23) sw      ra, -44(t5)
core   0: 3 0x80001030 (0xfc1f2a23) mem 0x80000000 0x00000001
core   0: 0x80001034 (0xff5ff06f) j       pc - 0xc
core   0: 3 0x80001034 (0xff5ff06f)
core   0: 0x80001028 (0x00100093) li      ra, 1
core   0: 3 0x80001028 (0x00100093) x1  0x00000001
core   0: 0x8000102c (0xffffff17) auipc   t5, 0xfffff
core   0: 3 0x8000102c (0xffffff17) x30 0x8000002c
core   0: 0x80001030 (0xfc1f2a23) sw      ra, -44(t5)
core   0: 3 0x80001030 (0xfc1f2a23) mem 0x80000000 0x00000001
core   0: 0x80001034 (0xff5ff06f) j       pc - 0xc
core   0: 3 0x80001034 (0xff5ff06f)
core   0: 0x80001028 (0x00100093) li      ra, 1
core   0: 3 0x80001028 (0x00100093) x1  0x00000001
core   0: 0x8000102c (0xffffff17) auipc   t5, 0xfffff
core   0: 3 0x8000102c (0xffffff17) x30 0x8000002c
core   0: 0x80001030 (0xfc1f2a23) sw      ra, -44(t5)
core   0: 3 0x80001030 (0xfc1f2a23) mem 0x80000000 0x00000001
core   0: 0x80001034 (0xff5ff06f) j       pc - 0xc
core   0: 3 0x80001034 (0xff5ff06f)
core   0: 0x80001028 (0x00100093) li      ra, 1
core   0: 3 0x80001028 (0x00100093) x1  0x00000001
core   0: 0x8000102c (0xffffff17) auipc   t5, 0xfffff
core   0: 3 0x8000102c (0xffffff17) x30 0x8000002c
core   0: 0x80001030 (0xfc1f2a23) sw      ra, -44(t5)
core   0: 3 0x80001030 (0xfc1f2a23) mem 0x80000000 0x00000001
core   0: 0x80001034 (0xff5ff06f) j       pc - 0xc
core   0: 3 0x80001034 (0xff5ff06f)
core   0: 0x80001028 (0x00100093) li      ra, 1
core   0: 3 0x80001028 (0x00100093) x1  0x00000001
core   0: 0x8000102c (0xffffff17) auipc   t5, 0xfffff
core   0: 3 0x8000102c (0xffffff17) x30 0x8000002c
core   0: 0x80001030 (0xfc1f2a23) sw      ra, -44(t5)
core   0: 3 0x80001030 (0xfc1f2a23) mem 0x80000000 0x00000001
core   0: 0x80001034 (0xff5ff06f) j       pc - 0xc
core   0: 3 0x80001034 (0xff5ff06f)
core   0: 0x80001028 (0x00100093) li      ra, 1
core   0: 3 0x80001028 (0x00100093) x1  0x00000001
core   0: 0x8000102c (0xffffff17) auipc   t5, 0xfffff
core   0: 3 0x8000102c (0xffffff17) x30 0x8000002c
core   0: 0x80001030 (0xfc1f2a23) sw      ra, -44(t5)
core   0: 3 0x80001030 (0xfc1f2a23) mem 0x80000000 0x00000001
core   0: 0x80001034 (0xff5ff06f) j       pc - 0xc
core   0: 3 0x80001034 (0xff5ff06f)
core   0: 0x80001028 (0x00100093) li      ra, 1
core   0: 3 0x80001028 (0x00100093) x1  0x00000001
core   0: 0x8000102c (0xffffff17) auipc   t5, 0xfffff
core   0: 3 0x8000102c (0xffffff17) x30 0x8000002c
core   0: 0x80001030 (0xfc1f2a23) sw      ra, -44(t5)
core   0: 3 0x80001030 (0xfc1f2a23) mem 0x80000000 0x00000001
core   0: 0x80001034 (0xff5ff06f) j       pc - 0xc
core   0: 3 0x80001034 (0xff5ff06f)
core   0: 0x80001028 (0x00100093) li      ra, 1
core   0: 3 0x80001028 (0x00100093) x1  0x00000001
core   0: 0x8000102c (0xffffff17) auipc   t5, 0xfffff
core   0: 3 0x8000102c (0xffffff17) x30 0x8000002c
core   0: 0x80001030 (0xfc1f2a23) sw      ra, -44(t5)
core   0: 3 0x80001030 (0xfc1f2a23) mem 0x80000000 0x00000001
core   0: 0x80001034 (0xff5ff06f) j       pc - 0xc
core   0: 3 0x80001034 (0xff5ff06f)
core   0: 0x80001028 (0x00100093) li      ra, 1
core   0: 3 0x80001028 (0x00100093) x1  0x00000001
core   0: 0x8000102c (0xffffff17) auipc   t5, 0xfffff
core   0: 3 0x8000102c (0xffffff17) x30 0x8000002c
core   0: 0x80001030 (0xfc1f2a23) sw      ra, -44(t5)
core   0: 3 0x80001030 (0xfc1f2a23) mem 0x80000000 0x00000001
core   0: 0x80001034 (0xff5ff06f) j       pc - 0xc
core   0: 3 0x80001034 (0xff5ff06f)
core   0: 0x80001028 (0x00100093) li      ra, 1
core   0: 3 0x80001028 (0x00100093) x1  0x00000001
core   0: 0x8000102c (0xffffff17) auipc   t5, 0xfffff
core   0: 3 0x8000102c (0xffffff17) x30 0x8000002c
core   0: 0x80001030 (0xfc1f2a23) sw      ra, -44(t5)
core   0: 3 0x80001030 (0xfc1f2a23) mem 0x80000000 0x00000001
core   0: 0x80001034 (0xff5ff06f) j       pc - 0xc
core   0: 3 0x80001034 (0xff5ff06f)
core   0: 0x80001028 (0x00100093) li      ra, 1
core   0: 3 0x80001028 (0x00100093) x1  0x00000001
core   0: 0x8000102c (0xffffff17) auipc   t5, 0xfffff
core   0: 3 0x8000102c (0xffffff17) x30 0x8000002c
core   0: 0x80001030 (0xfc1f2a23) sw      ra, -44(t5)
core   0: 3 0x80001030 (0xfc1f2a23) mem 0x80000000 0x00000001
core   0: 0x80001034 (0xff5ff06f) j       pc - 0xc
core   0: 3 0x80001034 (0xff5ff06f)
core   0: 0x80001028 (0x00100093) li      ra, 1
core   0: 3 0x80001028 (0x00100093) x1  0x00000001
core   0: 0x8000102c (0xffffff17) auipc   t5, 0xfffff
core   0: 3 0x8000102c (0xffffff17) x30 0x8000002c
core   0: 0x80001030 (0xfc1f2a23) sw      ra, -44(t5)
core   0: 3 0x80001030 (0xfc1f2a23) mem 0x80000000 0x00000001
core   0: 0x80001034 (0xff5ff06f) j       pc - 0xc
core   0: 3 0x80001034 (0xff5ff06f)
core   0: 0x80001028 (0x00100093) li      ra, 1
core   0: 3 0x80001028 (0x00100093) x1  0x00000001
core   0: 0x8000102c (0xffffff17) auipc   t5, 0xfffff
core   0: 3 0x8000102c (0xffffff17) x30 0x8000002c
core   0: 0x80001030 (0xfc1f2a23) sw      ra, -44(t5)
core   0: 3 0x80001030 (0xfc1f2a23) mem 0x80000000 0x00000001
core   0: 0x80001034 (0xff5ff06f) j       pc - 0xc
core   0: 3 0x80001034 (0xff5ff06f)
core   0: 0x80001028 (0x00100093) li      ra, 1
core   0: 3 0x80001028 (0x00100093) x1  0x00000001
core   0: 0x8000102c (0xffffff17) auipc   t5, 0xfffff
core   0: 3 0x8000102c (0xffffff17) x30 0x8000002c
core   0: 0x80001030 (0xfc1f2a23) sw      ra, -44(t5)
core   0: 3 0x80001030 (0xfc1f2a23) mem 0x80000000 0x00000001
core   0: 0x80001034 (0xff5ff06f) j       pc - 0xc
core   0: 3 0x80001034 (0xff5ff06f)
core   0: 0x80001028 (0x00100093) li      ra, 1
core   0: 3 0x80001028 (0x00100093) x1  0x00000001
core   0: 0x8000102c (0xffffff17) auipc   t5, 0xfffff
core   0: 3 0x8000102c (0xffffff17) x30 0x8000002c
core   0: 0x80001030 (0xfc1f2a23) sw      ra, -44(t5)
core   0: 3 0x80001030 (0xfc1f2a23) mem 0x80000000 0x00000001
core   0: 0x80001034 (0xff5ff06f) j       pc - 0xc
core   0: 3 0x80001034 (0xff5ff06f)
core   0: 0x80001028 (0x00100093) li      ra, 1
core   0: 3 0x80001028 (0x00100093) x1  0x00000001
core   0: 0x8000102c (0xffffff17) auipc   t5, 0xfffff
core   0: 3 0x8000102c (0xffffff17) x30 0x8000002c
core   0: 0x80001030 (0xfc1f2a23) sw      ra, -44(t5)
core   0: 3 0x80001030 (0xfc1f2a23) mem 0x80000000 0x00000001
core   0: 0x80001034 (0xff5ff06f) j       pc - 0xc
core   0: 3 0x80001034 (0xff5ff06f)
core   0: 0x80001028 (0x00100093) li      ra, 1
core   0: 3 0x80001028 (0x00100093) x1  0x00000001
core   0: 0x8000102c (0xffffff17) auipc   t5, 0xfffff
core   0: 3 0x8000102c (0xffffff17) x30 0x8000002c
core   0: 0x80001030 (0xfc1f2a23) sw      ra, -44(t5)
core   0: 3 0x80001030 (0xfc1f2a23) mem 0x80000000 0x00000001
core   0: 0x80001034 (0xff5ff06f) j       pc - 0xc
core   0: 3 0x80001034 (0xff5ff06f)
core   0: 0x80001028 (0x00100093) li      ra, 1
core   0: 3 0x80001028 (0x00100093) x1  0x00000001
core   0: 0x8000102c (0xffffff17) auipc   t5, 0xfffff
core   0: 3 0x8000102c (0xffffff17) x30 0x8000002c
core   0: 0x80001030 (0xfc1f2a23) sw      ra, -44(t5)
core   0: 3 0x80001030 (0xfc1f2a23) mem 0x80000000 0x00000001
core   0: 0x80001034 (0xff5ff06f) j       pc - 0xc
core   0: 3 0x80001034 (0xff5ff06f)
core   0: 0x80001028 (0x00100093) li      ra, 1
core   0: 3 0x80001028 (0x00100093) x1  0x00000001
core   0: 0x8000102c (0xffffff17) auipc   t5, 0xfffff
core   0: 3 0x8000102c (0xffffff17) x30 0x8000002c
core   0: 0x80001030 (0xfc1f2a23) sw      ra, -44(t5)
core   0: 3 0x80001030 (0xfc1f2a23) mem 0x80000000 0x00000001
core   0: 0x80001034 (0xff5ff06f) j       pc - 0xc
core   0: 3 0x80001034 (0xff5ff06f)
core   0: 0x80001028 (0x00100093) li      ra, 1
core   0: 3 0x80001028 (0x00100093) x1  0x00000001
core   0: 0x8000102c (0xffffff17) auipc   t5, 0xfffff
core   0: 3 0x8000102c (0xffffff17) x30 0x8000002c
core   0: 0x80001030 (0xfc1f2a23) sw      ra, -44(t5)
core   0: 3 0x80001030 (0xfc1f2a23) mem 0x80000000 0x00000001
core   0: 0x80001034 (0xff5ff06f) j       pc - 0xc
core   0: 3 0x80001034 (0xff5ff06f)
core   0: 0x80001028 (0x00100093) li      ra, 1
core   0: 3 0x80001028 (0x00100093) x1  0x00000001
core   0: 0x8000102c (0xffffff17) auipc   t5, 0xfffff
core   0: 3 0x8000102c (0xffffff17) x30 0x8000002c
core   0: 0x80001030 (0xfc1f2a23) sw      ra, -44(t5)
core   0: 3 0x80001030 (0xfc1f2a23) mem 0x80000000 0x00000001
core   0: 0x80001034 (0xff5ff06f) j       pc - 0xc
core   0: 3 0x80001034 (0xff5ff06f)
core   0: 0x80001028 (0x00100093) li      ra, 1
core   0: 3 0x80001028 (0x00100093) x1  0x00000001
core   0: 0x8000102c (0xffffff17) auipc   t5, 0xfffff
core   0: 3 0x8000102c (0xffffff17) x30 0x8000002c
core   0: 0x80001030 (0xfc1f2a23) sw      ra, -44(t5)
core   0: 3 0x80001030 (0xfc1f2a23) mem 0x80000000 0x00000001
core   0: 0x80001034 (0xff5ff06f) j       pc - 0xc
core   0: 3 0x80001034 (0xff5ff06f)
core   0: 0x80001028 (0x00100093) li      ra, 1
core   0: 3 0x80001028 (0x00100093) x1  0x00000001
core   0: 0x8000102c (0xffffff17) auipc   t5, 0xfffff
core   0: 3 0x8000102c (0xffffff17) x30 0x8000002c
core   0: 0x80001030 (0xfc1f2a23) sw      ra, -44(t5)
core   0: 3 0x80001030 (0xfc1f2a23) mem 0x80000000 0x00000001
core   0: 0x80001034 (0xff5ff06f) j       pc - 0xc
core   0: 3 0x80001034 (0xff5ff06f)
core   0: 0x80001028 (0x00100093) li      ra, 1
core   0: 3 0x80001028 (0x00100093) x1  0x00000001
core   0: 0x8000102c (0xffffff17) auipc   t5, 0xfffff
core   0: 3 0x8000102c (0xffffff17) x30 0x8000002c
core   0: 0x80001030 (0xfc1f2a23) sw      ra, -44(t5)
core   0: 3 0x80001030 (0xfc1f2a23) mem 0x80000000 0x00000001
core   0: 0x80001034 (0xff5ff06f) j       pc - 0xc
core   0: 3 0x80001034 (0xff5ff06f)
core   0: 0x80001028 (0x00100093) li      ra, 1
core   0: 3 0x80001028 (0x00100093) x1  0x00000001
core   0: 0x8000102c (0xffffff17) auipc   t5, 0xfffff
core   0: 3 0x8000102c (0xffffff17) x30 0x8000002c
core   0: 0x80001030 (0xfc1f2a23) sw      ra, -44(t5)
core   0: 3 0x80001030 (0xfc1f2a23) mem 0x80000000 0x00000001
core   0: 0x80001034 (0xff5ff06f) j       pc - 0xc
core   0: 3 0x80001034 (0xff5ff06f)
core   0: 0x80001028 (0x00100093) li      ra, 1
core   0: 3 0x80001028 (0x00100093) x1  0x00000001
core   0: 0x8000102c (0xffffff17) auipc   t5, 0xfffff
core   0: 3 0x8000102c (0xffffff17) x30 0x8000002c
core   0: 0x80001030 (0xfc1f2a23) sw      ra, -44(t5)
core   0: 3 0x80001030 (0xfc1f2a23) mem 0x80000000 0x00000001
core   0: 0x80001034 (0xff5ff06f) j       pc - 0xc
core   0: 3 0x80001034 (0xff5ff06f)
core   0: 0x80001028 (0x00100093) li      ra, 1
core   0: 3 0x80001028 (0x00100093) x1  0x00000001
core   0: 0x8000102c (0xffffff17) auipc   t5, 0xfffff
core   0: 3 0x8000102c (0xffffff17) x30 0x8000002c
core   0: 0x80001030 (0xfc1f2a23) sw      ra, -44(t5)
core   0: 3 0x80001030 (0xfc1f2a23) mem 0x80000000 0x00000001
core   0: 0x80001034 (0xff5ff06f) j       pc - 0xc
core   0: 3 0x80001034 (0xff5ff06f)
core   0: 0x80001028 (0x00100093) li      ra, 1
core   0: 3 0x80001028 (0x00100093) x1  0x00000001
core   0: 0x8000102c (0xffffff17) auipc   t5, 0xfffff
core   0: 3 0x8000102c (0xffffff17) x30 0x8000002c
core   0: 0x80001030 (0xfc1f2a23) sw      ra, -44(t5)
core   0: 3 0x80001030 (0xfc1f2a23) mem 0x80000000 0x00000001
core   0: 0x80001034 (0xff5ff06f) j       pc - 0xc
core   0: 3 0x80001034 (0xff5ff06f)
core   0: 0x80001028 (0x00100093) li      ra, 1
core   0: 3 0x80001028 (0x00100093) x1  0x00000001
core   0: 0x8000102c (0xffffff17) auipc   t5, 0xfffff
core   0: 3 0x8000102c (0xffffff17) x30 0x8000002c
core   0: 0x80001030 (0xfc1f2a23) sw      ra, -44(t5)
core   0: 3 0x80001030 (0xfc1f2a23) mem 0x80000000 0x00000001
core   0: 0x80001034 (0xff5ff06f) j       pc - 0xc
core   0: 3 0x80001034 (0xff5ff06f)
core   0: 0x80001028 (0x00100093) li      ra, 1
core   0: 3 0x80001028 (0x00100093) x1  0x00000001
core   0: 0x8000102c (0xffffff17) auipc   t5, 0xfffff
core   0: 3 0x8000102c (0xffffff17) x30 0x8000002c
core   0: 0x80001030 (0xfc1f2a23) sw      ra, -44(t5)
core   0: 3 0x80001030 (0xfc1f2a23) mem 0x80000000 0x00000001
core   0: 0x80001034 (0xff5ff06f) j       pc - 0xc
core   0: 3 0x80001034 (0xff5ff06f)
core   0: 0x80001028 (0x00100093) li      ra, 1
core   0: 3 0x80001028 (0x00100093) x1  0x00000001
core   0: 0x8000102c (0xffffff17) auipc   t5, 0xfffff
core   0: 3 0x8000102c (0xffffff17) x30 0x8000002c
core   0: 0x80001030 (0xfc1f2a23) sw      ra, -44(t5)
core   0: 3 0x80001030 (0xfc1f2a23) mem 0x80000000 0x00000001
core   0: 0x80001034 (0xff5ff06f) j       pc - 0xc
core   0: 3 0x80001034 (0xff5ff06f)
core   0: 0x80001028 (0x00100093) li      ra, 1
core   0: 3 0x80001028 (0x00100093) x1  0x00000001
core   0: 0x8000102c (0xffffff17) auipc   t5, 0xfffff
core   0: 3 0x8000102c (0xffffff17) x30 0x8000002c
core   0: 0x80001030 (0xfc1f2a23) sw      ra, -44(t5)
core   0: 3 0x80001030 (0xfc1f2a23) mem 0x80000000 0x00000001
core   0: 0x80001034 (0xff5ff06f) j       pc - 0xc
core   0: 3 0x80001034 (0xff5ff06f)
core   0: 0x80001028 (0x00100093) li      ra, 1
core   0: 3 0x80001028 (0x00100093) x1  0x00000001
core   0: 0x8000102c (0xffffff17) auipc   t5, 0xfffff
core   0: 3 0x8000102c (0xffffff17) x30 0x8000002c
core   0: 0x80001030 (0xfc1f2a23) sw      ra, -44(t5)
core   0: 3 0x80001030 (0xfc1f2a23) mem 0x80000000 0x00000001
core   0: 0x80001034 (0xff5ff06f) j       pc - 0xc
core   0: 3 0x80001034 (0xff5ff06f)
core   0: 0x80001028 (0x00100093) li      ra, 1
core   0: 3 0x80001028 (0x00100093) x1  0x00000001
core   0: 0x8000102c (0xffffff17) auipc   t5, 0xfffff
core   0: 3 0x8000102c (0xffffff17) x30 0x8000002c
core   0: 0x80001030 (0xfc1f2a23) sw      ra, -44(t5)
core   0: 3 0x80001030 (0xfc1f2a23) mem 0x80000000 0x00000001
core   0: 0x80001034 (0xff5ff06f) j       pc - 0xc
core   0: 3 0x80001034 (0xff5ff06f)
core   0: 0x80001028 (0x00100093) li      ra, 1
core   0: 3 0x80001028 (0x00100093) x1  0x00000001
core   0: 0x8000102c (0xffffff17) auipc   t5, 0xfffff
core   0: 3 0x8000102c (0xffffff17) x30 0x8000002c
core   0: 0x80001030 (0xfc1f2a23) sw      ra, -44(t5)
core   0: 3 0x80001030 (0xfc1f2a23) mem 0x80000000 0x00000001
core   0: 0x80001034 (0xff5ff06f) j       pc - 0xc
core   0: 3 0x80001034 (0xff5ff06f)
core   0: 0x80001028 (0x00100093) li      ra, 1
core   0: 3 0x80001028 (0x00100093) x1  0x00000001
core   0: 0x8000102c (0xffffff17) auipc   t5, 0xfffff
core   0: 3 0x8000102c (0xffffff17) x30 0x8000002c
core   0: 0x80001030 (0xfc1f2a23) sw      ra, -44(t5)
core   0: 3 0x80001030 (0xfc1f2a23) mem 0x80000000 0x00000001
core   0: 0x80001034 (0xff5ff06f) j       pc - 0xc
core   0: 3 0x80001034 (0xff5ff06f)
core   0: 0x80001028 (0x00100093) li      ra, 1
core   0: 3 0x80001028 (0x00100093) x1  0x00000001
core   0: 0x8000102c (0xffffff17) auipc   t5, 0xfffff
core   0: 3 0x8000102c (0xffffff17) x30 0x8000002c
core   0: 0x80001030 (0xfc1f2a23) sw      ra, -44(t5)
core   0: 3 0x80001030 (0xfc1f2a23) mem 0x80000000 0x00000001
core   0: 0x80001034 (0xff5ff06f) j       pc - 0xc
core   0: 3 0x80001034 (0xff5ff06f)
core   0: 0x80001028 (0x00100093) li      ra, 1
core   0: 3 0x80001028 (0x00100093) x1  0x00000001
core   0: 0x8000102c (0xffffff17) auipc   t5, 0xfffff
core   0: 3 0x8000102c (0xffffff17) x30 0x8000002c
core   0: 0x80001030 (0xfc1f2a23) sw      ra, -44(t5)
core   0: 3 0x80001030 (0xfc1f2a23) mem 0x80000000 0x00000001
core   0: 0x80001034 (0xff5ff06f) j       pc - 0xc
core   0: 3 0x80001034 (0xff5ff06f)
core   0: 0x80001028 (0x00100093) li      ra, 1
core   0: 3 0x80001028 (0x00100093) x1  0x00000001
core   0: 0x8000102c (0xffffff17) auipc   t5, 0xfffff
core   0: 3 0x8000102c (0xffffff17) x30 0x8000002c
core   0: 0x80001030 (0xfc1f2a23) sw      ra, -44(t5)
core   0: 3 0x80001030 (0xfc1f2a23) mem 0x80000000 0x00000001
core   0: 0x80001034 (0xff5ff06f) j       pc - 0xc
core   0: 3 0x80001034 (0xff5ff06f)
core   0: 0x80001028 (0x00100093) li      ra, 1
core   0: 3 0x80001028 (0x00100093) x1  0x00000001
core   0: 0x8000102c (0xffffff17) auipc   t5, 0xfffff
core   0: 3 0x8000102c (0xffffff17) x30 0x8000002c
core   0: 0x80001030 (0xfc1f2a23) sw      ra, -44(t5)
core   0: 3 0x80001030 (0xfc1f2a23) mem 0x80000000 0x00000001
core   0: 0x80001034 (0xff5ff06f) j       pc - 0xc
core   0: 3 0x80001034 (0xff5ff06f)
core   0: 0x80001028 (0x00100093) li      ra, 1
core   0: 3 0x80001028 (0x00100093) x1  0x00000001
core   0: 0x8000102c (0xffffff17) auipc   t5, 0xfffff
core   0: 3 0x8000102c (0xffffff17) x30 0x8000002c
core   0: 0x80001030 (0xfc1f2a23) sw      ra, -44(t5)
core   0: 3 0x80001030 (0xfc1f2a23) mem 0x80000000 0x00000001
core   0: 0x80001034 (0xff5ff06f) j       pc - 0xc
core   0: 3 0x80001034 (0xff5ff06f)
core   0: 0x80001028 (0x00100093) li      ra, 1
core   0: 3 0x80001028 (0x00100093) x1  0x00000001
core   0: 0x8000102c (0xffffff17) auipc   t5, 0xfffff
core   0: 3 0x8000102c (0xffffff17) x30 0x8000002c
core   0: 0x80001030 (0xfc1f2a23) sw      ra, -44(t5)
core   0: 3 0x80001030 (0xfc1f2a23) mem 0x80000000 0x00000001
core   0: 0x80001034 (0xff5ff06f) j       pc - 0xc
core   0: 3 0x80001034 (0xff5ff06f)
core   0: 0x80001028 (0x00100093) li      ra, 1
core   0: 3 0x80001028 (0x00100093) x1  0x00000001
core   0: 0x8000102c (0xffffff17) auipc   t5, 0xfffff
core   0: 3 0x8000102c (0xffffff17) x30 0x8000002c
core   0: 0x80001030 (0xfc1f2a23) sw      ra, -44(t5)
core   0: 3 0x80001030 (0xfc1f2a23) mem 0x80000000 0x00000001
core   0: 0x80001034 (0xff5ff06f) j       pc - 0xc
core   0: 3 0x80001034 (0xff5ff06f)
core   0: 0x80001028 (0x00100093) li      ra, 1
core   0: 3 0x80001028 (0x00100093) x1  0x00000001
core   0: 0x8000102c (0xffffff17) auipc   t5, 0xfffff
core   0: 3 0x8000102c (0xffffff17) x30 0x8000002c
core   0: 0x80001030 (0xfc1f2a23) sw      ra, -44(t5)
core   0: 3 0x80001030 (0xfc1f2a23) mem 0x80000000 0x00000001
core   0: 0x80001034 (0xff5ff06f) j       pc - 0xc
core   0: 3 0x80001034 (0xff5ff06f)
core   0: 0x80001028 (0x00100093) li      ra, 1
core   0: 3 0x80001028 (0x00100093) x1  0x00000001
core   0: 0x8000102c (0xffffff17) auipc   t5, 0xfffff
core   0: 3 0x8000102c (0xffffff17) x30 0x8000002c
core   0: 0x80001030 (0xfc1f2a23) sw      ra, -44(t5)
core   0: 3 0x80001030 (0xfc1f2a23) mem 0x80000000 0x00000001
core   0: 0x80001034 (0xff5ff06f) j       pc - 0xc
core   0: 3 0x80001034 (0xff5ff06f)
core   0: 0x80001028 (0x00100093) li      ra, 1
core   0: 3 0x80001028 (0x00100093) x1  0x00000001
core   0: 0x8000102c (0xffffff17) auipc   t5, 0xfffff
core   0: 3 0x8000102c (0xffffff17) x30 0x8000002c
core   0: 0x80001030 (0xfc1f2a23) sw      ra, -44(t5)
core   0: 3 0x80001030 (0xfc1f2a23) mem 0x80000000 0x00000001
core   0: 0x80001034 (0xff5ff06f) j       pc - 0xc
core   0: 3 0x80001034 (0xff5ff06f)
core   0: 0x80001028 (0x00100093) li      ra, 1
core   0: 3 0x80001028 (0x00100093) x1  0x00000001
core   0: 0x8000102c (0xffffff17) auipc   t5, 0xfffff
core   0: 3 0x8000102c (0xffffff17) x30 0x8000002c
core   0: 0x80001030 (0xfc1f2a23) sw      ra, -44(t5)
core   0: 3 0x80001030 (0xfc1f2a23) mem 0x80000000 0x00000001
core   0: 0x80001034 (0xff5ff06f) j       pc - 0xc
core   0: 3 0x80001034 (0xff5ff06f)
core   0: 0x80001028 (0x00100093) li      ra, 1
core   0: 3 0x80001028 (0x00100093) x1  0x00000001
core   0: 0x8000102c (0xffffff17) auipc   t5, 0xfffff
core   0: 3 0x8000102c (0xffffff17) x30 0x8000002c
core   0: 0x80001030 (0xfc1f2a23) sw      ra, -44(t5)
core   0: 3 0x80001030 (0xfc1f2a23) mem 0x80000000 0x00000001
core   0: 0x80001034 (0xff5ff06f) j       pc - 0xc
core   0: 3 0x80001034 (0xff5ff06f)
core   0: 0x80001028 (0x00100093) li      ra, 1
core   0: 3 0x80001028 (0x00100093) x1  0x00000001
core   0: 0x8000102c (0xffffff17) auipc   t5, 0xfffff
core   0: 3 0x8000102c (0xffffff17) x30 0x8000002c
core   0: 0x80001030 (0xfc1f2a23) sw      ra, -44(t5)
core   0: 3 0x80001030 (0xfc1f2a23) mem 0x80000000 0x00000001
core   0: 0x80001034 (0xff5ff06f) j       pc - 0xc
core   0: 3 0x80001034 (0xff5ff06f)
core   0: 0x80001028 (0x00100093) li      ra, 1
core   0: 3 0x80001028 (0x00100093) x1  0x00000001
core   0: 0x8000102c (0xffffff17) auipc   t5, 0xfffff
core   0: 3 0x8000102c (0xffffff17) x30 0x8000002c
core   0: 0x80001030 (0xfc1f2a23) sw      ra, -44(t5)
core   0: 3 0x80001030 (0xfc1f2a23) mem 0x80000000 0x00000001
core   0: 0x80001034 (0xff5ff06f) j       pc - 0xc
core   0: 3 0x80001034 (0xff5ff06f)
core   0: 0x80001028 (0x00100093) li      ra, 1
core   0: 3 0x80001028 (0x00100093) x1  0x00000001
core   0: 0x8000102c (0xffffff17) auipc   t5, 0xfffff
core   0: 3 0x8000102c (0xffffff17) x30 0x8000002c
core   0: 0x80001030 (0xfc1f2a23) sw      ra, -44(t5)
core   0: 3 0x80001030 (0xfc1f2a23) mem 0x80000000 0x00000001
core   0: 0x80001034 (0xff5ff06f) j       pc - 0xc
core   0: 3 0x80001034 (0xff5ff06f)
core   0: 0x80001028 (0x00100093) li      ra, 1
core   0: 3 0x80001028 (0x00100093) x1  0x00000001
core   0: 0x8000102c (0xffffff17) auipc   t5, 0xfffff
core   0: 3 0x8000102c (0xffffff17) x30 0x8000002c
core   0: 0x80001030 (0xfc1f2a23) sw      ra, -44(t5)
core   0: 3 0x80001030 (0xfc1f2a23) mem 0x80000000 0x00000001
core   0: 0x80001034 (0xff5ff06f) j       pc - 0xc
core   0: 3 0x80001034 (0xff5ff06f)
core   0: 0x80001028 (0x00100093) li      ra, 1
core   0: 3 0x80001028 (0x00100093) x1  0x00000001
core   0: 0x8000102c (0xffffff17) auipc   t5, 0xfffff
core   0: 3 0x8000102c (0xffffff17) x30 0x8000002c
core   0: 0x80001030 (0xfc1f2a23) sw      ra, -44(t5)
core   0: 3 0x80001030 (0xfc1f2a23) mem 0x80000000 0x00000001
core   0: 0x80001034 (0xff5ff06f) j       pc - 0xc
core   0: 3 0x80001034 (0xff5ff06f)
core   0: 0x80001028 (0x00100093) li      ra, 1
core   0: 3 0x80001028 (0x00100093) x1  0x00000001
core   0: 0x8000102c (0xffffff17) auipc   t5, 0xfffff
core   0: 3 0x8000102c (0xffffff17) x30 0x8000002c
core   0: 0x80001030 (0xfc1f2a23) sw      ra, -44(t5)
core   0: 3 0x80001030 (0xfc1f2a23) mem 0x80000000 0x00000001
core   0: 0x80001034 (0xff5ff06f) j       pc - 0xc
core   0: 3 0x80001034 (0xff5ff06f)
core   0: 0x80001028 (0x00100093) li      ra, 1
core   0: 3 0x80001028 (0x00100093) x1  0x00000001
core   0: 0x8000102c (0xffffff17) auipc   t5, 0xfffff
core   0: 3 0x8000102c (0xffffff17) x30 0x8000002c
core   0: 0x80001030 (0xfc1f2a23) sw      ra, -44(t5)
core   0: 3 0x80001030 (0xfc1f2a23) mem 0x80000000 0x00000001
core   0: 0x80001034 (0xff5ff06f) j       pc - 0xc
core   0: 3 0x80001034 (0xff5ff06f)
core   0: 0x80001028 (0x00100093) li      ra, 1
core   0: 3 0x80001028 (0x00100093) x1  0x00000001
core   0: 0x8000102c (0xffffff17) auipc   t5, 0xfffff
core   0: 3 0x8000102c (0xffffff17) x30 0x8000002c
core   0: 0x80001030 (0xfc1f2a23) sw      ra, -44(t5)
core   0: 3 0x80001030 (0xfc1f2a23) mem 0x80000000 0x00000001
core   0: 0x80001034 (0xff5ff06f) j       pc - 0xc
core   0: 3 0x80001034 (0xff5ff06f)
core   0: 0x80001028 (0x00100093) li      ra, 1
core   0: 3 0x80001028 (0x00100093) x1  0x00000001
core   0: 0x8000102c (0xffffff17) auipc   t5, 0xfffff
core   0: 3 0x8000102c (0xffffff17) x30 0x8000002c
core   0: 0x80001030 (0xfc1f2a23) sw      ra, -44(t5)
core   0: 3 0x80001030 (0xfc1f2a23) mem 0x80000000 0x00000001
core   0: 0x80001034 (0xff5ff06f) j       pc - 0xc
core   0: 3 0x80001034 (0xff5ff06f)
core   0: 0x80001028 (0x00100093) li      ra, 1
core   0: 3 0x80001028 (0x00100093) x1  0x00000001
core   0: 0x8000102c (0xffffff17) auipc   t5, 0xfffff
core   0: 3 0x8000102c (0xffffff17) x30 0x8000002c
core   0: 0x80001030 (0xfc1f2a23) sw      ra, -44(t5)
core   0: 3 0x80001030 (0xfc1f2a23) mem 0x80000000 0x00000001
core   0: 0x80001034 (0xff5ff06f) j       pc - 0xc
core   0: 3 0x80001034 (0xff5ff06f)
core   0: 0x80001028 (0x00100093) li      ra, 1
core   0: 3 0x80001028 (0x00100093) x1  0x00000001
core   0: 0x8000102c (0xffffff17) auipc   t5, 0xfffff
core   0: 3 0x8000102c (0xffffff17) x30 0x8000002c
core   0: 0x80001030 (0xfc1f2a23) sw      ra, -44(t5)
core   0: 3 0x80001030 (0xfc1f2a23) mem 0x80000000 0x00000001
core   0: 0x80001034 (0xff5ff06f) j       pc - 0xc
core   0: 3 0x80001034 (0xff5ff06f)
core   0: 0x80001028 (0x00100093) li      ra, 1
core   0: 3 0x80001028 (0x00100093) x1  0x00000001
core   0: 0x8000102c (0xffffff17) auipc   t5, 0xfffff
core   0: 3 0x8000102c (0xffffff17) x30 0x8000002c
core   0: 0x80001030 (0xfc1f2a23) sw      ra, -44(t5)
core   0: 3 0x80001030 (0xfc1f2a23) mem 0x80000000 0x00000001
core   0: 0x80001034 (0xff5ff06f) j       pc - 0xc
core   0: 3 0x80001034 (0xff5ff06f)
core   0: 0x80001028 (0x00100093) li      ra, 1
core   0: 3 0x80001028 (0x00100093) x1  0x00000001
core   0: 0x8000102c (0xffffff17) auipc   t5, 0xfffff
core   0: 3 0x8000102c (0xffffff17) x30 0x8000002c
core   0: 0x80001030 (0xfc1f2a23) sw      ra, -44(t5)
core   0: 3 0x80001030 (0xfc1f2a23) mem 0x80000000 0x00000001
core   0: 0x80001034 (0xff5ff06f) j       pc - 0xc
core   0: 3 0x80001034 (0xff5ff06f)
core   0: 0x80001028 (0x00100093) li      ra, 1
core   0: 3 0x80001028 (0x00100093) x1  0x00000001
core   0: 0x8000102c (0xffffff17) auipc   t5, 0xfffff
core   0: 3 0x8000102c (0xffffff17) x30 0x8000002c
core   0: 0x80001030 (0xfc1f2a23) sw      ra, -44(t5)
core   0: 3 0x80001030 (0xfc1f2a23) mem 0x80000000 0x00000001
core   0: 0x80001034 (0xff5ff06f) j       pc - 0xc
core   0: 3 0x80001034 (0xff5ff06f)
core   0: 0x80001028 (0x00100093) li      ra, 1
core   0: 3 0x80001028 (0x00100093) x1  0x00000001
core   0: 0x8000102c (0xffffff17) auipc   t5, 0xfffff
core   0: 3 0x8000102c (0xffffff17) x30 0x8000002c
core   0: 0x80001030 (0xfc1f2a23) sw      ra, -44(t5)
core   0: 3 0x80001030 (0xfc1f2a23) mem 0x80000000 0x00000001
core   0: 0x80001034 (0xff5ff06f) j       pc - 0xc
core   0: 3 0x80001034 (0xff5ff06f)
core   0: 0x80001028 (0x00100093) li      ra, 1
core   0: 3 0x80001028 (0x00100093) x1  0x00000001
core   0: 0x8000102c (0xffffff17) auipc   t5, 0xfffff
core   0: 3 0x8000102c (0xffffff17) x30 0x8000002c
core   0: 0x80001030 (0xfc1f2a23) sw      ra, -44(t5)
core   0: 3 0x80001030 (0xfc1f2a23) mem 0x80000000 0x00000001
core   0: 0x80001034 (0xff5ff06f) j       pc - 0xc
core   0: 3 0x80001034 (0xff5ff06f)
core   0: 0x80001028 (0x00100093) li      ra, 1
core   0: 3 0x80001028 (0x00100093) x1  0x00000001
core   0: 0x8000102c (0xffffff17) auipc   t5, 0xfffff
core   0: 3 0x8000102c (0xffffff17) x30 0x8000002c
core   0: 0x80001030 (0xfc1f2a23) sw      ra, -44(t5)
core   0: 3 0x80001030 (0xfc1f2a23) mem 0x80000000 0x00000001
core   0: 0x80001034 (0xff5ff06f) j       pc - 0xc
core   0: 3 0x80001034 (0xff5ff06f)
core   0: 0x80001028 (0x00100093) li      ra, 1
core   0: 3 0x80001028 (0x00100093) x1  0x00000001
core   0: 0x8000102c (0xffffff17) auipc   t5, 0xfffff
core   0: 3 0x8000102c (0xffffff17) x30 0x8000002c
core   0: 0x80001030 (0xfc1f2a23) sw      ra, -44(t5)
core   0: 3 0x80001030 (0xfc1f2a23) mem 0x80000000 0x00000001
core   0: 0x80001034 (0xff5ff06f) j       pc - 0xc
core   0: 3 0x80001034 (0xff5ff06f)
core   0: 0x80001028 (0x00100093) li      ra, 1
core   0: 3 0x80001028 (0x00100093) x1  0x00000001
core   0: 0x8000102c (0xffffff17) auipc   t5, 0xfffff
core   0: 3 0x8000102c (0xffffff17) x30 0x8000002c
core   0: 0x80001030 (0xfc1f2a23) sw      ra, -44(t5)
core   0: 3 0x80001030 (0xfc1f2a23) mem 0x80000000 0x00000001
core   0: 0x80001034 (0xff5ff06f) j       pc - 0xc
core   0: 3 0x80001034 (0xff5ff06f)
core   0: 0x80001028 (0x00100093) li      ra, 1
core   0: 3 0x80001028 (0x00100093) x1  0x00000001
core   0: 0x8000102c (0xffffff17) auipc   t5, 0xfffff
core   0: 3 0x8000102c (0xffffff17) x30 0x8000002c
core   0: 0x80001030 (0xfc1f2a23) sw      ra, -44(t5)
core   0: 3 0x80001030 (0xfc1f2a23) mem 0x80000000 0x00000001
core   0: 0x80001034 (0xff5ff06f) j       pc - 0xc
core   0: 3 0x80001034 (0xff5ff06f)
core   0: 0x80001028 (0x00100093) li      ra, 1
core   0: 3 0x80001028 (0x00100093) x1  0x00000001
core   0: 0x8000102c (0xffffff17) auipc   t5, 0xfffff
core   0: 3 0x8000102c (0xffffff17) x30 0x8000002c
core   0: 0x80001030 (0xfc1f2a23) sw      ra, -44(t5)
core   0: 3 0x80001030 (0xfc1f2a23) mem 0x80000000 0x00000001
core   0: 0x80001034 (0xff5ff06f) j       pc - 0xc
core   0: 3 0x80001034 (0xff5ff06f)
core   0: 0x80001028 (0x00100093) li      ra, 1
core   0: 3 0x80001028 (0x00100093) x1  0x00000001
core   0: 0x8000102c (0xffffff17) auipc   t5, 0xfffff
core   0: 3 0x8000102c (0xffffff17) x30 0x8000002c
core   0: 0x80001030 (0xfc1f2a23) sw      ra, -44(t5)
core   0: 3 0x80001030 (0xfc1f2a23) mem 0x80000000 0x00000001
core   0: 0x80001034 (0xff5ff06f) j       pc - 0xc
core   0: 3 0x80001034 (0xff5ff06f)
core   0: 0x80001028 (0x00100093) li      ra, 1
core   0: 3 0x80001028 (0x00100093) x1  0x00000001
core   0: 0x8000102c (0xffffff17) auipc   t5, 0xfffff
core   0: 3 0x8000102c (0xffffff17) x30 0x8000002c
core   0: 0x80001030 (0xfc1f2a23) sw      ra, -44(t5)
core   0: 3 0x80001030 (0xfc1f2a23) mem 0x80000000 0x00000001
core   0: 0x80001034 (0xff5ff06f) j       pc - 0xc
core   0: 3 0x80001034 (0xff5ff06f)
core   0: 0x80001028 (0x00100093) li      ra, 1
core   0: 3 0x80001028 (0x00100093) x1  0x00000001
core   0: 0x8000102c (0xffffff17) auipc   t5, 0xfffff
core   0: 3 0x8000102c (0xffffff17) x30 0x8000002c
core   0: 0x80001030 (0xfc1f2a23) sw      ra, -44(t5)
core   0: 3 0x80001030 (0xfc1f2a23) mem 0x80000000 0x00000001
core   0: 0x80001034 (0xff5ff06f) j       pc - 0xc
core   0: 3 0x80001034 (0xff5ff06f)
core   0: 0x80001028 (0x00100093) li      ra, 1
core   0: 3 0x80001028 (0x00100093) x1  0x00000001
core   0: 0x8000102c (0xffffff17) auipc   t5, 0xfffff
core   0: 3 0x8000102c (0xffffff17) x30 0x8000002c
core   0: 0x80001030 (0xfc1f2a23) sw      ra, -44(t5)
core   0: 3 0x80001030 (0xfc1f2a23) mem 0x80000000 0x00000001
core   0: 0x80001034 (0xff5ff06f) j       pc - 0xc
core   0: 3 0x80001034 (0xff5ff06f)
core   0: 0x80001028 (0x00100093) li      ra, 1
core   0: 3 0x80001028 (0x00100093) x1  0x00000001
core   0: 0x8000102c (0xffffff17) auipc   t5, 0xfffff
core   0: 3 0x8000102c (0xffffff17) x30 0x8000002c
core   0: 0x80001030 (0xfc1f2a23) sw      ra, -44(t5)
core   0: 3 0x80001030 (0xfc1f2a23) mem 0x80000000 0x00000001
core   0: 0x80001034 (0xff5ff06f) j       pc - 0xc
core   0: 3 0x80001034 (0xff5ff06f)
core   0: 0x80001028 (0x00100093) li      ra, 1
core   0: 3 0x80001028 (0x00100093) x1  0x00000001
core   0: 0x8000102c (0xffffff17) auipc   t5, 0xfffff
core   0: 3 0x8000102c (0xffffff17) x30 0x8000002c
core   0: 0x80001030 (0xfc1f2a23) sw      ra, -44(t5)
core   0: 3 0x80001030 (0xfc1f2a23) mem 0x80000000 0x00000001
core   0: 0x80001034 (0xff5ff06f) j       pc - 0xc
core   0: 3 0x80001034 (0xff5ff06f)
core   0: 0x80001028 (0x00100093) li      ra, 1
core   0: 3 0x80001028 (0x00100093) x1  0x00000001
core   0: 0x8000102c (0xffffff17) auipc   t5, 0xfffff
core   0: 3 0x8000102c (0xffffff17) x30 0x8000002c
core   0: 0x80001030 (0xfc1f2a23) sw      ra, -44(t5)
core   0: 3 0x80001030 (0xfc1f2a23) mem 0x80000000 0x00000001
core   0: 0x80001034 (0xff5ff06f) j       pc - 0xc
core   0: 3 0x80001034 (0xff5ff06f)
core   0: 0x80001028 (0x00100093) li      ra, 1
core   0: 3 0x80001028 (0x00100093) x1  0x00000001
core   0: 0x8000102c (0xffffff17) auipc   t5, 0xfffff
core   0: 3 0x8000102c (0xffffff17) x30 0x8000002c
core   0: 0x80001030 (0xfc1f2a23) sw      ra, -44(t5)
core   0: 3 0x80001030 (0xfc1f2a23) mem 0x80000000 0x00000001
core   0: 0x80001034 (0xff5ff06f) j       pc - 0xc
core   0: 3 0x80001034 (0xff5ff06f)
core   0: 0x80001028 (0x00100093) li      ra, 1
core   0: 3 0x80001028 (0x00100093) x1  0x00000001
core   0: 0x8000102c (0xffffff17) auipc   t5, 0xfffff
core   0: 3 0x8000102c (0xffffff17) x30 0x8000002c
core   0: 0x80001030 (0xfc1f2a23) sw      ra, -44(t5)
core   0: 3 0x80001030 (0xfc1f2a23) mem 0x80000000 0x00000001
core   0: 0x80001034 (0xff5ff06f) j       pc - 0xc
core   0: 3 0x80001034 (0xff5ff06f)
core   0: 0x80001028 (0x00100093) li      ra, 1
core   0: 3 0x80001028 (0x00100093) x1  0x00000001
core   0: 0x8000102c (0xffffff17) auipc   t5, 0xfffff
core   0: 3 0x8000102c (0xffffff17) x30 0x8000002c
core   0: 0x80001030 (0xfc1f2a23) sw      ra, -44(t5)
core   0: 3 0x80001030 (0xfc1f2a23) mem 0x80000000 0x00000001
core   0: 0x80001034 (0xff5ff06f) j       pc - 0xc
core   0: 3 0x80001034 (0xff5ff06f)
core   0: 0x80001028 (0x00100093) li      ra, 1
core   0: 3 0x80001028 (0x00100093) x1  0x00000001
core   0: 0x8000102c (0xffffff17) auipc   t5, 0xfffff
core   0: 3 0x8000102c (0xffffff17) x30 0x8000002c
core   0: 0x80001030 (0xfc1f2a23) sw      ra, -44(t5)
core   0: 3 0x80001030 (0xfc1f2a23) mem 0x80000000 0x00000001
core   0: 0x80001034 (0xff5ff06f) j       pc - 0xc
core   0: 3 0x80001034 (0xff5ff06f)
core   0: 0x80001028 (0x00100093) li      ra, 1
core   0: 3 0x80001028 (0x00100093) x1  0x00000001
core   0: 0x8000102c (0xffffff17) auipc   t5, 0xfffff
core   0: 3 0x8000102c (0xffffff17) x30 0x8000002c
core   0: 0x80001030 (0xfc1f2a23) sw      ra, -44(t5)
core   0: 3 0x80001030 (0xfc1f2a23) mem 0x80000000 0x00000001
core   0: 0x80001034 (0xff5ff06f) j       pc - 0xc
core   0: 3 0x80001034 (0xff5ff06f)
core   0: 0x80001028 (0x00100093) li      ra, 1
core   0: 3 0x80001028 (0x00100093) x1  0x00000001
core   0: 0x8000102c (0xffffff17) auipc   t5, 0xfffff
core   0: 3 0x8000102c (0xffffff17) x30 0x8000002c
core   0: 0x80001030 (0xfc1f2a23) sw      ra, -44(t5)
core   0: 3 0x80001030 (0xfc1f2a23) mem 0x80000000 0x00000001
core   0: 0x80001034 (0xff5ff06f) j       pc - 0xc
core   0: 3 0x80001034 (0xff5ff06f)
core   0: 0x80001028 (0x00100093) li      ra, 1
core   0: 3 0x80001028 (0x00100093) x1  0x00000001
core   0: 0x8000102c (0xffffff17) auipc   t5, 0xfffff
core   0: 3 0x8000102c (0xffffff17) x30 0x8000002c
core   0: 0x80001030 (0xfc1f2a23) sw      ra, -44(t5)
core   0: 3 0x80001030 (0xfc1f2a23) mem 0x80000000 0x00000001
core   0: 0x80001034 (0xff5ff06f) j       pc - 0xc
core   0: 3 0x80001034 (0xff5ff06f)
core   0: 0x80001028 (0x00100093) li      ra, 1
core   0: 3 0x80001028 (0x00100093) x1  0x00000001
core   0: 0x8000102c (0xffffff17) auipc   t5, 0xfffff
core   0: 3 0x8000102c (0xffffff17) x30 0x8000002c
core   0: 0x80001030 (0xfc1f2a23) sw      ra, -44(t5)
core   0: 3 0x80001030 (0xfc1f2a23) mem 0x80000000 0x00000001
core   0: 0x80001034 (0xff5ff06f) j       pc - 0xc
core   0: 3 0x80001034 (0xff5ff06f)
core   0: 0x80001028 (0x00100093) li      ra, 1
core   0: 3 0x80001028 (0x00100093) x1  0x00000001
core   0: 0x8000102c (0xffffff17) auipc   t5, 0xfffff
core   0: 3 0x8000102c (0xffffff17) x30 0x8000002c
core   0: 0x80001030 (0xfc1f2a23) sw      ra, -44(t5)
core   0: 3 0x80001030 (0xfc1f2a23) mem 0x80000000 0x00000001
core   0: 0x80001034 (0xff5ff06f) j       pc - 0xc
core   0: 3 0x80001034 (0xff5ff06f)
core   0: 0x80001028 (0x00100093) li      ra, 1
core   0: 3 0x80001028 (0x00100093) x1  0x00000001
core   0: 0x8000102c (0xffffff17) auipc   t5, 0xfffff
core   0: 3 0x8000102c (0xffffff17) x30 0x8000002c
core   0: 0x80001030 (0xfc1f2a23) sw      ra, -44(t5)
core   0: 3 0x80001030 (0xfc1f2a23) mem 0x80000000 0x00000001
core   0: 0x80001034 (0xff5ff06f) j       pc - 0xc
core   0: 3 0x80001034 (0xff5ff06f)
core   0: 0x80001028 (0x00100093) li      ra, 1
core   0: 3 0x80001028 (0x00100093) x1  0x00000001
core   0: 0x8000102c (0xffffff17) auipc   t5, 0xfffff
core   0: 3 0x8000102c (0xffffff17) x30 0x8000002c
core   0: 0x80001030 (0xfc1f2a23) sw      ra, -44(t5)
core   0: 3 0x80001030 (0xfc1f2a23) mem 0x80000000 0x00000001
core   0: 0x80001034 (0xff5ff06f) j       pc - 0xc
core   0: 3 0x80001034 (0xff5ff06f)
core   0: 0x80001028 (0x00100093) li      ra, 1
core   0: 3 0x80001028 (0x00100093) x1  0x00000001
core   0: 0x8000102c (0xffffff17) auipc   t5, 0xfffff
core   0: 3 0x8000102c (0xffffff17) x30 0x8000002c
core   0: 0x80001030 (0xfc1f2a23) sw      ra, -44(t5)
core   0: 3 0x80001030 (0xfc1f2a23) mem 0x80000000 0x00000001
core   0: 0x80001034 (0xff5ff06f) j       pc - 0xc
core   0: 3 0x80001034 (0xff5ff06f)
core   0: 0x80001028 (0x00100093) li      ra, 1
core   0: 3 0x80001028 (0x00100093) x1  0x00000001
core   0: 0x8000102c (0xffffff17) auipc   t5, 0xfffff
core   0: 3 0x8000102c (0xffffff17) x30 0x8000002c
core   0: 0x80001030 (0xfc1f2a23) sw      ra, -44(t5)
core   0: 3 0x80001030 (0xfc1f2a23) mem 0x80000000 0x00000001
core   0: 0x80001034 (0xff5ff06f) j       pc - 0xc
core   0: 3 0x80001034 (0xff5ff06f)
core   0: 0x80001028 (0x00100093) li      ra, 1
core   0: 3 0x80001028 (0x00100093) x1  0x00000001
core   0: 0x8000102c (0xffffff17) auipc   t5, 0xfffff
core   0: 3 0x8000102c (0xffffff17) x30 0x8000002c
core   0: 0x80001030 (0xfc1f2a23) sw      ra, -44(t5)
core   0: 3 0x80001030 (0xfc1f2a23) mem 0x80000000 0x00000001
core   0: 0x80001034 (0xff5ff06f) j       pc - 0xc
core   0: 3 0x80001034 (0xff5ff06f)
core   0: 0x80001028 (0x00100093) li      ra, 1
core   0: 3 0x80001028 (0x00100093) x1  0x00000001
core   0: 0x8000102c (0xffffff17) auipc   t5, 0xfffff
core   0: 3 0x8000102c (0xffffff17) x30 0x8000002c
core   0: 0x80001030 (0xfc1f2a23) sw      ra, -44(t5)
core   0: 3 0x80001030 (0xfc1f2a23) mem 0x80000000 0x00000001
core   0: 0x80001034 (0xff5ff06f) j       pc - 0xc
core   0: 3 0x80001034 (0xff5ff06f)
core   0: 0x80001028 (0x00100093) li      ra, 1
core   0: 3 0x80001028 (0x00100093) x1  0x00000001
core   0: 0x8000102c (0xffffff17) auipc   t5, 0xfffff
core   0: 3 0x8000102c (0xffffff17) x30 0x8000002c
core   0: 0x80001030 (0xfc1f2a23) sw      ra, -44(t5)
core   0: 3 0x80001030 (0xfc1f2a23) mem 0x80000000 0x00000001
core   0: 0x80001034 (0xff5ff06f) j       pc - 0xc
core   0: 3 0x80001034 (0xff5ff06f)
core   0: 0x80001028 (0x00100093) li      ra, 1
core   0: 3 0x80001028 (0x00100093) x1  0x00000001
core   0: 0x8000102c (0xffffff17) auipc   t5, 0xfffff
core   0: 3 0x8000102c (0xffffff17) x30 0x8000002c
core   0: 0x80001030 (0xfc1f2a23) sw      ra, -44(t5)
core   0: 3 0x80001030 (0xfc1f2a23) mem 0x80000000 0x00000001
core   0: 0x80001034 (0xff5ff06f) j       pc - 0xc
core   0: 3 0x80001034 (0xff5ff06f)
core   0: 0x80001028 (0x00100093) li      ra, 1
core   0: 3 0x80001028 (0x00100093) x1  0x00000001
core   0: 0x8000102c (0xffffff17) auipc   t5, 0xfffff
core   0: 3 0x8000102c (0xffffff17) x30 0x8000002c
core   0: 0x80001030 (0xfc1f2a23) sw      ra, -44(t5)
core   0: 3 0x80001030 (0xfc1f2a23) mem 0x80000000 0x00000001
core   0: 0x80001034 (0xff5ff06f) j       pc - 0xc
core   0: 3 0x80001034 (0xff5ff06f)
core   0: 0x80001028 (0x00100093) li      ra, 1
core   0: 3 0x80001028 (0x00100093) x1  0x00000001
core   0: 0x8000102c (0xffffff17) auipc   t5, 0xfffff
core   0: 3 0x8000102c (0xffffff17) x30 0x8000002c
core   0: 0x80001030 (0xfc1f2a23) sw      ra, -44(t5)
core   0: 3 0x80001030 (0xfc1f2a23) mem 0x80000000 0x00000001
core   0: 0x80001034 (0xff5ff06f) j       pc - 0xc
core   0: 3 0x80001034 (0xff5ff06f)
core   0: 0x80001028 (0x00100093) li      ra, 1
core   0: 3 0x80001028 (0x00100093) x1  0x00000001
core   0: 0x8000102c (0xffffff17) auipc   t5, 0xfffff
core   0: 3 0x8000102c (0xffffff17) x30 0x8000002c
core   0: 0x80001030 (0xfc1f2a23) sw      ra, -44(t5)
core   0: 3 0x80001030 (0xfc1f2a23) mem 0x80000000 0x00000001
core   0: 0x80001034 (0xff5ff06f) j       pc - 0xc
core   0: 3 0x80001034 (0xff5ff06f)
core   0: 0x80001028 (0x00100093) li      ra, 1
core   0: 3 0x80001028 (0x00100093) x1  0x00000001
core   0: 0x8000102c (0xffffff17) auipc   t5, 0xfffff
core   0: 3 0x8000102c (0xffffff17) x30 0x8000002c
core   0: 0x80001030 (0xfc1f2a23) sw      ra, -44(t5)
core   0: 3 0x80001030 (0xfc1f2a23) mem 0x80000000 0x00000001
core   0: 0x80001034 (0xff5ff06f) j       pc - 0xc
core   0: 3 0x80001034 (0xff5ff06f)
core   0: 0x80001028 (0x00100093) li      ra, 1
core   0: 3 0x80001028 (0x00100093) x1  0x00000001
core   0: 0x8000102c (0xffffff17) auipc   t5, 0xfffff
core   0: 3 0x8000102c (0xffffff17) x30 0x8000002c
core   0: 0x80001030 (0xfc1f2a23) sw      ra, -44(t5)
core   0: 3 0x80001030 (0xfc1f2a23) mem 0x80000000 0x00000001
core   0: 0x80001034 (0xff5ff06f) j       pc - 0xc
core   0: 3 0x80001034 (0xff5ff06f)
core   0: 0x80001028 (0x00100093) li      ra, 1
core   0: 3 0x80001028 (0x00100093) x1  0x00000001
core   0: 0x8000102c (0xffffff17) auipc   t5, 0xfffff
core   0: 3 0x8000102c (0xffffff17) x30 0x8000002c
core   0: 0x80001030 (0xfc1f2a23) sw      ra, -44(t5)
core   0: 3 0x80001030 (0xfc1f2a23) mem 0x80000000 0x00000001
core   0: 0x80001034 (0xff5ff06f) j       pc - 0xc
core   0: 3 0x80001034 (0xff5ff06f)
core   0: 0x80001028 (0x00100093) li      ra, 1
core   0: 3 0x80001028 (0x00100093) x1  0x00000001
core   0: 0x8000102c (0xffffff17) auipc   t5, 0xfffff
core   0: 3 0x8000102c (0xffffff17) x30 0x8000002c
core   0: 0x80001030 (0xfc1f2a23) sw      ra, -44(t5)
core   0: 3 0x80001030 (0xfc1f2a23) mem 0x80000000 0x00000001
core   0: 0x80001034 (0xff5ff06f) j       pc - 0xc
core   0: 3 0x80001034 (0xff5ff06f)
core   0: 0x80001028 (0x00100093) li      ra, 1
core   0: 3 0x80001028 (0x00100093) x1  0x00000001
core   0: 0x8000102c (0xffffff17) auipc   t5, 0xfffff
core   0: 3 0x8000102c (0xffffff17) x30 0x8000002c
core   0: 0x80001030 (0xfc1f2a23) sw      ra, -44(t5)
core   0: 3 0x80001030 (0xfc1f2a23) mem 0x80000000 0x00000001
core   0: 0x80001034 (0xff5ff06f) j       pc - 0xc
core   0: 3 0x80001034 (0xff5ff06f)
core   0: 0x80001028 (0x00100093) li      ra, 1
core   0: 3 0x80001028 (0x00100093) x1  0x00000001
core   0: 0x8000102c (0xffffff17) auipc   t5, 0xfffff
core   0: 3 0x8000102c (0xffffff17) x30 0x8000002c
core   0: 0x80001030 (0xfc1f2a23) sw      ra, -44(t5)
core   0: 3 0x80001030 (0xfc1f2a23) mem 0x80000000 0x00000001
core   0: 0x80001034 (0xff5ff06f) j       pc - 0xc
core   0: 3 0x80001034 (0xff5ff06f)
core   0: 0x80001028 (0x00100093) li      ra, 1
core   0: 3 0x80001028 (0x00100093) x1  0x00000001
core   0: 0x8000102c (0xffffff17) auipc   t5, 0xfffff
core   0: 3 0x8000102c (0xffffff17) x30 0x8000002c
core   0: 0x80001030 (0xfc1f2a23) sw      ra, -44(t5)
core   0: 3 0x80001030 (0xfc1f2a23) mem 0x80000000 0x00000001
core   0: 0x80001034 (0xff5ff06f) j       pc - 0xc
core   0: 3 0x80001034 (0xff5ff06f)
core   0: 0x80001028 (0x00100093) li      ra, 1
core   0: 3 0x80001028 (0x00100093) x1  0x00000001
core   0: 0x8000102c (0xffffff17) auipc   t5, 0xfffff
core   0: 3 0x8000102c (0xffffff17) x30 0x8000002c
core   0: 0x80001030 (0xfc1f2a23) sw      ra, -44(t5)
core   0: 3 0x80001030 (0xfc1f2a23) mem 0x80000000 0x00000001
core   0: 0x80001034 (0xff5ff06f) j       pc - 0xc
core   0: 3 0x80001034 (0xff5ff06f)
core   0: 0x80001028 (0x00100093) li      ra, 1
core   0: 3 0x80001028 (0x00100093) x1  0x00000001
core   0: 0x8000102c (0xffffff17) auipc   t5, 0xfffff
core   0: 3 0x8000102c (0xffffff17) x30 0x8000002c
core   0: 0x80001030 (0xfc1f2a23) sw      ra, -44(t5)
core   0: 3 0x80001030 (0xfc1f2a23) mem 0x80000000 0x00000001
core   0: 0x80001034 (0xff5ff06f) j       pc - 0xc
core   0: 3 0x80001034 (0xff5ff06f)
core   0: 0x80001028 (0x00100093) li      ra, 1
core   0: 3 0x80001028 (0x00100093) x1  0x00000001
core   0: 0x8000102c (0xffffff17) auipc   t5, 0xfffff
core   0: 3 0x8000102c (0xffffff17) x30 0x8000002c
core   0: 0x80001030 (0xfc1f2a23) sw      ra, -44(t5)
core   0: 3 0x80001030 (0xfc1f2a23) mem 0x80000000 0x00000001
core   0: 0x80001034 (0xff5ff06f) j       pc - 0xc
core   0: 3 0x80001034 (0xff5ff06f)
core   0: 0x80001028 (0x00100093) li      ra, 1
core   0: 3 0x80001028 (0x00100093) x1  0x00000001
core   0: 0x8000102c (0xffffff17) auipc   t5, 0xfffff
core   0: 3 0x8000102c (0xffffff17) x30 0x8000002c
core   0: 0x80001030 (0xfc1f2a23) sw      ra, -44(t5)
core   0: 3 0x80001030 (0xfc1f2a23) mem 0x80000000 0x00000001
core   0: 0x80001034 (0xff5ff06f) j       pc - 0xc
core   0: 3 0x80001034 (0xff5ff06f)
core   0: 0x80001028 (0x00100093) li      ra, 1
core   0: 3 0x80001028 (0x00100093) x1  0x00000001
core   0: 0x8000102c (0xffffff17) auipc   t5, 0xfffff
core   0: 3 0x8000102c (0xffffff17) x30 0x8000002c
core   0: 0x80001030 (0xfc1f2a23) sw      ra, -44(t5)
core   0: 3 0x80001030 (0xfc1f2a23) mem 0x80000000 0x00000001
core   0: 0x80001034 (0xff5ff06f) j       pc - 0xc
core   0: 3 0x80001034 (0xff5ff06f)
core   0: 0x80001028 (0x00100093) li      ra, 1
core   0: 3 0x80001028 (0x00100093) x1  0x00000001
core   0: 0x8000102c (0xffffff17) auipc   t5, 0xfffff
core   0: 3 0x8000102c (0xffffff17) x30 0x8000002c
core   0: 0x80001030 (0xfc1f2a23) sw      ra, -44(t5)
core   0: 3 0x80001030 (0xfc1f2a23) mem 0x80000000 0x00000001
core   0: 0x80001034 (0xff5ff06f) j       pc - 0xc
core   0: 3 0x80001034 (0xff5ff06f)
core   0: 0x80001028 (0x00100093) li      ra, 1
core   0: 3 0x80001028 (0x00100093) x1  0x00000001
core   0: 0x8000102c (0xffffff17) auipc   t5, 0xfffff
core   0: 3 0x8000102c (0xffffff17) x30 0x8000002c
core   0: 0x80001030 (0xfc1f2a23) sw      ra, -44(t5)
core   0: 3 0x80001030 (0xfc1f2a23) mem 0x80000000 0x00000001
core   0: 0x80001034 (0xff5ff06f) j       pc - 0xc
core   0: 3 0x80001034 (0xff5ff06f)
core   0: 0x80001028 (0x00100093) li      ra, 1
core   0: 3 0x80001028 (0x00100093) x1  0x00000001
core   0: 0x8000102c (0xffffff17) auipc   t5, 0xfffff
core   0: 3 0x8000102c (0xffffff17) x30 0x8000002c
core   0: 0x80001030 (0xfc1f2a23) sw      ra, -44(t5)
core   0: 3 0x80001030 (0xfc1f2a23) mem 0x80000000 0x00000001
core   0: 0x80001034 (0xff5ff06f) j       pc - 0xc
core   0: 3 0x80001034 (0xff5ff06f)
core   0: 0x80001028 (0x00100093) li      ra, 1
core   0: 3 0x80001028 (0x00100093) x1  0x00000001
core   0: 0x8000102c (0xffffff17) auipc   t5, 0xfffff
core   0: 3 0x8000102c (0xffffff17) x30 0x8000002c
core   0: 0x80001030 (0xfc1f2a23) sw      ra, -44(t5)
core   0: 3 0x80001030 (0xfc1f2a23) mem 0x80000000 0x00000001
core   0: 0x80001034 (0xff5ff06f) j       pc - 0xc
core   0: 3 0x80001034 (0xff5ff06f)
core   0: 0x80001028 (0x00100093) li      ra, 1
core   0: 3 0x80001028 (0x00100093) x1  0x00000001
core   0: 0x8000102c (0xffffff17) auipc   t5, 0xfffff
core   0: 3 0x8000102c (0xffffff17) x30 0x8000002c
core   0: 0x80001030 (0xfc1f2a23) sw      ra, -44(t5)
core   0: 3 0x80001030 (0xfc1f2a23) mem 0x80000000 0x00000001
core   0: 0x80001034 (0xff5ff06f) j       pc - 0xc
core   0: 3 0x80001034 (0xff5ff06f)
core   0: 0x80001028 (0x00100093) li      ra, 1
core   0: 3 0x80001028 (0x00100093) x1  0x00000001
core   0: 0x8000102c (0xffffff17) auipc   t5, 0xfffff
core   0: 3 0x8000102c (0xffffff17) x30 0x8000002c
core   0: 0x80001030 (0xfc1f2a23) sw      ra, -44(t5)
core   0: 3 0x80001030 (0xfc1f2a23) mem 0x80000000 0x00000001
core   0: 0x80001034 (0xff5ff06f) j       pc - 0xc
core   0: 3 0x80001034 (0xff5ff06f)
core   0: 0x80001028 (0x00100093) li      ra, 1
core   0: 3 0x80001028 (0x00100093) x1  0x00000001
core   0: 0x8000102c (0xffffff17) auipc   t5, 0xfffff
core   0: 3 0x8000102c (0xffffff17) x30 0x8000002c
core   0: 0x80001030 (0xfc1f2a23) sw      ra, -44(t5)
core   0: 3 0x80001030 (0xfc1f2a23) mem 0x80000000 0x00000001
core   0: 0x80001034 (0xff5ff06f) j       pc - 0xc
core   0: 3 0x80001034 (0xff5ff06f)
core   0: 0x80001028 (0x00100093) li      ra, 1
core   0: 3 0x80001028 (0x00100093) x1  0x00000001
core   0: 0x8000102c (0xffffff17) auipc   t5, 0xfffff
core   0: 3 0x8000102c (0xffffff17) x30 0x8000002c
core   0: 0x80001030 (0xfc1f2a23) sw      ra, -44(t5)
core   0: 3 0x80001030 (0xfc1f2a23) mem 0x80000000 0x00000001
core   0: 0x80001034 (0xff5ff06f) j       pc - 0xc
core   0: 3 0x80001034 (0xff5ff06f)
core   0: 0x80001028 (0x00100093) li      ra, 1
core   0: 3 0x80001028 (0x00100093) x1  0x00000001
core   0: 0x8000102c (0xffffff17) auipc   t5, 0xfffff
core   0: 3 0x8000102c (0xffffff17) x30 0x8000002c
core   0: 0x80001030 (0xfc1f2a23) sw      ra, -44(t5)
core   0: 3 0x80001030 (0xfc1f2a23) mem 0x80000000 0x00000001
core   0: 0x80001034 (0xff5ff06f) j       pc - 0xc
core   0: 3 0x80001034 (0xff5ff06f)
core   0: 0x80001028 (0x00100093) li      ra, 1
core   0: 3 0x80001028 (0x00100093) x1  0x00000001
core   0: 0x8000102c (0xffffff17) auipc   t5, 0xfffff
core   0: 3 0x8000102c (0xffffff17) x30 0x8000002c
core   0: 0x80001030 (0xfc1f2a23) sw      ra, -44(t5)
core   0: 3 0x80001030 (0xfc1f2a23) mem 0x80000000 0x00000001
core   0: 0x80001034 (0xff5ff06f) j       pc - 0xc
core   0: 3 0x80001034 (0xff5ff06f)
core   0: 0x80001028 (0x00100093) li      ra, 1
core   0: 3 0x80001028 (0x00100093) x1  0x00000001
core   0: 0x8000102c (0xffffff17) auipc   t5, 0xfffff
core   0: 3 0x8000102c (0xffffff17) x30 0x8000002c
core   0: 0x80001030 (0xfc1f2a23) sw      ra, -44(t5)
core   0: 3 0x80001030 (0xfc1f2a23) mem 0x80000000 0x00000001
core   0: 0x80001034 (0xff5ff06f) j       pc - 0xc
core   0: 3 0x80001034 (0xff5ff06f)
core   0: 0x80001028 (0x00100093) li      ra, 1
core   0: 3 0x80001028 (0x00100093) x1  0x00000001
core   0: 0x8000102c (0xffffff17) auipc   t5, 0xfffff
core   0: 3 0x8000102c (0xffffff17) x30 0x8000002c
core   0: 0x80001030 (0xfc1f2a23) sw      ra, -44(t5)
core   0: 3 0x80001030 (0xfc1f2a23) mem 0x80000000 0x00000001
core   0: 0x80001034 (0xff5ff06f) j       pc - 0xc
core   0: 3 0x80001034 (0xff5ff06f)
core   0: 0x80001028 (0x00100093) li      ra, 1
core   0: 3 0x80001028 (0x00100093) x1  0x00000001
core   0: 0x8000102c (0xffffff17) auipc   t5, 0xfffff
core   0: 3 0x8000102c (0xffffff17) x30 0x8000002c
core   0: 0x80001030 (0xfc1f2a23) sw      ra, -44(t5)
core   0: 3 0x80001030 (0xfc1f2a23) mem 0x80000000 0x00000001
core   0: 0x80001034 (0xff5ff06f) j       pc - 0xc
core   0: 3 0x80001034 (0xff5ff06f)
core   0: 0x80001028 (0x00100093) li      ra, 1
core   0: 3 0x80001028 (0x00100093) x1  0x00000001
core   0: 0x8000102c (0xffffff17) auipc   t5, 0xfffff
core   0: 3 0x8000102c (0xffffff17) x30 0x8000002c
core   0: 0x80001030 (0xfc1f2a23) sw      ra, -44(t5)
core   0: 3 0x80001030 (0xfc1f2a23) mem 0x80000000 0x00000001
core   0: 0x80001034 (0xff5ff06f) j       pc - 0xc
core   0: 3 0x80001034 (0xff5ff06f)
core   0: 0x80001028 (0x00100093) li      ra, 1
core   0: 3 0x80001028 (0x00100093) x1  0x00000001
core   0: 0x8000102c (0xffffff17) auipc   t5, 0xfffff
core   0: 3 0x8000102c (0xffffff17) x30 0x8000002c
core   0: 0x80001030 (0xfc1f2a23) sw      ra, -44(t5)
core   0: 3 0x80001030 (0xfc1f2a23) mem 0x80000000 0x00000001
core   0: 0x80001034 (0xff5ff06f) j       pc - 0xc
core   0: 3 0x80001034 (0xff5ff06f)
core   0: 0x80001028 (0x00100093) li      ra, 1
core   0: 3 0x80001028 (0x00100093) x1  0x00000001
core   0: 0x8000102c (0xffffff17) auipc   t5, 0xfffff
core   0: 3 0x8000102c (0xffffff17) x30 0x8000002c
core   0: 0x80001030 (0xfc1f2a23) sw      ra, -44(t5)
core   0: 3 0x80001030 (0xfc1f2a23) mem 0x80000000 0x00000001
core   0: 0x80001034 (0xff5ff06f) j       pc - 0xc
core   0: 3 0x80001034 (0xff5ff06f)
core   0: 0x80001028 (0x00100093) li      ra, 1
core   0: 3 0x80001028 (0x00100093) x1  0x00000001
core   0: 0x8000102c (0xffffff17) auipc   t5, 0xfffff
core   0: 3 0x8000102c (0xffffff17) x30 0x8000002c
core   0: 0x80001030 (0xfc1f2a23) sw      ra, -44(t5)
core   0: 3 0x80001030 (0xfc1f2a23) mem 0x80000000 0x00000001
core   0: 0x80001034 (0xff5ff06f) j       pc - 0xc
core   0: 3 0x80001034 (0xff5ff06f)
core   0: 0x80001028 (0x00100093) li      ra, 1
core   0: 3 0x80001028 (0x00100093) x1  0x00000001
core   0: 0x8000102c (0xffffff17) auipc   t5, 0xfffff
core   0: 3 0x8000102c (0xffffff17) x30 0x8000002c
core   0: 0x80001030 (0xfc1f2a23) sw      ra, -44(t5)
core   0: 3 0x80001030 (0xfc1f2a23) mem 0x80000000 0x00000001
core   0: 0x80001034 (0xff5ff06f) j       pc - 0xc
core   0: 3 0x80001034 (0xff5ff06f)
core   0: 0x80001028 (0x00100093) li      ra, 1
core   0: 3 0x80001028 (0x00100093) x1  0x00000001
core   0: 0x8000102c (0xffffff17) auipc   t5, 0xfffff
core   0: 3 0x8000102c (0xffffff17) x30 0x8000002c
core   0: 0x80001030 (0xfc1f2a23) sw      ra, -44(t5)
core   0: 3 0x80001030 (0xfc1f2a23) mem 0x80000000 0x00000001
core   0: 0x80001034 (0xff5ff06f) j       pc - 0xc
core   0: 3 0x80001034 (0xff5ff06f)
core   0: 0x80001028 (0x00100093) li      ra, 1
core   0: 3 0x80001028 (0x00100093) x1  0x00000001
core   0: 0x8000102c (0xffffff17) auipc   t5, 0xfffff
core   0: 3 0x8000102c (0xffffff17) x30 0x8000002c
core   0: 0x80001030 (0xfc1f2a23) sw      ra, -44(t5)
core   0: 3 0x80001030 (0xfc1f2a23) mem 0x80000000 0x00000001
core   0: 0x80001034 (0xff5ff06f) j       pc - 0xc
core   0: 3 0x80001034 (0xff5ff06f)
core   0: 0x80001028 (0x00100093) li      ra, 1
core   0: 3 0x80001028 (0x00100093) x1  0x00000001
core   0: 0x8000102c (0xffffff17) auipc   t5, 0xfffff
core   0: 3 0x8000102c (0xffffff17) x30 0x8000002c
core   0: 0x80001030 (0xfc1f2a23) sw      ra, -44(t5)
core   0: 3 0x80001030 (0xfc1f2a23) mem 0x80000000 0x00000001
core   0: 0x80001034 (0xff5ff06f) j       pc - 0xc
core   0: 3 0x80001034 (0xff5ff06f)
core   0: 0x80001028 (0x00100093) li      ra, 1
core   0: 3 0x80001028 (0x00100093) x1  0x00000001
core   0: 0x8000102c (0xffffff17) auipc   t5, 0xfffff
core   0: 3 0x8000102c (0xffffff17) x30 0x8000002c
core   0: 0x80001030 (0xfc1f2a23) sw      ra, -44(t5)
core   0: 3 0x80001030 (0xfc1f2a23) mem 0x80000000 0x00000001
core   0: 0x80001034 (0xff5ff06f) j       pc - 0xc
core   0: 3 0x80001034 (0xff5ff06f)
core   0: 0x80001028 (0x00100093) li      ra, 1
core   0: 3 0x80001028 (0x00100093) x1  0x00000001
core   0: 0x8000102c (0xffffff17) auipc   t5, 0xfffff
core   0: 3 0x8000102c (0xffffff17) x30 0x8000002c
core   0: 0x80001030 (0xfc1f2a23) sw      ra, -44(t5)
core   0: 3 0x80001030 (0xfc1f2a23) mem 0x80000000 0x00000001
core   0: 0x80001034 (0xff5ff06f) j       pc - 0xc
core   0: 3 0x80001034 (0xff5ff06f)
core   0: 0x80001028 (0x00100093) li      ra, 1
core   0: 3 0x80001028 (0x00100093) x1  0x00000001
core   0: 0x8000102c (0xffffff17) auipc   t5, 0xfffff
core   0: 3 0x8000102c (0xffffff17) x30 0x8000002c
core   0: 0x80001030 (0xfc1f2a23) sw      ra, -44(t5)
core   0: 3 0x80001030 (0xfc1f2a23) mem 0x80000000 0x00000001
core   0: 0x80001034 (0xff5ff06f) j       pc - 0xc
core   0: 3 0x80001034 (0xff5ff06f)
core   0: 0x80001028 (0x00100093) li      ra, 1
core   0: 3 0x80001028 (0x00100093) x1  0x00000001
core   0: 0x8000102c (0xffffff17) auipc   t5, 0xfffff
core   0: 3 0x8000102c (0xffffff17) x30 0x8000002c
core   0: 0x80001030 (0xfc1f2a23) sw      ra, -44(t5)
core   0: 3 0x80001030 (0xfc1f2a23) mem 0x80000000 0x00000001
core   0: 0x80001034 (0xff5ff06f) j       pc - 0xc
core   0: 3 0x80001034 (0xff5ff06f)
core   0: 0x80001028 (0x00100093) li      ra, 1
core   0: 3 0x80001028 (0x00100093) x1  0x00000001
core   0: 0x8000102c (0xffffff17) auipc   t5, 0xfffff
core   0: 3 0x8000102c (0xffffff17) x30 0x8000002c
core   0: 0x80001030 (0xfc1f2a23) sw      ra, -44(t5)
core   0: 3 0x80001030 (0xfc1f2a23) mem 0x80000000 0x00000001
core   0: 0x80001034 (0xff5ff06f) j       pc - 0xc
core   0: 3 0x80001034 (0xff5ff06f)
core   0: 0x80001028 (0x00100093) li      ra, 1
core   0: 3 0x80001028 (0x00100093) x1  0x00000001
core   0: 0x8000102c (0xffffff17) auipc   t5, 0xfffff
core   0: 3 0x8000102c (0xffffff17) x30 0x8000002c
core   0: 0x80001030 (0xfc1f2a23) sw      ra, -44(t5)
core   0: 3 0x80001030 (0xfc1f2a23) mem 0x80000000 0x00000001
core   0: 0x80001034 (0xff5ff06f) j       pc - 0xc
core   0: 3 0x80001034 (0xff5ff06f)
core   0: 0x80001028 (0x00100093) li      ra, 1
core   0: 3 0x80001028 (0x00100093) x1  0x00000001
core   0: 0x8000102c (0xffffff17) auipc   t5, 0xfffff
core   0: 3 0x8000102c (0xffffff17) x30 0x8000002c
core   0: 0x80001030 (0xfc1f2a23) sw      ra, -44(t5)
core   0: 3 0x80001030 (0xfc1f2a23) mem 0x80000000 0x00000001
core   0: 0x80001034 (0xff5ff06f) j       pc - 0xc
core   0: 3 0x80001034 (0xff5ff06f)
core   0: 0x80001028 (0x00100093) li      ra, 1
core   0: 3 0x80001028 (0x00100093) x1  0x00000001
core   0: 0x8000102c (0xffffff17) auipc   t5, 0xfffff
core   0: 3 0x8000102c (0xffffff17) x30 0x8000002c
core   0: 0x80001030 (0xfc1f2a23) sw      ra, -44(t5)
core   0: 3 0x80001030 (0xfc1f2a23) mem 0x80000000 0x00000001
core   0: 0x80001034 (0xff5ff06f) j       pc - 0xc
core   0: 3 0x80001034 (0xff5ff06f)
core   0: 0x80001028 (0x00100093) li      ra, 1
core   0: 3 0x80001028 (0x00100093) x1  0x00000001
core   0: 0x8000102c (0xffffff17) auipc   t5, 0xfffff
core   0: 3 0x8000102c (0xffffff17) x30 0x8000002c
core   0: 0x80001030 (0xfc1f2a23) sw      ra, -44(t5)
core   0: 3 0x80001030 (0xfc1f2a23) mem 0x80000000 0x00000001
core   0: 0x80001034 (0xff5ff06f) j       pc - 0xc
core   0: 3 0x80001034 (0xff5ff06f)
core   0: 0x80001028 (0x00100093) li      ra, 1
core   0: 3 0x80001028 (0x00100093) x1  0x00000001
core   0: 0x8000102c (0xffffff17) auipc   t5, 0xfffff
core   0: 3 0x8000102c (0xffffff17) x30 0x8000002c
core   0: 0x80001030 (0xfc1f2a23) sw      ra, -44(t5)
core   0: 3 0x80001030 (0xfc1f2a23) mem 0x80000000 0x00000001
core   0: 0x80001034 (0xff5ff06f) j       pc - 0xc
core   0: 3 0x80001034 (0xff5ff06f)
core   0: 0x80001028 (0x00100093) li      ra, 1
core   0: 3 0x80001028 (0x00100093) x1  0x00000001
core   0: 0x8000102c (0xffffff17) auipc   t5, 0xfffff
core   0: 3 0x8000102c (0xffffff17) x30 0x8000002c
core   0: 0x80001030 (0xfc1f2a23) sw      ra, -44(t5)
core   0: 3 0x80001030 (0xfc1f2a23) mem 0x80000000 0x00000001
core   0: 0x80001034 (0xff5ff06f) j       pc - 0xc
core   0: 3 0x80001034 (0xff5ff06f)
core   0: 0x80001028 (0x00100093) li      ra, 1
core   0: 3 0x80001028 (0x00100093) x1  0x00000001
core   0: 0x8000102c (0xffffff17) auipc   t5, 0xfffff
core   0: 3 0x8000102c (0xffffff17) x30 0x8000002c
core   0: 0x80001030 (0xfc1f2a23) sw      ra, -44(t5)
core   0: 3 0x80001030 (0xfc1f2a23) mem 0x80000000 0x00000001
core   0: 0x80001034 (0xff5ff06f) j       pc - 0xc
core   0: 3 0x80001034 (0xff5ff06f)
core   0: 0x80001028 (0x00100093) li      ra, 1
core   0: 3 0x80001028 (0x00100093) x1  0x00000001
core   0: 0x8000102c (0xffffff17) auipc   t5, 0xfffff
core   0: 3 0x8000102c (0xffffff17) x30 0x8000002c
core   0: 0x80001030 (0xfc1f2a23) sw      ra, -44(t5)
core   0: 3 0x80001030 (0xfc1f2a23) mem 0x80000000 0x00000001
core   0: 0x80001034 (0xff5ff06f) j       pc - 0xc
core   0: 3 0x80001034 (0xff5ff06f)
core   0: 0x80001028 (0x00100093) li      ra, 1
core   0: 3 0x80001028 (0x00100093) x1  0x00000001
core   0: 0x8000102c (0xffffff17) auipc   t5, 0xfffff
core   0: 3 0x8000102c (0xffffff17) x30 0x8000002c
core   0: 0x80001030 (0xfc1f2a23) sw      ra, -44(t5)
core   0: 3 0x80001030 (0xfc1f2a23) mem 0x80000000 0x00000001
core   0: 0x80001034 (0xff5ff06f) j       pc - 0xc
core   0: 3 0x80001034 (0xff5ff06f)
core   0: 0x80001028 (0x00100093) li      ra, 1
core   0: 3 0x80001028 (0x00100093) x1  0x00000001
core   0: 0x8000102c (0xffffff17) auipc   t5, 0xfffff
core   0: 3 0x8000102c (0xffffff17) x30 0x8000002c
core   0: 0x80001030 (0xfc1f2a23) sw      ra, -44(t5)
core   0: 3 0x80001030 (0xfc1f2a23) mem 0x80000000 0x00000001
core   0: 0x80001034 (0xff5ff06f) j       pc - 0xc
core   0: 3 0x80001034 (0xff5ff06f)
core   0: 0x80001028 (0x00100093) li      ra, 1
core   0: 3 0x80001028 (0x00100093) x1  0x00000001
core   0: 0x8000102c (0xffffff17) auipc   t5, 0xfffff
core   0: 3 0x8000102c (0xffffff17) x30 0x8000002c
core   0: 0x80001030 (0xfc1f2a23) sw      ra, -44(t5)
core   0: 3 0x80001030 (0xfc1f2a23) mem 0x80000000 0x00000001
core   0: 0x80001034 (0xff5ff06f) j       pc - 0xc
core   0: 3 0x80001034 (0xff5ff06f)
core   0: 0x80001028 (0x00100093) li      ra, 1
core   0: 3 0x80001028 (0x00100093) x1  0x00000001
core   0: 0x8000102c (0xffffff17) auipc   t5, 0xfffff
core   0: 3 0x8000102c (0xffffff17) x30 0x8000002c
core   0: 0x80001030 (0xfc1f2a23) sw      ra, -44(t5)
core   0: 3 0x80001030 (0xfc1f2a23) mem 0x80000000 0x00000001
core   0: 0x80001034 (0xff5ff06f) j       pc - 0xc
core   0: 3 0x80001034 (0xff5ff06f)
core   0: 0x80001028 (0x00100093) li      ra, 1
core   0: 3 0x80001028 (0x00100093) x1  0x00000001
core   0: 0x8000102c (0xffffff17) auipc   t5, 0xfffff
core   0: 3 0x8000102c (0xffffff17) x30 0x8000002c
core   0: 0x80001030 (0xfc1f2a23) sw      ra, -44(t5)
core   0: 3 0x80001030 (0xfc1f2a23) mem 0x80000000 0x00000001
core   0: 0x80001034 (0xff5ff06f) j       pc - 0xc
core   0: 3 0x80001034 (0xff5ff06f)
core   0: 0x80001028 (0x00100093) li      ra, 1
core   0: 3 0x80001028 (0x00100093) x1  0x00000001
core   0: 0x8000102c (0xffffff17) auipc   t5, 0xfffff
core   0: 3 0x8000102c (0xffffff17) x30 0x8000002c
core   0: 0x80001030 (0xfc1f2a23) sw      ra, -44(t5)
core   0: 3 0x80001030 (0xfc1f2a23) mem 0x80000000 0x00000001
core   0: 0x80001034 (0xff5ff06f) j       pc - 0xc
core   0: 3 0x80001034 (0xff5ff06f)
core   0: 0x80001028 (0x00100093) li      ra, 1
core   0: 3 0x80001028 (0x00100093) x1  0x00000001
core   0: 0x8000102c (0xffffff17) auipc   t5, 0xfffff
core   0: 3 0x8000102c (0xffffff17) x30 0x8000002c
core   0: 0x80001030 (0xfc1f2a23) sw      ra, -44(t5)
core   0: 3 0x80001030 (0xfc1f2a23) mem 0x80000000 0x00000001
core   0: 0x80001034 (0xff5ff06f) j       pc - 0xc
core   0: 3 0x80001034 (0xff5ff06f)
core   0: 0x80001028 (0x00100093) li      ra, 1
core   0: 3 0x80001028 (0x00100093) x1  0x00000001
core   0: 0x8000102c (0xffffff17) auipc   t5, 0xfffff
core   0: 3 0x8000102c (0xffffff17) x30 0x8000002c
core   0: 0x80001030 (0xfc1f2a23) sw      ra, -44(t5)
core   0: 3 0x80001030 (0xfc1f2a23) mem 0x80000000 0x00000001
core   0: 0x80001034 (0xff5ff06f) j       pc - 0xc
core   0: 3 0x80001034 (0xff5ff06f)
core   0: 0x80001028 (0x00100093) li      ra, 1
core   0: 3 0x80001028 (0x00100093) x1  0x00000001
core   0: 0x8000102c (0xffffff17) auipc   t5, 0xfffff
core   0: 3 0x8000102c (0xffffff17) x30 0x8000002c
core   0: 0x80001030 (0xfc1f2a23) sw      ra, -44(t5)
core   0: 3 0x80001030 (0xfc1f2a23) mem 0x80000000 0x00000001
core   0: 0x80001034 (0xff5ff06f) j       pc - 0xc
core   0: 3 0x80001034 (0xff5ff06f)
core   0: 0x80001028 (0x00100093) li      ra, 1
core   0: 3 0x80001028 (0x00100093) x1  0x00000001
core   0: 0x8000102c (0xffffff17) auipc   t5, 0xfffff
core   0: 3 0x8000102c (0xffffff17) x30 0x8000002c
core   0: 0x80001030 (0xfc1f2a23) sw      ra, -44(t5)
core   0: 3 0x80001030 (0xfc1f2a23) mem 0x80000000 0x00000001
core   0: 0x80001034 (0xff5ff06f) j       pc - 0xc
core   0: 3 0x80001034 (0xff5ff06f)
core   0: 0x80001028 (0x00100093) li      ra, 1
core   0: 3 0x80001028 (0x00100093) x1  0x00000001
core   0: 0x8000102c (0xffffff17) auipc   t5, 0xfffff
core   0: 3 0x8000102c (0xffffff17) x30 0x8000002c
core   0: 0x80001030 (0xfc1f2a23) sw      ra, -44(t5)
core   0: 3 0x80001030 (0xfc1f2a23) mem 0x80000000 0x00000001
core   0: 0x80001034 (0xff5ff06f) j       pc - 0xc
core   0: 3 0x80001034 (0xff5ff06f)
core   0: 0x80001028 (0x00100093) li      ra, 1
core   0: 3 0x80001028 (0x00100093) x1  0x00000001
core   0: 0x8000102c (0xffffff17) auipc   t5, 0xfffff
core   0: 3 0x8000102c (0xffffff17) x30 0x8000002c
core   0: 0x80001030 (0xfc1f2a23) sw      ra, -44(t5)
core   0: 3 0x80001030 (0xfc1f2a23) mem 0x80000000 0x00000001
core   0: 0x80001034 (0xff5ff06f) j       pc - 0xc
core   0: 3 0x80001034 (0xff5ff06f)
core   0: 0x80001028 (0x00100093) li      ra, 1
core   0: 3 0x80001028 (0x00100093) x1  0x00000001
core   0: 0x8000102c (0xffffff17) auipc   t5, 0xfffff
core   0: 3 0x8000102c (0xffffff17) x30 0x8000002c
core   0: 0x80001030 (0xfc1f2a23) sw      ra, -44(t5)
core   0: 3 0x80001030 (0xfc1f2a23) mem 0x80000000 0x00000001
core   0: 0x80001034 (0xff5ff06f) j       pc - 0xc
core   0: 3 0x80001034 (0xff5ff06f)
core   0: 0x80001028 (0x00100093) li      ra, 1
core   0: 3 0x80001028 (0x00100093) x1  0x00000001
core   0: 0x8000102c (0xffffff17) auipc   t5, 0xfffff
core   0: 3 0x8000102c (0xffffff17) x30 0x8000002c
core   0: 0x80001030 (0xfc1f2a23) sw      ra, -44(t5)
core   0: 3 0x80001030 (0xfc1f2a23) mem 0x80000000 0x00000001
core   0: 0x80001034 (0xff5ff06f) j       pc - 0xc
core   0: 3 0x80001034 (0xff5ff06f)
core   0: 0x80001028 (0x00100093) li      ra, 1
core   0: 3 0x80001028 (0x00100093) x1  0x00000001
core   0: 0x8000102c (0xffffff17) auipc   t5, 0xfffff
core   0: 3 0x8000102c (0xffffff17) x30 0x8000002c
core   0: 0x80001030 (0xfc1f2a23) sw      ra, -44(t5)
core   0: 3 0x80001030 (0xfc1f2a23) mem 0x80000000 0x00000001
core   0: 0x80001034 (0xff5ff06f) j       pc - 0xc
core   0: 3 0x80001034 (0xff5ff06f)
core   0: 0x80001028 (0x00100093) li      ra, 1
core   0: 3 0x80001028 (0x00100093) x1  0x00000001
core   0: 0x8000102c (0xffffff17) auipc   t5, 0xfffff
core   0: 3 0x8000102c (0xffffff17) x30 0x8000002c
core   0: 0x80001030 (0xfc1f2a23) sw      ra, -44(t5)
core   0: 3 0x80001030 (0xfc1f2a23) mem 0x80000000 0x00000001
core   0: 0x80001034 (0xff5ff06f) j       pc - 0xc
core   0: 3 0x80001034 (0xff5ff06f)
core   0: 0x80001028 (0x00100093) li      ra, 1
core   0: 3 0x80001028 (0x00100093) x1  0x00000001
core   0: 0x8000102c (0xffffff17) auipc   t5, 0xfffff
core   0: 3 0x8000102c (0xffffff17) x30 0x8000002c
core   0: 0x80001030 (0xfc1f2a23) sw      ra, -44(t5)
core   0: 3 0x80001030 (0xfc1f2a23) mem 0x80000000 0x00000001
core   0: 0x80001034 (0xff5ff06f) j       pc - 0xc
core   0: 3 0x80001034 (0xff5ff06f)
core   0: 0x80001028 (0x00100093) li      ra, 1
core   0: 3 0x80001028 (0x00100093) x1  0x00000001
core   0: 0x8000102c (0xffffff17) auipc   t5, 0xfffff
core   0: 3 0x8000102c (0xffffff17) x30 0x8000002c
core   0: 0x80001030 (0xfc1f2a23) sw      ra, -44(t5)
core   0: 3 0x80001030 (0xfc1f2a23) mem 0x80000000 0x00000001
core   0: 0x80001034 (0xff5ff06f) j       pc - 0xc
core   0: 3 0x80001034 (0xff5ff06f)
core   0: 0x80001028 (0x00100093) li      ra, 1
core   0: 3 0x80001028 (0x00100093) x1  0x00000001
core   0: 0x8000102c (0xffffff17) auipc   t5, 0xfffff
core   0: 3 0x8000102c (0xffffff17) x30 0x8000002c
core   0: 0x80001030 (0xfc1f2a23) sw      ra, -44(t5)
core   0: 3 0x80001030 (0xfc1f2a23) mem 0x80000000 0x00000001
core   0: 0x80001034 (0xff5ff06f) j       pc - 0xc
core   0: 3 0x80001034 (0xff5ff06f)
core   0: 0x80001028 (0x00100093) li      ra, 1
core   0: 3 0x80001028 (0x00100093) x1  0x00000001
core   0: 0x8000102c (0xffffff17) auipc   t5, 0xfffff
core   0: 3 0x8000102c (0xffffff17) x30 0x8000002c
core   0: 0x80001030 (0xfc1f2a23) sw      ra, -44(t5)
core   0: 3 0x80001030 (0xfc1f2a23) mem 0x80000000 0x00000001
core   0: 0x80001034 (0xff5ff06f) j       pc - 0xc
core   0: 3 0x80001034 (0xff5ff06f)
core   0: 0x80001028 (0x00100093) li      ra, 1
core   0: 3 0x80001028 (0x00100093) x1  0x00000001
core   0: 0x8000102c (0xffffff17) auipc   t5, 0xfffff
core   0: 3 0x8000102c (0xffffff17) x30 0x8000002c
core   0: 0x80001030 (0xfc1f2a23) sw      ra, -44(t5)
core   0: 3 0x80001030 (0xfc1f2a23) mem 0x80000000 0x00000001
core   0: 0x80001034 (0xff5ff06f) j       pc - 0xc
core   0: 3 0x80001034 (0xff5ff06f)
core   0: 0x80001028 (0x00100093) li      ra, 1
core   0: 3 0x80001028 (0x00100093) x1  0x00000001
core   0: 0x8000102c (0xffffff17) auipc   t5, 0xfffff
core   0: 3 0x8000102c (0xffffff17) x30 0x8000002c
core   0: 0x80001030 (0xfc1f2a23) sw      ra, -44(t5)
core   0: 3 0x80001030 (0xfc1f2a23) mem 0x80000000 0x00000001
core   0: 0x80001034 (0xff5ff06f) j       pc - 0xc
core   0: 3 0x80001034 (0xff5ff06f)
core   0: 0x80001028 (0x00100093) li      ra, 1
core   0: 3 0x80001028 (0x00100093) x1  0x00000001
core   0: 0x8000102c (0xffffff17) auipc   t5, 0xfffff
core   0: 3 0x8000102c (0xffffff17) x30 0x8000002c
core   0: 0x80001030 (0xfc1f2a23) sw      ra, -44(t5)
core   0: 3 0x80001030 (0xfc1f2a23) mem 0x80000000 0x00000001
core   0: 0x80001034 (0xff5ff06f) j       pc - 0xc
core   0: 3 0x80001034 (0xff5ff06f)
core   0: 0x80001028 (0x00100093) li      ra, 1
core   0: 3 0x80001028 (0x00100093) x1  0x00000001
core   0: 0x8000102c (0xffffff17) auipc   t5, 0xfffff
core   0: 3 0x8000102c (0xffffff17) x30 0x8000002c
core   0: 0x80001030 (0xfc1f2a23) sw      ra, -44(t5)
core   0: 3 0x80001030 (0xfc1f2a23) mem 0x80000000 0x00000001
core   0: 0x80001034 (0xff5ff06f) j       pc - 0xc
core   0: 3 0x80001034 (0xff5ff06f)
core   0: 0x80001028 (0x00100093) li      ra, 1
core   0: 3 0x80001028 (0x00100093) x1  0x00000001
core   0: 0x8000102c (0xffffff17) auipc   t5, 0xfffff
core   0: 3 0x8000102c (0xffffff17) x30 0x8000002c
core   0: 0x80001030 (0xfc1f2a23) sw      ra, -44(t5)
core   0: 3 0x80001030 (0xfc1f2a23) mem 0x80000000 0x00000001
core   0: 0x80001034 (0xff5ff06f) j       pc - 0xc
core   0: 3 0x80001034 (0xff5ff06f)
core   0: 0x80001028 (0x00100093) li      ra, 1
core   0: 3 0x80001028 (0x00100093) x1  0x00000001
core   0: 0x8000102c (0xffffff17) auipc   t5, 0xfffff
core   0: 3 0x8000102c (0xffffff17) x30 0x8000002c
core   0: 0x80001030 (0xfc1f2a23) sw      ra, -44(t5)
core   0: 3 0x80001030 (0xfc1f2a23) mem 0x80000000 0x00000001
core   0: 0x80001034 (0xff5ff06f) j       pc - 0xc
core   0: 3 0x80001034 (0xff5ff06f)
core   0: 0x80001028 (0x00100093) li      ra, 1
core   0: 3 0x80001028 (0x00100093) x1  0x00000001
core   0: 0x8000102c (0xffffff17) auipc   t5, 0xfffff
core   0: 3 0x8000102c (0xffffff17) x30 0x8000002c
core   0: 0x80001030 (0xfc1f2a23) sw      ra, -44(t5)
core   0: 3 0x80001030 (0xfc1f2a23) mem 0x80000000 0x00000001
core   0: 0x80001034 (0xff5ff06f) j       pc - 0xc
core   0: 3 0x80001034 (0xff5ff06f)
core   0: 0x80001028 (0x00100093) li      ra, 1
core   0: 3 0x80001028 (0x00100093) x1  0x00000001
core   0: 0x8000102c (0xffffff17) auipc   t5, 0xfffff
core   0: 3 0x8000102c (0xffffff17) x30 0x8000002c
core   0: 0x80001030 (0xfc1f2a23) sw      ra, -44(t5)
core   0: 3 0x80001030 (0xfc1f2a23) mem 0x80000000 0x00000001
core   0: 0x80001034 (0xff5ff06f) j       pc - 0xc
core   0: 3 0x80001034 (0xff5ff06f)
core   0: 0x80001028 (0x00100093) li      ra, 1
core   0: 3 0x80001028 (0x00100093) x1  0x00000001
core   0: 0x8000102c (0xffffff17) auipc   t5, 0xfffff
core   0: 3 0x8000102c (0xffffff17) x30 0x8000002c
core   0: 0x80001030 (0xfc1f2a23) sw      ra, -44(t5)
core   0: 3 0x80001030 (0xfc1f2a23) mem 0x80000000 0x00000001
core   0: 0x80001034 (0xff5ff06f) j       pc - 0xc
core   0: 3 0x80001034 (0xff5ff06f)
core   0: 0x80001028 (0x00100093) li      ra, 1
core   0: 3 0x80001028 (0x00100093) x1  0x00000001
core   0: 0x8000102c (0xffffff17) auipc   t5, 0xfffff
core   0: 3 0x8000102c (0xffffff17) x30 0x8000002c
core   0: 0x80001030 (0xfc1f2a23) sw      ra, -44(t5)
core   0: 3 0x80001030 (0xfc1f2a23) mem 0x80000000 0x00000001
core   0: 0x80001034 (0xff5ff06f) j       pc - 0xc
core   0: 3 0x80001034 (0xff5ff06f)
core   0: 0x80001028 (0x00100093) li      ra, 1
core   0: 3 0x80001028 (0x00100093) x1  0x00000001
core   0: 0x8000102c (0xffffff17) auipc   t5, 0xfffff
core   0: 3 0x8000102c (0xffffff17) x30 0x8000002c
core   0: 0x80001030 (0xfc1f2a23) sw      ra, -44(t5)
core   0: 3 0x80001030 (0xfc1f2a23) mem 0x80000000 0x00000001
core   0: 0x80001034 (0xff5ff06f) j       pc - 0xc
core   0: 3 0x80001034 (0xff5ff06f)
core   0: 0x80001028 (0x00100093) li      ra, 1
core   0: 3 0x80001028 (0x00100093) x1  0x00000001
core   0: 0x8000102c (0xffffff17) auipc   t5, 0xfffff
core   0: 3 0x8000102c (0xffffff17) x30 0x8000002c
core   0: 0x80001030 (0xfc1f2a23) sw      ra, -44(t5)
core   0: 3 0x80001030 (0xfc1f2a23) mem 0x80000000 0x00000001
core   0: 0x80001034 (0xff5ff06f) j       pc - 0xc
core   0: 3 0x80001034 (0xff5ff06f)
core   0: 0x80001028 (0x00100093) li      ra, 1
core   0: 3 0x80001028 (0x00100093) x1  0x00000001
core   0: 0x8000102c (0xffffff17) auipc   t5, 0xfffff
core   0: 3 0x8000102c (0xffffff17) x30 0x8000002c
core   0: 0x80001030 (0xfc1f2a23) sw      ra, -44(t5)
core   0: 3 0x80001030 (0xfc1f2a23) mem 0x80000000 0x00000001
core   0: 0x80001034 (0xff5ff06f) j       pc - 0xc
core   0: 3 0x80001034 (0xff5ff06f)
core   0: 0x80001028 (0x00100093) li      ra, 1
core   0: 3 0x80001028 (0x00100093) x1  0x00000001
core   0: 0x8000102c (0xffffff17) auipc   t5, 0xfffff
core   0: 3 0x8000102c (0xffffff17) x30 0x8000002c
core   0: 0x80001030 (0xfc1f2a23) sw      ra, -44(t5)
core   0: 3 0x80001030 (0xfc1f2a23) mem 0x80000000 0x00000001
core   0: 0x80001034 (0xff5ff06f) j       pc - 0xc
core   0: 3 0x80001034 (0xff5ff06f)
core   0: 0x80001028 (0x00100093) li      ra, 1
core   0: 3 0x80001028 (0x00100093) x1  0x00000001
core   0: 0x8000102c (0xffffff17) auipc   t5, 0xfffff
core   0: 3 0x8000102c (0xffffff17) x30 0x8000002c
core   0: 0x80001030 (0xfc1f2a23) sw      ra, -44(t5)
core   0: 3 0x80001030 (0xfc1f2a23) mem 0x80000000 0x00000001
core   0: 0x80001034 (0xff5ff06f) j       pc - 0xc
core   0: 3 0x80001034 (0xff5ff06f)
core   0: 0x80001028 (0x00100093) li      ra, 1
core   0: 3 0x80001028 (0x00100093) x1  0x00000001
core   0: 0x8000102c (0xffffff17) auipc   t5, 0xfffff
core   0: 3 0x8000102c (0xffffff17) x30 0x8000002c
core   0: 0x80001030 (0xfc1f2a23) sw      ra, -44(t5)
core   0: 3 0x80001030 (0xfc1f2a23) mem 0x80000000 0x00000001
core   0: 0x80001034 (0xff5ff06f) j       pc - 0xc
core   0: 3 0x80001034 (0xff5ff06f)
core   0: 0x80001028 (0x00100093) li      ra, 1
core   0: 3 0x80001028 (0x00100093) x1  0x00000001
core   0: 0x8000102c (0xffffff17) auipc   t5, 0xfffff
core   0: 3 0x8000102c (0xffffff17) x30 0x8000002c
core   0: 0x80001030 (0xfc1f2a23) sw      ra, -44(t5)
core   0: 3 0x80001030 (0xfc1f2a23) mem 0x80000000 0x00000001
core   0: 0x80001034 (0xff5ff06f) j       pc - 0xc
core   0: 3 0x80001034 (0xff5ff06f)
core   0: 0x80001028 (0x00100093) li      ra, 1
core   0: 3 0x80001028 (0x00100093) x1  0x00000001
core   0: 0x8000102c (0xffffff17) auipc   t5, 0xfffff
core   0: 3 0x8000102c (0xffffff17) x30 0x8000002c
core   0: 0x80001030 (0xfc1f2a23) sw      ra, -44(t5)
core   0: 3 0x80001030 (0xfc1f2a23) mem 0x80000000 0x00000001
core   0: 0x80001034 (0xff5ff06f) j       pc - 0xc
core   0: 3 0x80001034 (0xff5ff06f)
core   0: 0x80001028 (0x00100093) li      ra, 1
core   0: 3 0x80001028 (0x00100093) x1  0x00000001
core   0: 0x8000102c (0xffffff17) auipc   t5, 0xfffff
core   0: 3 0x8000102c (0xffffff17) x30 0x8000002c
core   0: 0x80001030 (0xfc1f2a23) sw      ra, -44(t5)
core   0: 3 0x80001030 (0xfc1f2a23) mem 0x80000000 0x00000001
core   0: 0x80001034 (0xff5ff06f) j       pc - 0xc
core   0: 3 0x80001034 (0xff5ff06f)
core   0: 0x80001028 (0x00100093) li      ra, 1
core   0: 3 0x80001028 (0x00100093) x1  0x00000001
core   0: 0x8000102c (0xffffff17) auipc   t5, 0xfffff
core   0: 3 0x8000102c (0xffffff17) x30 0x8000002c
core   0: 0x80001030 (0xfc1f2a23) sw      ra, -44(t5)
core   0: 3 0x80001030 (0xfc1f2a23) mem 0x80000000 0x00000001
core   0: 0x80001034 (0xff5ff06f) j       pc - 0xc
core   0: 3 0x80001034 (0xff5ff06f)
core   0: 0x80001028 (0x00100093) li      ra, 1
core   0: 3 0x80001028 (0x00100093) x1  0x00000001
core   0: 0x8000102c (0xffffff17) auipc   t5, 0xfffff
core   0: 3 0x8000102c (0xffffff17) x30 0x8000002c
core   0: 0x80001030 (0xfc1f2a23) sw      ra, -44(t5)
core   0: 3 0x80001030 (0xfc1f2a23) mem 0x80000000 0x00000001
core   0: 0x80001034 (0xff5ff06f) j       pc - 0xc
core   0: 3 0x80001034 (0xff5ff06f)
core   0: 0x80001028 (0x00100093) li      ra, 1
core   0: 3 0x80001028 (0x00100093) x1  0x00000001
core   0: 0x8000102c (0xffffff17) auipc   t5, 0xfffff
core   0: 3 0x8000102c (0xffffff17) x30 0x8000002c
core   0: 0x80001030 (0xfc1f2a23) sw      ra, -44(t5)
core   0: 3 0x80001030 (0xfc1f2a23) mem 0x80000000 0x00000001
core   0: 0x80001034 (0xff5ff06f) j       pc - 0xc
core   0: 3 0x80001034 (0xff5ff06f)
core   0: 0x80001028 (0x00100093) li      ra, 1
core   0: 3 0x80001028 (0x00100093) x1  0x00000001
core   0: 0x8000102c (0xffffff17) auipc   t5, 0xfffff
core   0: 3 0x8000102c (0xffffff17) x30 0x8000002c
core   0: 0x80001030 (0xfc1f2a23) sw      ra, -44(t5)
core   0: 3 0x80001030 (0xfc1f2a23) mem 0x80000000 0x00000001
core   0: 0x80001034 (0xff5ff06f) j       pc - 0xc
core   0: 3 0x80001034 (0xff5ff06f)
core   0: 0x80001028 (0x00100093) li      ra, 1
core   0: 3 0x80001028 (0x00100093) x1  0x00000001
core   0: 0x8000102c (0xffffff17) auipc   t5, 0xfffff
core   0: 3 0x8000102c (0xffffff17) x30 0x8000002c
core   0: 0x80001030 (0xfc1f2a23) sw      ra, -44(t5)
core   0: 3 0x80001030 (0xfc1f2a23) mem 0x80000000 0x00000001
core   0: 0x80001034 (0xff5ff06f) j       pc - 0xc
core   0: 3 0x80001034 (0xff5ff06f)
core   0: 0x80001028 (0x00100093) li      ra, 1
core   0: 3 0x80001028 (0x00100093) x1  0x00000001
core   0: 0x8000102c (0xffffff17) auipc   t5, 0xfffff
core   0: 3 0x8000102c (0xffffff17) x30 0x8000002c
core   0: 0x80001030 (0xfc1f2a23) sw      ra, -44(t5)
core   0: 3 0x80001030 (0xfc1f2a23) mem 0x80000000 0x00000001
core   0: 0x80001034 (0xff5ff06f) j       pc - 0xc
core   0: 3 0x80001034 (0xff5ff06f)
core   0: 0x80001028 (0x00100093) li      ra, 1
core   0: 3 0x80001028 (0x00100093) x1  0x00000001
core   0: 0x8000102c (0xffffff17) auipc   t5, 0xfffff
core   0: 3 0x8000102c (0xffffff17) x30 0x8000002c
core   0: 0x80001030 (0xfc1f2a23) sw      ra, -44(t5)
core   0: 3 0x80001030 (0xfc1f2a23) mem 0x80000000 0x00000001
core   0: 0x80001034 (0xff5ff06f) j       pc - 0xc
core   0: 3 0x80001034 (0xff5ff06f)
core   0: 0x80001028 (0x00100093) li      ra, 1
core   0: 3 0x80001028 (0x00100093) x1  0x00000001
core   0: 0x8000102c (0xffffff17) auipc   t5, 0xfffff
core   0: 3 0x8000102c (0xffffff17) x30 0x8000002c
core   0: 0x80001030 (0xfc1f2a23) sw      ra, -44(t5)
core   0: 3 0x80001030 (0xfc1f2a23) mem 0x80000000 0x00000001
core   0: 0x80001034 (0xff5ff06f) j       pc - 0xc
core   0: 3 0x80001034 (0xff5ff06f)
core   0: 0x80001028 (0x00100093) li      ra, 1
core   0: 3 0x80001028 (0x00100093) x1  0x00000001
core   0: 0x8000102c (0xffffff17) auipc   t5, 0xfffff
core   0: 3 0x8000102c (0xffffff17) x30 0x8000002c
core   0: 0x80001030 (0xfc1f2a23) sw      ra, -44(t5)
core   0: 3 0x80001030 (0xfc1f2a23) mem 0x80000000 0x00000001
core   0: 0x80001034 (0xff5ff06f) j       pc - 0xc
core   0: 3 0x80001034 (0xff5ff06f)
core   0: 0x80001028 (0x00100093) li      ra, 1
core   0: 3 0x80001028 (0x00100093) x1  0x00000001
core   0: 0x8000102c (0xffffff17) auipc   t5, 0xfffff
core   0: 3 0x8000102c (0xffffff17) x30 0x8000002c
core   0: 0x80001030 (0xfc1f2a23) sw      ra, -44(t5)
core   0: 3 0x80001030 (0xfc1f2a23) mem 0x80000000 0x00000001
core   0: 0x80001034 (0xff5ff06f) j       pc - 0xc
core   0: 3 0x80001034 (0xff5ff06f)
core   0: 0x80001028 (0x00100093) li      ra, 1
core   0: 3 0x80001028 (0x00100093) x1  0x00000001
core   0: 0x8000102c (0xffffff17) auipc   t5, 0xfffff
core   0: 3 0x8000102c (0xffffff17) x30 0x8000002c
core   0: 0x80001030 (0xfc1f2a23) sw      ra, -44(t5)
core   0: 3 0x80001030 (0xfc1f2a23) mem 0x80000000 0x00000001
core   0: 0x80001034 (0xff5ff06f) j       pc - 0xc
core   0: 3 0x80001034 (0xff5ff06f)
core   0: 0x80001028 (0x00100093) li      ra, 1
core   0: 3 0x80001028 (0x00100093) x1  0x00000001
core   0: 0x8000102c (0xffffff17) auipc   t5, 0xfffff
core   0: 3 0x8000102c (0xffffff17) x30 0x8000002c
core   0: 0x80001030 (0xfc1f2a23) sw      ra, -44(t5)
core   0: 3 0x80001030 (0xfc1f2a23) mem 0x80000000 0x00000001
core   0: 0x80001034 (0xff5ff06f) j       pc - 0xc
core   0: 3 0x80001034 (0xff5ff06f)
core   0: 0x80001028 (0x00100093) li      ra, 1
core   0: 3 0x80001028 (0x00100093) x1  0x00000001
core   0: 0x8000102c (0xffffff17) auipc   t5, 0xfffff
core   0: 3 0x8000102c (0xffffff17) x30 0x8000002c
core   0: 0x80001030 (0xfc1f2a23) sw      ra, -44(t5)
core   0: 3 0x80001030 (0xfc1f2a23) mem 0x80000000 0x00000001
core   0: 0x80001034 (0xff5ff06f) j       pc - 0xc
core   0: 3 0x80001034 (0xff5ff06f)
core   0: 0x80001028 (0x00100093) li      ra, 1
core   0: 3 0x80001028 (0x00100093) x1  0x00000001
core   0: 0x8000102c (0xffffff17) auipc   t5, 0xfffff
core   0: 3 0x8000102c (0xffffff17) x30 0x8000002c
core   0: 0x80001030 (0xfc1f2a23) sw      ra, -44(t5)
core   0: 3 0x80001030 (0xfc1f2a23) mem 0x80000000 0x00000001
core   0: 0x80001034 (0xff5ff06f) j       pc - 0xc
core   0: 3 0x80001034 (0xff5ff06f)
core   0: 0x80001028 (0x00100093) li      ra, 1
core   0: 3 0x80001028 (0x00100093) x1  0x00000001
core   0: 0x8000102c (0xffffff17) auipc   t5, 0xfffff
core   0: 3 0x8000102c (0xffffff17) x30 0x8000002c
core   0: 0x80001030 (0xfc1f2a23) sw      ra, -44(t5)
core   0: 3 0x80001030 (0xfc1f2a23) mem 0x80000000 0x00000001
core   0: 0x80001034 (0xff5ff06f) j       pc - 0xc
core   0: 3 0x80001034 (0xff5ff06f)
core   0: 0x80001028 (0x00100093) li      ra, 1
core   0: 3 0x80001028 (0x00100093) x1  0x00000001
core   0: 0x8000102c (0xffffff17) auipc   t5, 0xfffff
core   0: 3 0x8000102c (0xffffff17) x30 0x8000002c
core   0: 0x80001030 (0xfc1f2a23) sw      ra, -44(t5)
core   0: 3 0x80001030 (0xfc1f2a23) mem 0x80000000 0x00000001
core   0: 0x80001034 (0xff5ff06f) j       pc - 0xc
core   0: 3 0x80001034 (0xff5ff06f)
core   0: 0x80001028 (0x00100093) li      ra, 1
core   0: 3 0x80001028 (0x00100093) x1  0x00000001
core   0: 0x8000102c (0xffffff17) auipc   t5, 0xfffff
core   0: 3 0x8000102c (0xffffff17) x30 0x8000002c
core   0: 0x80001030 (0xfc1f2a23) sw      ra, -44(t5)
core   0: 3 0x80001030 (0xfc1f2a23) mem 0x80000000 0x00000001
core   0: 0x80001034 (0xff5ff06f) j       pc - 0xc
core   0: 3 0x80001034 (0xff5ff06f)
core   0: 0x80001028 (0x00100093) li      ra, 1
core   0: 3 0x80001028 (0x00100093) x1  0x00000001
core   0: 0x8000102c (0xffffff17) auipc   t5, 0xfffff
core   0: 3 0x8000102c (0xffffff17) x30 0x8000002c
core   0: 0x80001030 (0xfc1f2a23) sw      ra, -44(t5)
core   0: 3 0x80001030 (0xfc1f2a23) mem 0x80000000 0x00000001
core   0: 0x80001034 (0xff5ff06f) j       pc - 0xc
core   0: 3 0x80001034 (0xff5ff06f)
core   0: 0x80001028 (0x00100093) li      ra, 1
core   0: 3 0x80001028 (0x00100093) x1  0x00000001
core   0: 0x8000102c (0xffffff17) auipc   t5, 0xfffff
core   0: 3 0x8000102c (0xffffff17) x30 0x8000002c
core   0: 0x80001030 (0xfc1f2a23) sw      ra, -44(t5)
core   0: 3 0x80001030 (0xfc1f2a23) mem 0x80000000 0x00000001
core   0: 0x80001034 (0xff5ff06f) j       pc - 0xc
core   0: 3 0x80001034 (0xff5ff06f)
core   0: 0x80001028 (0x00100093) li      ra, 1
core   0: 3 0x80001028 (0x00100093) x1  0x00000001
core   0: 0x8000102c (0xffffff17) auipc   t5, 0xfffff
core   0: 3 0x8000102c (0xffffff17) x30 0x8000002c
core   0: 0x80001030 (0xfc1f2a23) sw      ra, -44(t5)
core   0: 3 0x80001030 (0xfc1f2a23) mem 0x80000000 0x00000001
core   0: 0x80001034 (0xff5ff06f) j       pc - 0xc
core   0: 3 0x80001034 (0xff5ff06f)
core   0: 0x80001028 (0x00100093) li      ra, 1
core   0: 3 0x80001028 (0x00100093) x1  0x00000001
core   0: 0x8000102c (0xffffff17) auipc   t5, 0xfffff
core   0: 3 0x8000102c (0xffffff17) x30 0x8000002c
core   0: 0x80001030 (0xfc1f2a23) sw      ra, -44(t5)
core   0: 3 0x80001030 (0xfc1f2a23) mem 0x80000000 0x00000001
core   0: 0x80001034 (0xff5ff06f) j       pc - 0xc
core   0: 3 0x80001034 (0xff5ff06f)
core   0: 0x80001028 (0x00100093) li      ra, 1
core   0: 3 0x80001028 (0x00100093) x1  0x00000001
core   0: 0x8000102c (0xffffff17) auipc   t5, 0xfffff
core   0: 3 0x8000102c (0xffffff17) x30 0x8000002c
core   0: 0x80001030 (0xfc1f2a23) sw      ra, -44(t5)
core   0: 3 0x80001030 (0xfc1f2a23) mem 0x80000000 0x00000001
core   0: 0x80001034 (0xff5ff06f) j       pc - 0xc
core   0: 3 0x80001034 (0xff5ff06f)
core   0: 0x80001028 (0x00100093) li      ra, 1
core   0: 3 0x80001028 (0x00100093) x1  0x00000001
core   0: 0x8000102c (0xffffff17) auipc   t5, 0xfffff
core   0: 3 0x8000102c (0xffffff17) x30 0x8000002c
core   0: 0x80001030 (0xfc1f2a23) sw      ra, -44(t5)
core   0: 3 0x80001030 (0xfc1f2a23) mem 0x80000000 0x00000001
core   0: 0x80001034 (0xff5ff06f) j       pc - 0xc
core   0: 3 0x80001034 (0xff5ff06f)
core   0: 0x80001028 (0x00100093) li      ra, 1
core   0: 3 0x80001028 (0x00100093) x1  0x00000001
core   0: 0x8000102c (0xffffff17) auipc   t5, 0xfffff
core   0: 3 0x8000102c (0xffffff17) x30 0x8000002c
core   0: 0x80001030 (0xfc1f2a23) sw      ra, -44(t5)
core   0: 3 0x80001030 (0xfc1f2a23) mem 0x80000000 0x00000001
core   0: 0x80001034 (0xff5ff06f) j       pc - 0xc
core   0: 3 0x80001034 (0xff5ff06f)
core   0: 0x80001028 (0x00100093) li      ra, 1
core   0: 3 0x80001028 (0x00100093) x1  0x00000001
core   0: 0x8000102c (0xffffff17) auipc   t5, 0xfffff
core   0: 3 0x8000102c (0xffffff17) x30 0x8000002c
core   0: 0x80001030 (0xfc1f2a23) sw      ra, -44(t5)
core   0: 3 0x80001030 (0xfc1f2a23) mem 0x80000000 0x00000001
core   0: 0x80001034 (0xff5ff06f) j       pc - 0xc
core   0: 3 0x80001034 (0xff5ff06f)
core   0: 0x80001028 (0x00100093) li      ra, 1
core   0: 3 0x80001028 (0x00100093) x1  0x00000001
core   0: 0x8000102c (0xffffff17) auipc   t5, 0xfffff
core   0: 3 0x8000102c (0xffffff17) x30 0x8000002c
core   0: 0x80001030 (0xfc1f2a23) sw      ra, -44(t5)
core   0: 3 0x80001030 (0xfc1f2a23) mem 0x80000000 0x00000001
core   0: 0x80001034 (0xff5ff06f) j       pc - 0xc
core   0: 3 0x80001034 (0xff5ff06f)
core   0: 0x80001028 (0x00100093) li      ra, 1
core   0: 3 0x80001028 (0x00100093) x1  0x00000001
core   0: 0x8000102c (0xffffff17) auipc   t5, 0xfffff
core   0: 3 0x8000102c (0xffffff17) x30 0x8000002c
core   0: 0x80001030 (0xfc1f2a23) sw      ra, -44(t5)
core   0: 3 0x80001030 (0xfc1f2a23) mem 0x80000000 0x00000001
core   0: 0x80001034 (0xff5ff06f) j       pc - 0xc
core   0: 3 0x80001034 (0xff5ff06f)
core   0: 0x80001028 (0x00100093) li      ra, 1
core   0: 3 0x80001028 (0x00100093) x1  0x00000001
core   0: 0x8000102c (0xffffff17) auipc   t5, 0xfffff
core   0: 3 0x8000102c (0xffffff17) x30 0x8000002c
core   0: 0x80001030 (0xfc1f2a23) sw      ra, -44(t5)
core   0: 3 0x80001030 (0xfc1f2a23) mem 0x80000000 0x00000001
core   0: 0x80001034 (0xff5ff06f) j       pc - 0xc
core   0: 3 0x80001034 (0xff5ff06f)
core   0: 0x80001028 (0x00100093) li      ra, 1
core   0: 3 0x80001028 (0x00100093) x1  0x00000001
core   0: 0x8000102c (0xffffff17) auipc   t5, 0xfffff
core   0: 3 0x8000102c (0xffffff17) x30 0x8000002c
core   0: 0x80001030 (0xfc1f2a23) sw      ra, -44(t5)
core   0: 3 0x80001030 (0xfc1f2a23) mem 0x80000000 0x00000001
core   0: 0x80001034 (0xff5ff06f) j       pc - 0xc
core   0: 3 0x80001034 (0xff5ff06f)
core   0: 0x80001028 (0x00100093) li      ra, 1
core   0: 3 0x80001028 (0x00100093) x1  0x00000001
core   0: 0x8000102c (0xffffff17) auipc   t5, 0xfffff
core   0: 3 0x8000102c (0xffffff17) x30 0x8000002c
core   0: 0x80001030 (0xfc1f2a23) sw      ra, -44(t5)
core   0: 3 0x80001030 (0xfc1f2a23) mem 0x80000000 0x00000001
core   0: 0x80001034 (0xff5ff06f) j       pc - 0xc
core   0: 3 0x80001034 (0xff5ff06f)
core   0: 0x80001028 (0x00100093) li      ra, 1
core   0: 3 0x80001028 (0x00100093) x1  0x00000001
core   0: 0x8000102c (0xffffff17) auipc   t5, 0xfffff
core   0: 3 0x8000102c (0xffffff17) x30 0x8000002c
core   0: 0x80001030 (0xfc1f2a23) sw      ra, -44(t5)
core   0: 3 0x80001030 (0xfc1f2a23) mem 0x80000000 0x00000001
core   0: 0x80001034 (0xff5ff06f) j       pc - 0xc
core   0: 3 0x80001034 (0xff5ff06f)
core   0: 0x80001028 (0x00100093) li      ra, 1
core   0: 3 0x80001028 (0x00100093) x1  0x00000001
core   0: 0x8000102c (0xffffff17) auipc   t5, 0xfffff
core   0: 3 0x8000102c (0xffffff17) x30 0x8000002c
core   0: 0x80001030 (0xfc1f2a23) sw      ra, -44(t5)
core   0: 3 0x80001030 (0xfc1f2a23) mem 0x80000000 0x00000001
core   0: 0x80001034 (0xff5ff06f) j       pc - 0xc
core   0: 3 0x80001034 (0xff5ff06f)
core   0: 0x80001028 (0x00100093) li      ra, 1
core   0: 3 0x80001028 (0x00100093) x1  0x00000001
core   0: 0x8000102c (0xffffff17) auipc   t5, 0xfffff
core   0: 3 0x8000102c (0xffffff17) x30 0x8000002c
core   0: 0x80001030 (0xfc1f2a23) sw      ra, -44(t5)
core   0: 3 0x80001030 (0xfc1f2a23) mem 0x80000000 0x00000001
core   0: 0x80001034 (0xff5ff06f) j       pc - 0xc
core   0: 3 0x80001034 (0xff5ff06f)
core   0: 0x80001028 (0x00100093) li      ra, 1
core   0: 3 0x80001028 (0x00100093) x1  0x00000001
core   0: 0x8000102c (0xffffff17) auipc   t5, 0xfffff
core   0: 3 0x8000102c (0xffffff17) x30 0x8000002c
core   0: 0x80001030 (0xfc1f2a23) sw      ra, -44(t5)
core   0: 3 0x80001030 (0xfc1f2a23) mem 0x80000000 0x00000001
core   0: 0x80001034 (0xff5ff06f) j       pc - 0xc
core   0: 3 0x80001034 (0xff5ff06f)
core   0: 0x80001028 (0x00100093) li      ra, 1
core   0: 3 0x80001028 (0x00100093) x1  0x00000001
core   0: 0x8000102c (0xffffff17) auipc   t5, 0xfffff
core   0: 3 0x8000102c (0xffffff17) x30 0x8000002c
core   0: 0x80001030 (0xfc1f2a23) sw      ra, -44(t5)
core   0: 3 0x80001030 (0xfc1f2a23) mem 0x80000000 0x00000001
core   0: 0x80001034 (0xff5ff06f) j       pc - 0xc
core   0: 3 0x80001034 (0xff5ff06f)
core   0: 0x80001028 (0x00100093) li      ra, 1
core   0: 3 0x80001028 (0x00100093) x1  0x00000001
core   0: 0x8000102c (0xffffff17) auipc   t5, 0xfffff
core   0: 3 0x8000102c (0xffffff17) x30 0x8000002c
core   0: 0x80001030 (0xfc1f2a23) sw      ra, -44(t5)
core   0: 3 0x80001030 (0xfc1f2a23) mem 0x80000000 0x00000001
core   0: 0x80001034 (0xff5ff06f) j       pc - 0xc
core   0: 3 0x80001034 (0xff5ff06f)
core   0: 0x80001028 (0x00100093) li      ra, 1
core   0: 3 0x80001028 (0x00100093) x1  0x00000001
core   0: 0x8000102c (0xffffff17) auipc   t5, 0xfffff
core   0: 3 0x8000102c (0xffffff17) x30 0x8000002c
core   0: 0x80001030 (0xfc1f2a23) sw      ra, -44(t5)
core   0: 3 0x80001030 (0xfc1f2a23) mem 0x80000000 0x00000001
core   0: 0x80001034 (0xff5ff06f) j       pc - 0xc
core   0: 3 0x80001034 (0xff5ff06f)
core   0: 0x80001028 (0x00100093) li      ra, 1
core   0: 3 0x80001028 (0x00100093) x1  0x00000001
core   0: 0x8000102c (0xffffff17) auipc   t5, 0xfffff
core   0: 3 0x8000102c (0xffffff17) x30 0x8000002c
core   0: 0x80001030 (0xfc1f2a23) sw      ra, -44(t5)
core   0: 3 0x80001030 (0xfc1f2a23) mem 0x80000000 0x00000001
core   0: 0x80001034 (0xff5ff06f) j       pc - 0xc
core   0: 3 0x80001034 (0xff5ff06f)
core   0: 0x80001028 (0x00100093) li      ra, 1
core   0: 3 0x80001028 (0x00100093) x1  0x00000001
core   0: 0x8000102c (0xffffff17) auipc   t5, 0xfffff
core   0: 3 0x8000102c (0xffffff17) x30 0x8000002c
core   0: 0x80001030 (0xfc1f2a23) sw      ra, -44(t5)
core   0: 3 0x80001030 (0xfc1f2a23) mem 0x80000000 0x00000001
core   0: 0x80001034 (0xff5ff06f) j       pc - 0xc
core   0: 3 0x80001034 (0xff5ff06f)
core   0: 0x80001028 (0x00100093) li      ra, 1
core   0: 3 0x80001028 (0x00100093) x1  0x00000001
core   0: 0x8000102c (0xffffff17) auipc   t5, 0xfffff
core   0: 3 0x8000102c (0xffffff17) x30 0x8000002c
core   0: 0x80001030 (0xfc1f2a23) sw      ra, -44(t5)
core   0: 3 0x80001030 (0xfc1f2a23) mem 0x80000000 0x00000001
core   0: 0x80001034 (0xff5ff06f) j       pc - 0xc
core   0: 3 0x80001034 (0xff5ff06f)
core   0: 0x80001028 (0x00100093) li      ra, 1
core   0: 3 0x80001028 (0x00100093) x1  0x00000001
core   0: 0x8000102c (0xffffff17) auipc   t5, 0xfffff
core   0: 3 0x8000102c (0xffffff17) x30 0x8000002c
core   0: 0x80001030 (0xfc1f2a23) sw      ra, -44(t5)
core   0: 3 0x80001030 (0xfc1f2a23) mem 0x80000000 0x00000001
core   0: 0x80001034 (0xff5ff06f) j       pc - 0xc
core   0: 3 0x80001034 (0xff5ff06f)
core   0: 0x80001028 (0x00100093) li      ra, 1
core   0: 3 0x80001028 (0x00100093) x1  0x00000001
core   0: 0x8000102c (0xffffff17) auipc   t5, 0xfffff
core   0: 3 0x8000102c (0xffffff17) x30 0x8000002c
core   0: 0x80001030 (0xfc1f2a23) sw      ra, -44(t5)
core   0: 3 0x80001030 (0xfc1f2a23) mem 0x80000000 0x00000001
core   0: 0x80001034 (0xff5ff06f) j       pc - 0xc
core   0: 3 0x80001034 (0xff5ff06f)
core   0: 0x80001028 (0x00100093) li      ra, 1
core   0: 3 0x80001028 (0x00100093) x1  0x00000001
core   0: 0x8000102c (0xffffff17) auipc   t5, 0xfffff
core   0: 3 0x8000102c (0xffffff17) x30 0x8000002c
core   0: 0x80001030 (0xfc1f2a23) sw      ra, -44(t5)
core   0: 3 0x80001030 (0xfc1f2a23) mem 0x80000000 0x00000001
core   0: 0x80001034 (0xff5ff06f) j       pc - 0xc
core   0: 3 0x80001034 (0xff5ff06f)
core   0: 0x80001028 (0x00100093) li      ra, 1
core   0: 3 0x80001028 (0x00100093) x1  0x00000001
core   0: 0x8000102c (0xffffff17) auipc   t5, 0xfffff
core   0: 3 0x8000102c (0xffffff17) x30 0x8000002c
core   0: 0x80001030 (0xfc1f2a23) sw      ra, -44(t5)
core   0: 3 0x80001030 (0xfc1f2a23) mem 0x80000000 0x00000001
core   0: 0x80001034 (0xff5ff06f) j       pc - 0xc
core   0: 3 0x80001034 (0xff5ff06f)
core   0: 0x80001028 (0x00100093) li      ra, 1
core   0: 3 0x80001028 (0x00100093) x1  0x00000001
core   0: 0x8000102c (0xffffff17) auipc   t5, 0xfffff
core   0: 3 0x8000102c (0xffffff17) x30 0x8000002c
core   0: 0x80001030 (0xfc1f2a23) sw      ra, -44(t5)
core   0: 3 0x80001030 (0xfc1f2a23) mem 0x80000000 0x00000001
core   0: 0x80001034 (0xff5ff06f) j       pc - 0xc
core   0: 3 0x80001034 (0xff5ff06f)
core   0: 0x80001028 (0x00100093) li      ra, 1
core   0: 3 0x80001028 (0x00100093) x1  0x00000001
core   0: 0x8000102c (0xffffff17) auipc   t5, 0xfffff
core   0: 3 0x8000102c (0xffffff17) x30 0x8000002c
core   0: 0x80001030 (0xfc1f2a23) sw      ra, -44(t5)
core   0: 3 0x80001030 (0xfc1f2a23) mem 0x80000000 0x00000001
core   0: 0x80001034 (0xff5ff06f) j       pc - 0xc
core   0: 3 0x80001034 (0xff5ff06f)
core   0: 0x80001028 (0x00100093) li      ra, 1
core   0: 3 0x80001028 (0x00100093) x1  0x00000001
core   0: 0x8000102c (0xffffff17) auipc   t5, 0xfffff
core   0: 3 0x8000102c (0xffffff17) x30 0x8000002c
core   0: 0x80001030 (0xfc1f2a23) sw      ra, -44(t5)
core   0: 3 0x80001030 (0xfc1f2a23) mem 0x80000000 0x00000001
core   0: 0x80001034 (0xff5ff06f) j       pc - 0xc
core   0: 3 0x80001034 (0xff5ff06f)
core   0: 0x80001028 (0x00100093) li      ra, 1
core   0: 3 0x80001028 (0x00100093) x1  0x00000001
core   0: 0x8000102c (0xffffff17) auipc   t5, 0xfffff
core   0: 3 0x8000102c (0xffffff17) x30 0x8000002c
core   0: 0x80001030 (0xfc1f2a23) sw      ra, -44(t5)
core   0: 3 0x80001030 (0xfc1f2a23) mem 0x80000000 0x00000001
core   0: 0x80001034 (0xff5ff06f) j       pc - 0xc
core   0: 3 0x80001034 (0xff5ff06f)
core   0: 0x80001028 (0x00100093) li      ra, 1
core   0: 3 0x80001028 (0x00100093) x1  0x00000001
core   0: 0x8000102c (0xffffff17) auipc   t5, 0xfffff
core   0: 3 0x8000102c (0xffffff17) x30 0x8000002c
core   0: 0x80001030 (0xfc1f2a23) sw      ra, -44(t5)
core   0: 3 0x80001030 (0xfc1f2a23) mem 0x80000000 0x00000001
core   0: 0x80001034 (0xff5ff06f) j       pc - 0xc
core   0: 3 0x80001034 (0xff5ff06f)
core   0: 0x80001028 (0x00100093) li      ra, 1
core   0: 3 0x80001028 (0x00100093) x1  0x00000001
core   0: 0x8000102c (0xffffff17) auipc   t5, 0xfffff
core   0: 3 0x8000102c (0xffffff17) x30 0x8000002c
core   0: 0x80001030 (0xfc1f2a23) sw      ra, -44(t5)
core   0: 3 0x80001030 (0xfc1f2a23) mem 0x80000000 0x00000001
core   0: 0x80001034 (0xff5ff06f) j       pc - 0xc
core   0: 3 0x80001034 (0xff5ff06f)
core   0: 0x80001028 (0x00100093) li      ra, 1
core   0: 3 0x80001028 (0x00100093) x1  0x00000001
core   0: 0x8000102c (0xffffff17) auipc   t5, 0xfffff
core   0: 3 0x8000102c (0xffffff17) x30 0x8000002c
core   0: 0x80001030 (0xfc1f2a23) sw      ra, -44(t5)
core   0: 3 0x80001030 (0xfc1f2a23) mem 0x80000000 0x00000001
core   0: 0x80001034 (0xff5ff06f) j       pc - 0xc
core   0: 3 0x80001034 (0xff5ff06f)
core   0: 0x80001028 (0x00100093) li      ra, 1
core   0: 3 0x80001028 (0x00100093) x1  0x00000001
core   0: 0x8000102c (0xffffff17) auipc   t5, 0xfffff
core   0: 3 0x8000102c (0xffffff17) x30 0x8000002c
core   0: 0x80001030 (0xfc1f2a23) sw      ra, -44(t5)
core   0: 3 0x80001030 (0xfc1f2a23) mem 0x80000000 0x00000001
core   0: 0x80001034 (0xff5ff06f) j       pc - 0xc
core   0: 3 0x80001034 (0xff5ff06f)
core   0: 0x80001028 (0x00100093) li      ra, 1
core   0: 3 0x80001028 (0x00100093) x1  0x00000001
core   0: 0x8000102c (0xffffff17) auipc   t5, 0xfffff
core   0: 3 0x8000102c (0xffffff17) x30 0x8000002c
core   0: 0x80001030 (0xfc1f2a23) sw      ra, -44(t5)
core   0: 3 0x80001030 (0xfc1f2a23) mem 0x80000000 0x00000001
core   0: 0x80001034 (0xff5ff06f) j       pc - 0xc
core   0: 3 0x80001034 (0xff5ff06f)
core   0: 0x80001028 (0x00100093) li      ra, 1
core   0: 3 0x80001028 (0x00100093) x1  0x00000001
core   0: 0x8000102c (0xffffff17) auipc   t5, 0xfffff
core   0: 3 0x8000102c (0xffffff17) x30 0x8000002c
core   0: 0x80001030 (0xfc1f2a23) sw      ra, -44(t5)
core   0: 3 0x80001030 (0xfc1f2a23) mem 0x80000000 0x00000001
core   0: 0x80001034 (0xff5ff06f) j       pc - 0xc
core   0: 3 0x80001034 (0xff5ff06f)
core   0: 0x80001028 (0x00100093) li      ra, 1
core   0: 3 0x80001028 (0x00100093) x1  0x00000001
core   0: 0x8000102c (0xffffff17) auipc   t5, 0xfffff
core   0: 3 0x8000102c (0xffffff17) x30 0x8000002c
core   0: 0x80001030 (0xfc1f2a23) sw      ra, -44(t5)
core   0: 3 0x80001030 (0xfc1f2a23) mem 0x80000000 0x00000001
core   0: 0x80001034 (0xff5ff06f) j       pc - 0xc
core   0: 3 0x80001034 (0xff5ff06f)
core   0: 0x80001028 (0x00100093) li      ra, 1
core   0: 3 0x80001028 (0x00100093) x1  0x00000001
core   0: 0x8000102c (0xffffff17) auipc   t5, 0xfffff
core   0: 3 0x8000102c (0xffffff17) x30 0x8000002c
core   0: 0x80001030 (0xfc1f2a23) sw      ra, -44(t5)
core   0: 3 0x80001030 (0xfc1f2a23) mem 0x80000000 0x00000001
core   0: 0x80001034 (0xff5ff06f) j       pc - 0xc
core   0: 3 0x80001034 (0xff5ff06f)
core   0: 0x80001028 (0x00100093) li      ra, 1
core   0: 3 0x80001028 (0x00100093) x1  0x00000001
core   0: 0x8000102c (0xffffff17) auipc   t5, 0xfffff
core   0: 3 0x8000102c (0xffffff17) x30 0x8000002c
core   0: 0x80001030 (0xfc1f2a23) sw      ra, -44(t5)
core   0: 3 0x80001030 (0xfc1f2a23) mem 0x80000000 0x00000001
core   0: 0x80001034 (0xff5ff06f) j       pc - 0xc
core   0: 3 0x80001034 (0xff5ff06f)
core   0: 0x80001028 (0x00100093) li      ra, 1
core   0: 3 0x80001028 (0x00100093) x1  0x00000001
core   0: 0x8000102c (0xffffff17) auipc   t5, 0xfffff
core   0: 3 0x8000102c (0xffffff17) x30 0x8000002c
core   0: 0x80001030 (0xfc1f2a23) sw      ra, -44(t5)
core   0: 3 0x80001030 (0xfc1f2a23) mem 0x80000000 0x00000001
core   0: 0x80001034 (0xff5ff06f) j       pc - 0xc
core   0: 3 0x80001034 (0xff5ff06f)
core   0: 0x80001028 (0x00100093) li      ra, 1
core   0: 3 0x80001028 (0x00100093) x1  0x00000001
core   0: 0x8000102c (0xffffff17) auipc   t5, 0xfffff
core   0: 3 0x8000102c (0xffffff17) x30 0x8000002c
core   0: 0x80001030 (0xfc1f2a23) sw      ra, -44(t5)
core   0: 3 0x80001030 (0xfc1f2a23) mem 0x80000000 0x00000001
core   0: 0x80001034 (0xff5ff06f) j       pc - 0xc
core   0: 3 0x80001034 (0xff5ff06f)
core   0: 0x80001028 (0x00100093) li      ra, 1
core   0: 3 0x80001028 (0x00100093) x1  0x00000001
core   0: 0x8000102c (0xffffff17) auipc   t5, 0xfffff
core   0: 3 0x8000102c (0xffffff17) x30 0x8000002c
core   0: 0x80001030 (0xfc1f2a23) sw      ra, -44(t5)
core   0: 3 0x80001030 (0xfc1f2a23) mem 0x80000000 0x00000001
core   0: 0x80001034 (0xff5ff06f) j       pc - 0xc
core   0: 3 0x80001034 (0xff5ff06f)
core   0: 0x80001028 (0x00100093) li      ra, 1
core   0: 3 0x80001028 (0x00100093) x1  0x00000001
core   0: 0x8000102c (0xffffff17) auipc   t5, 0xfffff
core   0: 3 0x8000102c (0xffffff17) x30 0x8000002c
core   0: 0x80001030 (0xfc1f2a23) sw      ra, -44(t5)
core   0: 3 0x80001030 (0xfc1f2a23) mem 0x80000000 0x00000001
core   0: 0x80001034 (0xff5ff06f) j       pc - 0xc
core   0: 3 0x80001034 (0xff5ff06f)
core   0: 0x80001028 (0x00100093) li      ra, 1
core   0: 3 0x80001028 (0x00100093) x1  0x00000001
core   0: 0x8000102c (0xffffff17) auipc   t5, 0xfffff
core   0: 3 0x8000102c (0xffffff17) x30 0x8000002c
core   0: 0x80001030 (0xfc1f2a23) sw      ra, -44(t5)
core   0: 3 0x80001030 (0xfc1f2a23) mem 0x80000000 0x00000001
core   0: 0x80001034 (0xff5ff06f) j       pc - 0xc
core   0: 3 0x80001034 (0xff5ff06f)
core   0: 0x80001028 (0x00100093) li      ra, 1
core   0: 3 0x80001028 (0x00100093) x1  0x00000001
core   0: 0x8000102c (0xffffff17) auipc   t5, 0xfffff
core   0: 3 0x8000102c (0xffffff17) x30 0x8000002c
core   0: 0x80001030 (0xfc1f2a23) sw      ra, -44(t5)
core   0: 3 0x80001030 (0xfc1f2a23) mem 0x80000000 0x00000001
core   0: 0x80001034 (0xff5ff06f) j       pc - 0xc
core   0: 3 0x80001034 (0xff5ff06f)
core   0: 0x80001028 (0x00100093) li      ra, 1
core   0: 3 0x80001028 (0x00100093) x1  0x00000001
core   0: 0x8000102c (0xffffff17) auipc   t5, 0xfffff
core   0: 3 0x8000102c (0xffffff17) x30 0x8000002c
core   0: 0x80001030 (0xfc1f2a23) sw      ra, -44(t5)
core   0: 3 0x80001030 (0xfc1f2a23) mem 0x80000000 0x00000001
core   0: 0x80001034 (0xff5ff06f) j       pc - 0xc
core   0: 3 0x80001034 (0xff5ff06f)
core   0: 0x80001028 (0x00100093) li      ra, 1
core   0: 3 0x80001028 (0x00100093) x1  0x00000001
core   0: 0x8000102c (0xffffff17) auipc   t5, 0xfffff
core   0: 3 0x8000102c (0xffffff17) x30 0x8000002c
core   0: 0x80001030 (0xfc1f2a23) sw      ra, -44(t5)
core   0: 3 0x80001030 (0xfc1f2a23) mem 0x80000000 0x00000001
core   0: 0x80001034 (0xff5ff06f) j       pc - 0xc
core   0: 3 0x80001034 (0xff5ff06f)
core   0: 0x80001028 (0x00100093) li      ra, 1
core   0: 3 0x80001028 (0x00100093) x1  0x00000001
core   0: 0x8000102c (0xffffff17) auipc   t5, 0xfffff
core   0: 3 0x8000102c (0xffffff17) x30 0x8000002c
core   0: 0x80001030 (0xfc1f2a23) sw      ra, -44(t5)
core   0: 3 0x80001030 (0xfc1f2a23) mem 0x80000000 0x00000001
core   0: 0x80001034 (0xff5ff06f) j       pc - 0xc
core   0: 3 0x80001034 (0xff5ff06f)
core   0: 0x80001028 (0x00100093) li      ra, 1
core   0: 3 0x80001028 (0x00100093) x1  0x00000001
core   0: 0x8000102c (0xffffff17) auipc   t5, 0xfffff
core   0: 3 0x8000102c (0xffffff17) x30 0x8000002c
core   0: 0x80001030 (0xfc1f2a23) sw      ra, -44(t5)
core   0: 3 0x80001030 (0xfc1f2a23) mem 0x80000000 0x00000001
core   0: 0x80001034 (0xff5ff06f) j       pc - 0xc
core   0: 3 0x80001034 (0xff5ff06f)
core   0: 0x80001028 (0x00100093) li      ra, 1
core   0: 3 0x80001028 (0x00100093) x1  0x00000001
core   0: 0x8000102c (0xffffff17) auipc   t5, 0xfffff
core   0: 3 0x8000102c (0xffffff17) x30 0x8000002c
core   0: 0x80001030 (0xfc1f2a23) sw      ra, -44(t5)
core   0: 3 0x80001030 (0xfc1f2a23) mem 0x80000000 0x00000001
core   0: 0x80001034 (0xff5ff06f) j       pc - 0xc
core   0: 3 0x80001034 (0xff5ff06f)
core   0: 0x80001028 (0x00100093) li      ra, 1
core   0: 3 0x80001028 (0x00100093) x1  0x00000001
core   0: 0x8000102c (0xffffff17) auipc   t5, 0xfffff
core   0: 3 0x8000102c (0xffffff17) x30 0x8000002c
core   0: 0x80001030 (0xfc1f2a23) sw      ra, -44(t5)
core   0: 3 0x80001030 (0xfc1f2a23) mem 0x80000000 0x00000001
core   0: 0x80001034 (0xff5ff06f) j       pc - 0xc
core   0: 3 0x80001034 (0xff5ff06f)
core   0: 0x80001028 (0x00100093) li      ra, 1
core   0: 3 0x80001028 (0x00100093) x1  0x00000001
core   0: 0x8000102c (0xffffff17) auipc   t5, 0xfffff
core   0: 3 0x8000102c (0xffffff17) x30 0x8000002c
core   0: 0x80001030 (0xfc1f2a23) sw      ra, -44(t5)
core   0: 3 0x80001030 (0xfc1f2a23) mem 0x80000000 0x00000001
core   0: 0x80001034 (0xff5ff06f) j       pc - 0xc
core   0: 3 0x80001034 (0xff5ff06f)
core   0: 0x80001028 (0x00100093) li      ra, 1
core   0: 3 0x80001028 (0x00100093) x1  0x00000001
core   0: 0x8000102c (0xffffff17) auipc   t5, 0xfffff
core   0: 3 0x8000102c (0xffffff17) x30 0x8000002c
core   0: 0x80001030 (0xfc1f2a23) sw      ra, -44(t5)
core   0: 3 0x80001030 (0xfc1f2a23) mem 0x80000000 0x00000001
core   0: 0x80001034 (0xff5ff06f) j       pc - 0xc
core   0: 3 0x80001034 (0xff5ff06f)
core   0: 0x80001028 (0x00100093) li      ra, 1
core   0: 3 0x80001028 (0x00100093) x1  0x00000001
core   0: 0x8000102c (0xffffff17) auipc   t5, 0xfffff
core   0: 3 0x8000102c (0xffffff17) x30 0x8000002c
core   0: 0x80001030 (0xfc1f2a23) sw      ra, -44(t5)
core   0: 3 0x80001030 (0xfc1f2a23) mem 0x80000000 0x00000001
core   0: 0x80001034 (0xff5ff06f) j       pc - 0xc
core   0: 3 0x80001034 (0xff5ff06f)
core   0: 0x80001028 (0x00100093) li      ra, 1
core   0: 3 0x80001028 (0x00100093) x1  0x00000001
core   0: 0x8000102c (0xffffff17) auipc   t5, 0xfffff
core   0: 3 0x8000102c (0xffffff17) x30 0x8000002c
core   0: 0x80001030 (0xfc1f2a23) sw      ra, -44(t5)
core   0: 3 0x80001030 (0xfc1f2a23) mem 0x80000000 0x00000001
core   0: 0x80001034 (0xff5ff06f) j       pc - 0xc
core   0: 3 0x80001034 (0xff5ff06f)
core   0: 0x80001028 (0x00100093) li      ra, 1
core   0: 3 0x80001028 (0x00100093) x1  0x00000001
core   0: 0x8000102c (0xffffff17) auipc   t5, 0xfffff
core   0: 3 0x8000102c (0xffffff17) x30 0x8000002c
core   0: 0x80001030 (0xfc1f2a23) sw      ra, -44(t5)
core   0: 3 0x80001030 (0xfc1f2a23) mem 0x80000000 0x00000001
core   0: 0x80001034 (0xff5ff06f) j       pc - 0xc
core   0: 3 0x80001034 (0xff5ff06f)
core   0: 0x80001028 (0x00100093) li      ra, 1
core   0: 3 0x80001028 (0x00100093) x1  0x00000001
core   0: 0x8000102c (0xffffff17) auipc   t5, 0xfffff
core   0: 3 0x8000102c (0xffffff17) x30 0x8000002c
core   0: 0x80001030 (0xfc1f2a23) sw      ra, -44(t5)
core   0: 3 0x80001030 (0xfc1f2a23) mem 0x80000000 0x00000001
core   0: 0x80001034 (0xff5ff06f) j       pc - 0xc
core   0: 3 0x80001034 (0xff5ff06f)
core   0: 0x80001028 (0x00100093) li      ra, 1
core   0: 3 0x80001028 (0x00100093) x1  0x00000001
core   0: 0x8000102c (0xffffff17) auipc   t5, 0xfffff
core   0: 3 0x8000102c (0xffffff17) x30 0x8000002c
core   0: 0x80001030 (0xfc1f2a23) sw      ra, -44(t5)
core   0: 3 0x80001030 (0xfc1f2a23) mem 0x80000000 0x00000001
core   0: 0x80001034 (0xff5ff06f) j       pc - 0xc
core   0: 3 0x80001034 (0xff5ff06f)
core   0: 0x80001028 (0x00100093) li      ra, 1
core   0: 3 0x80001028 (0x00100093) x1  0x00000001
core   0: 0x8000102c (0xffffff17) auipc   t5, 0xfffff
core   0: 3 0x8000102c (0xffffff17) x30 0x8000002c
core   0: 0x80001030 (0xfc1f2a23) sw      ra, -44(t5)
core   0: 3 0x80001030 (0xfc1f2a23) mem 0x80000000 0x00000001
core   0: 0x80001034 (0xff5ff06f) j       pc - 0xc
core   0: 3 0x80001034 (0xff5ff06f)
core   0: 0x80001028 (0x00100093) li      ra, 1
core   0: 3 0x80001028 (0x00100093) x1  0x00000001
core   0: 0x8000102c (0xffffff17) auipc   t5, 0xfffff
core   0: 3 0x8000102c (0xffffff17) x30 0x8000002c
core   0: 0x80001030 (0xfc1f2a23) sw      ra, -44(t5)
core   0: 3 0x80001030 (0xfc1f2a23) mem 0x80000000 0x00000001
core   0: 0x80001034 (0xff5ff06f) j       pc - 0xc
core   0: 3 0x80001034 (0xff5ff06f)
core   0: 0x80001028 (0x00100093) li      ra, 1
core   0: 3 0x80001028 (0x00100093) x1  0x00000001
core   0: 0x8000102c (0xffffff17) auipc   t5, 0xfffff
core   0: 3 0x8000102c (0xffffff17) x30 0x8000002c
core   0: 0x80001030 (0xfc1f2a23) sw      ra, -44(t5)
core   0: 3 0x80001030 (0xfc1f2a23) mem 0x80000000 0x00000001
core   0: 0x80001034 (0xff5ff06f) j       pc - 0xc
core   0: 3 0x80001034 (0xff5ff06f)
core   0: 0x80001028 (0x00100093) li      ra, 1
core   0: 3 0x80001028 (0x00100093) x1  0x00000001
core   0: 0x8000102c (0xffffff17) auipc   t5, 0xfffff
core   0: 3 0x8000102c (0xffffff17) x30 0x8000002c
core   0: 0x80001030 (0xfc1f2a23) sw      ra, -44(t5)
core   0: 3 0x80001030 (0xfc1f2a23) mem 0x80000000 0x00000001
core   0: 0x80001034 (0xff5ff06f) j       pc - 0xc
core   0: 3 0x80001034 (0xff5ff06f)
core   0: 0x80001028 (0x00100093) li      ra, 1
core   0: 3 0x80001028 (0x00100093) x1  0x00000001
core   0: 0x8000102c (0xffffff17) auipc   t5, 0xfffff
core   0: 3 0x8000102c (0xffffff17) x30 0x8000002c
core   0: 0x80001030 (0xfc1f2a23) sw      ra, -44(t5)
core   0: 3 0x80001030 (0xfc1f2a23) mem 0x80000000 0x00000001
core   0: 0x80001034 (0xff5ff06f) j       pc - 0xc
core   0: 3 0x80001034 (0xff5ff06f)
core   0: 0x80001028 (0x00100093) li      ra, 1
core   0: 3 0x80001028 (0x00100093) x1  0x00000001
core   0: 0x8000102c (0xffffff17) auipc   t5, 0xfffff
core   0: 3 0x8000102c (0xffffff17) x30 0x8000002c
core   0: 0x80001030 (0xfc1f2a23) sw      ra, -44(t5)
core   0: 3 0x80001030 (0xfc1f2a23) mem 0x80000000 0x00000001
core   0: 0x80001034 (0xff5ff06f) j       pc - 0xc
core   0: 3 0x80001034 (0xff5ff06f)
core   0: 0x80001028 (0x00100093) li      ra, 1
core   0: 3 0x80001028 (0x00100093) x1  0x00000001
core   0: 0x8000102c (0xffffff17) auipc   t5, 0xfffff
core   0: 3 0x8000102c (0xffffff17) x30 0x8000002c
core   0: 0x80001030 (0xfc1f2a23) sw      ra, -44(t5)
core   0: 3 0x80001030 (0xfc1f2a23) mem 0x80000000 0x00000001
core   0: 0x80001034 (0xff5ff06f) j       pc - 0xc
core   0: 3 0x80001034 (0xff5ff06f)
core   0: 0x80001028 (0x00100093) li      ra, 1
core   0: 3 0x80001028 (0x00100093) x1  0x00000001
core   0: 0x8000102c (0xffffff17) auipc   t5, 0xfffff
core   0: 3 0x8000102c (0xffffff17) x30 0x8000002c
core   0: 0x80001030 (0xfc1f2a23) sw      ra, -44(t5)
core   0: 3 0x80001030 (0xfc1f2a23) mem 0x80000000 0x00000001
core   0: 0x80001034 (0xff5ff06f) j       pc - 0xc
core   0: 3 0x80001034 (0xff5ff06f)
core   0: 0x80001028 (0x00100093) li      ra, 1
core   0: 3 0x80001028 (0x00100093) x1  0x00000001
core   0: 0x8000102c (0xffffff17) auipc   t5, 0xfffff
core   0: 3 0x8000102c (0xffffff17) x30 0x8000002c
core   0: 0x80001030 (0xfc1f2a23) sw      ra, -44(t5)
core   0: 3 0x80001030 (0xfc1f2a23) mem 0x80000000 0x00000001
core   0: 0x80001034 (0xff5ff06f) j       pc - 0xc
core   0: 3 0x80001034 (0xff5ff06f)
core   0: 0x80001028 (0x00100093) li      ra, 1
core   0: 3 0x80001028 (0x00100093) x1  0x00000001
core   0: 0x8000102c (0xffffff17) auipc   t5, 0xfffff
core   0: 3 0x8000102c (0xffffff17) x30 0x8000002c
core   0: 0x80001030 (0xfc1f2a23) sw      ra, -44(t5)
core   0: 3 0x80001030 (0xfc1f2a23) mem 0x80000000 0x00000001
core   0: 0x80001034 (0xff5ff06f) j       pc - 0xc
core   0: 3 0x80001034 (0xff5ff06f)
core   0: 0x80001028 (0x00100093) li      ra, 1
core   0: 3 0x80001028 (0x00100093) x1  0x00000001
core   0: 0x8000102c (0xffffff17) auipc   t5, 0xfffff
core   0: 3 0x8000102c (0xffffff17) x30 0x8000002c
core   0: 0x80001030 (0xfc1f2a23) sw      ra, -44(t5)
core   0: 3 0x80001030 (0xfc1f2a23) mem 0x80000000 0x00000001
core   0: 0x80001034 (0xff5ff06f) j       pc - 0xc
core   0: 3 0x80001034 (0xff5ff06f)
core   0: 0x80001028 (0x00100093) li      ra, 1
core   0: 3 0x80001028 (0x00100093) x1  0x00000001
core   0: 0x8000102c (0xffffff17) auipc   t5, 0xfffff
core   0: 3 0x8000102c (0xffffff17) x30 0x8000002c
core   0: 0x80001030 (0xfc1f2a23) sw      ra, -44(t5)
core   0: 3 0x80001030 (0xfc1f2a23) mem 0x80000000 0x00000001
core   0: 0x80001034 (0xff5ff06f) j       pc - 0xc
core   0: 3 0x80001034 (0xff5ff06f)
core   0: 0x80001028 (0x00100093) li      ra, 1
core   0: 3 0x80001028 (0x00100093) x1  0x00000001
core   0: 0x8000102c (0xffffff17) auipc   t5, 0xfffff
core   0: 3 0x8000102c (0xffffff17) x30 0x8000002c
core   0: 0x80001030 (0xfc1f2a23) sw      ra, -44(t5)
core   0: 3 0x80001030 (0xfc1f2a23) mem 0x80000000 0x00000001
core   0: 0x80001034 (0xff5ff06f) j       pc - 0xc
core   0: 3 0x80001034 (0xff5ff06f)
core   0: 0x80001028 (0x00100093) li      ra, 1
core   0: 3 0x80001028 (0x00100093) x1  0x00000001
core   0: 0x8000102c (0xffffff17) auipc   t5, 0xfffff
core   0: 3 0x8000102c (0xffffff17) x30 0x8000002c
core   0: 0x80001030 (0xfc1f2a23) sw      ra, -44(t5)
core   0: 3 0x80001030 (0xfc1f2a23) mem 0x80000000 0x00000001
core   0: 0x80001034 (0xff5ff06f) j       pc - 0xc
core   0: 3 0x80001034 (0xff5ff06f)
core   0: 0x80001028 (0x00100093) li      ra, 1
core   0: 3 0x80001028 (0x00100093) x1  0x00000001
core   0: 0x8000102c (0xffffff17) auipc   t5, 0xfffff
core   0: 3 0x8000102c (0xffffff17) x30 0x8000002c
core   0: 0x80001030 (0xfc1f2a23) sw      ra, -44(t5)
core   0: 3 0x80001030 (0xfc1f2a23) mem 0x80000000 0x00000001
core   0: 0x80001034 (0xff5ff06f) j       pc - 0xc
core   0: 3 0x80001034 (0xff5ff06f)
core   0: 0x80001028 (0x00100093) li      ra, 1
core   0: 3 0x80001028 (0x00100093) x1  0x00000001
core   0: 0x8000102c (0xffffff17) auipc   t5, 0xfffff
core   0: 3 0x8000102c (0xffffff17) x30 0x8000002c
core   0: 0x80001030 (0xfc1f2a23) sw      ra, -44(t5)
core   0: 3 0x80001030 (0xfc1f2a23) mem 0x80000000 0x00000001
core   0: 0x80001034 (0xff5ff06f) j       pc - 0xc
core   0: 3 0x80001034 (0xff5ff06f)
core   0: 0x80001028 (0x00100093) li      ra, 1
core   0: 3 0x80001028 (0x00100093) x1  0x00000001
core   0: 0x8000102c (0xffffff17) auipc   t5, 0xfffff
core   0: 3 0x8000102c (0xffffff17) x30 0x8000002c
core   0: 0x80001030 (0xfc1f2a23) sw      ra, -44(t5)
core   0: 3 0x80001030 (0xfc1f2a23) mem 0x80000000 0x00000001
core   0: 0x80001034 (0xff5ff06f) j       pc - 0xc
core   0: 3 0x80001034 (0xff5ff06f)
core   0: 0x80001028 (0x00100093) li      ra, 1
core   0: 3 0x80001028 (0x00100093) x1  0x00000001
core   0: 0x8000102c (0xffffff17) auipc   t5, 0xfffff
core   0: 3 0x8000102c (0xffffff17) x30 0x8000002c
core   0: 0x80001030 (0xfc1f2a23) sw      ra, -44(t5)
core   0: 3 0x80001030 (0xfc1f2a23) mem 0x80000000 0x00000001
core   0: 0x80001034 (0xff5ff06f) j       pc - 0xc
core   0: 3 0x80001034 (0xff5ff06f)
core   0: 0x80001028 (0x00100093) li      ra, 1
core   0: 3 0x80001028 (0x00100093) x1  0x00000001
core   0: 0x8000102c (0xffffff17) auipc   t5, 0xfffff
core   0: 3 0x8000102c (0xffffff17) x30 0x8000002c
core   0: 0x80001030 (0xfc1f2a23) sw      ra, -44(t5)
core   0: 3 0x80001030 (0xfc1f2a23) mem 0x80000000 0x00000001
core   0: 0x80001034 (0xff5ff06f) j       pc - 0xc
core   0: 3 0x80001034 (0xff5ff06f)
core   0: 0x80001028 (0x00100093) li      ra, 1
core   0: 3 0x80001028 (0x00100093) x1  0x00000001
core   0: 0x8000102c (0xffffff17) auipc   t5, 0xfffff
core   0: 3 0x8000102c (0xffffff17) x30 0x8000002c
core   0: 0x80001030 (0xfc1f2a23) sw      ra, -44(t5)
core   0: 3 0x80001030 (0xfc1f2a23) mem 0x80000000 0x00000001
core   0: 0x80001034 (0xff5ff06f) j       pc - 0xc
core   0: 3 0x80001034 (0xff5ff06f)
core   0: 0x80001028 (0x00100093) li      ra, 1
core   0: 3 0x80001028 (0x00100093) x1  0x00000001
core   0: 0x8000102c (0xffffff17) auipc   t5, 0xfffff
core   0: 3 0x8000102c (0xffffff17) x30 0x8000002c
core   0: 0x80001030 (0xfc1f2a23) sw      ra, -44(t5)
core   0: 3 0x80001030 (0xfc1f2a23) mem 0x80000000 0x00000001
core   0: 0x80001034 (0xff5ff06f) j       pc - 0xc
core   0: 3 0x80001034 (0xff5ff06f)
core   0: 0x80001028 (0x00100093) li      ra, 1
core   0: 3 0x80001028 (0x00100093) x1  0x00000001
core   0: 0x8000102c (0xffffff17) auipc   t5, 0xfffff
core   0: 3 0x8000102c (0xffffff17) x30 0x8000002c
core   0: 0x80001030 (0xfc1f2a23) sw      ra, -44(t5)
core   0: 3 0x80001030 (0xfc1f2a23) mem 0x80000000 0x00000001
core   0: 0x80001034 (0xff5ff06f) j       pc - 0xc
core   0: 3 0x80001034 (0xff5ff06f)
core   0: 0x80001028 (0x00100093) li      ra, 1
core   0: 3 0x80001028 (0x00100093) x1  0x00000001
core   0: 0x8000102c (0xffffff17) auipc   t5, 0xfffff
core   0: 3 0x8000102c (0xffffff17) x30 0x8000002c
core   0: 0x80001030 (0xfc1f2a23) sw      ra, -44(t5)
core   0: 3 0x80001030 (0xfc1f2a23) mem 0x80000000 0x00000001
core   0: 0x80001034 (0xff5ff06f) j       pc - 0xc
core   0: 3 0x80001034 (0xff5ff06f)
core   0: 0x80001028 (0x00100093) li      ra, 1
core   0: 3 0x80001028 (0x00100093) x1  0x00000001
core   0: 0x8000102c (0xffffff17) auipc   t5, 0xfffff
core   0: 3 0x8000102c (0xffffff17) x30 0x8000002c
core   0: 0x80001030 (0xfc1f2a23) sw      ra, -44(t5)
core   0: 3 0x80001030 (0xfc1f2a23) mem 0x80000000 0x00000001
core   0: 0x80001034 (0xff5ff06f) j       pc - 0xc
core   0: 3 0x80001034 (0xff5ff06f)
core   0: 0x80001028 (0x00100093) li      ra, 1
core   0: 3 0x80001028 (0x00100093) x1  0x00000001
core   0: 0x8000102c (0xffffff17) auipc   t5, 0xfffff
core   0: 3 0x8000102c (0xffffff17) x30 0x8000002c
core   0: 0x80001030 (0xfc1f2a23) sw      ra, -44(t5)
core   0: 3 0x80001030 (0xfc1f2a23) mem 0x80000000 0x00000001
core   0: 0x80001034 (0xff5ff06f) j       pc - 0xc
core   0: 3 0x80001034 (0xff5ff06f)
core   0: 0x80001028 (0x00100093) li      ra, 1
core   0: 3 0x80001028 (0x00100093) x1  0x00000001
core   0: 0x8000102c (0xffffff17) auipc   t5, 0xfffff
core   0: 3 0x8000102c (0xffffff17) x30 0x8000002c
core   0: 0x80001030 (0xfc1f2a23) sw      ra, -44(t5)
core   0: 3 0x80001030 (0xfc1f2a23) mem 0x80000000 0x00000001
core   0: 0x80001034 (0xff5ff06f) j       pc - 0xc
core   0: 3 0x80001034 (0xff5ff06f)
core   0: 0x80001028 (0x00100093) li      ra, 1
core   0: 3 0x80001028 (0x00100093) x1  0x00000001
core   0: 0x8000102c (0xffffff17) auipc   t5, 0xfffff
core   0: 3 0x8000102c (0xffffff17) x30 0x8000002c
core   0: 0x80001030 (0xfc1f2a23) sw      ra, -44(t5)
core   0: 3 0x80001030 (0xfc1f2a23) mem 0x80000000 0x00000001
core   0: 0x80001034 (0xff5ff06f) j       pc - 0xc
core   0: 3 0x80001034 (0xff5ff06f)
core   0: 0x80001028 (0x00100093) li      ra, 1
core   0: 3 0x80001028 (0x00100093) x1  0x00000001
core   0: 0x8000102c (0xffffff17) auipc   t5, 0xfffff
core   0: 3 0x8000102c (0xffffff17) x30 0x8000002c
core   0: 0x80001030 (0xfc1f2a23) sw      ra, -44(t5)
core   0: 3 0x80001030 (0xfc1f2a23) mem 0x80000000 0x00000001
core   0: 0x80001034 (0xff5ff06f) j       pc - 0xc
core   0: 3 0x80001034 (0xff5ff06f)
core   0: 0x80001028 (0x00100093) li      ra, 1
core   0: 3 0x80001028 (0x00100093) x1  0x00000001
core   0: 0x8000102c (0xffffff17) auipc   t5, 0xfffff
core   0: 3 0x8000102c (0xffffff17) x30 0x8000002c
core   0: 0x80001030 (0xfc1f2a23) sw      ra, -44(t5)
core   0: 3 0x80001030 (0xfc1f2a23) mem 0x80000000 0x00000001
core   0: 0x80001034 (0xff5ff06f) j       pc - 0xc
core   0: 3 0x80001034 (0xff5ff06f)
core   0: 0x80001028 (0x00100093) li      ra, 1
core   0: 3 0x80001028 (0x00100093) x1  0x00000001
core   0: 0x8000102c (0xffffff17) auipc   t5, 0xfffff
core   0: 3 0x8000102c (0xffffff17) x30 0x8000002c
core   0: 0x80001030 (0xfc1f2a23) sw      ra, -44(t5)
core   0: 3 0x80001030 (0xfc1f2a23) mem 0x80000000 0x00000001
core   0: 0x80001034 (0xff5ff06f) j       pc - 0xc
core   0: 3 0x80001034 (0xff5ff06f)
core   0: 0x80001028 (0x00100093) li      ra, 1
core   0: 3 0x80001028 (0x00100093) x1  0x00000001
core   0: 0x8000102c (0xffffff17) auipc   t5, 0xfffff
core   0: 3 0x8000102c (0xffffff17) x30 0x8000002c
core   0: 0x80001030 (0xfc1f2a23) sw      ra, -44(t5)
core   0: 3 0x80001030 (0xfc1f2a23) mem 0x80000000 0x00000001
core   0: 0x80001034 (0xff5ff06f) j       pc - 0xc
core   0: 3 0x80001034 (0xff5ff06f)
core   0: 0x80001028 (0x00100093) li      ra, 1
core   0: 3 0x80001028 (0x00100093) x1  0x00000001
core   0: 0x8000102c (0xffffff17) auipc   t5, 0xfffff
core   0: 3 0x8000102c (0xffffff17) x30 0x8000002c
core   0: 0x80001030 (0xfc1f2a23) sw      ra, -44(t5)
core   0: 3 0x80001030 (0xfc1f2a23) mem 0x80000000 0x00000001
core   0: 0x80001034 (0xff5ff06f) j       pc - 0xc
core   0: 3 0x80001034 (0xff5ff06f)
core   0: 0x80001028 (0x00100093) li      ra, 1
core   0: 3 0x80001028 (0x00100093) x1  0x00000001
core   0: 0x8000102c (0xffffff17) auipc   t5, 0xfffff
core   0: 3 0x8000102c (0xffffff17) x30 0x8000002c
core   0: 0x80001030 (0xfc1f2a23) sw      ra, -44(t5)
core   0: 3 0x80001030 (0xfc1f2a23) mem 0x80000000 0x00000001
core   0: 0x80001034 (0xff5ff06f) j       pc - 0xc
core   0: 3 0x80001034 (0xff5ff06f)
core   0: 0x80001028 (0x00100093) li      ra, 1
core   0: 3 0x80001028 (0x00100093) x1  0x00000001
core   0: 0x8000102c (0xffffff17) auipc   t5, 0xfffff
core   0: 3 0x8000102c (0xffffff17) x30 0x8000002c
core   0: 0x80001030 (0xfc1f2a23) sw      ra, -44(t5)
core   0: 3 0x80001030 (0xfc1f2a23) mem 0x80000000 0x00000001
core   0: 0x80001034 (0xff5ff06f) j       pc - 0xc
core   0: 3 0x80001034 (0xff5ff06f)
core   0: 0x80001028 (0x00100093) li      ra, 1
core   0: 3 0x80001028 (0x00100093) x1  0x00000001
core   0: 0x8000102c (0xffffff17) auipc   t5, 0xfffff
core   0: 3 0x8000102c (0xffffff17) x30 0x8000002c
core   0: 0x80001030 (0xfc1f2a23) sw      ra, -44(t5)
core   0: 3 0x80001030 (0xfc1f2a23) mem 0x80000000 0x00000001
core   0: 0x80001034 (0xff5ff06f) j       pc - 0xc
core   0: 3 0x80001034 (0xff5ff06f)
core   0: 0x80001028 (0x00100093) li      ra, 1
core   0: 3 0x80001028 (0x00100093) x1  0x00000001
core   0: 0x8000102c (0xffffff17) auipc   t5, 0xfffff
core   0: 3 0x8000102c (0xffffff17) x30 0x8000002c
core   0: 0x80001030 (0xfc1f2a23) sw      ra, -44(t5)
core   0: 3 0x80001030 (0xfc1f2a23) mem 0x80000000 0x00000001
core   0: 0x80001034 (0xff5ff06f) j       pc - 0xc
core   0: 3 0x80001034 (0xff5ff06f)
core   0: 0x80001028 (0x00100093) li      ra, 1
core   0: 3 0x80001028 (0x00100093) x1  0x00000001
core   0: 0x8000102c (0xffffff17) auipc   t5, 0xfffff
core   0: 3 0x8000102c (0xffffff17) x30 0x8000002c
core   0: 0x80001030 (0xfc1f2a23) sw      ra, -44(t5)
core   0: 3 0x80001030 (0xfc1f2a23) mem 0x80000000 0x00000001
core   0: 0x80001034 (0xff5ff06f) j       pc - 0xc
core   0: 3 0x80001034 (0xff5ff06f)
core   0: 0x80001028 (0x00100093) li      ra, 1
core   0: 3 0x80001028 (0x00100093) x1  0x00000001
core   0: 0x8000102c (0xffffff17) auipc   t5, 0xfffff
core   0: 3 0x8000102c (0xffffff17) x30 0x8000002c
core   0: 0x80001030 (0xfc1f2a23) sw      ra, -44(t5)
core   0: 3 0x80001030 (0xfc1f2a23) mem 0x80000000 0x00000001
core   0: 0x80001034 (0xff5ff06f) j       pc - 0xc
core   0: 3 0x80001034 (0xff5ff06f)
core   0: 0x80001028 (0x00100093) li      ra, 1
core   0: 3 0x80001028 (0x00100093) x1  0x00000001
core   0: 0x8000102c (0xffffff17) auipc   t5, 0xfffff
core   0: 3 0x8000102c (0xffffff17) x30 0x8000002c
core   0: 0x80001030 (0xfc1f2a23) sw      ra, -44(t5)
core   0: 3 0x80001030 (0xfc1f2a23) mem 0x80000000 0x00000001
core   0: 0x80001034 (0xff5ff06f) j       pc - 0xc
core   0: 3 0x80001034 (0xff5ff06f)
core   0: 0x80001028 (0x00100093) li      ra, 1
core   0: 3 0x80001028 (0x00100093) x1  0x00000001
core   0: 0x8000102c (0xffffff17) auipc   t5, 0xfffff
core   0: 3 0x8000102c (0xffffff17) x30 0x8000002c
core   0: 0x80001030 (0xfc1f2a23) sw      ra, -44(t5)
core   0: 3 0x80001030 (0xfc1f2a23) mem 0x80000000 0x00000001
core   0: 0x80001034 (0xff5ff06f) j       pc - 0xc
core   0: 3 0x80001034 (0xff5ff06f)
core   0: 0x80001028 (0x00100093) li      ra, 1
core   0: 3 0x80001028 (0x00100093) x1  0x00000001
core   0: 0x8000102c (0xffffff17) auipc   t5, 0xfffff
core   0: 3 0x8000102c (0xffffff17) x30 0x8000002c
core   0: 0x80001030 (0xfc1f2a23) sw      ra, -44(t5)
core   0: 3 0x80001030 (0xfc1f2a23) mem 0x80000000 0x00000001
core   0: 0x80001034 (0xff5ff06f) j       pc - 0xc
core   0: 3 0x80001034 (0xff5ff06f)
core   0: 0x80001028 (0x00100093) li      ra, 1
core   0: 3 0x80001028 (0x00100093) x1  0x00000001
core   0: 0x8000102c (0xffffff17) auipc   t5, 0xfffff
core   0: 3 0x8000102c (0xffffff17) x30 0x8000002c
core   0: 0x80001030 (0xfc1f2a23) sw      ra, -44(t5)
core   0: 3 0x80001030 (0xfc1f2a23) mem 0x80000000 0x00000001
core   0: 0x80001034 (0xff5ff06f) j       pc - 0xc
core   0: 3 0x80001034 (0xff5ff06f)
core   0: 0x80001028 (0x00100093) li      ra, 1
core   0: 3 0x80001028 (0x00100093) x1  0x00000001
core   0: 0x8000102c (0xffffff17) auipc   t5, 0xfffff
core   0: 3 0x8000102c (0xffffff17) x30 0x8000002c
core   0: 0x80001030 (0xfc1f2a23) sw      ra, -44(t5)
core   0: 3 0x80001030 (0xfc1f2a23) mem 0x80000000 0x00000001
core   0: 0x80001034 (0xff5ff06f) j       pc - 0xc
core   0: 3 0x80001034 (0xff5ff06f)
core   0: 0x80001028 (0x00100093) li      ra, 1
core   0: 3 0x80001028 (0x00100093) x1  0x00000001
core   0: 0x8000102c (0xffffff17) auipc   t5, 0xfffff
core   0: 3 0x8000102c (0xffffff17) x30 0x8000002c
core   0: 0x80001030 (0xfc1f2a23) sw      ra, -44(t5)
core   0: 3 0x80001030 (0xfc1f2a23) mem 0x80000000 0x00000001
core   0: 0x80001034 (0xff5ff06f) j       pc - 0xc
core   0: 3 0x80001034 (0xff5ff06f)
core   0: 0x80001028 (0x00100093) li      ra, 1
core   0: 3 0x80001028 (0x00100093) x1  0x00000001
core   0: 0x8000102c (0xffffff17) auipc   t5, 0xfffff
core   0: 3 0x8000102c (0xffffff17) x30 0x8000002c
core   0: 0x80001030 (0xfc1f2a23) sw      ra, -44(t5)
core   0: 3 0x80001030 (0xfc1f2a23) mem 0x80000000 0x00000001
core   0: 0x80001034 (0xff5ff06f) j       pc - 0xc
core   0: 3 0x80001034 (0xff5ff06f)
core   0: 0x80001028 (0x00100093) li      ra, 1
core   0: 3 0x80001028 (0x00100093) x1  0x00000001
core   0: 0x8000102c (0xffffff17) auipc   t5, 0xfffff
core   0: 3 0x8000102c (0xffffff17) x30 0x8000002c
core   0: 0x80001030 (0xfc1f2a23) sw      ra, -44(t5)
core   0: 3 0x80001030 (0xfc1f2a23) mem 0x80000000 0x00000001
core   0: 0x80001034 (0xff5ff06f) j       pc - 0xc
core   0: 3 0x80001034 (0xff5ff06f)
core   0: 0x80001028 (0x00100093) li      ra, 1
core   0: 3 0x80001028 (0x00100093) x1  0x00000001
core   0: 0x8000102c (0xffffff17) auipc   t5, 0xfffff
core   0: 3 0x8000102c (0xffffff17) x30 0x8000002c
core   0: 0x80001030 (0xfc1f2a23) sw      ra, -44(t5)
core   0: 3 0x80001030 (0xfc1f2a23) mem 0x80000000 0x00000001
core   0: 0x80001034 (0xff5ff06f) j       pc - 0xc
core   0: 3 0x80001034 (0xff5ff06f)
core   0: 0x80001028 (0x00100093) li      ra, 1
core   0: 3 0x80001028 (0x00100093) x1  0x00000001
core   0: 0x8000102c (0xffffff17) auipc   t5, 0xfffff
core   0: 3 0x8000102c (0xffffff17) x30 0x8000002c
core   0: 0x80001030 (0xfc1f2a23) sw      ra, -44(t5)
core   0: 3 0x80001030 (0xfc1f2a23) mem 0x80000000 0x00000001
core   0: 0x80001034 (0xff5ff06f) j       pc - 0xc
core   0: 3 0x80001034 (0xff5ff06f)
core   0: 0x80001028 (0x00100093) li      ra, 1
core   0: 3 0x80001028 (0x00100093) x1  0x00000001
core   0: 0x8000102c (0xffffff17) auipc   t5, 0xfffff
core   0: 3 0x8000102c (0xffffff17) x30 0x8000002c
core   0: 0x80001030 (0xfc1f2a23) sw      ra, -44(t5)
core   0: 3 0x80001030 (0xfc1f2a23) mem 0x80000000 0x00000001
core   0: 0x80001034 (0xff5ff06f) j       pc - 0xc
core   0: 3 0x80001034 (0xff5ff06f)
core   0: 0x80001028 (0x00100093) li      ra, 1
core   0: 3 0x80001028 (0x00100093) x1  0x00000001
core   0: 0x8000102c (0xffffff17) auipc   t5, 0xfffff
core   0: 3 0x8000102c (0xffffff17) x30 0x8000002c
core   0: 0x80001030 (0xfc1f2a23) sw      ra, -44(t5)
core   0: 3 0x80001030 (0xfc1f2a23) mem 0x80000000 0x00000001
core   0: 0x80001034 (0xff5ff06f) j       pc - 0xc
core   0: 3 0x80001034 (0xff5ff06f)
core   0: 0x80001028 (0x00100093) li      ra, 1
core   0: 3 0x80001028 (0x00100093) x1  0x00000001
core   0: 0x8000102c (0xffffff17) auipc   t5, 0xfffff
core   0: 3 0x8000102c (0xffffff17) x30 0x8000002c
core   0: 0x80001030 (0xfc1f2a23) sw      ra, -44(t5)
core   0: 3 0x80001030 (0xfc1f2a23) mem 0x80000000 0x00000001
core   0: 0x80001034 (0xff5ff06f) j       pc - 0xc
core   0: 3 0x80001034 (0xff5ff06f)
core   0: 0x80001028 (0x00100093) li      ra, 1
core   0: 3 0x80001028 (0x00100093) x1  0x00000001
core   0: 0x8000102c (0xffffff17) auipc   t5, 0xfffff
core   0: 3 0x8000102c (0xffffff17) x30 0x8000002c
core   0: 0x80001030 (0xfc1f2a23) sw      ra, -44(t5)
core   0: 3 0x80001030 (0xfc1f2a23) mem 0x80000000 0x00000001
core   0: 0x80001034 (0xff5ff06f) j       pc - 0xc
core   0: 3 0x80001034 (0xff5ff06f)
core   0: 0x80001028 (0x00100093) li      ra, 1
core   0: 3 0x80001028 (0x00100093) x1  0x00000001
core   0: 0x8000102c (0xffffff17) auipc   t5, 0xfffff
core   0: 3 0x8000102c (0xffffff17) x30 0x8000002c
core   0: 0x80001030 (0xfc1f2a23) sw      ra, -44(t5)
core   0: 3 0x80001030 (0xfc1f2a23) mem 0x80000000 0x00000001
core   0: 0x80001034 (0xff5ff06f) j       pc - 0xc
core   0: 3 0x80001034 (0xff5ff06f)
core   0: 0x80001028 (0x00100093) li      ra, 1
core   0: 3 0x80001028 (0x00100093) x1  0x00000001
core   0: 0x8000102c (0xffffff17) auipc   t5, 0xfffff
core   0: 3 0x8000102c (0xffffff17) x30 0x8000002c
core   0: 0x80001030 (0xfc1f2a23) sw      ra, -44(t5)
core   0: 3 0x80001030 (0xfc1f2a23) mem 0x80000000 0x00000001
core   0: 0x80001034 (0xff5ff06f) j       pc - 0xc
core   0: 3 0x80001034 (0xff5ff06f)
core   0: 0x80001028 (0x00100093) li      ra, 1
core   0: 3 0x80001028 (0x00100093) x1  0x00000001
core   0: 0x8000102c (0xffffff17) auipc   t5, 0xfffff
core   0: 3 0x8000102c (0xffffff17) x30 0x8000002c
core   0: 0x80001030 (0xfc1f2a23) sw      ra, -44(t5)
core   0: 3 0x80001030 (0xfc1f2a23) mem 0x80000000 0x00000001
core   0: 0x80001034 (0xff5ff06f) j       pc - 0xc
core   0: 3 0x80001034 (0xff5ff06f)
core   0: 0x80001028 (0x00100093) li      ra, 1
core   0: 3 0x80001028 (0x00100093) x1  0x00000001
core   0: 0x8000102c (0xffffff17) auipc   t5, 0xfffff
core   0: 3 0x8000102c (0xffffff17) x30 0x8000002c
core   0: 0x80001030 (0xfc1f2a23) sw      ra, -44(t5)
core   0: 3 0x80001030 (0xfc1f2a23) mem 0x80000000 0x00000001
core   0: 0x80001034 (0xff5ff06f) j       pc - 0xc
core   0: 3 0x80001034 (0xff5ff06f)
core   0: 0x80001028 (0x00100093) li      ra, 1
core   0: 3 0x80001028 (0x00100093) x1  0x00000001
core   0: 0x8000102c (0xffffff17) auipc   t5, 0xfffff
core   0: 3 0x8000102c (0xffffff17) x30 0x8000002c
core   0: 0x80001030 (0xfc1f2a23) sw      ra, -44(t5)
core   0: 3 0x80001030 (0xfc1f2a23) mem 0x80000000 0x00000001
core   0: 0x80001034 (0xff5ff06f) j       pc - 0xc
core   0: 3 0x80001034 (0xff5ff06f)
core   0: 0x80001028 (0x00100093) li      ra, 1
core   0: 3 0x80001028 (0x00100093) x1  0x00000001
core   0: 0x8000102c (0xffffff17) auipc   t5, 0xfffff
core   0: 3 0x8000102c (0xffffff17) x30 0x8000002c
core   0: 0x80001030 (0xfc1f2a23) sw      ra, -44(t5)
core   0: 3 0x80001030 (0xfc1f2a23) mem 0x80000000 0x00000001
core   0: 0x80001034 (0xff5ff06f) j       pc - 0xc
core   0: 3 0x80001034 (0xff5ff06f)
core   0: 0x80001028 (0x00100093) li      ra, 1
core   0: 3 0x80001028 (0x00100093) x1  0x00000001
core   0: 0x8000102c (0xffffff17) auipc   t5, 0xfffff
core   0: 3 0x8000102c (0xffffff17) x30 0x8000002c
core   0: 0x80001030 (0xfc1f2a23) sw      ra, -44(t5)
core   0: 3 0x80001030 (0xfc1f2a23) mem 0x80000000 0x00000001
core   0: 0x80001034 (0xff5ff06f) j       pc - 0xc
core   0: 3 0x80001034 (0xff5ff06f)
core   0: 0x80001028 (0x00100093) li      ra, 1
core   0: 3 0x80001028 (0x00100093) x1  0x00000001
core   0: 0x8000102c (0xffffff17) auipc   t5, 0xfffff
core   0: 3 0x8000102c (0xffffff17) x30 0x8000002c
core   0: 0x80001030 (0xfc1f2a23) sw      ra, -44(t5)
core   0: 3 0x80001030 (0xfc1f2a23) mem 0x80000000 0x00000001
core   0: 0x80001034 (0xff5ff06f) j       pc - 0xc
core   0: 3 0x80001034 (0xff5ff06f)
core   0: 0x80001028 (0x00100093) li      ra, 1
core   0: 3 0x80001028 (0x00100093) x1  0x00000001
core   0: 0x8000102c (0xffffff17) auipc   t5, 0xfffff
core   0: 3 0x8000102c (0xffffff17) x30 0x8000002c
core   0: 0x80001030 (0xfc1f2a23) sw      ra, -44(t5)
core   0: 3 0x80001030 (0xfc1f2a23) mem 0x80000000 0x00000001
core   0: 0x80001034 (0xff5ff06f) j       pc - 0xc
core   0: 3 0x80001034 (0xff5ff06f)
core   0: 0x80001028 (0x00100093) li      ra, 1
core   0: 3 0x80001028 (0x00100093) x1  0x00000001
core   0: 0x8000102c (0xffffff17) auipc   t5, 0xfffff
core   0: 3 0x8000102c (0xffffff17) x30 0x8000002c
core   0: 0x80001030 (0xfc1f2a23) sw      ra, -44(t5)
core   0: 3 0x80001030 (0xfc1f2a23) mem 0x80000000 0x00000001
core   0: 0x80001034 (0xff5ff06f) j       pc - 0xc
core   0: 3 0x80001034 (0xff5ff06f)
core   0: 0x80001028 (0x00100093) li      ra, 1
core   0: 3 0x80001028 (0x00100093) x1  0x00000001
core   0: 0x8000102c (0xffffff17) auipc   t5, 0xfffff
core   0: 3 0x8000102c (0xffffff17) x30 0x8000002c
core   0: 0x80001030 (0xfc1f2a23) sw      ra, -44(t5)
core   0: 3 0x80001030 (0xfc1f2a23) mem 0x80000000 0x00000001
core   0: 0x80001034 (0xff5ff06f) j       pc - 0xc
core   0: 3 0x80001034 (0xff5ff06f)
core   0: 0x80001028 (0x00100093) li      ra, 1
core   0: 3 0x80001028 (0x00100093) x1  0x00000001
core   0: 0x8000102c (0xffffff17) auipc   t5, 0xfffff
core   0: 3 0x8000102c (0xffffff17) x30 0x8000002c
core   0: 0x80001030 (0xfc1f2a23) sw      ra, -44(t5)
core   0: 3 0x80001030 (0xfc1f2a23) mem 0x80000000 0x00000001
core   0: 0x80001034 (0xff5ff06f) j       pc - 0xc
core   0: 3 0x80001034 (0xff5ff06f)
core   0: 0x80001028 (0x00100093) li      ra, 1
core   0: 3 0x80001028 (0x00100093) x1  0x00000001
core   0: 0x8000102c (0xffffff17) auipc   t5, 0xfffff
core   0: 3 0x8000102c (0xffffff17) x30 0x8000002c
core   0: 0x80001030 (0xfc1f2a23) sw      ra, -44(t5)
core   0: 3 0x80001030 (0xfc1f2a23) mem 0x80000000 0x00000001
core   0: 0x80001034 (0xff5ff06f) j       pc - 0xc
core   0: 3 0x80001034 (0xff5ff06f)
core   0: 0x80001028 (0x00100093) li      ra, 1
core   0: 3 0x80001028 (0x00100093) x1  0x00000001
core   0: 0x8000102c (0xffffff17) auipc   t5, 0xfffff
core   0: 3 0x8000102c (0xffffff17) x30 0x8000002c
core   0: 0x80001030 (0xfc1f2a23) sw      ra, -44(t5)
core   0: 3 0x80001030 (0xfc1f2a23) mem 0x80000000 0x00000001
core   0: 0x80001034 (0xff5ff06f) j       pc - 0xc
core   0: 3 0x80001034 (0xff5ff06f)
core   0: 0x80001028 (0x00100093) li      ra, 1
core   0: 3 0x80001028 (0x00100093) x1  0x00000001
core   0: 0x8000102c (0xffffff17) auipc   t5, 0xfffff
core   0: 3 0x8000102c (0xffffff17) x30 0x8000002c
core   0: 0x80001030 (0xfc1f2a23) sw      ra, -44(t5)
core   0: 3 0x80001030 (0xfc1f2a23) mem 0x80000000 0x00000001
core   0: 0x80001034 (0xff5ff06f) j       pc - 0xc
core   0: 3 0x80001034 (0xff5ff06f)
core   0: 0x80001028 (0x00100093) li      ra, 1
core   0: 3 0x80001028 (0x00100093) x1  0x00000001
core   0: 0x8000102c (0xffffff17) auipc   t5, 0xfffff
core   0: 3 0x8000102c (0xffffff17) x30 0x8000002c
core   0: 0x80001030 (0xfc1f2a23) sw      ra, -44(t5)
core   0: 3 0x80001030 (0xfc1f2a23) mem 0x80000000 0x00000001
core   0: 0x80001034 (0xff5ff06f) j       pc - 0xc
core   0: 3 0x80001034 (0xff5ff06f)
core   0: 0x80001028 (0x00100093) li      ra, 1
core   0: 3 0x80001028 (0x00100093) x1  0x00000001
core   0: 0x8000102c (0xffffff17) auipc   t5, 0xfffff
core   0: 3 0x8000102c (0xffffff17) x30 0x8000002c
core   0: 0x80001030 (0xfc1f2a23) sw      ra, -44(t5)
core   0: 3 0x80001030 (0xfc1f2a23) mem 0x80000000 0x00000001
core   0: 0x80001034 (0xff5ff06f) j       pc - 0xc
core   0: 3 0x80001034 (0xff5ff06f)
core   0: 0x80001028 (0x00100093) li      ra, 1
core   0: 3 0x80001028 (0x00100093) x1  0x00000001
core   0: 0x8000102c (0xffffff17) auipc   t5, 0xfffff
core   0: 3 0x8000102c (0xffffff17) x30 0x8000002c
core   0: 0x80001030 (0xfc1f2a23) sw      ra, -44(t5)
core   0: 3 0x80001030 (0xfc1f2a23) mem 0x80000000 0x00000001
core   0: 0x80001034 (0xff5ff06f) j       pc - 0xc
core   0: 3 0x80001034 (0xff5ff06f)
core   0: 0x80001028 (0x00100093) li      ra, 1
core   0: 3 0x80001028 (0x00100093) x1  0x00000001
core   0: 0x8000102c (0xffffff17) auipc   t5, 0xfffff
core   0: 3 0x8000102c (0xffffff17) x30 0x8000002c
core   0: 0x80001030 (0xfc1f2a23) sw      ra, -44(t5)
core   0: 3 0x80001030 (0xfc1f2a23) mem 0x80000000 0x00000001
core   0: 0x80001034 (0xff5ff06f) j       pc - 0xc
core   0: 3 0x80001034 (0xff5ff06f)
core   0: 0x80001028 (0x00100093) li      ra, 1
core   0: 3 0x80001028 (0x00100093) x1  0x00000001
core   0: 0x8000102c (0xffffff17) auipc   t5, 0xfffff
core   0: 3 0x8000102c (0xffffff17) x30 0x8000002c
core   0: 0x80001030 (0xfc1f2a23) sw      ra, -44(t5)
core   0: 3 0x80001030 (0xfc1f2a23) mem 0x80000000 0x00000001
core   0: 0x80001034 (0xff5ff06f) j       pc - 0xc
core   0: 3 0x80001034 (0xff5ff06f)
core   0: 0x80001028 (0x00100093) li      ra, 1
core   0: 3 0x80001028 (0x00100093) x1  0x00000001
core   0: 0x8000102c (0xffffff17) auipc   t5, 0xfffff
core   0: 3 0x8000102c (0xffffff17) x30 0x8000002c
core   0: 0x80001030 (0xfc1f2a23) sw      ra, -44(t5)
core   0: 3 0x80001030 (0xfc1f2a23) mem 0x80000000 0x00000001
core   0: 0x80001034 (0xff5ff06f) j       pc - 0xc
core   0: 3 0x80001034 (0xff5ff06f)
core   0: 0x80001028 (0x00100093) li      ra, 1
core   0: 3 0x80001028 (0x00100093) x1  0x00000001
core   0: 0x8000102c (0xffffff17) auipc   t5, 0xfffff
core   0: 3 0x8000102c (0xffffff17) x30 0x8000002c
core   0: 0x80001030 (0xfc1f2a23) sw      ra, -44(t5)
core   0: 3 0x80001030 (0xfc1f2a23) mem 0x80000000 0x00000001
core   0: 0x80001034 (0xff5ff06f) j       pc - 0xc
core   0: 3 0x80001034 (0xff5ff06f)
core   0: 0x80001028 (0x00100093) li      ra, 1
core   0: 3 0x80001028 (0x00100093) x1  0x00000001
core   0: 0x8000102c (0xffffff17) auipc   t5, 0xfffff
core   0: 3 0x8000102c (0xffffff17) x30 0x8000002c
core   0: 0x80001030 (0xfc1f2a23) sw      ra, -44(t5)
core   0: 3 0x80001030 (0xfc1f2a23) mem 0x80000000 0x00000001
core   0: 0x80001034 (0xff5ff06f) j       pc - 0xc
core   0: 3 0x80001034 (0xff5ff06f)
core   0: 0x80001028 (0x00100093) li      ra, 1
core   0: 3 0x80001028 (0x00100093) x1  0x00000001
core   0: 0x8000102c (0xffffff17) auipc   t5, 0xfffff
core   0: 3 0x8000102c (0xffffff17) x30 0x8000002c
core   0: 0x80001030 (0xfc1f2a23) sw      ra, -44(t5)
core   0: 3 0x80001030 (0xfc1f2a23) mem 0x80000000 0x00000001
core   0: 0x80001034 (0xff5ff06f) j       pc - 0xc
core   0: 3 0x80001034 (0xff5ff06f)
core   0: 0x80001028 (0x00100093) li      ra, 1
core   0: 3 0x80001028 (0x00100093) x1  0x00000001
core   0: 0x8000102c (0xffffff17) auipc   t5, 0xfffff
core   0: 3 0x8000102c (0xffffff17) x30 0x8000002c
core   0: 0x80001030 (0xfc1f2a23) sw      ra, -44(t5)
core   0: 3 0x80001030 (0xfc1f2a23) mem 0x80000000 0x00000001
core   0: 0x80001034 (0xff5ff06f) j       pc - 0xc
core   0: 3 0x80001034 (0xff5ff06f)
core   0: 0x80001028 (0x00100093) li      ra, 1
core   0: 3 0x80001028 (0x00100093) x1  0x00000001
core   0: 0x8000102c (0xffffff17) auipc   t5, 0xfffff
core   0: 3 0x8000102c (0xffffff17) x30 0x8000002c
core   0: 0x80001030 (0xfc1f2a23) sw      ra, -44(t5)
core   0: 3 0x80001030 (0xfc1f2a23) mem 0x80000000 0x00000001
core   0: 0x80001034 (0xff5ff06f) j       pc - 0xc
core   0: 3 0x80001034 (0xff5ff06f)
core   0: 0x80001028 (0x00100093) li      ra, 1
core   0: 3 0x80001028 (0x00100093) x1  0x00000001
core   0: 0x8000102c (0xffffff17) auipc   t5, 0xfffff
core   0: 3 0x8000102c (0xffffff17) x30 0x8000002c
core   0: 0x80001030 (0xfc1f2a23) sw      ra, -44(t5)
core   0: 3 0x80001030 (0xfc1f2a23) mem 0x80000000 0x00000001
core   0: 0x80001034 (0xff5ff06f) j       pc - 0xc
core   0: 3 0x80001034 (0xff5ff06f)
core   0: 0x80001028 (0x00100093) li      ra, 1
core   0: 3 0x80001028 (0x00100093) x1  0x00000001
core   0: 0x8000102c (0xffffff17) auipc   t5, 0xfffff
core   0: 3 0x8000102c (0xffffff17) x30 0x8000002c
core   0: 0x80001030 (0xfc1f2a23) sw      ra, -44(t5)
core   0: 3 0x80001030 (0xfc1f2a23) mem 0x80000000 0x00000001
core   0: 0x80001034 (0xff5ff06f) j       pc - 0xc
core   0: 3 0x80001034 (0xff5ff06f)
core   0: 0x80001028 (0x00100093) li      ra, 1
core   0: 3 0x80001028 (0x00100093) x1  0x00000001
core   0: 0x8000102c (0xffffff17) auipc   t5, 0xfffff
core   0: 3 0x8000102c (0xffffff17) x30 0x8000002c
core   0: 0x80001030 (0xfc1f2a23) sw      ra, -44(t5)
core   0: 3 0x80001030 (0xfc1f2a23) mem 0x80000000 0x00000001
core   0: 0x80001034 (0xff5ff06f) j       pc - 0xc
core   0: 3 0x80001034 (0xff5ff06f)
core   0: 0x80001028 (0x00100093) li      ra, 1
core   0: 3 0x80001028 (0x00100093) x1  0x00000001
core   0: 0x8000102c (0xffffff17) auipc   t5, 0xfffff
core   0: 3 0x8000102c (0xffffff17) x30 0x8000002c
core   0: 0x80001030 (0xfc1f2a23) sw      ra, -44(t5)
core   0: 3 0x80001030 (0xfc1f2a23) mem 0x80000000 0x00000001
core   0: 0x80001034 (0xff5ff06f) j       pc - 0xc
core   0: 3 0x80001034 (0xff5ff06f)
core   0: 0x80001028 (0x00100093) li      ra, 1
core   0: 3 0x80001028 (0x00100093) x1  0x00000001
core   0: 0x8000102c (0xffffff17) auipc   t5, 0xfffff
core   0: 3 0x8000102c (0xffffff17) x30 0x8000002c
core   0: 0x80001030 (0xfc1f2a23) sw      ra, -44(t5)
core   0: 3 0x80001030 (0xfc1f2a23) mem 0x80000000 0x00000001
core   0: 0x80001034 (0xff5ff06f) j       pc - 0xc
core   0: 3 0x80001034 (0xff5ff06f)
core   0: 0x80001028 (0x00100093) li      ra, 1
core   0: 3 0x80001028 (0x00100093) x1  0x00000001
core   0: 0x8000102c (0xffffff17) auipc   t5, 0xfffff
core   0: 3 0x8000102c (0xffffff17) x30 0x8000002c
core   0: 0x80001030 (0xfc1f2a23) sw      ra, -44(t5)
core   0: 3 0x80001030 (0xfc1f2a23) mem 0x80000000 0x00000001
core   0: 0x80001034 (0xff5ff06f) j       pc - 0xc
core   0: 3 0x80001034 (0xff5ff06f)
core   0: 0x80001028 (0x00100093) li      ra, 1
core   0: 3 0x80001028 (0x00100093) x1  0x00000001
core   0: 0x8000102c (0xffffff17) auipc   t5, 0xfffff
core   0: 3 0x8000102c (0xffffff17) x30 0x8000002c
core   0: 0x80001030 (0xfc1f2a23) sw      ra, -44(t5)
core   0: 3 0x80001030 (0xfc1f2a23) mem 0x80000000 0x00000001
core   0: 0x80001034 (0xff5ff06f) j       pc - 0xc
core   0: 3 0x80001034 (0xff5ff06f)
core   0: 0x80001028 (0x00100093) li      ra, 1
core   0: 3 0x80001028 (0x00100093) x1  0x00000001
core   0: 0x8000102c (0xffffff17) auipc   t5, 0xfffff
core   0: 3 0x8000102c (0xffffff17) x30 0x8000002c
core   0: 0x80001030 (0xfc1f2a23) sw      ra, -44(t5)
core   0: 3 0x80001030 (0xfc1f2a23) mem 0x80000000 0x00000001
core   0: 0x80001034 (0xff5ff06f) j       pc - 0xc
core   0: 3 0x80001034 (0xff5ff06f)
core   0: 0x80001028 (0x00100093) li      ra, 1
core   0: 3 0x80001028 (0x00100093) x1  0x00000001
core   0: 0x8000102c (0xffffff17) auipc   t5, 0xfffff
core   0: 3 0x8000102c (0xffffff17) x30 0x8000002c
core   0: 0x80001030 (0xfc1f2a23) sw      ra, -44(t5)
core   0: 3 0x80001030 (0xfc1f2a23) mem 0x80000000 0x00000001
core   0: 0x80001034 (0xff5ff06f) j       pc - 0xc
core   0: 3 0x80001034 (0xff5ff06f)
core   0: 0x80001028 (0x00100093) li      ra, 1
core   0: 3 0x80001028 (0x00100093) x1  0x00000001
core   0: 0x8000102c (0xffffff17) auipc   t5, 0xfffff
core   0: 3 0x8000102c (0xffffff17) x30 0x8000002c
core   0: 0x80001030 (0xfc1f2a23) sw      ra, -44(t5)
core   0: 3 0x80001030 (0xfc1f2a23) mem 0x80000000 0x00000001
core   0: 0x80001034 (0xff5ff06f) j       pc - 0xc
core   0: 3 0x80001034 (0xff5ff06f)
core   0: 0x80001028 (0x00100093) li      ra, 1
core   0: 3 0x80001028 (0x00100093) x1  0x00000001
core   0: 0x8000102c (0xffffff17) auipc   t5, 0xfffff
core   0: 3 0x8000102c (0xffffff17) x30 0x8000002c
core   0: 0x80001030 (0xfc1f2a23) sw      ra, -44(t5)
core   0: 3 0x80001030 (0xfc1f2a23) mem 0x80000000 0x00000001
core   0: 0x80001034 (0xff5ff06f) j       pc - 0xc
core   0: 3 0x80001034 (0xff5ff06f)
core   0: 0x80001028 (0x00100093) li      ra, 1
core   0: 3 0x80001028 (0x00100093) x1  0x00000001
core   0: 0x8000102c (0xffffff17) auipc   t5, 0xfffff
core   0: 3 0x8000102c (0xffffff17) x30 0x8000002c
core   0: 0x80001030 (0xfc1f2a23) sw      ra, -44(t5)
core   0: 3 0x80001030 (0xfc1f2a23) mem 0x80000000 0x00000001
core   0: 0x80001034 (0xff5ff06f) j       pc - 0xc
core   0: 3 0x80001034 (0xff5ff06f)
core   0: 0x80001028 (0x00100093) li      ra, 1
core   0: 3 0x80001028 (0x00100093) x1  0x00000001
core   0: 0x8000102c (0xffffff17) auipc   t5, 0xfffff
core   0: 3 0x8000102c (0xffffff17) x30 0x8000002c
core   0: 0x80001030 (0xfc1f2a23) sw      ra, -44(t5)
core   0: 3 0x80001030 (0xfc1f2a23) mem 0x80000000 0x00000001
core   0: 0x80001034 (0xff5ff06f) j       pc - 0xc
core   0: 3 0x80001034 (0xff5ff06f)
core   0: 0x80001028 (0x00100093) li      ra, 1
core   0: 3 0x80001028 (0x00100093) x1  0x00000001
core   0: 0x8000102c (0xffffff17) auipc   t5, 0xfffff
core   0: 3 0x8000102c (0xffffff17) x30 0x8000002c
core   0: 0x80001030 (0xfc1f2a23) sw      ra, -44(t5)
core   0: 3 0x80001030 (0xfc1f2a23) mem 0x80000000 0x00000001
core   0: 0x80001034 (0xff5ff06f) j       pc - 0xc
core   0: 3 0x80001034 (0xff5ff06f)
core   0: 0x80001028 (0x00100093) li      ra, 1
core   0: 3 0x80001028 (0x00100093) x1  0x00000001
core   0: 0x8000102c (0xffffff17) auipc   t5, 0xfffff
core   0: 3 0x8000102c (0xffffff17) x30 0x8000002c
core   0: 0x80001030 (0xfc1f2a23) sw      ra, -44(t5)
core   0: 3 0x80001030 (0xfc1f2a23) mem 0x80000000 0x00000001
core   0: 0x80001034 (0xff5ff06f) j       pc - 0xc
core   0: 3 0x80001034 (0xff5ff06f)
core   0: 0x80001028 (0x00100093) li      ra, 1
core   0: 3 0x80001028 (0x00100093) x1  0x00000001
core   0: 0x8000102c (0xffffff17) auipc   t5, 0xfffff
core   0: 3 0x8000102c (0xffffff17) x30 0x8000002c
core   0: 0x80001030 (0xfc1f2a23) sw      ra, -44(t5)
core   0: 3 0x80001030 (0xfc1f2a23) mem 0x80000000 0x00000001
core   0: 0x80001034 (0xff5ff06f) j       pc - 0xc
core   0: 3 0x80001034 (0xff5ff06f)
core   0: 0x80001028 (0x00100093) li      ra, 1
core   0: 3 0x80001028 (0x00100093) x1  0x00000001
core   0: 0x8000102c (0xffffff17) auipc   t5, 0xfffff
core   0: 3 0x8000102c (0xffffff17) x30 0x8000002c
core   0: 0x80001030 (0xfc1f2a23) sw      ra, -44(t5)
core   0: 3 0x80001030 (0xfc1f2a23) mem 0x80000000 0x00000001
core   0: 0x80001034 (0xff5ff06f) j       pc - 0xc
core   0: 3 0x80001034 (0xff5ff06f)
core   0: 0x80001028 (0x00100093) li      ra, 1
core   0: 3 0x80001028 (0x00100093) x1  0x00000001
core   0: 0x8000102c (0xffffff17) auipc   t5, 0xfffff
core   0: 3 0x8000102c (0xffffff17) x30 0x8000002c
core   0: 0x80001030 (0xfc1f2a23) sw      ra, -44(t5)
core   0: 3 0x80001030 (0xfc1f2a23) mem 0x80000000 0x00000001
core   0: 0x80001034 (0xff5ff06f) j       pc - 0xc
core   0: 3 0x80001034 (0xff5ff06f)
core   0: 0x80001028 (0x00100093) li      ra, 1
core   0: 3 0x80001028 (0x00100093) x1  0x00000001
core   0: 0x8000102c (0xffffff17) auipc   t5, 0xfffff
core   0: 3 0x8000102c (0xffffff17) x30 0x8000002c
core   0: 0x80001030 (0xfc1f2a23) sw      ra, -44(t5)
core   0: 3 0x80001030 (0xfc1f2a23) mem 0x80000000 0x00000001
core   0: 0x80001034 (0xff5ff06f) j       pc - 0xc
core   0: 3 0x80001034 (0xff5ff06f)
core   0: 0x80001028 (0x00100093) li      ra, 1
core   0: 3 0x80001028 (0x00100093) x1  0x00000001
core   0: 0x8000102c (0xffffff17) auipc   t5, 0xfffff
core   0: 3 0x8000102c (0xffffff17) x30 0x8000002c
core   0: 0x80001030 (0xfc1f2a23) sw      ra, -44(t5)
core   0: 3 0x80001030 (0xfc1f2a23) mem 0x80000000 0x00000001
core   0: 0x80001034 (0xff5ff06f) j       pc - 0xc
core   0: 3 0x80001034 (0xff5ff06f)
core   0: 0x80001028 (0x00100093) li      ra, 1
core   0: 3 0x80001028 (0x00100093) x1  0x00000001
core   0: 0x8000102c (0xffffff17) auipc   t5, 0xfffff
core   0: 3 0x8000102c (0xffffff17) x30 0x8000002c
core   0: 0x80001030 (0xfc1f2a23) sw      ra, -44(t5)
core   0: 3 0x80001030 (0xfc1f2a23) mem 0x80000000 0x00000001
core   0: 0x80001034 (0xff5ff06f) j       pc - 0xc
core   0: 3 0x80001034 (0xff5ff06f)
core   0: 0x80001028 (0x00100093) li      ra, 1
core   0: 3 0x80001028 (0x00100093) x1  0x00000001
core   0: 0x8000102c (0xffffff17) auipc   t5, 0xfffff
core   0: 3 0x8000102c (0xffffff17) x30 0x8000002c
core   0: 0x80001030 (0xfc1f2a23) sw      ra, -44(t5)
core   0: 3 0x80001030 (0xfc1f2a23) mem 0x80000000 0x00000001
core   0: 0x80001034 (0xff5ff06f) j       pc - 0xc
core   0: 3 0x80001034 (0xff5ff06f)
core   0: 0x80001028 (0x00100093) li      ra, 1
core   0: 3 0x80001028 (0x00100093) x1  0x00000001
core   0: 0x8000102c (0xffffff17) auipc   t5, 0xfffff
core   0: 3 0x8000102c (0xffffff17) x30 0x8000002c
core   0: 0x80001030 (0xfc1f2a23) sw      ra, -44(t5)
core   0: 3 0x80001030 (0xfc1f2a23) mem 0x80000000 0x00000001
core   0: 0x80001034 (0xff5ff06f) j       pc - 0xc
core   0: 3 0x80001034 (0xff5ff06f)
core   0: 0x80001028 (0x00100093) li      ra, 1
core   0: 3 0x80001028 (0x00100093) x1  0x00000001
core   0: 0x8000102c (0xffffff17) auipc   t5, 0xfffff
core   0: 3 0x8000102c (0xffffff17) x30 0x8000002c
core   0: 0x80001030 (0xfc1f2a23) sw      ra, -44(t5)
core   0: 3 0x80001030 (0xfc1f2a23) mem 0x80000000 0x00000001
core   0: 0x80001034 (0xff5ff06f) j       pc - 0xc
core   0: 3 0x80001034 (0xff5ff06f)
core   0: 0x80001028 (0x00100093) li      ra, 1
core   0: 3 0x80001028 (0x00100093) x1  0x00000001
core   0: 0x8000102c (0xffffff17) auipc   t5, 0xfffff
core   0: 3 0x8000102c (0xffffff17) x30 0x8000002c
core   0: 0x80001030 (0xfc1f2a23) sw      ra, -44(t5)
core   0: 3 0x80001030 (0xfc1f2a23) mem 0x80000000 0x00000001
core   0: 0x80001034 (0xff5ff06f) j       pc - 0xc
core   0: 3 0x80001034 (0xff5ff06f)
core   0: 0x80001028 (0x00100093) li      ra, 1
core   0: 3 0x80001028 (0x00100093) x1  0x00000001
core   0: 0x8000102c (0xffffff17) auipc   t5, 0xfffff
core   0: 3 0x8000102c (0xffffff17) x30 0x8000002c
core   0: 0x80001030 (0xfc1f2a23) sw      ra, -44(t5)
core   0: 3 0x80001030 (0xfc1f2a23) mem 0x80000000 0x00000001
core   0: 0x80001034 (0xff5ff06f) j       pc - 0xc
core   0: 3 0x80001034 (0xff5ff06f)
core   0: 0x80001028 (0x00100093) li      ra, 1
core   0: 3 0x80001028 (0x00100093) x1  0x00000001
core   0: 0x8000102c (0xffffff17) auipc   t5, 0xfffff
core   0: 3 0x8000102c (0xffffff17) x30 0x8000002c
core   0: 0x80001030 (0xfc1f2a23) sw      ra, -44(t5)
core   0: 3 0x80001030 (0xfc1f2a23) mem 0x80000000 0x00000001
core   0: 0x80001034 (0xff5ff06f) j       pc - 0xc
core   0: 3 0x80001034 (0xff5ff06f)
core   0: 0x80001028 (0x00100093) li      ra, 1
core   0: 3 0x80001028 (0x00100093) x1  0x00000001
core   0: 0x8000102c (0xffffff17) auipc   t5, 0xfffff
core   0: 3 0x8000102c (0xffffff17) x30 0x8000002c
core   0: 0x80001030 (0xfc1f2a23) sw      ra, -44(t5)
core   0: 3 0x80001030 (0xfc1f2a23) mem 0x80000000 0x00000001
core   0: 0x80001034 (0xff5ff06f) j       pc - 0xc
core   0: 3 0x80001034 (0xff5ff06f)
core   0: 0x80001028 (0x00100093) li      ra, 1
core   0: 3 0x80001028 (0x00100093) x1  0x00000001
core   0: 0x8000102c (0xffffff17) auipc   t5, 0xfffff
core   0: 3 0x8000102c (0xffffff17) x30 0x8000002c
core   0: 0x80001030 (0xfc1f2a23) sw      ra, -44(t5)
core   0: 3 0x80001030 (0xfc1f2a23) mem 0x80000000 0x00000001
core   0: 0x80001034 (0xff5ff06f) j       pc - 0xc
core   0: 3 0x80001034 (0xff5ff06f)
core   0: 0x80001028 (0x00100093) li      ra, 1
core   0: 3 0x80001028 (0x00100093) x1  0x00000001
core   0: 0x8000102c (0xffffff17) auipc   t5, 0xfffff
core   0: 3 0x8000102c (0xffffff17) x30 0x8000002c
core   0: 0x80001030 (0xfc1f2a23) sw      ra, -44(t5)
core   0: 3 0x80001030 (0xfc1f2a23) mem 0x80000000 0x00000001
core   0: 0x80001034 (0xff5ff06f) j       pc - 0xc
core   0: 3 0x80001034 (0xff5ff06f)
core   0: 0x80001028 (0x00100093) li      ra, 1
core   0: 3 0x80001028 (0x00100093) x1  0x00000001
core   0: 0x8000102c (0xffffff17) auipc   t5, 0xfffff
core   0: 3 0x8000102c (0xffffff17) x30 0x8000002c
core   0: 0x80001030 (0xfc1f2a23) sw      ra, -44(t5)
core   0: 3 0x80001030 (0xfc1f2a23) mem 0x80000000 0x00000001
core   0: 0x80001034 (0xff5ff06f) j       pc - 0xc
core   0: 3 0x80001034 (0xff5ff06f)
core   0: 0x80001028 (0x00100093) li      ra, 1
core   0: 3 0x80001028 (0x00100093) x1  0x00000001
core   0: 0x8000102c (0xffffff17) auipc   t5, 0xfffff
core   0: 3 0x8000102c (0xffffff17) x30 0x8000002c
core   0: 0x80001030 (0xfc1f2a23) sw      ra, -44(t5)
core   0: 3 0x80001030 (0xfc1f2a23) mem 0x80000000 0x00000001
core   0: 0x80001034 (0xff5ff06f) j       pc - 0xc
core   0: 3 0x80001034 (0xff5ff06f)
core   0: 0x80001028 (0x00100093) li      ra, 1
core   0: 3 0x80001028 (0x00100093) x1  0x00000001
core   0: 0x8000102c (0xffffff17) auipc   t5, 0xfffff
core   0: 3 0x8000102c (0xffffff17) x30 0x8000002c
core   0: 0x80001030 (0xfc1f2a23) sw      ra, -44(t5)
core   0: 3 0x80001030 (0xfc1f2a23) mem 0x80000000 0x00000001
core   0: 0x80001034 (0xff5ff06f) j       pc - 0xc
core   0: 3 0x80001034 (0xff5ff06f)
core   0: 0x80001028 (0x00100093) li      ra, 1
core   0: 3 0x80001028 (0x00100093) x1  0x00000001
core   0: 0x8000102c (0xffffff17) auipc   t5, 0xfffff
core   0: 3 0x8000102c (0xffffff17) x30 0x8000002c
core   0: 0x80001030 (0xfc1f2a23) sw      ra, -44(t5)
core   0: 3 0x80001030 (0xfc1f2a23) mem 0x80000000 0x00000001
core   0: 0x80001034 (0xff5ff06f) j       pc - 0xc
core   0: 3 0x80001034 (0xff5ff06f)
core   0: 0x80001028 (0x00100093) li      ra, 1
core   0: 3 0x80001028 (0x00100093) x1  0x00000001
core   0: 0x8000102c (0xffffff17) auipc   t5, 0xfffff
core   0: 3 0x8000102c (0xffffff17) x30 0x8000002c
core   0: 0x80001030 (0xfc1f2a23) sw      ra, -44(t5)
core   0: 3 0x80001030 (0xfc1f2a23) mem 0x80000000 0x00000001
core   0: 0x80001034 (0xff5ff06f) j       pc - 0xc
core   0: 3 0x80001034 (0xff5ff06f)
core   0: 0x80001028 (0x00100093) li      ra, 1
core   0: 3 0x80001028 (0x00100093) x1  0x00000001
core   0: 0x8000102c (0xffffff17) auipc   t5, 0xfffff
core   0: 3 0x8000102c (0xffffff17) x30 0x8000002c
core   0: 0x80001030 (0xfc1f2a23) sw      ra, -44(t5)
core   0: 3 0x80001030 (0xfc1f2a23) mem 0x80000000 0x00000001
core   0: 0x80001034 (0xff5ff06f) j       pc - 0xc
core   0: 3 0x80001034 (0xff5ff06f)
core   0: 0x80001028 (0x00100093) li      ra, 1
core   0: 3 0x80001028 (0x00100093) x1  0x00000001
core   0: 0x8000102c (0xffffff17) auipc   t5, 0xfffff
core   0: 3 0x8000102c (0xffffff17) x30 0x8000002c
core   0: 0x80001030 (0xfc1f2a23) sw      ra, -44(t5)
core   0: 3 0x80001030 (0xfc1f2a23) mem 0x80000000 0x00000001
core   0: 0x80001034 (0xff5ff06f) j       pc - 0xc
core   0: 3 0x80001034 (0xff5ff06f)
core   0: 0x80001028 (0x00100093) li      ra, 1
core   0: 3 0x80001028 (0x00100093) x1  0x00000001
core   0: 0x8000102c (0xffffff17) auipc   t5, 0xfffff
core   0: 3 0x8000102c (0xffffff17) x30 0x8000002c
core   0: 0x80001030 (0xfc1f2a23) sw      ra, -44(t5)
core   0: 3 0x80001030 (0xfc1f2a23) mem 0x80000000 0x00000001
core   0: 0x80001034 (0xff5ff06f) j       pc - 0xc
core   0: 3 0x80001034 (0xff5ff06f)
core   0: 0x80001028 (0x00100093) li      ra, 1
core   0: 3 0x80001028 (0x00100093) x1  0x00000001
core   0: 0x8000102c (0xffffff17) auipc   t5, 0xfffff
core   0: 3 0x8000102c (0xffffff17) x30 0x8000002c
core   0: 0x80001030 (0xfc1f2a23) sw      ra, -44(t5)
core   0: 3 0x80001030 (0xfc1f2a23) mem 0x80000000 0x00000001
core   0: 0x80001034 (0xff5ff06f) j       pc - 0xc
core   0: 3 0x80001034 (0xff5ff06f)
core   0: 0x80001028 (0x00100093) li      ra, 1
core   0: 3 0x80001028 (0x00100093) x1  0x00000001
core   0: 0x8000102c (0xffffff17) auipc   t5, 0xfffff
core   0: 3 0x8000102c (0xffffff17) x30 0x8000002c
core   0: 0x80001030 (0xfc1f2a23) sw      ra, -44(t5)
core   0: 3 0x80001030 (0xfc1f2a23) mem 0x80000000 0x00000001
core   0: 0x80001034 (0xff5ff06f) j       pc - 0xc
core   0: 3 0x80001034 (0xff5ff06f)
core   0: 0x80001028 (0x00100093) li      ra, 1
core   0: 3 0x80001028 (0x00100093) x1  0x00000001
core   0: 0x8000102c (0xffffff17) auipc   t5, 0xfffff
core   0: 3 0x8000102c (0xffffff17) x30 0x8000002c
core   0: 0x80001030 (0xfc1f2a23) sw      ra, -44(t5)
core   0: 3 0x80001030 (0xfc1f2a23) mem 0x80000000 0x00000001
core   0: 0x80001034 (0xff5ff06f) j       pc - 0xc
core   0: 3 0x80001034 (0xff5ff06f)
core   0: 0x80001028 (0x00100093) li      ra, 1
core   0: 3 0x80001028 (0x00100093) x1  0x00000001
core   0: 0x8000102c (0xffffff17) auipc   t5, 0xfffff
core   0: 3 0x8000102c (0xffffff17) x30 0x8000002c
core   0: 0x80001030 (0xfc1f2a23) sw      ra, -44(t5)
core   0: 3 0x80001030 (0xfc1f2a23) mem 0x80000000 0x00000001
core   0: 0x80001034 (0xff5ff06f) j       pc - 0xc
core   0: 3 0x80001034 (0xff5ff06f)
core   0: 0x80001028 (0x00100093) li      ra, 1
core   0: 3 0x80001028 (0x00100093) x1  0x00000001
core   0: 0x8000102c (0xffffff17) auipc   t5, 0xfffff
core   0: 3 0x8000102c (0xffffff17) x30 0x8000002c
core   0: 0x80001030 (0xfc1f2a23) sw      ra, -44(t5)
core   0: 3 0x80001030 (0xfc1f2a23) mem 0x80000000 0x00000001
core   0: 0x80001034 (0xff5ff06f) j       pc - 0xc
core   0: 3 0x80001034 (0xff5ff06f)
core   0: 0x80001028 (0x00100093) li      ra, 1
core   0: 3 0x80001028 (0x00100093) x1  0x00000001
core   0: 0x8000102c (0xffffff17) auipc   t5, 0xfffff
core   0: 3 0x8000102c (0xffffff17) x30 0x8000002c
core   0: 0x80001030 (0xfc1f2a23) sw      ra, -44(t5)
core   0: 3 0x80001030 (0xfc1f2a23) mem 0x80000000 0x00000001
core   0: 0x80001034 (0xff5ff06f) j       pc - 0xc
core   0: 3 0x80001034 (0xff5ff06f)
core   0: 0x80001028 (0x00100093) li      ra, 1
core   0: 3 0x80001028 (0x00100093) x1  0x00000001
core   0: 0x8000102c (0xffffff17) auipc   t5, 0xfffff
core   0: 3 0x8000102c (0xffffff17) x30 0x8000002c
core   0: 0x80001030 (0xfc1f2a23) sw      ra, -44(t5)
core   0: 3 0x80001030 (0xfc1f2a23) mem 0x80000000 0x00000001
core   0: 0x80001034 (0xff5ff06f) j       pc - 0xc
core   0: 3 0x80001034 (0xff5ff06f)
core   0: 0x80001028 (0x00100093) li      ra, 1
core   0: 3 0x80001028 (0x00100093) x1  0x00000001
core   0: 0x8000102c (0xffffff17) auipc   t5, 0xfffff
core   0: 3 0x8000102c (0xffffff17) x30 0x8000002c
core   0: 0x80001030 (0xfc1f2a23) sw      ra, -44(t5)
core   0: 3 0x80001030 (0xfc1f2a23) mem 0x80000000 0x00000001
core   0: 0x80001034 (0xff5ff06f) j       pc - 0xc
core   0: 3 0x80001034 (0xff5ff06f)
core   0: 0x80001028 (0x00100093) li      ra, 1
core   0: 3 0x80001028 (0x00100093) x1  0x00000001
core   0: 0x8000102c (0xffffff17) auipc   t5, 0xfffff
core   0: 3 0x8000102c (0xffffff17) x30 0x8000002c
core   0: 0x80001030 (0xfc1f2a23) sw      ra, -44(t5)
core   0: 3 0x80001030 (0xfc1f2a23) mem 0x80000000 0x00000001
core   0: 0x80001034 (0xff5ff06f) j       pc - 0xc
core   0: 3 0x80001034 (0xff5ff06f)
core   0: 0x80001028 (0x00100093) li      ra, 1
core   0: 3 0x80001028 (0x00100093) x1  0x00000001
core   0: 0x8000102c (0xffffff17) auipc   t5, 0xfffff
core   0: 3 0x8000102c (0xffffff17) x30 0x8000002c
core   0: 0x80001030 (0xfc1f2a23) sw      ra, -44(t5)
core   0: 3 0x80001030 (0xfc1f2a23) mem 0x80000000 0x00000001
core   0: 0x80001034 (0xff5ff06f) j       pc - 0xc
core   0: 3 0x80001034 (0xff5ff06f)
core   0: 0x80001028 (0x00100093) li      ra, 1
core   0: 3 0x80001028 (0x00100093) x1  0x00000001
core   0: 0x8000102c (0xffffff17) auipc   t5, 0xfffff
core   0: 3 0x8000102c (0xffffff17) x30 0x8000002c
core   0: 0x80001030 (0xfc1f2a23) sw      ra, -44(t5)
core   0: 3 0x80001030 (0xfc1f2a23) mem 0x80000000 0x00000001
core   0: 0x80001034 (0xff5ff06f) j       pc - 0xc
core   0: 3 0x80001034 (0xff5ff06f)
core   0: 0x80001028 (0x00100093) li      ra, 1
core   0: 3 0x80001028 (0x00100093) x1  0x00000001
core   0: 0x8000102c (0xffffff17) auipc   t5, 0xfffff
core   0: 3 0x8000102c (0xffffff17) x30 0x8000002c
core   0: 0x80001030 (0xfc1f2a23) sw      ra, -44(t5)
core   0: 3 0x80001030 (0xfc1f2a23) mem 0x80000000 0x00000001
core   0: 0x80001034 (0xff5ff06f) j       pc - 0xc
core   0: 3 0x80001034 (0xff5ff06f)
core   0: 0x80001028 (0x00100093) li      ra, 1
core   0: 3 0x80001028 (0x00100093) x1  0x00000001
core   0: 0x8000102c (0xffffff17) auipc   t5, 0xfffff
core   0: 3 0x8000102c (0xffffff17) x30 0x8000002c
core   0: 0x80001030 (0xfc1f2a23) sw      ra, -44(t5)
core   0: 3 0x80001030 (0xfc1f2a23) mem 0x80000000 0x00000001
core   0: 0x80001034 (0xff5ff06f) j       pc - 0xc
core   0: 3 0x80001034 (0xff5ff06f)
core   0: 0x80001028 (0x00100093) li      ra, 1
core   0: 3 0x80001028 (0x00100093) x1  0x00000001
core   0: 0x8000102c (0xffffff17) auipc   t5, 0xfffff
core   0: 3 0x8000102c (0xffffff17) x30 0x8000002c
core   0: 0x80001030 (0xfc1f2a23) sw      ra, -44(t5)
core   0: 3 0x80001030 (0xfc1f2a23) mem 0x80000000 0x00000001
core   0: 0x80001034 (0xff5ff06f) j       pc - 0xc
core   0: 3 0x80001034 (0xff5ff06f)
core   0: 0x80001028 (0x00100093) li      ra, 1
core   0: 3 0x80001028 (0x00100093) x1  0x00000001
core   0: 0x8000102c (0xffffff17) auipc   t5, 0xfffff
core   0: 3 0x8000102c (0xffffff17) x30 0x8000002c
core   0: 0x80001030 (0xfc1f2a23) sw      ra, -44(t5)
core   0: 3 0x80001030 (0xfc1f2a23) mem 0x80000000 0x00000001
core   0: 0x80001034 (0xff5ff06f) j       pc - 0xc
core   0: 3 0x80001034 (0xff5ff06f)
core   0: 0x80001028 (0x00100093) li      ra, 1
core   0: 3 0x80001028 (0x00100093) x1  0x00000001
core   0: 0x8000102c (0xffffff17) auipc   t5, 0xfffff
core   0: 3 0x8000102c (0xffffff17) x30 0x8000002c
core   0: 0x80001030 (0xfc1f2a23) sw      ra, -44(t5)
core   0: 3 0x80001030 (0xfc1f2a23) mem 0x80000000 0x00000001
core   0: 0x80001034 (0xff5ff06f) j       pc - 0xc
core   0: 3 0x80001034 (0xff5ff06f)
core   0: 0x80001028 (0x00100093) li      ra, 1
core   0: 3 0x80001028 (0x00100093) x1  0x00000001
core   0: 0x8000102c (0xffffff17) auipc   t5, 0xfffff
core   0: 3 0x8000102c (0xffffff17) x30 0x8000002c
core   0: 0x80001030 (0xfc1f2a23) sw      ra, -44(t5)
core   0: 3 0x80001030 (0xfc1f2a23) mem 0x80000000 0x00000001
core   0: 0x80001034 (0xff5ff06f) j       pc - 0xc
core   0: 3 0x80001034 (0xff5ff06f)
core   0: 0x80001028 (0x00100093) li      ra, 1
core   0: 3 0x80001028 (0x00100093) x1  0x00000001
core   0: 0x8000102c (0xffffff17) auipc   t5, 0xfffff
core   0: 3 0x8000102c (0xffffff17) x30 0x8000002c
core   0: 0x80001030 (0xfc1f2a23) sw      ra, -44(t5)
core   0: 3 0x80001030 (0xfc1f2a23) mem 0x80000000 0x00000001
core   0: 0x80001034 (0xff5ff06f) j       pc - 0xc
core   0: 3 0x80001034 (0xff5ff06f)
core   0: 0x80001028 (0x00100093) li      ra, 1
core   0: 3 0x80001028 (0x00100093) x1  0x00000001
core   0: 0x8000102c (0xffffff17) auipc   t5, 0xfffff
core   0: 3 0x8000102c (0xffffff17) x30 0x8000002c
core   0: 0x80001030 (0xfc1f2a23) sw      ra, -44(t5)
core   0: 3 0x80001030 (0xfc1f2a23) mem 0x80000000 0x00000001
core   0: 0x80001034 (0xff5ff06f) j       pc - 0xc
core   0: 3 0x80001034 (0xff5ff06f)
core   0: 0x80001028 (0x00100093) li      ra, 1
core   0: 3 0x80001028 (0x00100093) x1  0x00000001
core   0: 0x8000102c (0xffffff17) auipc   t5, 0xfffff
core   0: 3 0x8000102c (0xffffff17) x30 0x8000002c
core   0: 0x80001030 (0xfc1f2a23) sw      ra, -44(t5)
core   0: 3 0x80001030 (0xfc1f2a23) mem 0x80000000 0x00000001
core   0: 0x80001034 (0xff5ff06f) j       pc - 0xc
core   0: 3 0x80001034 (0xff5ff06f)
core   0: 0x80001028 (0x00100093) li      ra, 1
core   0: 3 0x80001028 (0x00100093) x1  0x00000001
core   0: 0x8000102c (0xffffff17) auipc   t5, 0xfffff
core   0: 3 0x8000102c (0xffffff17) x30 0x8000002c
core   0: 0x80001030 (0xfc1f2a23) sw      ra, -44(t5)
core   0: 3 0x80001030 (0xfc1f2a23) mem 0x80000000 0x00000001
core   0: 0x80001034 (0xff5ff06f) j       pc - 0xc
core   0: 3 0x80001034 (0xff5ff06f)
core   0: 0x80001028 (0x00100093) li      ra, 1
core   0: 3 0x80001028 (0x00100093) x1  0x00000001
core   0: 0x8000102c (0xffffff17) auipc   t5, 0xfffff
core   0: 3 0x8000102c (0xffffff17) x30 0x8000002c
core   0: 0x80001030 (0xfc1f2a23) sw      ra, -44(t5)
core   0: 3 0x80001030 (0xfc1f2a23) mem 0x80000000 0x00000001
core   0: 0x80001034 (0xff5ff06f) j       pc - 0xc
core   0: 3 0x80001034 (0xff5ff06f)
core   0: 0x80001028 (0x00100093) li      ra, 1
core   0: 3 0x80001028 (0x00100093) x1  0x00000001
core   0: 0x8000102c (0xffffff17) auipc   t5, 0xfffff
core   0: 3 0x8000102c (0xffffff17) x30 0x8000002c
core   0: 0x80001030 (0xfc1f2a23) sw      ra, -44(t5)
core   0: 3 0x80001030 (0xfc1f2a23) mem 0x80000000 0x00000001
core   0: 0x80001034 (0xff5ff06f) j       pc - 0xc
core   0: 3 0x80001034 (0xff5ff06f)
core   0: 0x80001028 (0x00100093) li      ra, 1
core   0: 3 0x80001028 (0x00100093) x1  0x00000001
core   0: 0x8000102c (0xffffff17) auipc   t5, 0xfffff
core   0: 3 0x8000102c (0xffffff17) x30 0x8000002c
core   0: 0x80001030 (0xfc1f2a23) sw      ra, -44(t5)
core   0: 3 0x80001030 (0xfc1f2a23) mem 0x80000000 0x00000001
core   0: 0x80001034 (0xff5ff06f) j       pc - 0xc
core   0: 3 0x80001034 (0xff5ff06f)
core   0: 0x80001028 (0x00100093) li      ra, 1
core   0: 3 0x80001028 (0x00100093) x1  0x00000001
core   0: 0x8000102c (0xffffff17) auipc   t5, 0xfffff
core   0: 3 0x8000102c (0xffffff17) x30 0x8000002c
core   0: 0x80001030 (0xfc1f2a23) sw      ra, -44(t5)
core   0: 3 0x80001030 (0xfc1f2a23) mem 0x80000000 0x00000001
core   0: 0x80001034 (0xff5ff06f) j       pc - 0xc
core   0: 3 0x80001034 (0xff5ff06f)
core   0: 0x80001028 (0x00100093) li      ra, 1
core   0: 3 0x80001028 (0x00100093) x1  0x00000001
core   0: 0x8000102c (0xffffff17) auipc   t5, 0xfffff
core   0: 3 0x8000102c (0xffffff17) x30 0x8000002c
core   0: 0x80001030 (0xfc1f2a23) sw      ra, -44(t5)
core   0: 3 0x80001030 (0xfc1f2a23) mem 0x80000000 0x00000001
core   0: 0x80001034 (0xff5ff06f) j       pc - 0xc
core   0: 3 0x80001034 (0xff5ff06f)
core   0: 0x80001028 (0x00100093) li      ra, 1
core   0: 3 0x80001028 (0x00100093) x1  0x00000001
core   0: 0x8000102c (0xffffff17) auipc   t5, 0xfffff
core   0: 3 0x8000102c (0xffffff17) x30 0x8000002c
core   0: 0x80001030 (0xfc1f2a23) sw      ra, -44(t5)
core   0: 3 0x80001030 (0xfc1f2a23) mem 0x80000000 0x00000001
core   0: 0x80001034 (0xff5ff06f) j       pc - 0xc
core   0: 3 0x80001034 (0xff5ff06f)
core   0: 0x80001028 (0x00100093) li      ra, 1
core   0: 3 0x80001028 (0x00100093) x1  0x00000001
core   0: 0x8000102c (0xffffff17) auipc   t5, 0xfffff
core   0: 3 0x8000102c (0xffffff17) x30 0x8000002c
core   0: 0x80001030 (0xfc1f2a23) sw      ra, -44(t5)
core   0: 3 0x80001030 (0xfc1f2a23) mem 0x80000000 0x00000001
core   0: 0x80001034 (0xff5ff06f) j       pc - 0xc
core   0: 3 0x80001034 (0xff5ff06f)
core   0: 0x80001028 (0x00100093) li      ra, 1
core   0: 3 0x80001028 (0x00100093) x1  0x00000001
core   0: 0x8000102c (0xffffff17) auipc   t5, 0xfffff
core   0: 3 0x8000102c (0xffffff17) x30 0x8000002c
core   0: 0x80001030 (0xfc1f2a23) sw      ra, -44(t5)
core   0: 3 0x80001030 (0xfc1f2a23) mem 0x80000000 0x00000001
core   0: 0x80001034 (0xff5ff06f) j       pc - 0xc
core   0: 3 0x80001034 (0xff5ff06f)
core   0: 0x80001028 (0x00100093) li      ra, 1
core   0: 3 0x80001028 (0x00100093) x1  0x00000001
core   0: 0x8000102c (0xffffff17) auipc   t5, 0xfffff
core   0: 3 0x8000102c (0xffffff17) x30 0x8000002c
core   0: 0x80001030 (0xfc1f2a23) sw      ra, -44(t5)
core   0: 3 0x80001030 (0xfc1f2a23) mem 0x80000000 0x00000001
core   0: 0x80001034 (0xff5ff06f) j       pc - 0xc
core   0: 3 0x80001034 (0xff5ff06f)
core   0: 0x80001028 (0x00100093) li      ra, 1
core   0: 3 0x80001028 (0x00100093) x1  0x00000001
core   0: 0x8000102c (0xffffff17) auipc   t5, 0xfffff
core   0: 3 0x8000102c (0xffffff17) x30 0x8000002c
core   0: 0x80001030 (0xfc1f2a23) sw      ra, -44(t5)
core   0: 3 0x80001030 (0xfc1f2a23) mem 0x80000000 0x00000001
core   0: 0x80001034 (0xff5ff06f) j       pc - 0xc
core   0: 3 0x80001034 (0xff5ff06f)
core   0: 0x80001028 (0x00100093) li      ra, 1
core   0: 3 0x80001028 (0x00100093) x1  0x00000001
core   0: 0x8000102c (0xffffff17) auipc   t5, 0xfffff
core   0: 3 0x8000102c (0xffffff17) x30 0x8000002c
core   0: 0x80001030 (0xfc1f2a23) sw      ra, -44(t5)
core   0: 3 0x80001030 (0xfc1f2a23) mem 0x80000000 0x00000001
core   0: 0x80001034 (0xff5ff06f) j       pc - 0xc
core   0: 3 0x80001034 (0xff5ff06f)
core   0: 0x80001028 (0x00100093) li      ra, 1
core   0: 3 0x80001028 (0x00100093) x1  0x00000001
core   0: 0x8000102c (0xffffff17) auipc   t5, 0xfffff
core   0: 3 0x8000102c (0xffffff17) x30 0x8000002c
core   0: 0x80001030 (0xfc1f2a23) sw      ra, -44(t5)
core   0: 3 0x80001030 (0xfc1f2a23) mem 0x80000000 0x00000001
core   0: 0x80001034 (0xff5ff06f) j       pc - 0xc
core   0: 3 0x80001034 (0xff5ff06f)
core   0: 0x80001028 (0x00100093) li      ra, 1
core   0: 3 0x80001028 (0x00100093) x1  0x00000001
core   0: 0x8000102c (0xffffff17) auipc   t5, 0xfffff
core   0: 3 0x8000102c (0xffffff17) x30 0x8000002c
core   0: 0x80001030 (0xfc1f2a23) sw      ra, -44(t5)
core   0: 3 0x80001030 (0xfc1f2a23) mem 0x80000000 0x00000001
core   0: 0x80001034 (0xff5ff06f) j       pc - 0xc
core   0: 3 0x80001034 (0xff5ff06f)
core   0: 0x80001028 (0x00100093) li      ra, 1
core   0: 3 0x80001028 (0x00100093) x1  0x00000001
core   0: 0x8000102c (0xffffff17) auipc   t5, 0xfffff
core   0: 3 0x8000102c (0xffffff17) x30 0x8000002c
core   0: 0x80001030 (0xfc1f2a23) sw      ra, -44(t5)
core   0: 3 0x80001030 (0xfc1f2a23) mem 0x80000000 0x00000001
core   0: 0x80001034 (0xff5ff06f) j       pc - 0xc
core   0: 3 0x80001034 (0xff5ff06f)
core   0: 0x80001028 (0x00100093) li      ra, 1
core   0: 3 0x80001028 (0x00100093) x1  0x00000001
core   0: 0x8000102c (0xffffff17) auipc   t5, 0xfffff
core   0: 3 0x8000102c (0xffffff17) x30 0x8000002c
core   0: 0x80001030 (0xfc1f2a23) sw      ra, -44(t5)
core   0: 3 0x80001030 (0xfc1f2a23) mem 0x80000000 0x00000001
core   0: 0x80001034 (0xff5ff06f) j       pc - 0xc
core   0: 3 0x80001034 (0xff5ff06f)
core   0: 0x80001028 (0x00100093) li      ra, 1
core   0: 3 0x80001028 (0x00100093) x1  0x00000001
core   0: 0x8000102c (0xffffff17) auipc   t5, 0xfffff
core   0: 3 0x8000102c (0xffffff17) x30 0x8000002c
core   0: 0x80001030 (0xfc1f2a23) sw      ra, -44(t5)
core   0: 3 0x80001030 (0xfc1f2a23) mem 0x80000000 0x00000001
core   0: 0x80001034 (0xff5ff06f) j       pc - 0xc
core   0: 3 0x80001034 (0xff5ff06f)
core   0: 0x80001028 (0x00100093) li      ra, 1
core   0: 3 0x80001028 (0x00100093) x1  0x00000001
core   0: 0x8000102c (0xffffff17) auipc   t5, 0xfffff
core   0: 3 0x8000102c (0xffffff17) x30 0x8000002c
core   0: 0x80001030 (0xfc1f2a23) sw      ra, -44(t5)
core   0: 3 0x80001030 (0xfc1f2a23) mem 0x80000000 0x00000001
core   0: 0x80001034 (0xff5ff06f) j       pc - 0xc
core   0: 3 0x80001034 (0xff5ff06f)
core   0: 0x80001028 (0x00100093) li      ra, 1
core   0: 3 0x80001028 (0x00100093) x1  0x00000001
core   0: 0x8000102c (0xffffff17) auipc   t5, 0xfffff
core   0: 3 0x8000102c (0xffffff17) x30 0x8000002c
core   0: 0x80001030 (0xfc1f2a23) sw      ra, -44(t5)
core   0: 3 0x80001030 (0xfc1f2a23) mem 0x80000000 0x00000001
core   0: 0x80001034 (0xff5ff06f) j       pc - 0xc
core   0: 3 0x80001034 (0xff5ff06f)
core   0: 0x80001028 (0x00100093) li      ra, 1
core   0: 3 0x80001028 (0x00100093) x1  0x00000001
core   0: 0x8000102c (0xffffff17) auipc   t5, 0xfffff
core   0: 3 0x8000102c (0xffffff17) x30 0x8000002c
core   0: 0x80001030 (0xfc1f2a23) sw      ra, -44(t5)
core   0: 3 0x80001030 (0xfc1f2a23) mem 0x80000000 0x00000001
core   0: 0x80001034 (0xff5ff06f) j       pc - 0xc
core   0: 3 0x80001034 (0xff5ff06f)
core   0: 0x80001028 (0x00100093) li      ra, 1
core   0: 3 0x80001028 (0x00100093) x1  0x00000001
core   0: 0x8000102c (0xffffff17) auipc   t5, 0xfffff
core   0: 3 0x8000102c (0xffffff17) x30 0x8000002c
core   0: 0x80001030 (0xfc1f2a23) sw      ra, -44(t5)
core   0: 3 0x80001030 (0xfc1f2a23) mem 0x80000000 0x00000001
core   0: 0x80001034 (0xff5ff06f) j       pc - 0xc
core   0: 3 0x80001034 (0xff5ff06f)
core   0: 0x80001028 (0x00100093) li      ra, 1
core   0: 3 0x80001028 (0x00100093) x1  0x00000001
core   0: 0x8000102c (0xffffff17) auipc   t5, 0xfffff
core   0: 3 0x8000102c (0xffffff17) x30 0x8000002c
core   0: 0x80001030 (0xfc1f2a23) sw      ra, -44(t5)
core   0: 3 0x80001030 (0xfc1f2a23) mem 0x80000000 0x00000001
core   0: 0x80001034 (0xff5ff06f) j       pc - 0xc
core   0: 3 0x80001034 (0xff5ff06f)
core   0: 0x80001028 (0x00100093) li      ra, 1
core   0: 3 0x80001028 (0x00100093) x1  0x00000001
core   0: 0x8000102c (0xffffff17) auipc   t5, 0xfffff
core   0: 3 0x8000102c (0xffffff17) x30 0x8000002c
core   0: 0x80001030 (0xfc1f2a23) sw      ra, -44(t5)
core   0: 3 0x80001030 (0xfc1f2a23) mem 0x80000000 0x00000001
core   0: 0x80001034 (0xff5ff06f) j       pc - 0xc
core   0: 3 0x80001034 (0xff5ff06f)
core   0: 0x80001028 (0x00100093) li      ra, 1
core   0: 3 0x80001028 (0x00100093) x1  0x00000001
core   0: 0x8000102c (0xffffff17) auipc   t5, 0xfffff
core   0: 3 0x8000102c (0xffffff17) x30 0x8000002c
core   0: 0x80001030 (0xfc1f2a23) sw      ra, -44(t5)
core   0: 3 0x80001030 (0xfc1f2a23) mem 0x80000000 0x00000001
core   0: 0x80001034 (0xff5ff06f) j       pc - 0xc
core   0: 3 0x80001034 (0xff5ff06f)
core   0: 0x80001028 (0x00100093) li      ra, 1
core   0: 3 0x80001028 (0x00100093) x1  0x00000001
core   0: 0x8000102c (0xffffff17) auipc   t5, 0xfffff
core   0: 3 0x8000102c (0xffffff17) x30 0x8000002c
core   0: 0x80001030 (0xfc1f2a23) sw      ra, -44(t5)
core   0: 3 0x80001030 (0xfc1f2a23) mem 0x80000000 0x00000001
core   0: 0x80001034 (0xff5ff06f) j       pc - 0xc
core   0: 3 0x80001034 (0xff5ff06f)
core   0: 0x80001028 (0x00100093) li      ra, 1
core   0: 3 0x80001028 (0x00100093) x1  0x00000001
core   0: 0x8000102c (0xffffff17) auipc   t5, 0xfffff
core   0: 3 0x8000102c (0xffffff17) x30 0x8000002c
core   0: 0x80001030 (0xfc1f2a23) sw      ra, -44(t5)
core   0: 3 0x80001030 (0xfc1f2a23) mem 0x80000000 0x00000001
core   0: 0x80001034 (0xff5ff06f) j       pc - 0xc
core   0: 3 0x80001034 (0xff5ff06f)
core   0: 0x80001028 (0x00100093) li      ra, 1
core   0: 3 0x80001028 (0x00100093) x1  0x00000001
core   0: 0x8000102c (0xffffff17) auipc   t5, 0xfffff
core   0: 3 0x8000102c (0xffffff17) x30 0x8000002c
core   0: 0x80001030 (0xfc1f2a23) sw      ra, -44(t5)
core   0: 3 0x80001030 (0xfc1f2a23) mem 0x80000000 0x00000001
core   0: 0x80001034 (0xff5ff06f) j       pc - 0xc
core   0: 3 0x80001034 (0xff5ff06f)
core   0: 0x80001028 (0x00100093) li      ra, 1
core   0: 3 0x80001028 (0x00100093) x1  0x00000001
core   0: 0x8000102c (0xffffff17) auipc   t5, 0xfffff
core   0: 3 0x8000102c (0xffffff17) x30 0x8000002c
core   0: 0x80001030 (0xfc1f2a23) sw      ra, -44(t5)
core   0: 3 0x80001030 (0xfc1f2a23) mem 0x80000000 0x00000001
core   0: 0x80001034 (0xff5ff06f) j       pc - 0xc
core   0: 3 0x80001034 (0xff5ff06f)
core   0: 0x80001028 (0x00100093) li      ra, 1
core   0: 3 0x80001028 (0x00100093) x1  0x00000001
core   0: 0x8000102c (0xffffff17) auipc   t5, 0xfffff
core   0: 3 0x8000102c (0xffffff17) x30 0x8000002c
core   0: 0x80001030 (0xfc1f2a23) sw      ra, -44(t5)
core   0: 3 0x80001030 (0xfc1f2a23) mem 0x80000000 0x00000001
core   0: 0x80001034 (0xff5ff06f) j       pc - 0xc
core   0: 3 0x80001034 (0xff5ff06f)
core   0: 0x80001028 (0x00100093) li      ra, 1
core   0: 3 0x80001028 (0x00100093) x1  0x00000001
core   0: 0x8000102c (0xffffff17) auipc   t5, 0xfffff
core   0: 3 0x8000102c (0xffffff17) x30 0x8000002c
core   0: 0x80001030 (0xfc1f2a23) sw      ra, -44(t5)
core   0: 3 0x80001030 (0xfc1f2a23) mem 0x80000000 0x00000001
core   0: 0x80001034 (0xff5ff06f) j       pc - 0xc
core   0: 3 0x80001034 (0xff5ff06f)
core   0: 0x80001028 (0x00100093) li      ra, 1
core   0: 3 0x80001028 (0x00100093) x1  0x00000001
core   0: 0x8000102c (0xffffff17) auipc   t5, 0xfffff
core   0: 3 0x8000102c (0xffffff17) x30 0x8000002c
core   0: 0x80001030 (0xfc1f2a23) sw      ra, -44(t5)
core   0: 3 0x80001030 (0xfc1f2a23) mem 0x80000000 0x00000001
core   0: 0x80001034 (0xff5ff06f) j       pc - 0xc
core   0: 3 0x80001034 (0xff5ff06f)
core   0: 0x80001028 (0x00100093) li      ra, 1
core   0: 3 0x80001028 (0x00100093) x1  0x00000001
core   0: 0x8000102c (0xffffff17) auipc   t5, 0xfffff
core   0: 3 0x8000102c (0xffffff17) x30 0x8000002c
core   0: 0x80001030 (0xfc1f2a23) sw      ra, -44(t5)
core   0: 3 0x80001030 (0xfc1f2a23) mem 0x80000000 0x00000001
core   0: 0x80001034 (0xff5ff06f) j       pc - 0xc
core   0: 3 0x80001034 (0xff5ff06f)
core   0: 0x80001028 (0x00100093) li      ra, 1
core   0: 3 0x80001028 (0x00100093) x1  0x00000001
core   0: 0x8000102c (0xffffff17) auipc   t5, 0xfffff
core   0: 3 0x8000102c (0xffffff17) x30 0x8000002c
core   0: 0x80001030 (0xfc1f2a23) sw      ra, -44(t5)
core   0: 3 0x80001030 (0xfc1f2a23) mem 0x80000000 0x00000001
core   0: 0x80001034 (0xff5ff06f) j       pc - 0xc
core   0: 3 0x80001034 (0xff5ff06f)
core   0: 0x80001028 (0x00100093) li      ra, 1
core   0: 3 0x80001028 (0x00100093) x1  0x00000001
core   0: 0x8000102c (0xffffff17) auipc   t5, 0xfffff
core   0: 3 0x8000102c (0xffffff17) x30 0x8000002c
core   0: 0x80001030 (0xfc1f2a23) sw      ra, -44(t5)
core   0: 3 0x80001030 (0xfc1f2a23) mem 0x80000000 0x00000001
core   0: 0x80001034 (0xff5ff06f) j       pc - 0xc
core   0: 3 0x80001034 (0xff5ff06f)
core   0: 0x80001028 (0x00100093) li      ra, 1
core   0: 3 0x80001028 (0x00100093) x1  0x00000001
core   0: 0x8000102c (0xffffff17) auipc   t5, 0xfffff
core   0: 3 0x8000102c (0xffffff17) x30 0x8000002c
core   0: 0x80001030 (0xfc1f2a23) sw      ra, -44(t5)
core   0: 3 0x80001030 (0xfc1f2a23) mem 0x80000000 0x00000001
core   0: 0x80001034 (0xff5ff06f) j       pc - 0xc
core   0: 3 0x80001034 (0xff5ff06f)
core   0: 0x80001028 (0x00100093) li      ra, 1
core   0: 3 0x80001028 (0x00100093) x1  0x00000001
core   0: 0x8000102c (0xffffff17) auipc   t5, 0xfffff
core   0: 3 0x8000102c (0xffffff17) x30 0x8000002c
core   0: 0x80001030 (0xfc1f2a23) sw      ra, -44(t5)
core   0: 3 0x80001030 (0xfc1f2a23) mem 0x80000000 0x00000001
core   0: 0x80001034 (0xff5ff06f) j       pc - 0xc
core   0: 3 0x80001034 (0xff5ff06f)
core   0: 0x80001028 (0x00100093) li      ra, 1
core   0: 3 0x80001028 (0x00100093) x1  0x00000001
core   0: 0x8000102c (0xffffff17) auipc   t5, 0xfffff
core   0: 3 0x8000102c (0xffffff17) x30 0x8000002c
core   0: 0x80001030 (0xfc1f2a23) sw      ra, -44(t5)
core   0: 3 0x80001030 (0xfc1f2a23) mem 0x80000000 0x00000001
core   0: 0x80001034 (0xff5ff06f) j       pc - 0xc
core   0: 3 0x80001034 (0xff5ff06f)
core   0: 0x80001028 (0x00100093) li      ra, 1
core   0: 3 0x80001028 (0x00100093) x1  0x00000001
core   0: 0x8000102c (0xffffff17) auipc   t5, 0xfffff
core   0: 3 0x8000102c (0xffffff17) x30 0x8000002c
core   0: 0x80001030 (0xfc1f2a23) sw      ra, -44(t5)
core   0: 3 0x80001030 (0xfc1f2a23) mem 0x80000000 0x00000001
core   0: 0x80001034 (0xff5ff06f) j       pc - 0xc
core   0: 3 0x80001034 (0xff5ff06f)
core   0: 0x80001028 (0x00100093) li      ra, 1
core   0: 3 0x80001028 (0x00100093) x1  0x00000001
core   0: 0x8000102c (0xffffff17) auipc   t5, 0xfffff
core   0: 3 0x8000102c (0xffffff17) x30 0x8000002c
core   0: 0x80001030 (0xfc1f2a23) sw      ra, -44(t5)
core   0: 3 0x80001030 (0xfc1f2a23) mem 0x80000000 0x00000001
core   0: 0x80001034 (0xff5ff06f) j       pc - 0xc
core   0: 3 0x80001034 (0xff5ff06f)
core   0: 0x80001028 (0x00100093) li      ra, 1
core   0: 3 0x80001028 (0x00100093) x1  0x00000001
core   0: 0x8000102c (0xffffff17) auipc   t5, 0xfffff
core   0: 3 0x8000102c (0xffffff17) x30 0x8000002c
core   0: 0x80001030 (0xfc1f2a23) sw      ra, -44(t5)
core   0: 3 0x80001030 (0xfc1f2a23) mem 0x80000000 0x00000001
core   0: 0x80001034 (0xff5ff06f) j       pc - 0xc
core   0: 3 0x80001034 (0xff5ff06f)
core   0: 0x80001028 (0x00100093) li      ra, 1
core   0: 3 0x80001028 (0x00100093) x1  0x00000001
core   0: 0x8000102c (0xffffff17) auipc   t5, 0xfffff
core   0: 3 0x8000102c (0xffffff17) x30 0x8000002c
core   0: 0x80001030 (0xfc1f2a23) sw      ra, -44(t5)
core   0: 3 0x80001030 (0xfc1f2a23) mem 0x80000000 0x00000001
core   0: 0x80001034 (0xff5ff06f) j       pc - 0xc
core   0: 3 0x80001034 (0xff5ff06f)
core   0: 0x80001028 (0x00100093) li      ra, 1
core   0: 3 0x80001028 (0x00100093) x1  0x00000001
core   0: 0x8000102c (0xffffff17) auipc   t5, 0xfffff
core   0: 3 0x8000102c (0xffffff17) x30 0x8000002c
core   0: 0x80001030 (0xfc1f2a23) sw      ra, -44(t5)
core   0: 3 0x80001030 (0xfc1f2a23) mem 0x80000000 0x00000001
core   0: 0x80001034 (0xff5ff06f) j       pc - 0xc
core   0: 3 0x80001034 (0xff5ff06f)
core   0: 0x80001028 (0x00100093) li      ra, 1
core   0: 3 0x80001028 (0x00100093) x1  0x00000001
core   0: 0x8000102c (0xffffff17) auipc   t5, 0xfffff
core   0: 3 0x8000102c (0xffffff17) x30 0x8000002c
core   0: 0x80001030 (0xfc1f2a23) sw      ra, -44(t5)
core   0: 3 0x80001030 (0xfc1f2a23) mem 0x80000000 0x00000001
core   0: 0x80001034 (0xff5ff06f) j       pc - 0xc
core   0: 3 0x80001034 (0xff5ff06f)
core   0: 0x80001028 (0x00100093) li      ra, 1
core   0: 3 0x80001028 (0x00100093) x1  0x00000001
core   0: 0x8000102c (0xffffff17) auipc   t5, 0xfffff
core   0: 3 0x8000102c (0xffffff17) x30 0x8000002c
core   0: 0x80001030 (0xfc1f2a23) sw      ra, -44(t5)
core   0: 3 0x80001030 (0xfc1f2a23) mem 0x80000000 0x00000001
core   0: 0x80001034 (0xff5ff06f) j       pc - 0xc
core   0: 3 0x80001034 (0xff5ff06f)
core   0: 0x80001028 (0x00100093) li      ra, 1
core   0: 3 0x80001028 (0x00100093) x1  0x00000001
core   0: 0x8000102c (0xffffff17) auipc   t5, 0xfffff
core   0: 3 0x8000102c (0xffffff17) x30 0x8000002c
core   0: 0x80001030 (0xfc1f2a23) sw      ra, -44(t5)
core   0: 3 0x80001030 (0xfc1f2a23) mem 0x80000000 0x00000001
core   0: 0x80001034 (0xff5ff06f) j       pc - 0xc
core   0: 3 0x80001034 (0xff5ff06f)
core   0: 0x80001028 (0x00100093) li      ra, 1
core   0: 3 0x80001028 (0x00100093) x1  0x00000001
core   0: 0x8000102c (0xffffff17) auipc   t5, 0xfffff
core   0: 3 0x8000102c (0xffffff17) x30 0x8000002c
core   0: 0x80001030 (0xfc1f2a23) sw      ra, -44(t5)
core   0: 3 0x80001030 (0xfc1f2a23) mem 0x80000000 0x00000001
core   0: 0x80001034 (0xff5ff06f) j       pc - 0xc
core   0: 3 0x80001034 (0xff5ff06f)
core   0: 0x80001028 (0x00100093) li      ra, 1
core   0: 3 0x80001028 (0x00100093) x1  0x00000001
core   0: 0x8000102c (0xffffff17) auipc   t5, 0xfffff
core   0: 3 0x8000102c (0xffffff17) x30 0x8000002c
core   0: 0x80001030 (0xfc1f2a23) sw      ra, -44(t5)
core   0: 3 0x80001030 (0xfc1f2a23) mem 0x80000000 0x00000001
core   0: 0x80001034 (0xff5ff06f) j       pc - 0xc
core   0: 3 0x80001034 (0xff5ff06f)
core   0: 0x80001028 (0x00100093) li      ra, 1
core   0: 3 0x80001028 (0x00100093) x1  0x00000001
core   0: 0x8000102c (0xffffff17) auipc   t5, 0xfffff
core   0: 3 0x8000102c (0xffffff17) x30 0x8000002c
core   0: 0x80001030 (0xfc1f2a23) sw      ra, -44(t5)
core   0: 3 0x80001030 (0xfc1f2a23) mem 0x80000000 0x00000001
core   0: 0x80001034 (0xff5ff06f) j       pc - 0xc
core   0: 3 0x80001034 (0xff5ff06f)
core   0: 0x80001028 (0x00100093) li      ra, 1
core   0: 3 0x80001028 (0x00100093) x1  0x00000001
core   0: 0x8000102c (0xffffff17) auipc   t5, 0xfffff
core   0: 3 0x8000102c (0xffffff17) x30 0x8000002c
core   0: 0x80001030 (0xfc1f2a23) sw      ra, -44(t5)
core   0: 3 0x80001030 (0xfc1f2a23) mem 0x80000000 0x00000001
core   0: 0x80001034 (0xff5ff06f) j       pc - 0xc
core   0: 3 0x80001034 (0xff5ff06f)
core   0: 0x80001028 (0x00100093) li      ra, 1
core   0: 3 0x80001028 (0x00100093) x1  0x00000001
core   0: 0x8000102c (0xffffff17) auipc   t5, 0xfffff
core   0: 3 0x8000102c (0xffffff17) x30 0x8000002c
core   0: 0x80001030 (0xfc1f2a23) sw      ra, -44(t5)
core   0: 3 0x80001030 (0xfc1f2a23) mem 0x80000000 0x00000001
core   0: 0x80001034 (0xff5ff06f) j       pc - 0xc
core   0: 3 0x80001034 (0xff5ff06f)
core   0: 0x80001028 (0x00100093) li      ra, 1
core   0: 3 0x80001028 (0x00100093) x1  0x00000001
core   0: 0x8000102c (0xffffff17) auipc   t5, 0xfffff
core   0: 3 0x8000102c (0xffffff17) x30 0x8000002c
core   0: 0x80001030 (0xfc1f2a23) sw      ra, -44(t5)
core   0: 3 0x80001030 (0xfc1f2a23) mem 0x80000000 0x00000001
core   0: 0x80001034 (0xff5ff06f) j       pc - 0xc
core   0: 3 0x80001034 (0xff5ff06f)
core   0: 0x80001028 (0x00100093) li      ra, 1
core   0: 3 0x80001028 (0x00100093) x1  0x00000001
core   0: 0x8000102c (0xffffff17) auipc   t5, 0xfffff
core   0: 3 0x8000102c (0xffffff17) x30 0x8000002c
core   0: 0x80001030 (0xfc1f2a23) sw      ra, -44(t5)
core   0: 3 0x80001030 (0xfc1f2a23) mem 0x80000000 0x00000001
core   0: 0x80001034 (0xff5ff06f) j       pc - 0xc
core   0: 3 0x80001034 (0xff5ff06f)
core   0: 0x80001028 (0x00100093) li      ra, 1
core   0: 3 0x80001028 (0x00100093) x1  0x00000001
core   0: 0x8000102c (0xffffff17) auipc   t5, 0xfffff
core   0: 3 0x8000102c (0xffffff17) x30 0x8000002c
core   0: 0x80001030 (0xfc1f2a23) sw      ra, -44(t5)
core   0: 3 0x80001030 (0xfc1f2a23) mem 0x80000000 0x00000001
core   0: 0x80001034 (0xff5ff06f) j       pc - 0xc
core   0: 3 0x80001034 (0xff5ff06f)
core   0: 0x80001028 (0x00100093) li      ra, 1
core   0: 3 0x80001028 (0x00100093) x1  0x00000001
core   0: 0x8000102c (0xffffff17) auipc   t5, 0xfffff
core   0: 3 0x8000102c (0xffffff17) x30 0x8000002c
core   0: 0x80001030 (0xfc1f2a23) sw      ra, -44(t5)
core   0: 3 0x80001030 (0xfc1f2a23) mem 0x80000000 0x00000001
core   0: 0x80001034 (0xff5ff06f) j       pc - 0xc
core   0: 3 0x80001034 (0xff5ff06f)
core   0: 0x80001028 (0x00100093) li      ra, 1
core   0: 3 0x80001028 (0x00100093) x1  0x00000001
core   0: 0x8000102c (0xffffff17) auipc   t5, 0xfffff
core   0: 3 0x8000102c (0xffffff17) x30 0x8000002c
core   0: 0x80001030 (0xfc1f2a23) sw      ra, -44(t5)
core   0: 3 0x80001030 (0xfc1f2a23) mem 0x80000000 0x00000001
core   0: 0x80001034 (0xff5ff06f) j       pc - 0xc
core   0: 3 0x80001034 (0xff5ff06f)
core   0: 0x80001028 (0x00100093) li      ra, 1
core   0: 3 0x80001028 (0x00100093) x1  0x00000001
core   0: 0x8000102c (0xffffff17) auipc   t5, 0xfffff
core   0: 3 0x8000102c (0xffffff17) x30 0x8000002c
core   0: 0x80001030 (0xfc1f2a23) sw      ra, -44(t5)
core   0: 3 0x80001030 (0xfc1f2a23) mem 0x80000000 0x00000001
core   0: 0x80001034 (0xff5ff06f) j       pc - 0xc
core   0: 3 0x80001034 (0xff5ff06f)
core   0: 0x80001028 (0x00100093) li      ra, 1
core   0: 3 0x80001028 (0x00100093) x1  0x00000001
core   0: 0x8000102c (0xffffff17) auipc   t5, 0xfffff
core   0: 3 0x8000102c (0xffffff17) x30 0x8000002c
core   0: 0x80001030 (0xfc1f2a23) sw      ra, -44(t5)
core   0: 3 0x80001030 (0xfc1f2a23) mem 0x80000000 0x00000001
core   0: 0x80001034 (0xff5ff06f) j       pc - 0xc
core   0: 3 0x80001034 (0xff5ff06f)
core   0: 0x80001028 (0x00100093) li      ra, 1
core   0: 3 0x80001028 (0x00100093) x1  0x00000001
core   0: 0x8000102c (0xffffff17) auipc   t5, 0xfffff
core   0: 3 0x8000102c (0xffffff17) x30 0x8000002c
core   0: 0x80001030 (0xfc1f2a23) sw      ra, -44(t5)
core   0: 3 0x80001030 (0xfc1f2a23) mem 0x80000000 0x00000001
core   0: 0x80001034 (0xff5ff06f) j       pc - 0xc
core   0: 3 0x80001034 (0xff5ff06f)
core   0: 0x80001028 (0x00100093) li      ra, 1
core   0: 3 0x80001028 (0x00100093) x1  0x00000001
core   0: 0x8000102c (0xffffff17) auipc   t5, 0xfffff
core   0: 3 0x8000102c (0xffffff17) x30 0x8000002c
core   0: 0x80001030 (0xfc1f2a23) sw      ra, -44(t5)
core   0: 3 0x80001030 (0xfc1f2a23) mem 0x80000000 0x00000001
core   0: 0x80001034 (0xff5ff06f) j       pc - 0xc
core   0: 3 0x80001034 (0xff5ff06f)
core   0: 0x80001028 (0x00100093) li      ra, 1
core   0: 3 0x80001028 (0x00100093) x1  0x00000001
core   0: 0x8000102c (0xffffff17) auipc   t5, 0xfffff
core   0: 3 0x8000102c (0xffffff17) x30 0x8000002c
core   0: 0x80001030 (0xfc1f2a23) sw      ra, -44(t5)
core   0: 3 0x80001030 (0xfc1f2a23) mem 0x80000000 0x00000001
core   0: 0x80001034 (0xff5ff06f) j       pc - 0xc
core   0: 3 0x80001034 (0xff5ff06f)
core   0: 0x80001028 (0x00100093) li      ra, 1
core   0: 3 0x80001028 (0x00100093) x1  0x00000001
core   0: 0x8000102c (0xffffff17) auipc   t5, 0xfffff
core   0: 3 0x8000102c (0xffffff17) x30 0x8000002c
core   0: 0x80001030 (0xfc1f2a23) sw      ra, -44(t5)
core   0: 3 0x80001030 (0xfc1f2a23) mem 0x80000000 0x00000001
core   0: 0x80001034 (0xff5ff06f) j       pc - 0xc
core   0: 3 0x80001034 (0xff5ff06f)
core   0: 0x80001028 (0x00100093) li      ra, 1
core   0: 3 0x80001028 (0x00100093) x1  0x00000001
core   0: 0x8000102c (0xffffff17) auipc   t5, 0xfffff
core   0: 3 0x8000102c (0xffffff17) x30 0x8000002c
core   0: 0x80001030 (0xfc1f2a23) sw      ra, -44(t5)
core   0: 3 0x80001030 (0xfc1f2a23) mem 0x80000000 0x00000001
core   0: 0x80001034 (0xff5ff06f) j       pc - 0xc
core   0: 3 0x80001034 (0xff5ff06f)
core   0: 0x80001028 (0x00100093) li      ra, 1
core   0: 3 0x80001028 (0x00100093) x1  0x00000001
core   0: 0x8000102c (0xffffff17) auipc   t5, 0xfffff
core   0: 3 0x8000102c (0xffffff17) x30 0x8000002c
core   0: 0x80001030 (0xfc1f2a23) sw      ra, -44(t5)
core   0: 3 0x80001030 (0xfc1f2a23) mem 0x80000000 0x00000001
core   0: 0x80001034 (0xff5ff06f) j       pc - 0xc
core   0: 3 0x80001034 (0xff5ff06f)
core   0: 0x80001028 (0x00100093) li      ra, 1
core   0: 3 0x80001028 (0x00100093) x1  0x00000001
core   0: 0x8000102c (0xffffff17) auipc   t5, 0xfffff
core   0: 3 0x8000102c (0xffffff17) x30 0x8000002c
core   0: 0x80001030 (0xfc1f2a23) sw      ra, -44(t5)
core   0: 3 0x80001030 (0xfc1f2a23) mem 0x80000000 0x00000001
core   0: 0x80001034 (0xff5ff06f) j       pc - 0xc
core   0: 3 0x80001034 (0xff5ff06f)
core   0: 0x80001028 (0x00100093) li      ra, 1
core   0: 3 0x80001028 (0x00100093) x1  0x00000001
core   0: 0x8000102c (0xffffff17) auipc   t5, 0xfffff
core   0: 3 0x8000102c (0xffffff17) x30 0x8000002c
core   0: 0x80001030 (0xfc1f2a23) sw      ra, -44(t5)
core   0: 3 0x80001030 (0xfc1f2a23) mem 0x80000000 0x00000001
core   0: 0x80001034 (0xff5ff06f) j       pc - 0xc
core   0: 3 0x80001034 (0xff5ff06f)
core   0: 0x80001028 (0x00100093) li      ra, 1
core   0: 3 0x80001028 (0x00100093) x1  0x00000001
core   0: 0x8000102c (0xffffff17) auipc   t5, 0xfffff
core   0: 3 0x8000102c (0xffffff17) x30 0x8000002c
core   0: 0x80001030 (0xfc1f2a23) sw      ra, -44(t5)
core   0: 3 0x80001030 (0xfc1f2a23) mem 0x80000000 0x00000001
core   0: 0x80001034 (0xff5ff06f) j       pc - 0xc
core   0: 3 0x80001034 (0xff5ff06f)
core   0: 0x80001028 (0x00100093) li      ra, 1
core   0: 3 0x80001028 (0x00100093) x1  0x00000001
core   0: 0x8000102c (0xffffff17) auipc   t5, 0xfffff
core   0: 3 0x8000102c (0xffffff17) x30 0x8000002c
core   0: 0x80001030 (0xfc1f2a23) sw      ra, -44(t5)
core   0: 3 0x80001030 (0xfc1f2a23) mem 0x80000000 0x00000001
core   0: 0x80001034 (0xff5ff06f) j       pc - 0xc
core   0: 3 0x80001034 (0xff5ff06f)
core   0: 0x80001028 (0x00100093) li      ra, 1
core   0: 3 0x80001028 (0x00100093) x1  0x00000001
core   0: 0x8000102c (0xffffff17) auipc   t5, 0xfffff
core   0: 3 0x8000102c (0xffffff17) x30 0x8000002c
core   0: 0x80001030 (0xfc1f2a23) sw      ra, -44(t5)
core   0: 3 0x80001030 (0xfc1f2a23) mem 0x80000000 0x00000001
core   0: 0x80001034 (0xff5ff06f) j       pc - 0xc
core   0: 3 0x80001034 (0xff5ff06f)
core   0: 0x80001028 (0x00100093) li      ra, 1
core   0: 3 0x80001028 (0x00100093) x1  0x00000001
core   0: 0x8000102c (0xffffff17) auipc   t5, 0xfffff
core   0: 3 0x8000102c (0xffffff17) x30 0x8000002c
core   0: 0x80001030 (0xfc1f2a23) sw      ra, -44(t5)
core   0: 3 0x80001030 (0xfc1f2a23) mem 0x80000000 0x00000001
core   0: 0x80001034 (0xff5ff06f) j       pc - 0xc
core   0: 3 0x80001034 (0xff5ff06f)
core   0: 0x80001028 (0x00100093) li      ra, 1
core   0: 3 0x80001028 (0x00100093) x1  0x00000001
core   0: 0x8000102c (0xffffff17) auipc   t5, 0xfffff
core   0: 3 0x8000102c (0xffffff17) x30 0x8000002c
core   0: 0x80001030 (0xfc1f2a23) sw      ra, -44(t5)
core   0: 3 0x80001030 (0xfc1f2a23) mem 0x80000000 0x00000001
core   0: 0x80001034 (0xff5ff06f) j       pc - 0xc
core   0: 3 0x80001034 (0xff5ff06f)
core   0: 0x80001028 (0x00100093) li      ra, 1
core   0: 3 0x80001028 (0x00100093) x1  0x00000001
core   0: 0x8000102c (0xffffff17) auipc   t5, 0xfffff
core   0: 3 0x8000102c (0xffffff17) x30 0x8000002c
core   0: 0x80001030 (0xfc1f2a23) sw      ra, -44(t5)
core   0: 3 0x80001030 (0xfc1f2a23) mem 0x80000000 0x00000001
core   0: 0x80001034 (0xff5ff06f) j       pc - 0xc
core   0: 3 0x80001034 (0xff5ff06f)
core   0: 0x80001028 (0x00100093) li      ra, 1
core   0: 3 0x80001028 (0x00100093) x1  0x00000001
core   0: 0x8000102c (0xffffff17) auipc   t5, 0xfffff
core   0: 3 0x8000102c (0xffffff17) x30 0x8000002c
core   0: 0x80001030 (0xfc1f2a23) sw      ra, -44(t5)
core   0: 3 0x80001030 (0xfc1f2a23) mem 0x80000000 0x00000001
core   0: 0x80001034 (0xff5ff06f) j       pc - 0xc
core   0: 3 0x80001034 (0xff5ff06f)
core   0: 0x80001028 (0x00100093) li      ra, 1
core   0: 3 0x80001028 (0x00100093) x1  0x00000001
core   0: 0x8000102c (0xffffff17) auipc   t5, 0xfffff
core   0: 3 0x8000102c (0xffffff17) x30 0x8000002c
core   0: 0x80001030 (0xfc1f2a23) sw      ra, -44(t5)
core   0: 3 0x80001030 (0xfc1f2a23) mem 0x80000000 0x00000001
core   0: 0x80001034 (0xff5ff06f) j       pc - 0xc
core   0: 3 0x80001034 (0xff5ff06f)
core   0: 0x80001028 (0x00100093) li      ra, 1
core   0: 3 0x80001028 (0x00100093) x1  0x00000001
core   0: 0x8000102c (0xffffff17) auipc   t5, 0xfffff
core   0: 3 0x8000102c (0xffffff17) x30 0x8000002c
core   0: 0x80001030 (0xfc1f2a23) sw      ra, -44(t5)
core   0: 3 0x80001030 (0xfc1f2a23) mem 0x80000000 0x00000001
core   0: 0x80001034 (0xff5ff06f) j       pc - 0xc
core   0: 3 0x80001034 (0xff5ff06f)
core   0: 0x80001028 (0x00100093) li      ra, 1
core   0: 3 0x80001028 (0x00100093) x1  0x00000001
core   0: 0x8000102c (0xffffff17) auipc   t5, 0xfffff
core   0: 3 0x8000102c (0xffffff17) x30 0x8000002c
core   0: 0x80001030 (0xfc1f2a23) sw      ra, -44(t5)
core   0: 3 0x80001030 (0xfc1f2a23) mem 0x80000000 0x00000001
core   0: 0x80001034 (0xff5ff06f) j       pc - 0xc
core   0: 3 0x80001034 (0xff5ff06f)
core   0: 0x80001028 (0x00100093) li      ra, 1
core   0: 3 0x80001028 (0x00100093) x1  0x00000001
core   0: 0x8000102c (0xffffff17) auipc   t5, 0xfffff
core   0: 3 0x8000102c (0xffffff17) x30 0x8000002c
core   0: 0x80001030 (0xfc1f2a23) sw      ra, -44(t5)
core   0: 3 0x80001030 (0xfc1f2a23) mem 0x80000000 0x00000001
core   0: 0x80001034 (0xff5ff06f) j       pc - 0xc
core   0: 3 0x80001034 (0xff5ff06f)
core   0: 0x80001028 (0x00100093) li      ra, 1
core   0: 3 0x80001028 (0x00100093) x1  0x00000001
core   0: 0x8000102c (0xffffff17) auipc   t5, 0xfffff
core   0: 3 0x8000102c (0xffffff17) x30 0x8000002c
core   0: 0x80001030 (0xfc1f2a23) sw      ra, -44(t5)
core   0: 3 0x80001030 (0xfc1f2a23) mem 0x80000000 0x00000001
core   0: 0x80001034 (0xff5ff06f) j       pc - 0xc
core   0: 3 0x80001034 (0xff5ff06f)
core   0: 0x80001028 (0x00100093) li      ra, 1
core   0: 3 0x80001028 (0x00100093) x1  0x00000001
core   0: 0x8000102c (0xffffff17) auipc   t5, 0xfffff
core   0: 3 0x8000102c (0xffffff17) x30 0x8000002c
core   0: 0x80001030 (0xfc1f2a23) sw      ra, -44(t5)
core   0: 3 0x80001030 (0xfc1f2a23) mem 0x80000000 0x00000001
core   0: 0x80001034 (0xff5ff06f) j       pc - 0xc
core   0: 3 0x80001034 (0xff5ff06f)
core   0: 0x80001028 (0x00100093) li      ra, 1
core   0: 3 0x80001028 (0x00100093) x1  0x00000001
core   0: 0x8000102c (0xffffff17) auipc   t5, 0xfffff
core   0: 3 0x8000102c (0xffffff17) x30 0x8000002c
core   0: 0x80001030 (0xfc1f2a23) sw      ra, -44(t5)
core   0: 3 0x80001030 (0xfc1f2a23) mem 0x80000000 0x00000001
core   0: 0x80001034 (0xff5ff06f) j       pc - 0xc
core   0: 3 0x80001034 (0xff5ff06f)
core   0: 0x80001028 (0x00100093) li      ra, 1
core   0: 3 0x80001028 (0x00100093) x1  0x00000001
core   0: 0x8000102c (0xffffff17) auipc   t5, 0xfffff
core   0: 3 0x8000102c (0xffffff17) x30 0x8000002c
core   0: 0x80001030 (0xfc1f2a23) sw      ra, -44(t5)
core   0: 3 0x80001030 (0xfc1f2a23) mem 0x80000000 0x00000001
core   0: 0x80001034 (0xff5ff06f) j       pc - 0xc
core   0: 3 0x80001034 (0xff5ff06f)
core   0: 0x80001028 (0x00100093) li      ra, 1
core   0: 3 0x80001028 (0x00100093) x1  0x00000001
core   0: 0x8000102c (0xffffff17) auipc   t5, 0xfffff
core   0: 3 0x8000102c (0xffffff17) x30 0x8000002c
core   0: 0x80001030 (0xfc1f2a23) sw      ra, -44(t5)
core   0: 3 0x80001030 (0xfc1f2a23) mem 0x80000000 0x00000001
core   0: 0x80001034 (0xff5ff06f) j       pc - 0xc
core   0: 3 0x80001034 (0xff5ff06f)
core   0: 0x80001028 (0x00100093) li      ra, 1
core   0: 3 0x80001028 (0x00100093) x1  0x00000001
core   0: 0x8000102c (0xffffff17) auipc   t5, 0xfffff
core   0: 3 0x8000102c (0xffffff17) x30 0x8000002c
core   0: 0x80001030 (0xfc1f2a23) sw      ra, -44(t5)
core   0: 3 0x80001030 (0xfc1f2a23) mem 0x80000000 0x00000001
core   0: 0x80001034 (0xff5ff06f) j       pc - 0xc
core   0: 3 0x80001034 (0xff5ff06f)
core   0: 0x80001028 (0x00100093) li      ra, 1
core   0: 3 0x80001028 (0x00100093) x1  0x00000001
core   0: 0x8000102c (0xffffff17) auipc   t5, 0xfffff
core   0: 3 0x8000102c (0xffffff17) x30 0x8000002c
core   0: 0x80001030 (0xfc1f2a23) sw      ra, -44(t5)
core   0: 3 0x80001030 (0xfc1f2a23) mem 0x80000000 0x00000001
core   0: 0x80001034 (0xff5ff06f) j       pc - 0xc
core   0: 3 0x80001034 (0xff5ff06f)
core   0: 0x80001028 (0x00100093) li      ra, 1
core   0: 3 0x80001028 (0x00100093) x1  0x00000001
core   0: 0x8000102c (0xffffff17) auipc   t5, 0xfffff
core   0: 3 0x8000102c (0xffffff17) x30 0x8000002c
core   0: 0x80001030 (0xfc1f2a23) sw      ra, -44(t5)
core   0: 3 0x80001030 (0xfc1f2a23) mem 0x80000000 0x00000001
core   0: 0x80001034 (0xff5ff06f) j       pc - 0xc
core   0: 3 0x80001034 (0xff5ff06f)
core   0: 0x80001028 (0x00100093) li      ra, 1
core   0: 3 0x80001028 (0x00100093) x1  0x00000001
core   0: 0x8000102c (0xffffff17) auipc   t5, 0xfffff
core   0: 3 0x8000102c (0xffffff17) x30 0x8000002c
core   0: 0x80001030 (0xfc1f2a23) sw      ra, -44(t5)
core   0: 3 0x80001030 (0xfc1f2a23) mem 0x80000000 0x00000001
core   0: 0x80001034 (0xff5ff06f) j       pc - 0xc
core   0: 3 0x80001034 (0xff5ff06f)
core   0: 0x80001028 (0x00100093) li      ra, 1
core   0: 3 0x80001028 (0x00100093) x1  0x00000001
core   0: 0x8000102c (0xffffff17) auipc   t5, 0xfffff
core   0: 3 0x8000102c (0xffffff17) x30 0x8000002c
core   0: 0x80001030 (0xfc1f2a23) sw      ra, -44(t5)
core   0: 3 0x80001030 (0xfc1f2a23) mem 0x80000000 0x00000001
core   0: 0x80001034 (0xff5ff06f) j       pc - 0xc
core   0: 3 0x80001034 (0xff5ff06f)
core   0: 0x80001028 (0x00100093) li      ra, 1
core   0: 3 0x80001028 (0x00100093) x1  0x00000001
core   0: 0x8000102c (0xffffff17) auipc   t5, 0xfffff
core   0: 3 0x8000102c (0xffffff17) x30 0x8000002c
core   0: 0x80001030 (0xfc1f2a23) sw      ra, -44(t5)
core   0: 3 0x80001030 (0xfc1f2a23) mem 0x80000000 0x00000001
core   0: 0x80001034 (0xff5ff06f) j       pc - 0xc
core   0: 3 0x80001034 (0xff5ff06f)
core   0: 0x80001028 (0x00100093) li      ra, 1
core   0: 3 0x80001028 (0x00100093) x1  0x00000001
core   0: 0x8000102c (0xffffff17) auipc   t5, 0xfffff
core   0: 3 0x8000102c (0xffffff17) x30 0x8000002c
core   0: 0x80001030 (0xfc1f2a23) sw      ra, -44(t5)
core   0: 3 0x80001030 (0xfc1f2a23) mem 0x80000000 0x00000001
core   0: 0x80001034 (0xff5ff06f) j       pc - 0xc
core   0: 3 0x80001034 (0xff5ff06f)
core   0: 0x80001028 (0x00100093) li      ra, 1
core   0: 3 0x80001028 (0x00100093) x1  0x00000001
core   0: 0x8000102c (0xffffff17) auipc   t5, 0xfffff
core   0: 3 0x8000102c (0xffffff17) x30 0x8000002c
core   0: 0x80001030 (0xfc1f2a23) sw      ra, -44(t5)
core   0: 3 0x80001030 (0xfc1f2a23) mem 0x80000000 0x00000001
core   0: 0x80001034 (0xff5ff06f) j       pc - 0xc
core   0: 3 0x80001034 (0xff5ff06f)
core   0: 0x80001028 (0x00100093) li      ra, 1
core   0: 3 0x80001028 (0x00100093) x1  0x00000001
core   0: 0x8000102c (0xffffff17) auipc   t5, 0xfffff
core   0: 3 0x8000102c (0xffffff17) x30 0x8000002c
core   0: 0x80001030 (0xfc1f2a23) sw      ra, -44(t5)
core   0: 3 0x80001030 (0xfc1f2a23) mem 0x80000000 0x00000001
core   0: 0x80001034 (0xff5ff06f) j       pc - 0xc
core   0: 3 0x80001034 (0xff5ff06f)
core   0: 0x80001028 (0x00100093) li      ra, 1
core   0: 3 0x80001028 (0x00100093) x1  0x00000001
core   0: 0x8000102c (0xffffff17) auipc   t5, 0xfffff
core   0: 3 0x8000102c (0xffffff17) x30 0x8000002c
core   0: 0x80001030 (0xfc1f2a23) sw      ra, -44(t5)
core   0: 3 0x80001030 (0xfc1f2a23) mem 0x80000000 0x00000001
core   0: 0x80001034 (0xff5ff06f) j       pc - 0xc
core   0: 3 0x80001034 (0xff5ff06f)
core   0: 0x80001028 (0x00100093) li      ra, 1
core   0: 3 0x80001028 (0x00100093) x1  0x00000001
core   0: 0x8000102c (0xffffff17) auipc   t5, 0xfffff
core   0: 3 0x8000102c (0xffffff17) x30 0x8000002c
core   0: 0x80001030 (0xfc1f2a23) sw      ra, -44(t5)
core   0: 3 0x80001030 (0xfc1f2a23) mem 0x80000000 0x00000001
core   0: 0x80001034 (0xff5ff06f) j       pc - 0xc
core   0: 3 0x80001034 (0xff5ff06f)
core   0: 0x80001028 (0x00100093) li      ra, 1
core   0: 3 0x80001028 (0x00100093) x1  0x00000001
core   0: 0x8000102c (0xffffff17) auipc   t5, 0xfffff
core   0: 3 0x8000102c (0xffffff17) x30 0x8000002c
core   0: 0x80001030 (0xfc1f2a23) sw      ra, -44(t5)
core   0: 3 0x80001030 (0xfc1f2a23) mem 0x80000000 0x00000001
core   0: 0x80001034 (0xff5ff06f) j       pc - 0xc
core   0: 3 0x80001034 (0xff5ff06f)
core   0: 0x80001028 (0x00100093) li      ra, 1
core   0: 3 0x80001028 (0x00100093) x1  0x00000001
core   0: 0x8000102c (0xffffff17) auipc   t5, 0xfffff
core   0: 3 0x8000102c (0xffffff17) x30 0x8000002c
core   0: 0x80001030 (0xfc1f2a23) sw      ra, -44(t5)
core   0: 3 0x80001030 (0xfc1f2a23) mem 0x80000000 0x00000001
core   0: 0x80001034 (0xff5ff06f) j       pc - 0xc
core   0: 3 0x80001034 (0xff5ff06f)
core   0: 0x80001028 (0x00100093) li      ra, 1
core   0: 3 0x80001028 (0x00100093) x1  0x00000001
core   0: 0x8000102c (0xffffff17) auipc   t5, 0xfffff
core   0: 3 0x8000102c (0xffffff17) x30 0x8000002c
core   0: 0x80001030 (0xfc1f2a23) sw      ra, -44(t5)
core   0: 3 0x80001030 (0xfc1f2a23) mem 0x80000000 0x00000001
core   0: 0x80001034 (0xff5ff06f) j       pc - 0xc
core   0: 3 0x80001034 (0xff5ff06f)
core   0: 0x80001028 (0x00100093) li      ra, 1
core   0: 3 0x80001028 (0x00100093) x1  0x00000001
core   0: 0x8000102c (0xffffff17) auipc   t5, 0xfffff
core   0: 3 0x8000102c (0xffffff17) x30 0x8000002c
core   0: 0x80001030 (0xfc1f2a23) sw      ra, -44(t5)
core   0: 3 0x80001030 (0xfc1f2a23) mem 0x80000000 0x00000001
core   0: 0x80001034 (0xff5ff06f) j       pc - 0xc
core   0: 3 0x80001034 (0xff5ff06f)
core   0: 0x80001028 (0x00100093) li      ra, 1
core   0: 3 0x80001028 (0x00100093) x1  0x00000001
core   0: 0x8000102c (0xffffff17) auipc   t5, 0xfffff
core   0: 3 0x8000102c (0xffffff17) x30 0x8000002c
core   0: 0x80001030 (0xfc1f2a23) sw      ra, -44(t5)
core   0: 3 0x80001030 (0xfc1f2a23) mem 0x80000000 0x00000001
core   0: 0x80001034 (0xff5ff06f) j       pc - 0xc
core   0: 3 0x80001034 (0xff5ff06f)
core   0: 0x80001028 (0x00100093) li      ra, 1
core   0: 3 0x80001028 (0x00100093) x1  0x00000001
core   0: 0x8000102c (0xffffff17) auipc   t5, 0xfffff
core   0: 3 0x8000102c (0xffffff17) x30 0x8000002c
core   0: 0x80001030 (0xfc1f2a23) sw      ra, -44(t5)
core   0: 3 0x80001030 (0xfc1f2a23) mem 0x80000000 0x00000001
core   0: 0x80001034 (0xff5ff06f) j       pc - 0xc
core   0: 3 0x80001034 (0xff5ff06f)
core   0: 0x80001028 (0x00100093) li      ra, 1
core   0: 3 0x80001028 (0x00100093) x1  0x00000001
core   0: 0x8000102c (0xffffff17) auipc   t5, 0xfffff
core   0: 3 0x8000102c (0xffffff17) x30 0x8000002c
core   0: 0x80001030 (0xfc1f2a23) sw      ra, -44(t5)
core   0: 3 0x80001030 (0xfc1f2a23) mem 0x80000000 0x00000001
core   0: 0x80001034 (0xff5ff06f) j       pc - 0xc
core   0: 3 0x80001034 (0xff5ff06f)
core   0: 0x80001028 (0x00100093) li      ra, 1
core   0: 3 0x80001028 (0x00100093) x1  0x00000001
core   0: 0x8000102c (0xffffff17) auipc   t5, 0xfffff
core   0: 3 0x8000102c (0xffffff17) x30 0x8000002c
core   0: 0x80001030 (0xfc1f2a23) sw      ra, -44(t5)
core   0: 3 0x80001030 (0xfc1f2a23) mem 0x80000000 0x00000001
core   0: 0x80001034 (0xff5ff06f) j       pc - 0xc
core   0: 3 0x80001034 (0xff5ff06f)
core   0: 0x80001028 (0x00100093) li      ra, 1
core   0: 3 0x80001028 (0x00100093) x1  0x00000001
core   0: 0x8000102c (0xffffff17) auipc   t5, 0xfffff
core   0: 3 0x8000102c (0xffffff17) x30 0x8000002c
core   0: 0x80001030 (0xfc1f2a23) sw      ra, -44(t5)
core   0: 3 0x80001030 (0xfc1f2a23) mem 0x80000000 0x00000001
core   0: 0x80001034 (0xff5ff06f) j       pc - 0xc
core   0: 3 0x80001034 (0xff5ff06f)
core   0: 0x80001028 (0x00100093) li      ra, 1
core   0: 3 0x80001028 (0x00100093) x1  0x00000001
core   0: 0x8000102c (0xffffff17) auipc   t5, 0xfffff
core   0: 3 0x8000102c (0xffffff17) x30 0x8000002c
core   0: 0x80001030 (0xfc1f2a23) sw      ra, -44(t5)
core   0: 3 0x80001030 (0xfc1f2a23) mem 0x80000000 0x00000001
core   0: 0x80001034 (0xff5ff06f) j       pc - 0xc
core   0: 3 0x80001034 (0xff5ff06f)
core   0: 0x80001028 (0x00100093) li      ra, 1
core   0: 3 0x80001028 (0x00100093) x1  0x00000001
core   0: 0x8000102c (0xffffff17) auipc   t5, 0xfffff
core   0: 3 0x8000102c (0xffffff17) x30 0x8000002c
core   0: 0x80001030 (0xfc1f2a23) sw      ra, -44(t5)
core   0: 3 0x80001030 (0xfc1f2a23) mem 0x80000000 0x00000001
core   0: 0x80001034 (0xff5ff06f) j       pc - 0xc
core   0: 3 0x80001034 (0xff5ff06f)
core   0: 0x80001028 (0x00100093) li      ra, 1
core   0: 3 0x80001028 (0x00100093) x1  0x00000001
core   0: 0x8000102c (0xffffff17) auipc   t5, 0xfffff
core   0: 3 0x8000102c (0xffffff17) x30 0x8000002c
core   0: 0x80001030 (0xfc1f2a23) sw      ra, -44(t5)
core   0: 3 0x80001030 (0xfc1f2a23) mem 0x80000000 0x00000001
core   0: 0x80001034 (0xff5ff06f) j       pc - 0xc
core   0: 3 0x80001034 (0xff5ff06f)
core   0: 0x80001028 (0x00100093) li      ra, 1
core   0: 3 0x80001028 (0x00100093) x1  0x00000001
core   0: 0x8000102c (0xffffff17) auipc   t5, 0xfffff
core   0: 3 0x8000102c (0xffffff17) x30 0x8000002c
core   0: 0x80001030 (0xfc1f2a23) sw      ra, -44(t5)
core   0: 3 0x80001030 (0xfc1f2a23) mem 0x80000000 0x00000001
core   0: 0x80001034 (0xff5ff06f) j       pc - 0xc
core   0: 3 0x80001034 (0xff5ff06f)
core   0: 0x80001028 (0x00100093) li      ra, 1
core   0: 3 0x80001028 (0x00100093) x1  0x00000001
core   0: 0x8000102c (0xffffff17) auipc   t5, 0xfffff
core   0: 3 0x8000102c (0xffffff17) x30 0x8000002c
core   0: 0x80001030 (0xfc1f2a23) sw      ra, -44(t5)
core   0: 3 0x80001030 (0xfc1f2a23) mem 0x80000000 0x00000001
core   0: 0x80001034 (0xff5ff06f) j       pc - 0xc
core   0: 3 0x80001034 (0xff5ff06f)
core   0: 0x80001028 (0x00100093) li      ra, 1
core   0: 3 0x80001028 (0x00100093) x1  0x00000001
core   0: 0x8000102c (0xffffff17) auipc   t5, 0xfffff
core   0: 3 0x8000102c (0xffffff17) x30 0x8000002c
core   0: 0x80001030 (0xfc1f2a23) sw      ra, -44(t5)
core   0: 3 0x80001030 (0xfc1f2a23) mem 0x80000000 0x00000001
core   0: 0x80001034 (0xff5ff06f) j       pc - 0xc
core   0: 3 0x80001034 (0xff5ff06f)
core   0: 0x80001028 (0x00100093) li      ra, 1
core   0: 3 0x80001028 (0x00100093) x1  0x00000001
core   0: 0x8000102c (0xffffff17) auipc   t5, 0xfffff
core   0: 3 0x8000102c (0xffffff17) x30 0x8000002c
core   0: 0x80001030 (0xfc1f2a23) sw      ra, -44(t5)
core   0: 3 0x80001030 (0xfc1f2a23) mem 0x80000000 0x00000001
core   0: 0x80001034 (0xff5ff06f) j       pc - 0xc
core   0: 3 0x80001034 (0xff5ff06f)
core   0: 0x80001028 (0x00100093) li      ra, 1
core   0: 3 0x80001028 (0x00100093) x1  0x00000001
core   0: 0x8000102c (0xffffff17) auipc   t5, 0xfffff
core   0: 3 0x8000102c (0xffffff17) x30 0x8000002c
core   0: 0x80001030 (0xfc1f2a23) sw      ra, -44(t5)
core   0: 3 0x80001030 (0xfc1f2a23) mem 0x80000000 0x00000001
core   0: 0x80001034 (0xff5ff06f) j       pc - 0xc
core   0: 3 0x80001034 (0xff5ff06f)
core   0: 0x80001028 (0x00100093) li      ra, 1
core   0: 3 0x80001028 (0x00100093) x1  0x00000001
core   0: 0x8000102c (0xffffff17) auipc   t5, 0xfffff
core   0: 3 0x8000102c (0xffffff17) x30 0x8000002c
core   0: 0x80001030 (0xfc1f2a23) sw      ra, -44(t5)
core   0: 3 0x80001030 (0xfc1f2a23) mem 0x80000000 0x00000001
core   0: 0x80001034 (0xff5ff06f) j       pc - 0xc
core   0: 3 0x80001034 (0xff5ff06f)
core   0: 0x80001028 (0x00100093) li      ra, 1
core   0: 3 0x80001028 (0x00100093) x1  0x00000001
core   0: 0x8000102c (0xffffff17) auipc   t5, 0xfffff
core   0: 3 0x8000102c (0xffffff17) x30 0x8000002c
core   0: 0x80001030 (0xfc1f2a23) sw      ra, -44(t5)
core   0: 3 0x80001030 (0xfc1f2a23) mem 0x80000000 0x00000001
core   0: 0x80001034 (0xff5ff06f) j       pc - 0xc
core   0: 3 0x80001034 (0xff5ff06f)
core   0: 0x80001028 (0x00100093) li      ra, 1
core   0: 3 0x80001028 (0x00100093) x1  0x00000001
core   0: 0x8000102c (0xffffff17) auipc   t5, 0xfffff
core   0: 3 0x8000102c (0xffffff17) x30 0x8000002c
core   0: 0x80001030 (0xfc1f2a23) sw      ra, -44(t5)
core   0: 3 0x80001030 (0xfc1f2a23) mem 0x80000000 0x00000001
core   0: 0x80001034 (0xff5ff06f) j       pc - 0xc
core   0: 3 0x80001034 (0xff5ff06f)
core   0: 0x80001028 (0x00100093) li      ra, 1
core   0: 3 0x80001028 (0x00100093) x1  0x00000001
core   0: 0x8000102c (0xffffff17) auipc   t5, 0xfffff
core   0: 3 0x8000102c (0xffffff17) x30 0x8000002c
core   0: 0x80001030 (0xfc1f2a23) sw      ra, -44(t5)
core   0: 3 0x80001030 (0xfc1f2a23) mem 0x80000000 0x00000001
core   0: 0x80001034 (0xff5ff06f) j       pc - 0xc
core   0: 3 0x80001034 (0xff5ff06f)
core   0: 0x80001028 (0x00100093) li      ra, 1
core   0: 3 0x80001028 (0x00100093) x1  0x00000001
core   0: 0x8000102c (0xffffff17) auipc   t5, 0xfffff
core   0: 3 0x8000102c (0xffffff17) x30 0x8000002c
core   0: 0x80001030 (0xfc1f2a23) sw      ra, -44(t5)
core   0: 3 0x80001030 (0xfc1f2a23) mem 0x80000000 0x00000001
core   0: 0x80001034 (0xff5ff06f) j       pc - 0xc
core   0: 3 0x80001034 (0xff5ff06f)
core   0: 0x80001028 (0x00100093) li      ra, 1
core   0: 3 0x80001028 (0x00100093) x1  0x00000001
core   0: 0x8000102c (0xffffff17) auipc   t5, 0xfffff
core   0: 3 0x8000102c (0xffffff17) x30 0x8000002c
core   0: 0x80001030 (0xfc1f2a23) sw      ra, -44(t5)
core   0: 3 0x80001030 (0xfc1f2a23) mem 0x80000000 0x00000001
core   0: 0x80001034 (0xff5ff06f) j       pc - 0xc
core   0: 3 0x80001034 (0xff5ff06f)
core   0: 0x80001028 (0x00100093) li      ra, 1
core   0: 3 0x80001028 (0x00100093) x1  0x00000001
core   0: 0x8000102c (0xffffff17) auipc   t5, 0xfffff
core   0: 3 0x8000102c (0xffffff17) x30 0x8000002c
core   0: 0x80001030 (0xfc1f2a23) sw      ra, -44(t5)
core   0: 3 0x80001030 (0xfc1f2a23) mem 0x80000000 0x00000001
core   0: 0x80001034 (0xff5ff06f) j       pc - 0xc
core   0: 3 0x80001034 (0xff5ff06f)
core   0: 0x80001028 (0x00100093) li      ra, 1
core   0: 3 0x80001028 (0x00100093) x1  0x00000001
core   0: 0x8000102c (0xffffff17) auipc   t5, 0xfffff
core   0: 3 0x8000102c (0xffffff17) x30 0x8000002c
core   0: 0x80001030 (0xfc1f2a23) sw      ra, -44(t5)
core   0: 3 0x80001030 (0xfc1f2a23) mem 0x80000000 0x00000001
core   0: 0x80001034 (0xff5ff06f) j       pc - 0xc
core   0: 3 0x80001034 (0xff5ff06f)
core   0: 0x80001028 (0x00100093) li      ra, 1
core   0: 3 0x80001028 (0x00100093) x1  0x00000001
core   0: 0x8000102c (0xffffff17) auipc   t5, 0xfffff
core   0: 3 0x8000102c (0xffffff17) x30 0x8000002c
core   0: 0x80001030 (0xfc1f2a23) sw      ra, -44(t5)
core   0: 3 0x80001030 (0xfc1f2a23) mem 0x80000000 0x00000001
core   0: 0x80001034 (0xff5ff06f) j       pc - 0xc
core   0: 3 0x80001034 (0xff5ff06f)
core   0: 0x80001028 (0x00100093) li      ra, 1
core   0: 3 0x80001028 (0x00100093) x1  0x00000001
core   0: 0x8000102c (0xffffff17) auipc   t5, 0xfffff
core   0: 3 0x8000102c (0xffffff17) x30 0x8000002c
core   0: 0x80001030 (0xfc1f2a23) sw      ra, -44(t5)
core   0: 3 0x80001030 (0xfc1f2a23) mem 0x80000000 0x00000001
core   0: 0x80001034 (0xff5ff06f) j       pc - 0xc
core   0: 3 0x80001034 (0xff5ff06f)
core   0: 0x80001028 (0x00100093) li      ra, 1
core   0: 3 0x80001028 (0x00100093) x1  0x00000001
core   0: 0x8000102c (0xffffff17) auipc   t5, 0xfffff
core   0: 3 0x8000102c (0xffffff17) x30 0x8000002c
core   0: 0x80001030 (0xfc1f2a23) sw      ra, -44(t5)
core   0: 3 0x80001030 (0xfc1f2a23) mem 0x80000000 0x00000001
core   0: 0x80001034 (0xff5ff06f) j       pc - 0xc
core   0: 3 0x80001034 (0xff5ff06f)
core   0: 0x80001028 (0x00100093) li      ra, 1
core   0: 3 0x80001028 (0x00100093) x1  0x00000001
core   0: 0x8000102c (0xffffff17) auipc   t5, 0xfffff
core   0: 3 0x8000102c (0xffffff17) x30 0x8000002c
core   0: 0x80001030 (0xfc1f2a23) sw      ra, -44(t5)
core   0: 3 0x80001030 (0xfc1f2a23) mem 0x80000000 0x00000001
core   0: 0x80001034 (0xff5ff06f) j       pc - 0xc
core   0: 3 0x80001034 (0xff5ff06f)
core   0: 0x80001028 (0x00100093) li      ra, 1
core   0: 3 0x80001028 (0x00100093) x1  0x00000001
core   0: 0x8000102c (0xffffff17) auipc   t5, 0xfffff
core   0: 3 0x8000102c (0xffffff17) x30 0x8000002c
core   0: 0x80001030 (0xfc1f2a23) sw      ra, -44(t5)
core   0: 3 0x80001030 (0xfc1f2a23) mem 0x80000000 0x00000001
core   0: 0x80001034 (0xff5ff06f) j       pc - 0xc
core   0: 3 0x80001034 (0xff5ff06f)
core   0: 0x80001028 (0x00100093) li      ra, 1
core   0: 3 0x80001028 (0x00100093) x1  0x00000001
core   0: 0x8000102c (0xffffff17) auipc   t5, 0xfffff
core   0: 3 0x8000102c (0xffffff17) x30 0x8000002c
core   0: 0x80001030 (0xfc1f2a23) sw      ra, -44(t5)
core   0: 3 0x80001030 (0xfc1f2a23) mem 0x80000000 0x00000001
core   0: 0x80001034 (0xff5ff06f) j       pc - 0xc
core   0: 3 0x80001034 (0xff5ff06f)
core   0: 0x80001028 (0x00100093) li      ra, 1
core   0: 3 0x80001028 (0x00100093) x1  0x00000001
core   0: 0x8000102c (0xffffff17) auipc   t5, 0xfffff
core   0: 3 0x8000102c (0xffffff17) x30 0x8000002c
core   0: 0x80001030 (0xfc1f2a23) sw      ra, -44(t5)
core   0: 3 0x80001030 (0xfc1f2a23) mem 0x80000000 0x00000001
core   0: 0x80001034 (0xff5ff06f) j       pc - 0xc
core   0: 3 0x80001034 (0xff5ff06f)
core   0: 0x80001028 (0x00100093) li      ra, 1
core   0: 3 0x80001028 (0x00100093) x1  0x00000001
core   0: 0x8000102c (0xffffff17) auipc   t5, 0xfffff
core   0: 3 0x8000102c (0xffffff17) x30 0x8000002c
core   0: 0x80001030 (0xfc1f2a23) sw      ra, -44(t5)
core   0: 3 0x80001030 (0xfc1f2a23) mem 0x80000000 0x00000001
core   0: 0x80001034 (0xff5ff06f) j       pc - 0xc
core   0: 3 0x80001034 (0xff5ff06f)
core   0: 0x80001028 (0x00100093) li      ra, 1
core   0: 3 0x80001028 (0x00100093) x1  0x00000001
core   0: 0x8000102c (0xffffff17) auipc   t5, 0xfffff
core   0: 3 0x8000102c (0xffffff17) x30 0x8000002c
core   0: 0x80001030 (0xfc1f2a23) sw      ra, -44(t5)
core   0: 3 0x80001030 (0xfc1f2a23) mem 0x80000000 0x00000001
core   0: 0x80001034 (0xff5ff06f) j       pc - 0xc
core   0: 3 0x80001034 (0xff5ff06f)
core   0: 0x80001028 (0x00100093) li      ra, 1
core   0: 3 0x80001028 (0x00100093) x1  0x00000001
core   0: 0x8000102c (0xffffff17) auipc   t5, 0xfffff
core   0: 3 0x8000102c (0xffffff17) x30 0x8000002c
core   0: 0x80001030 (0xfc1f2a23) sw      ra, -44(t5)
core   0: 3 0x80001030 (0xfc1f2a23) mem 0x80000000 0x00000001
core   0: 0x80001034 (0xff5ff06f) j       pc - 0xc
core   0: 3 0x80001034 (0xff5ff06f)
core   0: 0x80001028 (0x00100093) li      ra, 1
core   0: 3 0x80001028 (0x00100093) x1  0x00000001
core   0: 0x8000102c (0xffffff17) auipc   t5, 0xfffff
core   0: 3 0x8000102c (0xffffff17) x30 0x8000002c
core   0: 0x80001030 (0xfc1f2a23) sw      ra, -44(t5)
core   0: 3 0x80001030 (0xfc1f2a23) mem 0x80000000 0x00000001
core   0: 0x80001034 (0xff5ff06f) j       pc - 0xc
core   0: 3 0x80001034 (0xff5ff06f)
core   0: 0x80001028 (0x00100093) li      ra, 1
core   0: 3 0x80001028 (0x00100093) x1  0x00000001
core   0: 0x8000102c (0xffffff17) auipc   t5, 0xfffff
core   0: 3 0x8000102c (0xffffff17) x30 0x8000002c
core   0: 0x80001030 (0xfc1f2a23) sw      ra, -44(t5)
core   0: 3 0x80001030 (0xfc1f2a23) mem 0x80000000 0x00000001
core   0: 0x80001034 (0xff5ff06f) j       pc - 0xc
core   0: 3 0x80001034 (0xff5ff06f)
core   0: 0x80001028 (0x00100093) li      ra, 1
core   0: 3 0x80001028 (0x00100093) x1  0x00000001
core   0: 0x8000102c (0xffffff17) auipc   t5, 0xfffff
core   0: 3 0x8000102c (0xffffff17) x30 0x8000002c
core   0: 0x80001030 (0xfc1f2a23) sw      ra, -44(t5)
core   0: 3 0x80001030 (0xfc1f2a23) mem 0x80000000 0x00000001
core   0: 0x80001034 (0xff5ff06f) j       pc - 0xc
core   0: 3 0x80001034 (0xff5ff06f)
core   0: 0x80001028 (0x00100093) li      ra, 1
core   0: 3 0x80001028 (0x00100093) x1  0x00000001
core   0: 0x8000102c (0xffffff17) auipc   t5, 0xfffff
core   0: 3 0x8000102c (0xffffff17) x30 0x8000002c
core   0: 0x80001030 (0xfc1f2a23) sw      ra, -44(t5)
core   0: 3 0x80001030 (0xfc1f2a23) mem 0x80000000 0x00000001
core   0: 0x80001034 (0xff5ff06f) j       pc - 0xc
core   0: 3 0x80001034 (0xff5ff06f)
core   0: 0x80001028 (0x00100093) li      ra, 1
core   0: 3 0x80001028 (0x00100093) x1  0x00000001
core   0: 0x8000102c (0xffffff17) auipc   t5, 0xfffff
core   0: 3 0x8000102c (0xffffff17) x30 0x8000002c
core   0: 0x80001030 (0xfc1f2a23) sw      ra, -44(t5)
core   0: 3 0x80001030 (0xfc1f2a23) mem 0x80000000 0x00000001
core   0: 0x80001034 (0xff5ff06f) j       pc - 0xc
core   0: 3 0x80001034 (0xff5ff06f)
core   0: 0x80001028 (0x00100093) li      ra, 1
core   0: 3 0x80001028 (0x00100093) x1  0x00000001
core   0: 0x8000102c (0xffffff17) auipc   t5, 0xfffff
core   0: 3 0x8000102c (0xffffff17) x30 0x8000002c
core   0: 0x80001030 (0xfc1f2a23) sw      ra, -44(t5)
core   0: 3 0x80001030 (0xfc1f2a23) mem 0x80000000 0x00000001
core   0: 0x80001034 (0xff5ff06f) j       pc - 0xc
core   0: 3 0x80001034 (0xff5ff06f)
core   0: 0x80001028 (0x00100093) li      ra, 1
core   0: 3 0x80001028 (0x00100093) x1  0x00000001
core   0: 0x8000102c (0xffffff17) auipc   t5, 0xfffff
core   0: 3 0x8000102c (0xffffff17) x30 0x8000002c
core   0: 0x80001030 (0xfc1f2a23) sw      ra, -44(t5)
core   0: 3 0x80001030 (0xfc1f2a23) mem 0x80000000 0x00000001
core   0: 0x80001034 (0xff5ff06f) j       pc - 0xc
core   0: 3 0x80001034 (0xff5ff06f)
core   0: 0x80001028 (0x00100093) li      ra, 1
core   0: 3 0x80001028 (0x00100093) x1  0x00000001
core   0: 0x8000102c (0xffffff17) auipc   t5, 0xfffff
core   0: 3 0x8000102c (0xffffff17) x30 0x8000002c
core   0: 0x80001030 (0xfc1f2a23) sw      ra, -44(t5)
core   0: 3 0x80001030 (0xfc1f2a23) mem 0x80000000 0x00000001
core   0: 0x80001034 (0xff5ff06f) j       pc - 0xc
core   0: 3 0x80001034 (0xff5ff06f)
core   0: 0x80001028 (0x00100093) li      ra, 1
core   0: 3 0x80001028 (0x00100093) x1  0x00000001
core   0: 0x8000102c (0xffffff17) auipc   t5, 0xfffff
core   0: 3 0x8000102c (0xffffff17) x30 0x8000002c
core   0: 0x80001030 (0xfc1f2a23) sw      ra, -44(t5)
core   0: 3 0x80001030 (0xfc1f2a23) mem 0x80000000 0x00000001
core   0: 0x80001034 (0xff5ff06f) j       pc - 0xc
core   0: 3 0x80001034 (0xff5ff06f)
core   0: 0x80001028 (0x00100093) li      ra, 1
core   0: 3 0x80001028 (0x00100093) x1  0x00000001
core   0: 0x8000102c (0xffffff17) auipc   t5, 0xfffff
core   0: 3 0x8000102c (0xffffff17) x30 0x8000002c
core   0: 0x80001030 (0xfc1f2a23) sw      ra, -44(t5)
core   0: 3 0x80001030 (0xfc1f2a23) mem 0x80000000 0x00000001
core   0: 0x80001034 (0xff5ff06f) j       pc - 0xc
core   0: 3 0x80001034 (0xff5ff06f)
core   0: 0x80001028 (0x00100093) li      ra, 1
core   0: 3 0x80001028 (0x00100093) x1  0x00000001
core   0: 0x8000102c (0xffffff17) auipc   t5, 0xfffff
core   0: 3 0x8000102c (0xffffff17) x30 0x8000002c
core   0: 0x80001030 (0xfc1f2a23) sw      ra, -44(t5)
core   0: 3 0x80001030 (0xfc1f2a23) mem 0x80000000 0x00000001
core   0: 0x80001034 (0xff5ff06f) j       pc - 0xc
core   0: 3 0x80001034 (0xff5ff06f)
core   0: 0x80001028 (0x00100093) li      ra, 1
core   0: 3 0x80001028 (0x00100093) x1  0x00000001
core   0: 0x8000102c (0xffffff17) auipc   t5, 0xfffff
core   0: 3 0x8000102c (0xffffff17) x30 0x8000002c
core   0: 0x80001030 (0xfc1f2a23) sw      ra, -44(t5)
core   0: 3 0x80001030 (0xfc1f2a23) mem 0x80000000 0x00000001
core   0: 0x80001034 (0xff5ff06f) j       pc - 0xc
core   0: 3 0x80001034 (0xff5ff06f)
core   0: 0x80001028 (0x00100093) li      ra, 1
core   0: 3 0x80001028 (0x00100093) x1  0x00000001
core   0: 0x8000102c (0xffffff17) auipc   t5, 0xfffff
core   0: 3 0x8000102c (0xffffff17) x30 0x8000002c
core   0: 0x80001030 (0xfc1f2a23) sw      ra, -44(t5)
core   0: 3 0x80001030 (0xfc1f2a23) mem 0x80000000 0x00000001
core   0: 0x80001034 (0xff5ff06f) j       pc - 0xc
core   0: 3 0x80001034 (0xff5ff06f)
core   0: 0x80001028 (0x00100093) li      ra, 1
core   0: 3 0x80001028 (0x00100093) x1  0x00000001
core   0: 0x8000102c (0xffffff17) auipc   t5, 0xfffff
core   0: 3 0x8000102c (0xffffff17) x30 0x8000002c
core   0: 0x80001030 (0xfc1f2a23) sw      ra, -44(t5)
core   0: 3 0x80001030 (0xfc1f2a23) mem 0x80000000 0x00000001
core   0: 0x80001034 (0xff5ff06f) j       pc - 0xc
core   0: 3 0x80001034 (0xff5ff06f)
core   0: 0x80001028 (0x00100093) li      ra, 1
core   0: 3 0x80001028 (0x00100093) x1  0x00000001
core   0: 0x8000102c (0xffffff17) auipc   t5, 0xfffff
core   0: 3 0x8000102c (0xffffff17) x30 0x8000002c
core   0: 0x80001030 (0xfc1f2a23) sw      ra, -44(t5)
core   0: 3 0x80001030 (0xfc1f2a23) mem 0x80000000 0x00000001
core   0: 0x80001034 (0xff5ff06f) j       pc - 0xc
core   0: 3 0x80001034 (0xff5ff06f)
core   0: 0x80001028 (0x00100093) li      ra, 1
core   0: 3 0x80001028 (0x00100093) x1  0x00000001
core   0: 0x8000102c (0xffffff17) auipc   t5, 0xfffff
core   0: 3 0x8000102c (0xffffff17) x30 0x8000002c
core   0: 0x80001030 (0xfc1f2a23) sw      ra, -44(t5)
core   0: 3 0x80001030 (0xfc1f2a23) mem 0x80000000 0x00000001
core   0: 0x80001034 (0xff5ff06f) j       pc - 0xc
core   0: 3 0x80001034 (0xff5ff06f)
core   0: 0x80001028 (0x00100093) li      ra, 1
core   0: 3 0x80001028 (0x00100093) x1  0x00000001
core   0: 0x8000102c (0xffffff17) auipc   t5, 0xfffff
core   0: 3 0x8000102c (0xffffff17) x30 0x8000002c
core   0: 0x80001030 (0xfc1f2a23) sw      ra, -44(t5)
core   0: 3 0x80001030 (0xfc1f2a23) mem 0x80000000 0x00000001
core   0: 0x80001034 (0xff5ff06f) j       pc - 0xc
core   0: 3 0x80001034 (0xff5ff06f)
core   0: 0x80001028 (0x00100093) li      ra, 1
core   0: 3 0x80001028 (0x00100093) x1  0x00000001
core   0: 0x8000102c (0xffffff17) auipc   t5, 0xfffff
core   0: 3 0x8000102c (0xffffff17) x30 0x8000002c
core   0: 0x80001030 (0xfc1f2a23) sw      ra, -44(t5)
core   0: 3 0x80001030 (0xfc1f2a23) mem 0x80000000 0x00000001
core   0: 0x80001034 (0xff5ff06f) j       pc - 0xc
core   0: 3 0x80001034 (0xff5ff06f)
core   0: 0x80001028 (0x00100093) li      ra, 1
core   0: 3 0x80001028 (0x00100093) x1  0x00000001
core   0: 0x8000102c (0xffffff17) auipc   t5, 0xfffff
core   0: 3 0x8000102c (0xffffff17) x30 0x8000002c
core   0: 0x80001030 (0xfc1f2a23) sw      ra, -44(t5)
core   0: 3 0x80001030 (0xfc1f2a23) mem 0x80000000 0x00000001
core   0: 0x80001034 (0xff5ff06f) j       pc - 0xc
core   0: 3 0x80001034 (0xff5ff06f)
core   0: 0x80001028 (0x00100093) li      ra, 1
core   0: 3 0x80001028 (0x00100093) x1  0x00000001
core   0: 0x8000102c (0xffffff17) auipc   t5, 0xfffff
core   0: 3 0x8000102c (0xffffff17) x30 0x8000002c
core   0: 0x80001030 (0xfc1f2a23) sw      ra, -44(t5)
core   0: 3 0x80001030 (0xfc1f2a23) mem 0x80000000 0x00000001
core   0: 0x80001034 (0xff5ff06f) j       pc - 0xc
core   0: 3 0x80001034 (0xff5ff06f)
core   0: 0x80001028 (0x00100093) li      ra, 1
core   0: 3 0x80001028 (0x00100093) x1  0x00000001
core   0: 0x8000102c (0xffffff17) auipc   t5, 0xfffff
core   0: 3 0x8000102c (0xffffff17) x30 0x8000002c
core   0: 0x80001030 (0xfc1f2a23) sw      ra, -44(t5)
core   0: 3 0x80001030 (0xfc1f2a23) mem 0x80000000 0x00000001
core   0: 0x80001034 (0xff5ff06f) j       pc - 0xc
core   0: 3 0x80001034 (0xff5ff06f)
core   0: 0x80001028 (0x00100093) li      ra, 1
core   0: 3 0x80001028 (0x00100093) x1  0x00000001
core   0: 0x8000102c (0xffffff17) auipc   t5, 0xfffff
core   0: 3 0x8000102c (0xffffff17) x30 0x8000002c
core   0: 0x80001030 (0xfc1f2a23) sw      ra, -44(t5)
core   0: 3 0x80001030 (0xfc1f2a23) mem 0x80000000 0x00000001
core   0: 0x80001034 (0xff5ff06f) j       pc - 0xc
core   0: 3 0x80001034 (0xff5ff06f)
core   0: 0x80001028 (0x00100093) li      ra, 1
core   0: 3 0x80001028 (0x00100093) x1  0x00000001
core   0: 0x8000102c (0xffffff17) auipc   t5, 0xfffff
core   0: 3 0x8000102c (0xffffff17) x30 0x8000002c
core   0: 0x80001030 (0xfc1f2a23) sw      ra, -44(t5)
core   0: 3 0x80001030 (0xfc1f2a23) mem 0x80000000 0x00000001
core   0: 0x80001034 (0xff5ff06f) j       pc - 0xc
core   0: 3 0x80001034 (0xff5ff06f)
core   0: 0x80001028 (0x00100093) li      ra, 1
core   0: 3 0x80001028 (0x00100093) x1  0x00000001
core   0: 0x8000102c (0xffffff17) auipc   t5, 0xfffff
core   0: 3 0x8000102c (0xffffff17) x30 0x8000002c
core   0: 0x80001030 (0xfc1f2a23) sw      ra, -44(t5)
core   0: 3 0x80001030 (0xfc1f2a23) mem 0x80000000 0x00000001
core   0: 0x80001034 (0xff5ff06f) j       pc - 0xc
core   0: 3 0x80001034 (0xff5ff06f)
core   0: 0x80001028 (0x00100093) li      ra, 1
core   0: 3 0x80001028 (0x00100093) x1  0x00000001
core   0: 0x8000102c (0xffffff17) auipc   t5, 0xfffff
core   0: 3 0x8000102c (0xffffff17) x30 0x8000002c
core   0: 0x80001030 (0xfc1f2a23) sw      ra, -44(t5)
core   0: 3 0x80001030 (0xfc1f2a23) mem 0x80000000 0x00000001
core   0: 0x80001034 (0xff5ff06f) j       pc - 0xc
core   0: 3 0x80001034 (0xff5ff06f)
core   0: 0x80001028 (0x00100093) li      ra, 1
core   0: 3 0x80001028 (0x00100093) x1  0x00000001
core   0: 0x8000102c (0xffffff17) auipc   t5, 0xfffff
core   0: 3 0x8000102c (0xffffff17) x30 0x8000002c
core   0: 0x80001030 (0xfc1f2a23) sw      ra, -44(t5)
core   0: 3 0x80001030 (0xfc1f2a23) mem 0x80000000 0x00000001
core   0: 0x80001034 (0xff5ff06f) j       pc - 0xc
core   0: 3 0x80001034 (0xff5ff06f)
core   0: 0x80001028 (0x00100093) li      ra, 1
core   0: 3 0x80001028 (0x00100093) x1  0x00000001
core   0: 0x8000102c (0xffffff17) auipc   t5, 0xfffff
core   0: 3 0x8000102c (0xffffff17) x30 0x8000002c
core   0: 0x80001030 (0xfc1f2a23) sw      ra, -44(t5)
core   0: 3 0x80001030 (0xfc1f2a23) mem 0x80000000 0x00000001
core   0: 0x80001034 (0xff5ff06f) j       pc - 0xc
core   0: 3 0x80001034 (0xff5ff06f)
core   0: 0x80001028 (0x00100093) li      ra, 1
core   0: 3 0x80001028 (0x00100093) x1  0x00000001
core   0: 0x8000102c (0xffffff17) auipc   t5, 0xfffff
core   0: 3 0x8000102c (0xffffff17) x30 0x8000002c
core   0: 0x80001030 (0xfc1f2a23) sw      ra, -44(t5)
core   0: 3 0x80001030 (0xfc1f2a23) mem 0x80000000 0x00000001
core   0: 0x80001034 (0xff5ff06f) j       pc - 0xc
core   0: 3 0x80001034 (0xff5ff06f)
core   0: 0x80001028 (0x00100093) li      ra, 1
core   0: 3 0x80001028 (0x00100093) x1  0x00000001
core   0: 0x8000102c (0xffffff17) auipc   t5, 0xfffff
core   0: 3 0x8000102c (0xffffff17) x30 0x8000002c
core   0: 0x80001030 (0xfc1f2a23) sw      ra, -44(t5)
core   0: 3 0x80001030 (0xfc1f2a23) mem 0x80000000 0x00000001
core   0: 0x80001034 (0xff5ff06f) j       pc - 0xc
core   0: 3 0x80001034 (0xff5ff06f)
core   0: 0x80001028 (0x00100093) li      ra, 1
core   0: 3 0x80001028 (0x00100093) x1  0x00000001
core   0: 0x8000102c (0xffffff17) auipc   t5, 0xfffff
core   0: 3 0x8000102c (0xffffff17) x30 0x8000002c
core   0: 0x80001030 (0xfc1f2a23) sw      ra, -44(t5)
core   0: 3 0x80001030 (0xfc1f2a23) mem 0x80000000 0x00000001
core   0: 0x80001034 (0xff5ff06f) j       pc - 0xc
core   0: 3 0x80001034 (0xff5ff06f)
core   0: 0x80001028 (0x00100093) li      ra, 1
core   0: 3 0x80001028 (0x00100093) x1  0x00000001
core   0: 0x8000102c (0xffffff17) auipc   t5, 0xfffff
core   0: 3 0x8000102c (0xffffff17) x30 0x8000002c
core   0: 0x80001030 (0xfc1f2a23) sw      ra, -44(t5)
core   0: 3 0x80001030 (0xfc1f2a23) mem 0x80000000 0x00000001
core   0: 0x80001034 (0xff5ff06f) j       pc - 0xc
core   0: 3 0x80001034 (0xff5ff06f)
core   0: 0x80001028 (0x00100093) li      ra, 1
core   0: 3 0x80001028 (0x00100093) x1  0x00000001
core   0: 0x8000102c (0xffffff17) auipc   t5, 0xfffff
core   0: 3 0x8000102c (0xffffff17) x30 0x8000002c
core   0: 0x80001030 (0xfc1f2a23) sw      ra, -44(t5)
core   0: 3 0x80001030 (0xfc1f2a23) mem 0x80000000 0x00000001
core   0: 0x80001034 (0xff5ff06f) j       pc - 0xc
core   0: 3 0x80001034 (0xff5ff06f)
core   0: 0x80001028 (0x00100093) li      ra, 1
core   0: 3 0x80001028 (0x00100093) x1  0x00000001
core   0: 0x8000102c (0xffffff17) auipc   t5, 0xfffff
core   0: 3 0x8000102c (0xffffff17) x30 0x8000002c
core   0: 0x80001030 (0xfc1f2a23) sw      ra, -44(t5)
core   0: 3 0x80001030 (0xfc1f2a23) mem 0x80000000 0x00000001
core   0: 0x80001034 (0xff5ff06f) j       pc - 0xc
core   0: 3 0x80001034 (0xff5ff06f)
core   0: 0x80001028 (0x00100093) li      ra, 1
core   0: 3 0x80001028 (0x00100093) x1  0x00000001
core   0: 0x8000102c (0xffffff17) auipc   t5, 0xfffff
core   0: 3 0x8000102c (0xffffff17) x30 0x8000002c
core   0: 0x80001030 (0xfc1f2a23) sw      ra, -44(t5)
core   0: 3 0x80001030 (0xfc1f2a23) mem 0x80000000 0x00000001
core   0: 0x80001034 (0xff5ff06f) j       pc - 0xc
core   0: 3 0x80001034 (0xff5ff06f)
core   0: 0x80001028 (0x00100093) li      ra, 1
core   0: 3 0x80001028 (0x00100093) x1  0x00000001
core   0: 0x8000102c (0xffffff17) auipc   t5, 0xfffff
core   0: 3 0x8000102c (0xffffff17) x30 0x8000002c
core   0: 0x80001030 (0xfc1f2a23) sw      ra, -44(t5)
core   0: 3 0x80001030 (0xfc1f2a23) mem 0x80000000 0x00000001
core   0: 0x80001034 (0xff5ff06f) j       pc - 0xc
core   0: 3 0x80001034 (0xff5ff06f)
core   0: 0x80001028 (0x00100093) li      ra, 1
core   0: 3 0x80001028 (0x00100093) x1  0x00000001
core   0: 0x8000102c (0xffffff17) auipc   t5, 0xfffff
core   0: 3 0x8000102c (0xffffff17) x30 0x8000002c
core   0: 0x80001030 (0xfc1f2a23) sw      ra, -44(t5)
core   0: 3 0x80001030 (0xfc1f2a23) mem 0x80000000 0x00000001
core   0: 0x80001034 (0xff5ff06f) j       pc - 0xc
core   0: 3 0x80001034 (0xff5ff06f)
core   0: 0x80001028 (0x00100093) li      ra, 1
core   0: 3 0x80001028 (0x00100093) x1  0x00000001
core   0: 0x8000102c (0xffffff17) auipc   t5, 0xfffff
core   0: 3 0x8000102c (0xffffff17) x30 0x8000002c
core   0: 0x80001030 (0xfc1f2a23) sw      ra, -44(t5)
core   0: 3 0x80001030 (0xfc1f2a23) mem 0x80000000 0x00000001
core   0: 0x80001034 (0xff5ff06f) j       pc - 0xc
core   0: 3 0x80001034 (0xff5ff06f)
core   0: 0x80001028 (0x00100093) li      ra, 1
core   0: 3 0x80001028 (0x00100093) x1  0x00000001
core   0: 0x8000102c (0xffffff17) auipc   t5, 0xfffff
core   0: 3 0x8000102c (0xffffff17) x30 0x8000002c
core   0: 0x80001030 (0xfc1f2a23) sw      ra, -44(t5)
core   0: 3 0x80001030 (0xfc1f2a23) mem 0x80000000 0x00000001
core   0: 0x80001034 (0xff5ff06f) j       pc - 0xc
core   0: 3 0x80001034 (0xff5ff06f)
core   0: 0x80001028 (0x00100093) li      ra, 1
core   0: 3 0x80001028 (0x00100093) x1  0x00000001
core   0: 0x8000102c (0xffffff17) auipc   t5, 0xfffff
core   0: 3 0x8000102c (0xffffff17) x30 0x8000002c
core   0: 0x80001030 (0xfc1f2a23) sw      ra, -44(t5)
core   0: 3 0x80001030 (0xfc1f2a23) mem 0x80000000 0x00000001
core   0: 0x80001034 (0xff5ff06f) j       pc - 0xc
core   0: 3 0x80001034 (0xff5ff06f)
core   0: 0x80001028 (0x00100093) li      ra, 1
core   0: 3 0x80001028 (0x00100093) x1  0x00000001
core   0: 0x8000102c (0xffffff17) auipc   t5, 0xfffff
core   0: 3 0x8000102c (0xffffff17) x30 0x8000002c
core   0: 0x80001030 (0xfc1f2a23) sw      ra, -44(t5)
core   0: 3 0x80001030 (0xfc1f2a23) mem 0x80000000 0x00000001
core   0: 0x80001034 (0xff5ff06f) j       pc - 0xc
core   0: 3 0x80001034 (0xff5ff06f)
core   0: 0x80001028 (0x00100093) li      ra, 1
core   0: 3 0x80001028 (0x00100093) x1  0x00000001
core   0: 0x8000102c (0xffffff17) auipc   t5, 0xfffff
core   0: 3 0x8000102c (0xffffff17) x30 0x8000002c
core   0: 0x80001030 (0xfc1f2a23) sw      ra, -44(t5)
core   0: 3 0x80001030 (0xfc1f2a23) mem 0x80000000 0x00000001
core   0: 0x80001034 (0xff5ff06f) j       pc - 0xc
core   0: 3 0x80001034 (0xff5ff06f)
core   0: 0x80001028 (0x00100093) li      ra, 1
core   0: 3 0x80001028 (0x00100093) x1  0x00000001
core   0: 0x8000102c (0xffffff17) auipc   t5, 0xfffff
core   0: 3 0x8000102c (0xffffff17) x30 0x8000002c
core   0: 0x80001030 (0xfc1f2a23) sw      ra, -44(t5)
core   0: 3 0x80001030 (0xfc1f2a23) mem 0x80000000 0x00000001
core   0: 0x80001034 (0xff5ff06f) j       pc - 0xc
core   0: 3 0x80001034 (0xff5ff06f)
core   0: 0x80001028 (0x00100093) li      ra, 1
core   0: 3 0x80001028 (0x00100093) x1  0x00000001
core   0: 0x8000102c (0xffffff17) auipc   t5, 0xfffff
core   0: 3 0x8000102c (0xffffff17) x30 0x8000002c
core   0: 0x80001030 (0xfc1f2a23) sw      ra, -44(t5)
core   0: 3 0x80001030 (0xfc1f2a23) mem 0x80000000 0x00000001
core   0: 0x80001034 (0xff5ff06f) j       pc - 0xc
core   0: 3 0x80001034 (0xff5ff06f)
core   0: 0x80001028 (0x00100093) li      ra, 1
core   0: 3 0x80001028 (0x00100093) x1  0x00000001
core   0: 0x8000102c (0xffffff17) auipc   t5, 0xfffff
core   0: 3 0x8000102c (0xffffff17) x30 0x8000002c
core   0: 0x80001030 (0xfc1f2a23) sw      ra, -44(t5)
core   0: 3 0x80001030 (0xfc1f2a23) mem 0x80000000 0x00000001
core   0: 0x80001034 (0xff5ff06f) j       pc - 0xc
core   0: 3 0x80001034 (0xff5ff06f)
core   0: 0x80001028 (0x00100093) li      ra, 1
core   0: 3 0x80001028 (0x00100093) x1  0x00000001
core   0: 0x8000102c (0xffffff17) auipc   t5, 0xfffff
core   0: 3 0x8000102c (0xffffff17) x30 0x8000002c
core   0: 0x80001030 (0xfc1f2a23) sw      ra, -44(t5)
core   0: 3 0x80001030 (0xfc1f2a23) mem 0x80000000 0x00000001
core   0: 0x80001034 (0xff5ff06f) j       pc - 0xc
core   0: 3 0x80001034 (0xff5ff06f)
core   0: 0x80001028 (0x00100093) li      ra, 1
core   0: 3 0x80001028 (0x00100093) x1  0x00000001
core   0: 0x8000102c (0xffffff17) auipc   t5, 0xfffff
core   0: 3 0x8000102c (0xffffff17) x30 0x8000002c
core   0: 0x80001030 (0xfc1f2a23) sw      ra, -44(t5)
core   0: 3 0x80001030 (0xfc1f2a23) mem 0x80000000 0x00000001
core   0: 0x80001034 (0xff5ff06f) j       pc - 0xc
core   0: 3 0x80001034 (0xff5ff06f)
core   0: 0x80001028 (0x00100093) li      ra, 1
core   0: 3 0x80001028 (0x00100093) x1  0x00000001
core   0: 0x8000102c (0xffffff17) auipc   t5, 0xfffff
core   0: 3 0x8000102c (0xffffff17) x30 0x8000002c
core   0: 0x80001030 (0xfc1f2a23) sw      ra, -44(t5)
core   0: 3 0x80001030 (0xfc1f2a23) mem 0x80000000 0x00000001
core   0: 0x80001034 (0xff5ff06f) j       pc - 0xc
core   0: 3 0x80001034 (0xff5ff06f)
core   0: 0x80001028 (0x00100093) li      ra, 1
core   0: 3 0x80001028 (0x00100093) x1  0x00000001
core   0: 0x8000102c (0xffffff17) auipc   t5, 0xfffff
core   0: 3 0x8000102c (0xffffff17) x30 0x8000002c
core   0: 0x80001030 (0xfc1f2a23) sw      ra, -44(t5)
core   0: 3 0x80001030 (0xfc1f2a23) mem 0x80000000 0x00000001
core   0: 0x80001034 (0xff5ff06f) j       pc - 0xc
core   0: 3 0x80001034 (0xff5ff06f)
core   0: 0x80001028 (0x00100093) li      ra, 1
core   0: 3 0x80001028 (0x00100093) x1  0x00000001
core   0: 0x8000102c (0xffffff17) auipc   t5, 0xfffff
core   0: 3 0x8000102c (0xffffff17) x30 0x8000002c
core   0: 0x80001030 (0xfc1f2a23) sw      ra, -44(t5)
core   0: 3 0x80001030 (0xfc1f2a23) mem 0x80000000 0x00000001
core   0: 0x80001034 (0xff5ff06f) j       pc - 0xc
core   0: 3 0x80001034 (0xff5ff06f)
core   0: 0x80001028 (0x00100093) li      ra, 1
core   0: 3 0x80001028 (0x00100093) x1  0x00000001
core   0: 0x8000102c (0xffffff17) auipc   t5, 0xfffff
core   0: 3 0x8000102c (0xffffff17) x30 0x8000002c
core   0: 0x80001030 (0xfc1f2a23) sw      ra, -44(t5)
core   0: 3 0x80001030 (0xfc1f2a23) mem 0x80000000 0x00000001
core   0: 0x80001034 (0xff5ff06f) j       pc - 0xc
core   0: 3 0x80001034 (0xff5ff06f)
core   0: 0x80001028 (0x00100093) li      ra, 1
core   0: 3 0x80001028 (0x00100093) x1  0x00000001
core   0: 0x8000102c (0xffffff17) auipc   t5, 0xfffff
core   0: 3 0x8000102c (0xffffff17) x30 0x8000002c
core   0: 0x80001030 (0xfc1f2a23) sw      ra, -44(t5)
core   0: 3 0x80001030 (0xfc1f2a23) mem 0x80000000 0x00000001
core   0: 0x80001034 (0xff5ff06f) j       pc - 0xc
core   0: 3 0x80001034 (0xff5ff06f)
core   0: 0x80001028 (0x00100093) li      ra, 1
core   0: 3 0x80001028 (0x00100093) x1  0x00000001
core   0: 0x8000102c (0xffffff17) auipc   t5, 0xfffff
core   0: 3 0x8000102c (0xffffff17) x30 0x8000002c
core   0: 0x80001030 (0xfc1f2a23) sw      ra, -44(t5)
core   0: 3 0x80001030 (0xfc1f2a23) mem 0x80000000 0x00000001
core   0: 0x80001034 (0xff5ff06f) j       pc - 0xc
core   0: 3 0x80001034 (0xff5ff06f)
core   0: 0x80001028 (0x00100093) li      ra, 1
core   0: 3 0x80001028 (0x00100093) x1  0x00000001
core   0: 0x8000102c (0xffffff17) auipc   t5, 0xfffff
core   0: 3 0x8000102c (0xffffff17) x30 0x8000002c
core   0: 0x80001030 (0xfc1f2a23) sw      ra, -44(t5)
core   0: 3 0x80001030 (0xfc1f2a23) mem 0x80000000 0x00000001
core   0: 0x80001034 (0xff5ff06f) j       pc - 0xc
core   0: 3 0x80001034 (0xff5ff06f)
core   0: 0x80001028 (0x00100093) li      ra, 1
core   0: 3 0x80001028 (0x00100093) x1  0x00000001
core   0: 0x8000102c (0xffffff17) auipc   t5, 0xfffff
core   0: 3 0x8000102c (0xffffff17) x30 0x8000002c
core   0: 0x80001030 (0xfc1f2a23) sw      ra, -44(t5)
core   0: 3 0x80001030 (0xfc1f2a23) mem 0x80000000 0x00000001
core   0: 0x80001034 (0xff5ff06f) j       pc - 0xc
core   0: 3 0x80001034 (0xff5ff06f)
core   0: 0x80001028 (0x00100093) li      ra, 1
core   0: 3 0x80001028 (0x00100093) x1  0x00000001
core   0: 0x8000102c (0xffffff17) auipc   t5, 0xfffff
core   0: 3 0x8000102c (0xffffff17) x30 0x8000002c
core   0: 0x80001030 (0xfc1f2a23) sw      ra, -44(t5)
core   0: 3 0x80001030 (0xfc1f2a23) mem 0x80000000 0x00000001
core   0: 0x80001034 (0xff5ff06f) j       pc - 0xc
core   0: 3 0x80001034 (0xff5ff06f)
core   0: 0x80001028 (0x00100093) li      ra, 1
core   0: 3 0x80001028 (0x00100093) x1  0x00000001
core   0: 0x8000102c (0xffffff17) auipc   t5, 0xfffff
core   0: 3 0x8000102c (0xffffff17) x30 0x8000002c
core   0: 0x80001030 (0xfc1f2a23) sw      ra, -44(t5)
core   0: 3 0x80001030 (0xfc1f2a23) mem 0x80000000 0x00000001
core   0: 0x80001034 (0xff5ff06f) j       pc - 0xc
core   0: 3 0x80001034 (0xff5ff06f)
core   0: 0x80001028 (0x00100093) li      ra, 1
core   0: 3 0x80001028 (0x00100093) x1  0x00000001
core   0: 0x8000102c (0xffffff17) auipc   t5, 0xfffff
core   0: 3 0x8000102c (0xffffff17) x30 0x8000002c
core   0: 0x80001030 (0xfc1f2a23) sw      ra, -44(t5)
core   0: 3 0x80001030 (0xfc1f2a23) mem 0x80000000 0x00000001
core   0: 0x80001034 (0xff5ff06f) j       pc - 0xc
core   0: 3 0x80001034 (0xff5ff06f)
core   0: 0x80001028 (0x00100093) li      ra, 1
core   0: 3 0x80001028 (0x00100093) x1  0x00000001
core   0: 0x8000102c (0xffffff17) auipc   t5, 0xfffff
core   0: 3 0x8000102c (0xffffff17) x30 0x8000002c
core   0: 0x80001030 (0xfc1f2a23) sw      ra, -44(t5)
core   0: 3 0x80001030 (0xfc1f2a23) mem 0x80000000 0x00000001
core   0: 0x80001034 (0xff5ff06f) j       pc - 0xc
core   0: 3 0x80001034 (0xff5ff06f)
core   0: 0x80001028 (0x00100093) li      ra, 1
core   0: 3 0x80001028 (0x00100093) x1  0x00000001
core   0: 0x8000102c (0xffffff17) auipc   t5, 0xfffff
core   0: 3 0x8000102c (0xffffff17) x30 0x8000002c
core   0: 0x80001030 (0xfc1f2a23) sw      ra, -44(t5)
core   0: 3 0x80001030 (0xfc1f2a23) mem 0x80000000 0x00000001
core   0: 0x80001034 (0xff5ff06f) j       pc - 0xc
core   0: 3 0x80001034 (0xff5ff06f)
core   0: 0x80001028 (0x00100093) li      ra, 1
core   0: 3 0x80001028 (0x00100093) x1  0x00000001
core   0: 0x8000102c (0xffffff17) auipc   t5, 0xfffff
core   0: 3 0x8000102c (0xffffff17) x30 0x8000002c
core   0: 0x80001030 (0xfc1f2a23) sw      ra, -44(t5)
core   0: 3 0x80001030 (0xfc1f2a23) mem 0x80000000 0x00000001
core   0: 0x80001034 (0xff5ff06f) j       pc - 0xc
core   0: 3 0x80001034 (0xff5ff06f)
core   0: 0x80001028 (0x00100093) li      ra, 1
core   0: 3 0x80001028 (0x00100093) x1  0x00000001
core   0: 0x8000102c (0xffffff17) auipc   t5, 0xfffff
core   0: 3 0x8000102c (0xffffff17) x30 0x8000002c
core   0: 0x80001030 (0xfc1f2a23) sw      ra, -44(t5)
core   0: 3 0x80001030 (0xfc1f2a23) mem 0x80000000 0x00000001
core   0: 0x80001034 (0xff5ff06f) j       pc - 0xc
core   0: 3 0x80001034 (0xff5ff06f)
core   0: 0x80001028 (0x00100093) li      ra, 1
core   0: 3 0x80001028 (0x00100093) x1  0x00000001
core   0: 0x8000102c (0xffffff17) auipc   t5, 0xfffff
core   0: 3 0x8000102c (0xffffff17) x30 0x8000002c
core   0: 0x80001030 (0xfc1f2a23) sw      ra, -44(t5)
core   0: 3 0x80001030 (0xfc1f2a23) mem 0x80000000 0x00000001
core   0: 0x80001034 (0xff5ff06f) j       pc - 0xc
core   0: 3 0x80001034 (0xff5ff06f)
core   0: 0x80001028 (0x00100093) li      ra, 1
core   0: 3 0x80001028 (0x00100093) x1  0x00000001
core   0: 0x8000102c (0xffffff17) auipc   t5, 0xfffff
core   0: 3 0x8000102c (0xffffff17) x30 0x8000002c
core   0: 0x80001030 (0xfc1f2a23) sw      ra, -44(t5)
core   0: 3 0x80001030 (0xfc1f2a23) mem 0x80000000 0x00000001
core   0: 0x80001034 (0xff5ff06f) j       pc - 0xc
core   0: 3 0x80001034 (0xff5ff06f)
core   0: 0x80001028 (0x00100093) li      ra, 1
core   0: 3 0x80001028 (0x00100093) x1  0x00000001
core   0: 0x8000102c (0xffffff17) auipc   t5, 0xfffff
core   0: 3 0x8000102c (0xffffff17) x30 0x8000002c
core   0: 0x80001030 (0xfc1f2a23) sw      ra, -44(t5)
core   0: 3 0x80001030 (0xfc1f2a23) mem 0x80000000 0x00000001
core   0: 0x80001034 (0xff5ff06f) j       pc - 0xc
core   0: 3 0x80001034 (0xff5ff06f)
core   0: 0x80001028 (0x00100093) li      ra, 1
core   0: 3 0x80001028 (0x00100093) x1  0x00000001
core   0: 0x8000102c (0xffffff17) auipc   t5, 0xfffff
core   0: 3 0x8000102c (0xffffff17) x30 0x8000002c
core   0: 0x80001030 (0xfc1f2a23) sw      ra, -44(t5)
core   0: 3 0x80001030 (0xfc1f2a23) mem 0x80000000 0x00000001
core   0: 0x80001034 (0xff5ff06f) j       pc - 0xc
core   0: 3 0x80001034 (0xff5ff06f)
core   0: 0x80001028 (0x00100093) li      ra, 1
core   0: 3 0x80001028 (0x00100093) x1  0x00000001
core   0: 0x8000102c (0xffffff17) auipc   t5, 0xfffff
core   0: 3 0x8000102c (0xffffff17) x30 0x8000002c
core   0: 0x80001030 (0xfc1f2a23) sw      ra, -44(t5)
core   0: 3 0x80001030 (0xfc1f2a23) mem 0x80000000 0x00000001
core   0: 0x80001034 (0xff5ff06f) j       pc - 0xc
core   0: 3 0x80001034 (0xff5ff06f)
core   0: 0x80001028 (0x00100093) li      ra, 1
core   0: 3 0x80001028 (0x00100093) x1  0x00000001
core   0: 0x8000102c (0xffffff17) auipc   t5, 0xfffff
core   0: 3 0x8000102c (0xffffff17) x30 0x8000002c
core   0: 0x80001030 (0xfc1f2a23) sw      ra, -44(t5)
core   0: 3 0x80001030 (0xfc1f2a23) mem 0x80000000 0x00000001
core   0: 0x80001034 (0xff5ff06f) j       pc - 0xc
core   0: 3 0x80001034 (0xff5ff06f)
core   0: 0x80001028 (0x00100093) li      ra, 1
core   0: 3 0x80001028 (0x00100093) x1  0x00000001
core   0: 0x8000102c (0xffffff17) auipc   t5, 0xfffff
core   0: 3 0x8000102c (0xffffff17) x30 0x8000002c
core   0: 0x80001030 (0xfc1f2a23) sw      ra, -44(t5)
core   0: 3 0x80001030 (0xfc1f2a23) mem 0x80000000 0x00000001
core   0: 0x80001034 (0xff5ff06f) j       pc - 0xc
core   0: 3 0x80001034 (0xff5ff06f)
core   0: 0x80001028 (0x00100093) li      ra, 1
core   0: 3 0x80001028 (0x00100093) x1  0x00000001
core   0: 0x8000102c (0xffffff17) auipc   t5, 0xfffff
core   0: 3 0x8000102c (0xffffff17) x30 0x8000002c
core   0: 0x80001030 (0xfc1f2a23) sw      ra, -44(t5)
core   0: 3 0x80001030 (0xfc1f2a23) mem 0x80000000 0x00000001
core   0: 0x80001034 (0xff5ff06f) j       pc - 0xc
core   0: 3 0x80001034 (0xff5ff06f)
core   0: 0x80001028 (0x00100093) li      ra, 1
core   0: 3 0x80001028 (0x00100093) x1  0x00000001
core   0: 0x8000102c (0xffffff17) auipc   t5, 0xfffff
core   0: 3 0x8000102c (0xffffff17) x30 0x8000002c
core   0: 0x80001030 (0xfc1f2a23) sw      ra, -44(t5)
core   0: 3 0x80001030 (0xfc1f2a23) mem 0x80000000 0x00000001
core   0: 0x80001034 (0xff5ff06f) j       pc - 0xc
core   0: 3 0x80001034 (0xff5ff06f)
core   0: 0x80001028 (0x00100093) li      ra, 1
core   0: 3 0x80001028 (0x00100093) x1  0x00000001
core   0: 0x8000102c (0xffffff17) auipc   t5, 0xfffff
core   0: 3 0x8000102c (0xffffff17) x30 0x8000002c
core   0: 0x80001030 (0xfc1f2a23) sw      ra, -44(t5)
core   0: 3 0x80001030 (0xfc1f2a23) mem 0x80000000 0x00000001
core   0: 0x80001034 (0xff5ff06f) j       pc - 0xc
core   0: 3 0x80001034 (0xff5ff06f)
core   0: 0x80001028 (0x00100093) li      ra, 1
core   0: 3 0x80001028 (0x00100093) x1  0x00000001
core   0: 0x8000102c (0xffffff17) auipc   t5, 0xfffff
core   0: 3 0x8000102c (0xffffff17) x30 0x8000002c
core   0: 0x80001030 (0xfc1f2a23) sw      ra, -44(t5)
core   0: 3 0x80001030 (0xfc1f2a23) mem 0x80000000 0x00000001
core   0: 0x80001034 (0xff5ff06f) j       pc - 0xc
core   0: 3 0x80001034 (0xff5ff06f)
core   0: 0x80001028 (0x00100093) li      ra, 1
core   0: 3 0x80001028 (0x00100093) x1  0x00000001
core   0: 0x8000102c (0xffffff17) auipc   t5, 0xfffff
core   0: 3 0x8000102c (0xffffff17) x30 0x8000002c
core   0: 0x80001030 (0xfc1f2a23) sw      ra, -44(t5)
core   0: 3 0x80001030 (0xfc1f2a23) mem 0x80000000 0x00000001
core   0: 0x80001034 (0xff5ff06f) j       pc - 0xc
core   0: 3 0x80001034 (0xff5ff06f)
core   0: 0x80001028 (0x00100093) li      ra, 1
core   0: 3 0x80001028 (0x00100093) x1  0x00000001
core   0: 0x8000102c (0xffffff17) auipc   t5, 0xfffff
core   0: 3 0x8000102c (0xffffff17) x30 0x8000002c
core   0: 0x80001030 (0xfc1f2a23) sw      ra, -44(t5)
core   0: 3 0x80001030 (0xfc1f2a23) mem 0x80000000 0x00000001
core   0: 0x80001034 (0xff5ff06f) j       pc - 0xc
core   0: 3 0x80001034 (0xff5ff06f)
core   0: 0x80001028 (0x00100093) li      ra, 1
core   0: 3 0x80001028 (0x00100093) x1  0x00000001
core   0: 0x8000102c (0xffffff17) auipc   t5, 0xfffff
core   0: 3 0x8000102c (0xffffff17) x30 0x8000002c
core   0: 0x80001030 (0xfc1f2a23) sw      ra, -44(t5)
core   0: 3 0x80001030 (0xfc1f2a23) mem 0x80000000 0x00000001
core   0: 0x80001034 (0xff5ff06f) j       pc - 0xc
core   0: 3 0x80001034 (0xff5ff06f)
core   0: 0x80001028 (0x00100093) li      ra, 1
core   0: 3 0x80001028 (0x00100093) x1  0x00000001
core   0: 0x8000102c (0xffffff17) auipc   t5, 0xfffff
core   0: 3 0x8000102c (0xffffff17) x30 0x8000002c
core   0: 0x80001030 (0xfc1f2a23) sw      ra, -44(t5)
core   0: 3 0x80001030 (0xfc1f2a23) mem 0x80000000 0x00000001
core   0: 0x80001034 (0xff5ff06f) j       pc - 0xc
core   0: 3 0x80001034 (0xff5ff06f)
core   0: 0x80001028 (0x00100093) li      ra, 1
core   0: 3 0x80001028 (0x00100093) x1  0x00000001
core   0: 0x8000102c (0xffffff17) auipc   t5, 0xfffff
core   0: 3 0x8000102c (0xffffff17) x30 0x8000002c
core   0: 0x80001030 (0xfc1f2a23) sw      ra, -44(t5)
core   0: 3 0x80001030 (0xfc1f2a23) mem 0x80000000 0x00000001
core   0: 0x80001034 (0xff5ff06f) j       pc - 0xc
core   0: 3 0x80001034 (0xff5ff06f)
core   0: 0x80001028 (0x00100093) li      ra, 1
core   0: 3 0x80001028 (0x00100093) x1  0x00000001
core   0: 0x8000102c (0xffffff17) auipc   t5, 0xfffff
core   0: 3 0x8000102c (0xffffff17) x30 0x8000002c
core   0: 0x80001030 (0xfc1f2a23) sw      ra, -44(t5)
core   0: 3 0x80001030 (0xfc1f2a23) mem 0x80000000 0x00000001
core   0: 0x80001034 (0xff5ff06f) j       pc - 0xc
core   0: 3 0x80001034 (0xff5ff06f)
core   0: 0x80001028 (0x00100093) li      ra, 1
core   0: 3 0x80001028 (0x00100093) x1  0x00000001
core   0: 0x8000102c (0xffffff17) auipc   t5, 0xfffff
core   0: 3 0x8000102c (0xffffff17) x30 0x8000002c
core   0: 0x80001030 (0xfc1f2a23) sw      ra, -44(t5)
core   0: 3 0x80001030 (0xfc1f2a23) mem 0x80000000 0x00000001
core   0: 0x80001034 (0xff5ff06f) j       pc - 0xc
core   0: 3 0x80001034 (0xff5ff06f)
core   0: 0x80001028 (0x00100093) li      ra, 1
core   0: 3 0x80001028 (0x00100093) x1  0x00000001
core   0: 0x8000102c (0xffffff17) auipc   t5, 0xfffff
core   0: 3 0x8000102c (0xffffff17) x30 0x8000002c
core   0: 0x80001030 (0xfc1f2a23) sw      ra, -44(t5)
core   0: 3 0x80001030 (0xfc1f2a23) mem 0x80000000 0x00000001
core   0: 0x80001034 (0xff5ff06f) j       pc - 0xc
core   0: 3 0x80001034 (0xff5ff06f)
core   0: 0x80001028 (0x00100093) li      ra, 1
core   0: 3 0x80001028 (0x00100093) x1  0x00000001
core   0: 0x8000102c (0xffffff17) auipc   t5, 0xfffff
core   0: 3 0x8000102c (0xffffff17) x30 0x8000002c
core   0: 0x80001030 (0xfc1f2a23) sw      ra, -44(t5)
core   0: 3 0x80001030 (0xfc1f2a23) mem 0x80000000 0x00000001
core   0: 0x80001034 (0xff5ff06f) j       pc - 0xc
core   0: 3 0x80001034 (0xff5ff06f)
core   0: 0x80001028 (0x00100093) li      ra, 1
core   0: 3 0x80001028 (0x00100093) x1  0x00000001
core   0: 0x8000102c (0xffffff17) auipc   t5, 0xfffff
core   0: 3 0x8000102c (0xffffff17) x30 0x8000002c
core   0: 0x80001030 (0xfc1f2a23) sw      ra, -44(t5)
core   0: 3 0x80001030 (0xfc1f2a23) mem 0x80000000 0x00000001
core   0: 0x80001034 (0xff5ff06f) j       pc - 0xc
core   0: 3 0x80001034 (0xff5ff06f)
core   0: 0x80001028 (0x00100093) li      ra, 1
core   0: 3 0x80001028 (0x00100093) x1  0x00000001
core   0: 0x8000102c (0xffffff17) auipc   t5, 0xfffff
core   0: 3 0x8000102c (0xffffff17) x30 0x8000002c
core   0: 0x80001030 (0xfc1f2a23) sw      ra, -44(t5)
core   0: 3 0x80001030 (0xfc1f2a23) mem 0x80000000 0x00000001
core   0: 0x80001034 (0xff5ff06f) j       pc - 0xc
core   0: 3 0x80001034 (0xff5ff06f)
core   0: 0x80001028 (0x00100093) li      ra, 1
core   0: 3 0x80001028 (0x00100093) x1  0x00000001
core   0: 0x8000102c (0xffffff17) auipc   t5, 0xfffff
core   0: 3 0x8000102c (0xffffff17) x30 0x8000002c
core   0: 0x80001030 (0xfc1f2a23) sw      ra, -44(t5)
core   0: 3 0x80001030 (0xfc1f2a23) mem 0x80000000 0x00000001
core   0: 0x80001034 (0xff5ff06f) j       pc - 0xc
core   0: 3 0x80001034 (0xff5ff06f)
core   0: 0x80001028 (0x00100093) li      ra, 1
core   0: 3 0x80001028 (0x00100093) x1  0x00000001
core   0: 0x8000102c (0xffffff17) auipc   t5, 0xfffff
core   0: 3 0x8000102c (0xffffff17) x30 0x8000002c
core   0: 0x80001030 (0xfc1f2a23) sw      ra, -44(t5)
core   0: 3 0x80001030 (0xfc1f2a23) mem 0x80000000 0x00000001
core   0: 0x80001034 (0xff5ff06f) j       pc - 0xc
core   0: 3 0x80001034 (0xff5ff06f)
core   0: 0x80001028 (0x00100093) li      ra, 1
core   0: 3 0x80001028 (0x00100093) x1  0x00000001
core   0: 0x8000102c (0xffffff17) auipc   t5, 0xfffff
core   0: 3 0x8000102c (0xffffff17) x30 0x8000002c
core   0: 0x80001030 (0xfc1f2a23) sw      ra, -44(t5)
core   0: 3 0x80001030 (0xfc1f2a23) mem 0x80000000 0x00000001
core   0: 0x80001034 (0xff5ff06f) j       pc - 0xc
core   0: 3 0x80001034 (0xff5ff06f)
core   0: 0x80001028 (0x00100093) li      ra, 1
core   0: 3 0x80001028 (0x00100093) x1  0x00000001
core   0: 0x8000102c (0xffffff17) auipc   t5, 0xfffff
core   0: 3 0x8000102c (0xffffff17) x30 0x8000002c
core   0: 0x80001030 (0xfc1f2a23) sw      ra, -44(t5)
core   0: 3 0x80001030 (0xfc1f2a23) mem 0x80000000 0x00000001
core   0: 0x80001034 (0xff5ff06f) j       pc - 0xc
core   0: 3 0x80001034 (0xff5ff06f)
core   0: 0x80001028 (0x00100093) li      ra, 1
core   0: 3 0x80001028 (0x00100093) x1  0x00000001
core   0: 0x8000102c (0xffffff17) auipc   t5, 0xfffff
core   0: 3 0x8000102c (0xffffff17) x30 0x8000002c
core   0: 0x80001030 (0xfc1f2a23) sw      ra, -44(t5)
core   0: 3 0x80001030 (0xfc1f2a23) mem 0x80000000 0x00000001
core   0: 0x80001034 (0xff5ff06f) j       pc - 0xc
core   0: 3 0x80001034 (0xff5ff06f)
core   0: 0x80001028 (0x00100093) li      ra, 1
core   0: 3 0x80001028 (0x00100093) x1  0x00000001
core   0: 0x8000102c (0xffffff17) auipc   t5, 0xfffff
core   0: 3 0x8000102c (0xffffff17) x30 0x8000002c
core   0: 0x80001030 (0xfc1f2a23) sw      ra, -44(t5)
core   0: 3 0x80001030 (0xfc1f2a23) mem 0x80000000 0x00000001
core   0: 0x80001034 (0xff5ff06f) j       pc - 0xc
core   0: 3 0x80001034 (0xff5ff06f)
core   0: 0x80001028 (0x00100093) li      ra, 1
core   0: 3 0x80001028 (0x00100093) x1  0x00000001
core   0: 0x8000102c (0xffffff17) auipc   t5, 0xfffff
core   0: 3 0x8000102c (0xffffff17) x30 0x8000002c
core   0: 0x80001030 (0xfc1f2a23) sw      ra, -44(t5)
core   0: 3 0x80001030 (0xfc1f2a23) mem 0x80000000 0x00000001
core   0: 0x80001034 (0xff5ff06f) j       pc - 0xc
core   0: 3 0x80001034 (0xff5ff06f)
core   0: 0x80001028 (0x00100093) li      ra, 1
core   0: 3 0x80001028 (0x00100093) x1  0x00000001
core   0: 0x8000102c (0xffffff17) auipc   t5, 0xfffff
core   0: 3 0x8000102c (0xffffff17) x30 0x8000002c
core   0: 0x80001030 (0xfc1f2a23) sw      ra, -44(t5)
core   0: 3 0x80001030 (0xfc1f2a23) mem 0x80000000 0x00000001
core   0: 0x80001034 (0xff5ff06f) j       pc - 0xc
core   0: 3 0x80001034 (0xff5ff06f)
core   0: 0x80001028 (0x00100093) li      ra, 1
core   0: 3 0x80001028 (0x00100093) x1  0x00000001
core   0: 0x8000102c (0xffffff17) auipc   t5, 0xfffff
core   0: 3 0x8000102c (0xffffff17) x30 0x8000002c
core   0: 0x80001030 (0xfc1f2a23) sw      ra, -44(t5)
core   0: 3 0x80001030 (0xfc1f2a23) mem 0x80000000 0x00000001
core   0: 0x80001034 (0xff5ff06f) j       pc - 0xc
core   0: 3 0x80001034 (0xff5ff06f)
core   0: 0x80001028 (0x00100093) li      ra, 1
core   0: 3 0x80001028 (0x00100093) x1  0x00000001
core   0: 0x8000102c (0xffffff17) auipc   t5, 0xfffff
core   0: 3 0x8000102c (0xffffff17) x30 0x8000002c
core   0: 0x80001030 (0xfc1f2a23) sw      ra, -44(t5)
core   0: 3 0x80001030 (0xfc1f2a23) mem 0x80000000 0x00000001
core   0: 0x80001034 (0xff5ff06f) j       pc - 0xc
core   0: 3 0x80001034 (0xff5ff06f)
core   0: 0x80001028 (0x00100093) li      ra, 1
core   0: 3 0x80001028 (0x00100093) x1  0x00000001
core   0: 0x8000102c (0xffffff17) auipc   t5, 0xfffff
core   0: 3 0x8000102c (0xffffff17) x30 0x8000002c
core   0: 0x80001030 (0xfc1f2a23) sw      ra, -44(t5)
core   0: 3 0x80001030 (0xfc1f2a23) mem 0x80000000 0x00000001
core   0: 0x80001034 (0xff5ff06f) j       pc - 0xc
core   0: 3 0x80001034 (0xff5ff06f)
core   0: 0x80001028 (0x00100093) li      ra, 1
core   0: 3 0x80001028 (0x00100093) x1  0x00000001
core   0: 0x8000102c (0xffffff17) auipc   t5, 0xfffff
core   0: 3 0x8000102c (0xffffff17) x30 0x8000002c
core   0: 0x80001030 (0xfc1f2a23) sw      ra, -44(t5)
core   0: 3 0x80001030 (0xfc1f2a23) mem 0x80000000 0x00000001
core   0: 0x80001034 (0xff5ff06f) j       pc - 0xc
core   0: 3 0x80001034 (0xff5ff06f)
core   0: 0x80001028 (0x00100093) li      ra, 1
core   0: 3 0x80001028 (0x00100093) x1  0x00000001
core   0: 0x8000102c (0xffffff17) auipc   t5, 0xfffff
core   0: 3 0x8000102c (0xffffff17) x30 0x8000002c
core   0: 0x80001030 (0xfc1f2a23) sw      ra, -44(t5)
core   0: 3 0x80001030 (0xfc1f2a23) mem 0x80000000 0x00000001
core   0: 0x80001034 (0xff5ff06f) j       pc - 0xc
core   0: 3 0x80001034 (0xff5ff06f)
core   0: 0x80001028 (0x00100093) li      ra, 1
core   0: 3 0x80001028 (0x00100093) x1  0x00000001
core   0: 0x8000102c (0xffffff17) auipc   t5, 0xfffff
core   0: 3 0x8000102c (0xffffff17) x30 0x8000002c
core   0: 0x80001030 (0xfc1f2a23) sw      ra, -44(t5)
core   0: 3 0x80001030 (0xfc1f2a23) mem 0x80000000 0x00000001
core   0: 0x80001034 (0xff5ff06f) j       pc - 0xc
core   0: 3 0x80001034 (0xff5ff06f)
core   0: 0x80001028 (0x00100093) li      ra, 1
core   0: 3 0x80001028 (0x00100093) x1  0x00000001
core   0: 0x8000102c (0xffffff17) auipc   t5, 0xfffff
core   0: 3 0x8000102c (0xffffff17) x30 0x8000002c
core   0: 0x80001030 (0xfc1f2a23) sw      ra, -44(t5)
core   0: 3 0x80001030 (0xfc1f2a23) mem 0x80000000 0x00000001
core   0: 0x80001034 (0xff5ff06f) j       pc - 0xc
core   0: 3 0x80001034 (0xff5ff06f)
core   0: 0x80001028 (0x00100093) li      ra, 1
core   0: 3 0x80001028 (0x00100093) x1  0x00000001
core   0: 0x8000102c (0xffffff17) auipc   t5, 0xfffff
core   0: 3 0x8000102c (0xffffff17) x30 0x8000002c
core   0: 0x80001030 (0xfc1f2a23) sw      ra, -44(t5)
core   0: 3 0x80001030 (0xfc1f2a23) mem 0x80000000 0x00000001
core   0: 0x80001034 (0xff5ff06f) j       pc - 0xc
core   0: 3 0x80001034 (0xff5ff06f)
core   0: 0x80001028 (0x00100093) li      ra, 1
core   0: 3 0x80001028 (0x00100093) x1  0x00000001
core   0: 0x8000102c (0xffffff17) auipc   t5, 0xfffff
core   0: 3 0x8000102c (0xffffff17) x30 0x8000002c
core   0: 0x80001030 (0xfc1f2a23) sw      ra, -44(t5)
core   0: 3 0x80001030 (0xfc1f2a23) mem 0x80000000 0x00000001
core   0: 0x80001034 (0xff5ff06f) j       pc - 0xc
core   0: 3 0x80001034 (0xff5ff06f)
core   0: 0x80001028 (0x00100093) li      ra, 1
core   0: 3 0x80001028 (0x00100093) x1  0x00000001
core   0: 0x8000102c (0xffffff17) auipc   t5, 0xfffff
core   0: 3 0x8000102c (0xffffff17) x30 0x8000002c
core   0: 0x80001030 (0xfc1f2a23) sw      ra, -44(t5)
core   0: 3 0x80001030 (0xfc1f2a23) mem 0x80000000 0x00000001
core   0: 0x80001034 (0xff5ff06f) j       pc - 0xc
core   0: 3 0x80001034 (0xff5ff06f)
core   0: 0x80001028 (0x00100093) li      ra, 1
core   0: 3 0x80001028 (0x00100093) x1  0x00000001
core   0: 0x8000102c (0xffffff17) auipc   t5, 0xfffff
core   0: 3 0x8000102c (0xffffff17) x30 0x8000002c
core   0: 0x80001030 (0xfc1f2a23) sw      ra, -44(t5)
core   0: 3 0x80001030 (0xfc1f2a23) mem 0x80000000 0x00000001
core   0: 0x80001034 (0xff5ff06f) j       pc - 0xc
core   0: 3 0x80001034 (0xff5ff06f)
core   0: 0x80001028 (0x00100093) li      ra, 1
core   0: 3 0x80001028 (0x00100093) x1  0x00000001
core   0: 0x8000102c (0xffffff17) auipc   t5, 0xfffff
core   0: 3 0x8000102c (0xffffff17) x30 0x8000002c
core   0: 0x80001030 (0xfc1f2a23) sw      ra, -44(t5)
core   0: 3 0x80001030 (0xfc1f2a23) mem 0x80000000 0x00000001
core   0: 0x80001034 (0xff5ff06f) j       pc - 0xc
core   0: 3 0x80001034 (0xff5ff06f)
core   0: 0x80001028 (0x00100093) li      ra, 1
core   0: 3 0x80001028 (0x00100093) x1  0x00000001
core   0: 0x8000102c (0xffffff17) auipc   t5, 0xfffff
core   0: 3 0x8000102c (0xffffff17) x30 0x8000002c
core   0: 0x80001030 (0xfc1f2a23) sw      ra, -44(t5)
core   0: 3 0x80001030 (0xfc1f2a23) mem 0x80000000 0x00000001
core   0: 0x80001034 (0xff5ff06f) j       pc - 0xc
core   0: 3 0x80001034 (0xff5ff06f)
core   0: 0x80001028 (0x00100093) li      ra, 1
core   0: 3 0x80001028 (0x00100093) x1  0x00000001
core   0: 0x8000102c (0xffffff17) auipc   t5, 0xfffff
core   0: 3 0x8000102c (0xffffff17) x30 0x8000002c
core   0: 0x80001030 (0xfc1f2a23) sw      ra, -44(t5)
core   0: 3 0x80001030 (0xfc1f2a23) mem 0x80000000 0x00000001
core   0: 0x80001034 (0xff5ff06f) j       pc - 0xc
core   0: 3 0x80001034 (0xff5ff06f)
core   0: 0x80001028 (0x00100093) li      ra, 1
core   0: 3 0x80001028 (0x00100093) x1  0x00000001
core   0: 0x8000102c (0xffffff17) auipc   t5, 0xfffff
core   0: 3 0x8000102c (0xffffff17) x30 0x8000002c
core   0: 0x80001030 (0xfc1f2a23) sw      ra, -44(t5)
core   0: 3 0x80001030 (0xfc1f2a23) mem 0x80000000 0x00000001
core   0: 0x80001034 (0xff5ff06f) j       pc - 0xc
core   0: 3 0x80001034 (0xff5ff06f)
core   0: 0x80001028 (0x00100093) li      ra, 1
core   0: 3 0x80001028 (0x00100093) x1  0x00000001
core   0: 0x8000102c (0xffffff17) auipc   t5, 0xfffff
core   0: 3 0x8000102c (0xffffff17) x30 0x8000002c
core   0: 0x80001030 (0xfc1f2a23) sw      ra, -44(t5)
core   0: 3 0x80001030 (0xfc1f2a23) mem 0x80000000 0x00000001
core   0: 0x80001034 (0xff5ff06f) j       pc - 0xc
core   0: 3 0x80001034 (0xff5ff06f)
core   0: 0x80001028 (0x00100093) li      ra, 1
core   0: 3 0x80001028 (0x00100093) x1  0x00000001
core   0: 0x8000102c (0xffffff17) auipc   t5, 0xfffff
core   0: 3 0x8000102c (0xffffff17) x30 0x8000002c
core   0: 0x80001030 (0xfc1f2a23) sw      ra, -44(t5)
core   0: 3 0x80001030 (0xfc1f2a23) mem 0x80000000 0x00000001
core   0: 0x80001034 (0xff5ff06f) j       pc - 0xc
core   0: 3 0x80001034 (0xff5ff06f)
core   0: 0x80001028 (0x00100093) li      ra, 1
core   0: 3 0x80001028 (0x00100093) x1  0x00000001
core   0: 0x8000102c (0xffffff17) auipc   t5, 0xfffff
core   0: 3 0x8000102c (0xffffff17) x30 0x8000002c
core   0: 0x80001030 (0xfc1f2a23) sw      ra, -44(t5)
core   0: 3 0x80001030 (0xfc1f2a23) mem 0x80000000 0x00000001
core   0: 0x80001034 (0xff5ff06f) j       pc - 0xc
core   0: 3 0x80001034 (0xff5ff06f)
core   0: 0x80001028 (0x00100093) li      ra, 1
core   0: 3 0x80001028 (0x00100093) x1  0x00000001
core   0: 0x8000102c (0xffffff17) auipc   t5, 0xfffff
core   0: 3 0x8000102c (0xffffff17) x30 0x8000002c
core   0: 0x80001030 (0xfc1f2a23) sw      ra, -44(t5)
core   0: 3 0x80001030 (0xfc1f2a23) mem 0x80000000 0x00000001
core   0: 0x80001034 (0xff5ff06f) j       pc - 0xc
core   0: 3 0x80001034 (0xff5ff06f)
core   0: 0x80001028 (0x00100093) li      ra, 1
core   0: 3 0x80001028 (0x00100093) x1  0x00000001
core   0: 0x8000102c (0xffffff17) auipc   t5, 0xfffff
core   0: 3 0x8000102c (0xffffff17) x30 0x8000002c
core   0: 0x80001030 (0xfc1f2a23) sw      ra, -44(t5)
core   0: 3 0x80001030 (0xfc1f2a23) mem 0x80000000 0x00000001
core   0: 0x80001034 (0xff5ff06f) j       pc - 0xc
core   0: 3 0x80001034 (0xff5ff06f)
core   0: 0x80001028 (0x00100093) li      ra, 1
core   0: 3 0x80001028 (0x00100093) x1  0x00000001
core   0: 0x8000102c (0xffffff17) auipc   t5, 0xfffff
core   0: 3 0x8000102c (0xffffff17) x30 0x8000002c
core   0: 0x80001030 (0xfc1f2a23) sw      ra, -44(t5)
core   0: 3 0x80001030 (0xfc1f2a23) mem 0x80000000 0x00000001
core   0: 0x80001034 (0xff5ff06f) j       pc - 0xc
core   0: 3 0x80001034 (0xff5ff06f)
core   0: 0x80001028 (0x00100093) li      ra, 1
core   0: 3 0x80001028 (0x00100093) x1  0x00000001
core   0: 0x8000102c (0xffffff17) auipc   t5, 0xfffff
core   0: 3 0x8000102c (0xffffff17) x30 0x8000002c
core   0: 0x80001030 (0xfc1f2a23) sw      ra, -44(t5)
core   0: 3 0x80001030 (0xfc1f2a23) mem 0x80000000 0x00000001
core   0: 0x80001034 (0xff5ff06f) j       pc - 0xc
core   0: 3 0x80001034 (0xff5ff06f)
core   0: 0x80001028 (0x00100093) li      ra, 1
core   0: 3 0x80001028 (0x00100093) x1  0x00000001
core   0: 0x8000102c (0xffffff17) auipc   t5, 0xfffff
core   0: 3 0x8000102c (0xffffff17) x30 0x8000002c
core   0: 0x80001030 (0xfc1f2a23) sw      ra, -44(t5)
core   0: 3 0x80001030 (0xfc1f2a23) mem 0x80000000 0x00000001
core   0: 0x80001034 (0xff5ff06f) j       pc - 0xc
core   0: 3 0x80001034 (0xff5ff06f)
core   0: 0x80001028 (0x00100093) li      ra, 1
core   0: 3 0x80001028 (0x00100093) x1  0x00000001
core   0: 0x8000102c (0xffffff17) auipc   t5, 0xfffff
core   0: 3 0x8000102c (0xffffff17) x30 0x8000002c
core   0: 0x80001030 (0xfc1f2a23) sw      ra, -44(t5)
core   0: 3 0x80001030 (0xfc1f2a23) mem 0x80000000 0x00000001
core   0: 0x80001034 (0xff5ff06f) j       pc - 0xc
core   0: 3 0x80001034 (0xff5ff06f)
core   0: 0x80001028 (0x00100093) li      ra, 1
core   0: 3 0x80001028 (0x00100093) x1  0x00000001
core   0: 0x8000102c (0xffffff17) auipc   t5, 0xfffff
core   0: 3 0x8000102c (0xffffff17) x30 0x8000002c
core   0: 0x80001030 (0xfc1f2a23) sw      ra, -44(t5)
core   0: 3 0x80001030 (0xfc1f2a23) mem 0x80000000 0x00000001
core   0: 0x80001034 (0xff5ff06f) j       pc - 0xc
core   0: 3 0x80001034 (0xff5ff06f)
core   0: 0x80001028 (0x00100093) li      ra, 1
core   0: 3 0x80001028 (0x00100093) x1  0x00000001
core   0: 0x8000102c (0xffffff17) auipc   t5, 0xfffff
core   0: 3 0x8000102c (0xffffff17) x30 0x8000002c
core   0: 0x80001030 (0xfc1f2a23) sw      ra, -44(t5)
core   0: 3 0x80001030 (0xfc1f2a23) mem 0x80000000 0x00000001
core   0: 0x80001034 (0xff5ff06f) j       pc - 0xc
core   0: 3 0x80001034 (0xff5ff06f)
core   0: 0x80001028 (0x00100093) li      ra, 1
core   0: 3 0x80001028 (0x00100093) x1  0x00000001
core   0: 0x8000102c (0xffffff17) auipc   t5, 0xfffff
core   0: 3 0x8000102c (0xffffff17) x30 0x8000002c
core   0: 0x80001030 (0xfc1f2a23) sw      ra, -44(t5)
core   0: 3 0x80001030 (0xfc1f2a23) mem 0x80000000 0x00000001
core   0: 0x80001034 (0xff5ff06f) j       pc - 0xc
core   0: 3 0x80001034 (0xff5ff06f)
core   0: 0x80001028 (0x00100093) li      ra, 1
core   0: 3 0x80001028 (0x00100093) x1  0x00000001
core   0: 0x8000102c (0xffffff17) auipc   t5, 0xfffff
core   0: 3 0x8000102c (0xffffff17) x30 0x8000002c
core   0: 0x80001030 (0xfc1f2a23) sw      ra, -44(t5)
core   0: 3 0x80001030 (0xfc1f2a23) mem 0x80000000 0x00000001
core   0: 0x80001034 (0xff5ff06f) j       pc - 0xc
core   0: 3 0x80001034 (0xff5ff06f)
core   0: 0x80001028 (0x00100093) li      ra, 1
core   0: 3 0x80001028 (0x00100093) x1  0x00000001
core   0: 0x8000102c (0xffffff17) auipc   t5, 0xfffff
core   0: 3 0x8000102c (0xffffff17) x30 0x8000002c
core   0: 0x80001030 (0xfc1f2a23) sw      ra, -44(t5)
core   0: 3 0x80001030 (0xfc1f2a23) mem 0x80000000 0x00000001
core   0: 0x80001034 (0xff5ff06f) j       pc - 0xc
core   0: 3 0x80001034 (0xff5ff06f)
core   0: 0x80001028 (0x00100093) li      ra, 1
core   0: 3 0x80001028 (0x00100093) x1  0x00000001
core   0: 0x8000102c (0xffffff17) auipc   t5, 0xfffff
core   0: 3 0x8000102c (0xffffff17) x30 0x8000002c
core   0: 0x80001030 (0xfc1f2a23) sw      ra, -44(t5)
core   0: 3 0x80001030 (0xfc1f2a23) mem 0x80000000 0x00000001
core   0: 0x80001034 (0xff5ff06f) j       pc - 0xc
core   0: 3 0x80001034 (0xff5ff06f)
core   0: 0x80001028 (0x00100093) li      ra, 1
core   0: 3 0x80001028 (0x00100093) x1  0x00000001
core   0: 0x8000102c (0xffffff17) auipc   t5, 0xfffff
core   0: 3 0x8000102c (0xffffff17) x30 0x8000002c
core   0: 0x80001030 (0xfc1f2a23) sw      ra, -44(t5)
core   0: 3 0x80001030 (0xfc1f2a23) mem 0x80000000 0x00000001
core   0: 0x80001034 (0xff5ff06f) j       pc - 0xc
core   0: 3 0x80001034 (0xff5ff06f)
core   0: 0x80001028 (0x00100093) li      ra, 1
core   0: 3 0x80001028 (0x00100093) x1  0x00000001
core   0: 0x8000102c (0xffffff17) auipc   t5, 0xfffff
core   0: 3 0x8000102c (0xffffff17) x30 0x8000002c
core   0: 0x80001030 (0xfc1f2a23) sw      ra, -44(t5)
core   0: 3 0x80001030 (0xfc1f2a23) mem 0x80000000 0x00000001
core   0: 0x80001034 (0xff5ff06f) j       pc - 0xc
core   0: 3 0x80001034 (0xff5ff06f)
core   0: 0x80001028 (0x00100093) li      ra, 1
core   0: 3 0x80001028 (0x00100093) x1  0x00000001
core   0: 0x8000102c (0xffffff17) auipc   t5, 0xfffff
core   0: 3 0x8000102c (0xffffff17) x30 0x8000002c
core   0: 0x80001030 (0xfc1f2a23) sw      ra, -44(t5)
core   0: 3 0x80001030 (0xfc1f2a23) mem 0x80000000 0x00000001
core   0: 0x80001034 (0xff5ff06f) j       pc - 0xc
core   0: 3 0x80001034 (0xff5ff06f)
core   0: 0x80001028 (0x00100093) li      ra, 1
core   0: 3 0x80001028 (0x00100093) x1  0x00000001
core   0: 0x8000102c (0xffffff17) auipc   t5, 0xfffff
core   0: 3 0x8000102c (0xffffff17) x30 0x8000002c
core   0: 0x80001030 (0xfc1f2a23) sw      ra, -44(t5)
core   0: 3 0x80001030 (0xfc1f2a23) mem 0x80000000 0x00000001
core   0: 0x80001034 (0xff5ff06f) j       pc - 0xc
core   0: 3 0x80001034 (0xff5ff06f)
core   0: 0x80001028 (0x00100093) li      ra, 1
core   0: 3 0x80001028 (0x00100093) x1  0x00000001
core   0: 0x8000102c (0xffffff17) auipc   t5, 0xfffff
core   0: 3 0x8000102c (0xffffff17) x30 0x8000002c
core   0: 0x80001030 (0xfc1f2a23) sw      ra, -44(t5)
core   0: 3 0x80001030 (0xfc1f2a23) mem 0x80000000 0x00000001
core   0: 0x80001034 (0xff5ff06f) j       pc - 0xc
core   0: 3 0x80001034 (0xff5ff06f)
core   0: 0x80001028 (0x00100093) li      ra, 1
core   0: 3 0x80001028 (0x00100093) x1  0x00000001
core   0: 0x8000102c (0xffffff17) auipc   t5, 0xfffff
core   0: 3 0x8000102c (0xffffff17) x30 0x8000002c
core   0: 0x80001030 (0xfc1f2a23) sw      ra, -44(t5)
core   0: 3 0x80001030 (0xfc1f2a23) mem 0x80000000 0x00000001
core   0: 0x80001034 (0xff5ff06f) j       pc - 0xc
core   0: 3 0x80001034 (0xff5ff06f)
core   0: 0x80001028 (0x00100093) li      ra, 1
core   0: 3 0x80001028 (0x00100093) x1  0x00000001
core   0: 0x8000102c (0xffffff17) auipc   t5, 0xfffff
core   0: 3 0x8000102c (0xffffff17) x30 0x8000002c
core   0: 0x80001030 (0xfc1f2a23) sw      ra, -44(t5)
core   0: 3 0x80001030 (0xfc1f2a23) mem 0x80000000 0x00000001
core   0: 0x80001034 (0xff5ff06f) j       pc - 0xc
core   0: 3 0x80001034 (0xff5ff06f)
core   0: 0x80001028 (0x00100093) li      ra, 1
core   0: 3 0x80001028 (0x00100093) x1  0x00000001
core   0: 0x8000102c (0xffffff17) auipc   t5, 0xfffff
core   0: 3 0x8000102c (0xffffff17) x30 0x8000002c
core   0: 0x80001030 (0xfc1f2a23) sw      ra, -44(t5)
core   0: 3 0x80001030 (0xfc1f2a23) mem 0x80000000 0x00000001
core   0: 0x80001034 (0xff5ff06f) j       pc - 0xc
core   0: 3 0x80001034 (0xff5ff06f)
core   0: 0x80001028 (0x00100093) li      ra, 1
core   0: 3 0x80001028 (0x00100093) x1  0x00000001
core   0: 0x8000102c (0xffffff17) auipc   t5, 0xfffff
core   0: 3 0x8000102c (0xffffff17) x30 0x8000002c
core   0: 0x80001030 (0xfc1f2a23) sw      ra, -44(t5)
core   0: 3 0x80001030 (0xfc1f2a23) mem 0x80000000 0x00000001
core   0: 0x80001034 (0xff5ff06f) j       pc - 0xc
core   0: 3 0x80001034 (0xff5ff06f)
core   0: 0x80001028 (0x00100093) li      ra, 1
core   0: 3 0x80001028 (0x00100093) x1  0x00000001
core   0: 0x8000102c (0xffffff17) auipc   t5, 0xfffff
core   0: 3 0x8000102c (0xffffff17) x30 0x8000002c
core   0: 0x80001030 (0xfc1f2a23) sw      ra, -44(t5)
core   0: 3 0x80001030 (0xfc1f2a23) mem 0x80000000 0x00000001
core   0: 0x80001034 (0xff5ff06f) j       pc - 0xc
core   0: 3 0x80001034 (0xff5ff06f)
core   0: 0x80001028 (0x00100093) li      ra, 1
core   0: 3 0x80001028 (0x00100093) x1  0x00000001
core   0: 0x8000102c (0xffffff17) auipc   t5, 0xfffff
core   0: 3 0x8000102c (0xffffff17) x30 0x8000002c
core   0: 0x80001030 (0xfc1f2a23) sw      ra, -44(t5)
core   0: 3 0x80001030 (0xfc1f2a23) mem 0x80000000 0x00000001
core   0: 0x80001034 (0xff5ff06f) j       pc - 0xc
core   0: 3 0x80001034 (0xff5ff06f)
core   0: 0x80001028 (0x00100093) li      ra, 1
core   0: 3 0x80001028 (0x00100093) x1  0x00000001
core   0: 0x8000102c (0xffffff17) auipc   t5, 0xfffff
core   0: 3 0x8000102c (0xffffff17) x30 0x8000002c
core   0: 0x80001030 (0xfc1f2a23) sw      ra, -44(t5)
core   0: 3 0x80001030 (0xfc1f2a23) mem 0x80000000 0x00000001
core   0: 0x80001034 (0xff5ff06f) j       pc - 0xc
core   0: 3 0x80001034 (0xff5ff06f)
core   0: 0x80001028 (0x00100093) li      ra, 1
core   0: 3 0x80001028 (0x00100093) x1  0x00000001
core   0: 0x8000102c (0xffffff17) auipc   t5, 0xfffff
core   0: 3 0x8000102c (0xffffff17) x30 0x8000002c
core   0: 0x80001030 (0xfc1f2a23) sw      ra, -44(t5)
core   0: 3 0x80001030 (0xfc1f2a23) mem 0x80000000 0x00000001
core   0: 0x80001034 (0xff5ff06f) j       pc - 0xc
core   0: 3 0x80001034 (0xff5ff06f)
core   0: 0x80001028 (0x00100093) li      ra, 1
core   0: 3 0x80001028 (0x00100093) x1  0x00000001
core   0: 0x8000102c (0xffffff17) auipc   t5, 0xfffff
core   0: 3 0x8000102c (0xffffff17) x30 0x8000002c
core   0: 0x80001030 (0xfc1f2a23) sw      ra, -44(t5)
core   0: 3 0x80001030 (0xfc1f2a23) mem 0x80000000 0x00000001
core   0: 0x80001034 (0xff5ff06f) j       pc - 0xc
core   0: 3 0x80001034 (0xff5ff06f)
core   0: 0x80001028 (0x00100093) li      ra, 1
core   0: 3 0x80001028 (0x00100093) x1  0x00000001
core   0: 0x8000102c (0xffffff17) auipc   t5, 0xfffff
core   0: 3 0x8000102c (0xffffff17) x30 0x8000002c
core   0: 0x80001030 (0xfc1f2a23) sw      ra, -44(t5)
core   0: 3 0x80001030 (0xfc1f2a23) mem 0x80000000 0x00000001
core   0: 0x80001034 (0xff5ff06f) j       pc - 0xc
core   0: 3 0x80001034 (0xff5ff06f)
core   0: 0x80001028 (0x00100093) li      ra, 1
core   0: 3 0x80001028 (0x00100093) x1  0x00000001
core   0: 0x8000102c (0xffffff17) auipc   t5, 0xfffff
core   0: 3 0x8000102c (0xffffff17) x30 0x8000002c
core   0: 0x80001030 (0xfc1f2a23) sw      ra, -44(t5)
core   0: 3 0x80001030 (0xfc1f2a23) mem 0x80000000 0x00000001
core   0: 0x80001034 (0xff5ff06f) j       pc - 0xc
core   0: 3 0x80001034 (0xff5ff06f)
core   0: 0x80001028 (0x00100093) li      ra, 1
core   0: 3 0x80001028 (0x00100093) x1  0x00000001
core   0: 0x8000102c (0xffffff17) auipc   t5, 0xfffff
core   0: 3 0x8000102c (0xffffff17) x30 0x8000002c
core   0: 0x80001030 (0xfc1f2a23) sw      ra, -44(t5)
core   0: 3 0x80001030 (0xfc1f2a23) mem 0x80000000 0x00000001
core   0: 0x80001034 (0xff5ff06f) j       pc - 0xc
core   0: 3 0x80001034 (0xff5ff06f)
core   0: 0x80001028 (0x00100093) li      ra, 1
core   0: 3 0x80001028 (0x00100093) x1  0x00000001
core   0: 0x8000102c (0xffffff17) auipc   t5, 0xfffff
core   0: 3 0x8000102c (0xffffff17) x30 0x8000002c
core   0: 0x80001030 (0xfc1f2a23) sw      ra, -44(t5)
core   0: 3 0x80001030 (0xfc1f2a23) mem 0x80000000 0x00000001
core   0: 0x80001034 (0xff5ff06f) j       pc - 0xc
core   0: 3 0x80001034 (0xff5ff06f)
core   0: 0x80001028 (0x00100093) li      ra, 1
core   0: 3 0x80001028 (0x00100093) x1  0x00000001
core   0: 0x8000102c (0xffffff17) auipc   t5, 0xfffff
core   0: 3 0x8000102c (0xffffff17) x30 0x8000002c
core   0: 0x80001030 (0xfc1f2a23) sw      ra, -44(t5)
core   0: 3 0x80001030 (0xfc1f2a23) mem 0x80000000 0x00000001
core   0: 0x80001034 (0xff5ff06f) j       pc - 0xc
core   0: 3 0x80001034 (0xff5ff06f)
core   0: 0x80001028 (0x00100093) li      ra, 1
core   0: 3 0x80001028 (0x00100093) x1  0x00000001
core   0: 0x8000102c (0xffffff17) auipc   t5, 0xfffff
core   0: 3 0x8000102c (0xffffff17) x30 0x8000002c
core   0: 0x80001030 (0xfc1f2a23) sw      ra, -44(t5)
core   0: 3 0x80001030 (0xfc1f2a23) mem 0x80000000 0x00000001
core   0: 0x80001034 (0xff5ff06f) j       pc - 0xc
core   0: 3 0x80001034 (0xff5ff06f)
core   0: 0x80001028 (0x00100093) li      ra, 1
core   0: 3 0x80001028 (0x00100093) x1  0x00000001
core   0: 0x8000102c (0xffffff17) auipc   t5, 0xfffff
core   0: 3 0x8000102c (0xffffff17) x30 0x8000002c
core   0: 0x80001030 (0xfc1f2a23) sw      ra, -44(t5)
core   0: 3 0x80001030 (0xfc1f2a23) mem 0x80000000 0x00000001
core   0: 0x80001034 (0xff5ff06f) j       pc - 0xc
core   0: 3 0x80001034 (0xff5ff06f)
core   0: 0x80001028 (0x00100093) li      ra, 1
core   0: 3 0x80001028 (0x00100093) x1  0x00000001
core   0: 0x8000102c (0xffffff17) auipc   t5, 0xfffff
core   0: 3 0x8000102c (0xffffff17) x30 0x8000002c
core   0: 0x80001030 (0xfc1f2a23) sw      ra, -44(t5)
core   0: 3 0x80001030 (0xfc1f2a23) mem 0x80000000 0x00000001
core   0: 0x80001034 (0xff5ff06f) j       pc - 0xc
core   0: 3 0x80001034 (0xff5ff06f)
core   0: 0x80001028 (0x00100093) li      ra, 1
core   0: 3 0x80001028 (0x00100093) x1  0x00000001
core   0: 0x8000102c (0xffffff17) auipc   t5, 0xfffff
core   0: 3 0x8000102c (0xffffff17) x30 0x8000002c
core   0: 0x80001030 (0xfc1f2a23) sw      ra, -44(t5)
core   0: 3 0x80001030 (0xfc1f2a23) mem 0x80000000 0x00000001
core   0: 0x80001034 (0xff5ff06f) j       pc - 0xc
core   0: 3 0x80001034 (0xff5ff06f)
core   0: 0x80001028 (0x00100093) li      ra, 1
core   0: 3 0x80001028 (0x00100093) x1  0x00000001
core   0: 0x8000102c (0xffffff17) auipc   t5, 0xfffff
core   0: 3 0x8000102c (0xffffff17) x30 0x8000002c
core   0: 0x80001030 (0xfc1f2a23) sw      ra, -44(t5)
core   0: 3 0x80001030 (0xfc1f2a23) mem 0x80000000 0x00000001
core   0: 0x80001034 (0xff5ff06f) j       pc - 0xc
core   0: 3 0x80001034 (0xff5ff06f)
core   0: 0x80001028 (0x00100093) li      ra, 1
core   0: 3 0x80001028 (0x00100093) x1  0x00000001
core   0: 0x8000102c (0xffffff17) auipc   t5, 0xfffff
core   0: 3 0x8000102c (0xffffff17) x30 0x8000002c
core   0: 0x80001030 (0xfc1f2a23) sw      ra, -44(t5)
core   0: 3 0x80001030 (0xfc1f2a23) mem 0x80000000 0x00000001
core   0: 0x80001034 (0xff5ff06f) j       pc - 0xc
core   0: 3 0x80001034 (0xff5ff06f)
core   0: 0x80001028 (0x00100093) li      ra, 1
core   0: 3 0x80001028 (0x00100093) x1  0x00000001
core   0: 0x8000102c (0xffffff17) auipc   t5, 0xfffff
core   0: 3 0x8000102c (0xffffff17) x30 0x8000002c
core   0: 0x80001030 (0xfc1f2a23) sw      ra, -44(t5)
core   0: 3 0x80001030 (0xfc1f2a23) mem 0x80000000 0x00000001
core   0: 0x80001034 (0xff5ff06f) j       pc - 0xc
core   0: 3 0x80001034 (0xff5ff06f)
core   0: 0x80001028 (0x00100093) li      ra, 1
core   0: 3 0x80001028 (0x00100093) x1  0x00000001
core   0: 0x8000102c (0xffffff17) auipc   t5, 0xfffff
core   0: 3 0x8000102c (0xffffff17) x30 0x8000002c
core   0: 0x80001030 (0xfc1f2a23) sw      ra, -44(t5)
core   0: 3 0x80001030 (0xfc1f2a23) mem 0x80000000 0x00000001
core   0: 0x80001034 (0xff5ff06f) j       pc - 0xc
core   0: 3 0x80001034 (0xff5ff06f)
core   0: 0x80001028 (0x00100093) li      ra, 1
core   0: 3 0x80001028 (0x00100093) x1  0x00000001
core   0: 0x8000102c (0xffffff17) auipc   t5, 0xfffff
core   0: 3 0x8000102c (0xffffff17) x30 0x8000002c
core   0: 0x80001030 (0xfc1f2a23) sw      ra, -44(t5)
core   0: 3 0x80001030 (0xfc1f2a23) mem 0x80000000 0x00000001
core   0: 0x80001034 (0xff5ff06f) j       pc - 0xc
core   0: 3 0x80001034 (0xff5ff06f)
core   0: 0x80001028 (0x00100093) li      ra, 1
core   0: 3 0x80001028 (0x00100093) x1  0x00000001
core   0: 0x8000102c (0xffffff17) auipc   t5, 0xfffff
core   0: 3 0x8000102c (0xffffff17) x30 0x8000002c
core   0: 0x80001030 (0xfc1f2a23) sw      ra, -44(t5)
core   0: 3 0x80001030 (0xfc1f2a23) mem 0x80000000 0x00000001
core   0: 0x80001034 (0xff5ff06f) j       pc - 0xc
core   0: 3 0x80001034 (0xff5ff06f)
core   0: 0x80001028 (0x00100093) li      ra, 1
core   0: 3 0x80001028 (0x00100093) x1  0x00000001
core   0: 0x8000102c (0xffffff17) auipc   t5, 0xfffff
core   0: 3 0x8000102c (0xffffff17) x30 0x8000002c
core   0: 0x80001030 (0xfc1f2a23) sw      ra, -44(t5)
core   0: 3 0x80001030 (0xfc1f2a23) mem 0x80000000 0x00000001
core   0: 0x80001034 (0xff5ff06f) j       pc - 0xc
core   0: 3 0x80001034 (0xff5ff06f)
core   0: 0x80001028 (0x00100093) li      ra, 1
core   0: 3 0x80001028 (0x00100093) x1  0x00000001
core   0: 0x8000102c (0xffffff17) auipc   t5, 0xfffff
core   0: 3 0x8000102c (0xffffff17) x30 0x8000002c
core   0: 0x80001030 (0xfc1f2a23) sw      ra, -44(t5)
core   0: 3 0x80001030 (0xfc1f2a23) mem 0x80000000 0x00000001
core   0: 0x80001034 (0xff5ff06f) j       pc - 0xc
core   0: 3 0x80001034 (0xff5ff06f)
core   0: 0x80001028 (0x00100093) li      ra, 1
core   0: 3 0x80001028 (0x00100093) x1  0x00000001
core   0: 0x8000102c (0xffffff17) auipc   t5, 0xfffff
core   0: 3 0x8000102c (0xffffff17) x30 0x8000002c
core   0: 0x80001030 (0xfc1f2a23) sw      ra, -44(t5)
core   0: 3 0x80001030 (0xfc1f2a23) mem 0x80000000 0x00000001
core   0: 0x80001034 (0xff5ff06f) j       pc - 0xc
core   0: 3 0x80001034 (0xff5ff06f)
core   0: 0x80001028 (0x00100093) li      ra, 1
core   0: 3 0x80001028 (0x00100093) x1  0x00000001
core   0: 0x8000102c (0xffffff17) auipc   t5, 0xfffff
core   0: 3 0x8000102c (0xffffff17) x30 0x8000002c
core   0: 0x80001030 (0xfc1f2a23) sw      ra, -44(t5)
core   0: 3 0x80001030 (0xfc1f2a23) mem 0x80000000 0x00000001
core   0: 0x80001034 (0xff5ff06f) j       pc - 0xc
core   0: 3 0x80001034 (0xff5ff06f)
core   0: 0x80001028 (0x00100093) li      ra, 1
core   0: 3 0x80001028 (0x00100093) x1  0x00000001
core   0: 0x8000102c (0xffffff17) auipc   t5, 0xfffff
core   0: 3 0x8000102c (0xffffff17) x30 0x8000002c
core   0: 0x80001030 (0xfc1f2a23) sw      ra, -44(t5)
core   0: 3 0x80001030 (0xfc1f2a23) mem 0x80000000 0x00000001
core   0: 0x80001034 (0xff5ff06f) j       pc - 0xc
core   0: 3 0x80001034 (0xff5ff06f)
core   0: 0x80001028 (0x00100093) li      ra, 1
core   0: 3 0x80001028 (0x00100093) x1  0x00000001
core   0: 0x8000102c (0xffffff17) auipc   t5, 0xfffff
core   0: 3 0x8000102c (0xffffff17) x30 0x8000002c
core   0: 0x80001030 (0xfc1f2a23) sw      ra, -44(t5)
core   0: 3 0x80001030 (0xfc1f2a23) mem 0x80000000 0x00000001
core   0: 0x80001034 (0xff5ff06f) j       pc - 0xc
core   0: 3 0x80001034 (0xff5ff06f)
core   0: 0x80001028 (0x00100093) li      ra, 1
core   0: 3 0x80001028 (0x00100093) x1  0x00000001
core   0: 0x8000102c (0xffffff17) auipc   t5, 0xfffff
core   0: 3 0x8000102c (0xffffff17) x30 0x8000002c
core   0: 0x80001030 (0xfc1f2a23) sw      ra, -44(t5)
core   0: 3 0x80001030 (0xfc1f2a23) mem 0x80000000 0x00000001
core   0: 0x80001034 (0xff5ff06f) j       pc - 0xc
core   0: 3 0x80001034 (0xff5ff06f)
core   0: 0x80001028 (0x00100093) li      ra, 1
core   0: 3 0x80001028 (0x00100093) x1  0x00000001
core   0: 0x8000102c (0xffffff17) auipc   t5, 0xfffff
core   0: 3 0x8000102c (0xffffff17) x30 0x8000002c
core   0: 0x80001030 (0xfc1f2a23) sw      ra, -44(t5)
core   0: 3 0x80001030 (0xfc1f2a23) mem 0x80000000 0x00000001
core   0: 0x80001034 (0xff5ff06f) j       pc - 0xc
core   0: 3 0x80001034 (0xff5ff06f)
core   0: 0x80001028 (0x00100093) li      ra, 1
core   0: 3 0x80001028 (0x00100093) x1  0x00000001
core   0: 0x8000102c (0xffffff17) auipc   t5, 0xfffff
core   0: 3 0x8000102c (0xffffff17) x30 0x8000002c
core   0: 0x80001030 (0xfc1f2a23) sw      ra, -44(t5)
core   0: 3 0x80001030 (0xfc1f2a23) mem 0x80000000 0x00000001
core   0: 0x80001034 (0xff5ff06f) j       pc - 0xc
core   0: 3 0x80001034 (0xff5ff06f)
core   0: 0x80001028 (0x00100093) li      ra, 1
core   0: 3 0x80001028 (0x00100093) x1  0x00000001
core   0: 0x8000102c (0xffffff17) auipc   t5, 0xfffff
core   0: 3 0x8000102c (0xffffff17) x30 0x8000002c
core   0: 0x80001030 (0xfc1f2a23) sw      ra, -44(t5)
core   0: 3 0x80001030 (0xfc1f2a23) mem 0x80000000 0x00000001
core   0: 0x80001034 (0xff5ff06f) j       pc - 0xc
core   0: 3 0x80001034 (0xff5ff06f)
core   0: 0x80001028 (0x00100093) li      ra, 1
core   0: 3 0x80001028 (0x00100093) x1  0x00000001
core   0: 0x8000102c (0xffffff17) auipc   t5, 0xfffff
core   0: 3 0x8000102c (0xffffff17) x30 0x8000002c
core   0: 0x80001030 (0xfc1f2a23) sw      ra, -44(t5)
core   0: 3 0x80001030 (0xfc1f2a23) mem 0x80000000 0x00000001
core   0: 0x80001034 (0xff5ff06f) j       pc - 0xc
core   0: 3 0x80001034 (0xff5ff06f)
core   0: 0x80001028 (0x00100093) li      ra, 1
core   0: 3 0x80001028 (0x00100093) x1  0x00000001
core   0: 0x8000102c (0xffffff17) auipc   t5, 0xfffff
core   0: 3 0x8000102c (0xffffff17) x30 0x8000002c
core   0: 0x80001030 (0xfc1f2a23) sw      ra, -44(t5)
core   0: 3 0x80001030 (0xfc1f2a23) mem 0x80000000 0x00000001
core   0: 0x80001034 (0xff5ff06f) j       pc - 0xc
core   0: 3 0x80001034 (0xff5ff06f)
core   0: 0x80001028 (0x00100093) li      ra, 1
core   0: 3 0x80001028 (0x00100093) x1  0x00000001
core   0: 0x8000102c (0xffffff17) auipc   t5, 0xfffff
core   0: 3 0x8000102c (0xffffff17) x30 0x8000002c
core   0: 0x80001030 (0xfc1f2a23) sw      ra, -44(t5)
core   0: 3 0x80001030 (0xfc1f2a23) mem 0x80000000 0x00000001
core   0: 0x80001034 (0xff5ff06f) j       pc - 0xc
core   0: 3 0x80001034 (0xff5ff06f)
core   0: 0x80001028 (0x00100093) li      ra, 1
core   0: 3 0x80001028 (0x00100093) x1  0x00000001
core   0: 0x8000102c (0xffffff17) auipc   t5, 0xfffff
core   0: 3 0x8000102c (0xffffff17) x30 0x8000002c
core   0: 0x80001030 (0xfc1f2a23) sw      ra, -44(t5)
core   0: 3 0x80001030 (0xfc1f2a23) mem 0x80000000 0x00000001
core   0: 0x80001034 (0xff5ff06f) j       pc - 0xc
core   0: 3 0x80001034 (0xff5ff06f)
core   0: 0x80001028 (0x00100093) li      ra, 1
core   0: 3 0x80001028 (0x00100093) x1  0x00000001
core   0: 0x8000102c (0xffffff17) auipc   t5, 0xfffff
core   0: 3 0x8000102c (0xffffff17) x30 0x8000002c
core   0: 0x80001030 (0xfc1f2a23) sw      ra, -44(t5)
core   0: 3 0x80001030 (0xfc1f2a23) mem 0x80000000 0x00000001
core   0: 0x80001034 (0xff5ff06f) j       pc - 0xc
core   0: 3 0x80001034 (0xff5ff06f)
core   0: 0x80001028 (0x00100093) li      ra, 1
core   0: 3 0x80001028 (0x00100093) x1  0x00000001
core   0: 0x8000102c (0xffffff17) auipc   t5, 0xfffff
core   0: 3 0x8000102c (0xffffff17) x30 0x8000002c
core   0: 0x80001030 (0xfc1f2a23) sw      ra, -44(t5)
core   0: 3 0x80001030 (0xfc1f2a23) mem 0x80000000 0x00000001
core   0: 0x80001034 (0xff5ff06f) j       pc - 0xc
core   0: 3 0x80001034 (0xff5ff06f)
core   0: 0x80001028 (0x00100093) li      ra, 1
core   0: 3 0x80001028 (0x00100093) x1  0x00000001
core   0: 0x8000102c (0xffffff17) auipc   t5, 0xfffff
core   0: 3 0x8000102c (0xffffff17) x30 0x8000002c
core   0: 0x80001030 (0xfc1f2a23) sw      ra, -44(t5)
core   0: 3 0x80001030 (0xfc1f2a23) mem 0x80000000 0x00000001
core   0: 0x80001034 (0xff5ff06f) j       pc - 0xc
core   0: 3 0x80001034 (0xff5ff06f)
core   0: 0x80001028 (0x00100093) li      ra, 1
core   0: 3 0x80001028 (0x00100093) x1  0x00000001
core   0: 0x8000102c (0xffffff17) auipc   t5, 0xfffff
core   0: 3 0x8000102c (0xffffff17) x30 0x8000002c
core   0: 0x80001030 (0xfc1f2a23) sw      ra, -44(t5)
core   0: 3 0x80001030 (0xfc1f2a23) mem 0x80000000 0x00000001
core   0: 0x80001034 (0xff5ff06f) j       pc - 0xc
core   0: 3 0x80001034 (0xff5ff06f)
core   0: 0x80001028 (0x00100093) li      ra, 1
core   0: 3 0x80001028 (0x00100093) x1  0x00000001
core   0: 0x8000102c (0xffffff17) auipc   t5, 0xfffff
core   0: 3 0x8000102c (0xffffff17) x30 0x8000002c
core   0: 0x80001030 (0xfc1f2a23) sw      ra, -44(t5)
core   0: 3 0x80001030 (0xfc1f2a23) mem 0x80000000 0x00000001
core   0: 0x80001034 (0xff5ff06f) j       pc - 0xc
core   0: 3 0x80001034 (0xff5ff06f)
core   0: 0x80001028 (0x00100093) li      ra, 1
core   0: 3 0x80001028 (0x00100093) x1  0x00000001
core   0: 0x8000102c (0xffffff17) auipc   t5, 0xfffff
core   0: 3 0x8000102c (0xffffff17) x30 0x8000002c
core   0: 0x80001030 (0xfc1f2a23) sw      ra, -44(t5)
core   0: 3 0x80001030 (0xfc1f2a23) mem 0x80000000 0x00000001
core   0: 0x80001034 (0xff5ff06f) j       pc - 0xc
core   0: 3 0x80001034 (0xff5ff06f)
core   0: 0x80001028 (0x00100093) li      ra, 1
core   0: 3 0x80001028 (0x00100093) x1  0x00000001
core   0: 0x8000102c (0xffffff17) auipc   t5, 0xfffff
core   0: 3 0x8000102c (0xffffff17) x30 0x8000002c
core   0: 0x80001030 (0xfc1f2a23) sw      ra, -44(t5)
core   0: 3 0x80001030 (0xfc1f2a23) mem 0x80000000 0x00000001
core   0: 0x80001034 (0xff5ff06f) j       pc - 0xc
core   0: 3 0x80001034 (0xff5ff06f)
core   0: 0x80001028 (0x00100093) li      ra, 1
core   0: 3 0x80001028 (0x00100093) x1  0x00000001
core   0: 0x8000102c (0xffffff17) auipc   t5, 0xfffff
core   0: 3 0x8000102c (0xffffff17) x30 0x8000002c
core   0: 0x80001030 (0xfc1f2a23) sw      ra, -44(t5)
core   0: 3 0x80001030 (0xfc1f2a23) mem 0x80000000 0x00000001
core   0: 0x80001034 (0xff5ff06f) j       pc - 0xc
core   0: 3 0x80001034 (0xff5ff06f)
core   0: 0x80001028 (0x00100093) li      ra, 1
core   0: 3 0x80001028 (0x00100093) x1  0x00000001
core   0: 0x8000102c (0xffffff17) auipc   t5, 0xfffff
core   0: 3 0x8000102c (0xffffff17) x30 0x8000002c
core   0: 0x80001030 (0xfc1f2a23) sw      ra, -44(t5)
core   0: 3 0x80001030 (0xfc1f2a23) mem 0x80000000 0x00000001
core   0: 0x80001034 (0xff5ff06f) j       pc - 0xc
core   0: 3 0x80001034 (0xff5ff06f)
core   0: 0x80001028 (0x00100093) li      ra, 1
core   0: 3 0x80001028 (0x00100093) x1  0x00000001
core   0: 0x8000102c (0xffffff17) auipc   t5, 0xfffff
core   0: 3 0x8000102c (0xffffff17) x30 0x8000002c
core   0: 0x80001030 (0xfc1f2a23) sw      ra, -44(t5)
core   0: 3 0x80001030 (0xfc1f2a23) mem 0x80000000 0x00000001
core   0: 0x80001034 (0xff5ff06f) j       pc - 0xc
core   0: 3 0x80001034 (0xff5ff06f)
core   0: 0x80001028 (0x00100093) li      ra, 1
core   0: 3 0x80001028 (0x00100093) x1  0x00000001
core   0: 0x8000102c (0xffffff17) auipc   t5, 0xfffff
core   0: 3 0x8000102c (0xffffff17) x30 0x8000002c
core   0: 0x80001030 (0xfc1f2a23) sw      ra, -44(t5)
core   0: 3 0x80001030 (0xfc1f2a23) mem 0x80000000 0x00000001
core   0: 0x80001034 (0xff5ff06f) j       pc - 0xc
core   0: 3 0x80001034 (0xff5ff06f)
core   0: 0x80001028 (0x00100093) li      ra, 1
core   0: 3 0x80001028 (0x00100093) x1  0x00000001
core   0: 0x8000102c (0xffffff17) auipc   t5, 0xfffff
core   0: 3 0x8000102c (0xffffff17) x30 0x8000002c
core   0: 0x80001030 (0xfc1f2a23) sw      ra, -44(t5)
core   0: 3 0x80001030 (0xfc1f2a23) mem 0x80000000 0x00000001
core   0: 0x80001034 (0xff5ff06f) j       pc - 0xc
core   0: 3 0x80001034 (0xff5ff06f)
core   0: 0x80001028 (0x00100093) li      ra, 1
core   0: 3 0x80001028 (0x00100093) x1  0x00000001
core   0: 0x8000102c (0xffffff17) auipc   t5, 0xfffff
core   0: 3 0x8000102c (0xffffff17) x30 0x8000002c
core   0: 0x80001030 (0xfc1f2a23) sw      ra, -44(t5)
core   0: 3 0x80001030 (0xfc1f2a23) mem 0x80000000 0x00000001
core   0: 0x80001034 (0xff5ff06f) j       pc - 0xc
core   0: 3 0x80001034 (0xff5ff06f)
core   0: 0x80001028 (0x00100093) li      ra, 1
core   0: 3 0x80001028 (0x00100093) x1  0x00000001
core   0: 0x8000102c (0xffffff17) auipc   t5, 0xfffff
core   0: 3 0x8000102c (0xffffff17) x30 0x8000002c
core   0: 0x80001030 (0xfc1f2a23) sw      ra, -44(t5)
core   0: 3 0x80001030 (0xfc1f2a23) mem 0x80000000 0x00000001
core   0: 0x80001034 (0xff5ff06f) j       pc - 0xc
core   0: 3 0x80001034 (0xff5ff06f)
core   0: 0x80001028 (0x00100093) li      ra, 1
core   0: 3 0x80001028 (0x00100093) x1  0x00000001
core   0: 0x8000102c (0xffffff17) auipc   t5, 0xfffff
core   0: 3 0x8000102c (0xffffff17) x30 0x8000002c
core   0: 0x80001030 (0xfc1f2a23) sw      ra, -44(t5)
core   0: 3 0x80001030 (0xfc1f2a23) mem 0x80000000 0x00000001
core   0: 0x80001034 (0xff5ff06f) j       pc - 0xc
core   0: 3 0x80001034 (0xff5ff06f)
core   0: 0x80001028 (0x00100093) li      ra, 1
core   0: 3 0x80001028 (0x00100093) x1  0x00000001
core   0: 0x8000102c (0xffffff17) auipc   t5, 0xfffff
core   0: 3 0x8000102c (0xffffff17) x30 0x8000002c
core   0: 0x80001030 (0xfc1f2a23) sw      ra, -44(t5)
core   0: 3 0x80001030 (0xfc1f2a23) mem 0x80000000 0x00000001
core   0: 0x80001034 (0xff5ff06f) j       pc - 0xc
core   0: 3 0x80001034 (0xff5ff06f)
core   0: 0x80001028 (0x00100093) li      ra, 1
core   0: 3 0x80001028 (0x00100093) x1  0x00000001
core   0: 0x8000102c (0xffffff17) auipc   t5, 0xfffff
core   0: 3 0x8000102c (0xffffff17) x30 0x8000002c
core   0: 0x80001030 (0xfc1f2a23) sw      ra, -44(t5)
core   0: 3 0x80001030 (0xfc1f2a23) mem 0x80000000 0x00000001
core   0: 0x80001034 (0xff5ff06f) j       pc - 0xc
core   0: 3 0x80001034 (0xff5ff06f)
core   0: 0x80001028 (0x00100093) li      ra, 1
core   0: 3 0x80001028 (0x00100093) x1  0x00000001
core   0: 0x8000102c (0xffffff17) auipc   t5, 0xfffff
core   0: 3 0x8000102c (0xffffff17) x30 0x8000002c
core   0: 0x80001030 (0xfc1f2a23) sw      ra, -44(t5)
core   0: 3 0x80001030 (0xfc1f2a23) mem 0x80000000 0x00000001
core   0: 0x80001034 (0xff5ff06f) j       pc - 0xc
core   0: 3 0x80001034 (0xff5ff06f)
core   0: 0x80001028 (0x00100093) li      ra, 1
core   0: 3 0x80001028 (0x00100093) x1  0x00000001
core   0: 0x8000102c (0xffffff17) auipc   t5, 0xfffff
core   0: 3 0x8000102c (0xffffff17) x30 0x8000002c
core   0: 0x80001030 (0xfc1f2a23) sw      ra, -44(t5)
core   0: 3 0x80001030 (0xfc1f2a23) mem 0x80000000 0x00000001
core   0: 0x80001034 (0xff5ff06f) j       pc - 0xc
core   0: 3 0x80001034 (0xff5ff06f)
core   0: 0x80001028 (0x00100093) li      ra, 1
core   0: 3 0x80001028 (0x00100093) x1  0x00000001
core   0: 0x8000102c (0xffffff17) auipc   t5, 0xfffff
core   0: 3 0x8000102c (0xffffff17) x30 0x8000002c
core   0: 0x80001030 (0xfc1f2a23) sw      ra, -44(t5)
core   0: 3 0x80001030 (0xfc1f2a23) mem 0x80000000 0x00000001
core   0: 0x80001034 (0xff5ff06f) j       pc - 0xc
core   0: 3 0x80001034 (0xff5ff06f)
core   0: 0x80001028 (0x00100093) li      ra, 1
core   0: 3 0x80001028 (0x00100093) x1  0x00000001
core   0: 0x8000102c (0xffffff17) auipc   t5, 0xfffff
core   0: 3 0x8000102c (0xffffff17) x30 0x8000002c
core   0: 0x80001030 (0xfc1f2a23) sw      ra, -44(t5)
core   0: 3 0x80001030 (0xfc1f2a23) mem 0x80000000 0x00000001
core   0: 0x80001034 (0xff5ff06f) j       pc - 0xc
core   0: 3 0x80001034 (0xff5ff06f)
core   0: 0x80001028 (0x00100093) li      ra, 1
core   0: 3 0x80001028 (0x00100093) x1  0x00000001
core   0: 0x8000102c (0xffffff17) auipc   t5, 0xfffff
core   0: 3 0x8000102c (0xffffff17) x30 0x8000002c
core   0: 0x80001030 (0xfc1f2a23) sw      ra, -44(t5)
core   0: 3 0x80001030 (0xfc1f2a23) mem 0x80000000 0x00000001
core   0: 0x80001034 (0xff5ff06f) j       pc - 0xc
core   0: 3 0x80001034 (0xff5ff06f)
core   0: 0x80001028 (0x00100093) li      ra, 1
core   0: 3 0x80001028 (0x00100093) x1  0x00000001
core   0: 0x8000102c (0xffffff17) auipc   t5, 0xfffff
core   0: 3 0x8000102c (0xffffff17) x30 0x8000002c
core   0: 0x80001030 (0xfc1f2a23) sw      ra, -44(t5)
core   0: 3 0x80001030 (0xfc1f2a23) mem 0x80000000 0x00000001
core   0: 0x80001034 (0xff5ff06f) j       pc - 0xc
core   0: 3 0x80001034 (0xff5ff06f)
core   0: 0x80001028 (0x00100093) li      ra, 1
core   0: 3 0x80001028 (0x00100093) x1  0x00000001
core   0: 0x8000102c (0xffffff17) auipc   t5, 0xfffff
core   0: 3 0x8000102c (0xffffff17) x30 0x8000002c
core   0: 0x80001030 (0xfc1f2a23) sw      ra, -44(t5)
core   0: 3 0x80001030 (0xfc1f2a23) mem 0x80000000 0x00000001
core   0: 0x80001034 (0xff5ff06f) j       pc - 0xc
core   0: 3 0x80001034 (0xff5ff06f)
core   0: 0x80001028 (0x00100093) li      ra, 1
core   0: 3 0x80001028 (0x00100093) x1  0x00000001
core   0: 0x8000102c (0xffffff17) auipc   t5, 0xfffff
core   0: 3 0x8000102c (0xffffff17) x30 0x8000002c
core   0: 0x80001030 (0xfc1f2a23) sw      ra, -44(t5)
core   0: 3 0x80001030 (0xfc1f2a23) mem 0x80000000 0x00000001
core   0: 0x80001034 (0xff5ff06f) j       pc - 0xc
core   0: 3 0x80001034 (0xff5ff06f)
core   0: 0x80001028 (0x00100093) li      ra, 1
core   0: 3 0x80001028 (0x00100093) x1  0x00000001
core   0: 0x8000102c (0xffffff17) auipc   t5, 0xfffff
core   0: 3 0x8000102c (0xffffff17) x30 0x8000002c
core   0: 0x80001030 (0xfc1f2a23) sw      ra, -44(t5)
core   0: 3 0x80001030 (0xfc1f2a23) mem 0x80000000 0x00000001
core   0: 0x80001034 (0xff5ff06f) j       pc - 0xc
core   0: 3 0x80001034 (0xff5ff06f)
core   0: 0x80001028 (0x00100093) li      ra, 1
core   0: 3 0x80001028 (0x00100093) x1  0x00000001
core   0: 0x8000102c (0xffffff17) auipc   t5, 0xfffff
core   0: 3 0x8000102c (0xffffff17) x30 0x8000002c
core   0: 0x80001030 (0xfc1f2a23) sw      ra, -44(t5)
core   0: 3 0x80001030 (0xfc1f2a23) mem 0x80000000 0x00000001
core   0: 0x80001034 (0xff5ff06f) j       pc - 0xc
core   0: 3 0x80001034 (0xff5ff06f)
core   0: 0x80001028 (0x00100093) li      ra, 1
core   0: 3 0x80001028 (0x00100093) x1  0x00000001
core   0: 0x8000102c (0xffffff17) auipc   t5, 0xfffff
core   0: 3 0x8000102c (0xffffff17) x30 0x8000002c
core   0: 0x80001030 (0xfc1f2a23) sw      ra, -44(t5)
core   0: 3 0x80001030 (0xfc1f2a23) mem 0x80000000 0x00000001
core   0: 0x80001034 (0xff5ff06f) j       pc - 0xc
core   0: 3 0x80001034 (0xff5ff06f)
core   0: 0x80001028 (0x00100093) li      ra, 1
core   0: 3 0x80001028 (0x00100093) x1  0x00000001
core   0: 0x8000102c (0xffffff17) auipc   t5, 0xfffff
core   0: 3 0x8000102c (0xffffff17) x30 0x8000002c
core   0: 0x80001030 (0xfc1f2a23) sw      ra, -44(t5)
core   0: 3 0x80001030 (0xfc1f2a23) mem 0x80000000 0x00000001
core   0: 0x80001034 (0xff5ff06f) j       pc - 0xc
core   0: 3 0x80001034 (0xff5ff06f)
core   0: 0x80001028 (0x00100093) li      ra, 1
core   0: 3 0x80001028 (0x00100093) x1  0x00000001
core   0: 0x8000102c (0xffffff17) auipc   t5, 0xfffff
core   0: 3 0x8000102c (0xffffff17) x30 0x8000002c
core   0: 0x80001030 (0xfc1f2a23) sw      ra, -44(t5)
core   0: 3 0x80001030 (0xfc1f2a23) mem 0x80000000 0x00000001
core   0: 0x80001034 (0xff5ff06f) j       pc - 0xc
core   0: 3 0x80001034 (0xff5ff06f)
core   0: 0x80001028 (0x00100093) li      ra, 1
core   0: 3 0x80001028 (0x00100093) x1  0x00000001
core   0: 0x8000102c (0xffffff17) auipc   t5, 0xfffff
core   0: 3 0x8000102c (0xffffff17) x30 0x8000002c
core   0: 0x80001030 (0xfc1f2a23) sw      ra, -44(t5)
core   0: 3 0x80001030 (0xfc1f2a23) mem 0x80000000 0x00000001
core   0: 0x80001034 (0xff5ff06f) j       pc - 0xc
core   0: 3 0x80001034 (0xff5ff06f)
core   0: 0x80001028 (0x00100093) li      ra, 1
core   0: 3 0x80001028 (0x00100093) x1  0x00000001
core   0: 0x8000102c (0xffffff17) auipc   t5, 0xfffff
core   0: 3 0x8000102c (0xffffff17) x30 0x8000002c
core   0: 0x80001030 (0xfc1f2a23) sw      ra, -44(t5)
core   0: 3 0x80001030 (0xfc1f2a23) mem 0x80000000 0x00000001
core   0: 0x80001034 (0xff5ff06f) j       pc - 0xc
core   0: 3 0x80001034 (0xff5ff06f)
core   0: 0x80001028 (0x00100093) li      ra, 1
core   0: 3 0x80001028 (0x00100093) x1  0x00000001
core   0: 0x8000102c (0xffffff17) auipc   t5, 0xfffff
core   0: 3 0x8000102c (0xffffff17) x30 0x8000002c
core   0: 0x80001030 (0xfc1f2a23) sw      ra, -44(t5)
core   0: 3 0x80001030 (0xfc1f2a23) mem 0x80000000 0x00000001
core   0: 0x80001034 (0xff5ff06f) j       pc - 0xc
core   0: 3 0x80001034 (0xff5ff06f)
core   0: 0x80001028 (0x00100093) li      ra, 1
core   0: 3 0x80001028 (0x00100093) x1  0x00000001
core   0: 0x8000102c (0xffffff17) auipc   t5, 0xfffff
core   0: 3 0x8000102c (0xffffff17) x30 0x8000002c
core   0: 0x80001030 (0xfc1f2a23) sw      ra, -44(t5)
core   0: 3 0x80001030 (0xfc1f2a23) mem 0x80000000 0x00000001
core   0: 0x80001034 (0xff5ff06f) j       pc - 0xc
core   0: 3 0x80001034 (0xff5ff06f)
core   0: 0x80001028 (0x00100093) li      ra, 1
core   0: 3 0x80001028 (0x00100093) x1  0x00000001
core   0: 0x8000102c (0xffffff17) auipc   t5, 0xfffff
core   0: 3 0x8000102c (0xffffff17) x30 0x8000002c
core   0: 0x80001030 (0xfc1f2a23) sw      ra, -44(t5)
core   0: 3 0x80001030 (0xfc1f2a23) mem 0x80000000 0x00000001
core   0: 0x80001034 (0xff5ff06f) j       pc - 0xc
core   0: 3 0x80001034 (0xff5ff06f)
core   0: 0x80001028 (0x00100093) li      ra, 1
core   0: 3 0x80001028 (0x00100093) x1  0x00000001
core   0: 0x8000102c (0xffffff17) auipc   t5, 0xfffff
core   0: 3 0x8000102c (0xffffff17) x30 0x8000002c
core   0: 0x80001030 (0xfc1f2a23) sw      ra, -44(t5)
core   0: 3 0x80001030 (0xfc1f2a23) mem 0x80000000 0x00000001
core   0: 0x80001034 (0xff5ff06f) j       pc - 0xc
core   0: 3 0x80001034 (0xff5ff06f)
core   0: 0x80001028 (0x00100093) li      ra, 1
core   0: 3 0x80001028 (0x00100093) x1  0x00000001
core   0: 0x8000102c (0xffffff17) auipc   t5, 0xfffff
core   0: 3 0x8000102c (0xffffff17) x30 0x8000002c
core   0: 0x80001030 (0xfc1f2a23) sw      ra, -44(t5)
core   0: 3 0x80001030 (0xfc1f2a23) mem 0x80000000 0x00000001
core   0: 0x80001034 (0xff5ff06f) j       pc - 0xc
core   0: 3 0x80001034 (0xff5ff06f)
core   0: 0x80001028 (0x00100093) li      ra, 1
core   0: 3 0x80001028 (0x00100093) x1  0x00000001
core   0: 0x8000102c (0xffffff17) auipc   t5, 0xfffff
core   0: 3 0x8000102c (0xffffff17) x30 0x8000002c
core   0: 0x80001030 (0xfc1f2a23) sw      ra, -44(t5)
core   0: 3 0x80001030 (0xfc1f2a23) mem 0x80000000 0x00000001
core   0: 0x80001034 (0xff5ff06f) j       pc - 0xc
core   0: 3 0x80001034 (0xff5ff06f)
core   0: 0x80001028 (0x00100093) li      ra, 1
core   0: 3 0x80001028 (0x00100093) x1  0x00000001
core   0: 0x8000102c (0xffffff17) auipc   t5, 0xfffff
core   0: 3 0x8000102c (0xffffff17) x30 0x8000002c
core   0: 0x80001030 (0xfc1f2a23) sw      ra, -44(t5)
core   0: 3 0x80001030 (0xfc1f2a23) mem 0x80000000 0x00000001
core   0: 0x80001034 (0xff5ff06f) j       pc - 0xc
core   0: 3 0x80001034 (0xff5ff06f)
core   0: 0x80001028 (0x00100093) li      ra, 1
core   0: 3 0x80001028 (0x00100093) x1  0x00000001
core   0: 0x8000102c (0xffffff17) auipc   t5, 0xfffff
core   0: 3 0x8000102c (0xffffff17) x30 0x8000002c
core   0: 0x80001030 (0xfc1f2a23) sw      ra, -44(t5)
core   0: 3 0x80001030 (0xfc1f2a23) mem 0x80000000 0x00000001
core   0: 0x80001034 (0xff5ff06f) j       pc - 0xc
core   0: 3 0x80001034 (0xff5ff06f)
core   0: 0x80001028 (0x00100093) li      ra, 1
core   0: 3 0x80001028 (0x00100093) x1  0x00000001
core   0: 0x8000102c (0xffffff17) auipc   t5, 0xfffff
core   0: 3 0x8000102c (0xffffff17) x30 0x8000002c
core   0: 0x80001030 (0xfc1f2a23) sw      ra, -44(t5)
core   0: 3 0x80001030 (0xfc1f2a23) mem 0x80000000 0x00000001
core   0: 0x80001034 (0xff5ff06f) j       pc - 0xc
core   0: 3 0x80001034 (0xff5ff06f)
core   0: 0x80001028 (0x00100093) li      ra, 1
core   0: 3 0x80001028 (0x00100093) x1  0x00000001
core   0: 0x8000102c (0xffffff17) auipc   t5, 0xfffff
core   0: 3 0x8000102c (0xffffff17) x30 0x8000002c
core   0: 0x80001030 (0xfc1f2a23) sw      ra, -44(t5)
core   0: 3 0x80001030 (0xfc1f2a23) mem 0x80000000 0x00000001
core   0: 0x80001034 (0xff5ff06f) j       pc - 0xc
core   0: 3 0x80001034 (0xff5ff06f)
core   0: 0x80001028 (0x00100093) li      ra, 1
core   0: 3 0x80001028 (0x00100093) x1  0x00000001
core   0: 0x8000102c (0xffffff17) auipc   t5, 0xfffff
core   0: 3 0x8000102c (0xffffff17) x30 0x8000002c
core   0: 0x80001030 (0xfc1f2a23) sw      ra, -44(t5)
core   0: 3 0x80001030 (0xfc1f2a23) mem 0x80000000 0x00000001
core   0: 0x80001034 (0xff5ff06f) j       pc - 0xc
core   0: 3 0x80001034 (0xff5ff06f)
core   0: 0x80001028 (0x00100093) li      ra, 1
core   0: 3 0x80001028 (0x00100093) x1  0x00000001
core   0: 0x8000102c (0xffffff17) auipc   t5, 0xfffff
core   0: 3 0x8000102c (0xffffff17) x30 0x8000002c
core   0: 0x80001030 (0xfc1f2a23) sw      ra, -44(t5)
core   0: 3 0x80001030 (0xfc1f2a23) mem 0x80000000 0x00000001
core   0: 0x80001034 (0xff5ff06f) j       pc - 0xc
core   0: 3 0x80001034 (0xff5ff06f)
core   0: 0x80001028 (0x00100093) li      ra, 1
core   0: 3 0x80001028 (0x00100093) x1  0x00000001
core   0: 0x8000102c (0xffffff17) auipc   t5, 0xfffff
core   0: 3 0x8000102c (0xffffff17) x30 0x8000002c
core   0: 0x80001030 (0xfc1f2a23) sw      ra, -44(t5)
core   0: 3 0x80001030 (0xfc1f2a23) mem 0x80000000 0x00000001
core   0: 0x80001034 (0xff5ff06f) j       pc - 0xc
core   0: 3 0x80001034 (0xff5ff06f)
core   0: 0x80001028 (0x00100093) li      ra, 1
core   0: 3 0x80001028 (0x00100093) x1  0x00000001
core   0: 0x8000102c (0xffffff17) auipc   t5, 0xfffff
core   0: 3 0x8000102c (0xffffff17) x30 0x8000002c
core   0: 0x80001030 (0xfc1f2a23) sw      ra, -44(t5)
core   0: 3 0x80001030 (0xfc1f2a23) mem 0x80000000 0x00000001
core   0: 0x80001034 (0xff5ff06f) j       pc - 0xc
core   0: 3 0x80001034 (0xff5ff06f)
core   0: 0x80001028 (0x00100093) li      ra, 1
core   0: 3 0x80001028 (0x00100093) x1  0x00000001
core   0: 0x8000102c (0xffffff17) auipc   t5, 0xfffff
core   0: 3 0x8000102c (0xffffff17) x30 0x8000002c
core   0: 0x80001030 (0xfc1f2a23) sw      ra, -44(t5)
core   0: 3 0x80001030 (0xfc1f2a23) mem 0x80000000 0x00000001
core   0: 0x80001034 (0xff5ff06f) j       pc - 0xc
core   0: 3 0x80001034 (0xff5ff06f)
core   0: 0x80001028 (0x00100093) li      ra, 1
core   0: 3 0x80001028 (0x00100093) x1  0x00000001
core   0: 0x8000102c (0xffffff17) auipc   t5, 0xfffff
core   0: 3 0x8000102c (0xffffff17) x30 0x8000002c
core   0: 0x80001030 (0xfc1f2a23) sw      ra, -44(t5)
core   0: 3 0x80001030 (0xfc1f2a23) mem 0x80000000 0x00000001
core   0: 0x80001034 (0xff5ff06f) j       pc - 0xc
core   0: 3 0x80001034 (0xff5ff06f)
core   0: 0x80001028 (0x00100093) li      ra, 1
core   0: 3 0x80001028 (0x00100093) x1  0x00000001
core   0: 0x8000102c (0xffffff17) auipc   t5, 0xfffff
core   0: 3 0x8000102c (0xffffff17) x30 0x8000002c
core   0: 0x80001030 (0xfc1f2a23) sw      ra, -44(t5)
core   0: 3 0x80001030 (0xfc1f2a23) mem 0x80000000 0x00000001
core   0: 0x80001034 (0xff5ff06f) j       pc - 0xc
core   0: 3 0x80001034 (0xff5ff06f)
core   0: 0x80001028 (0x00100093) li      ra, 1
core   0: 3 0x80001028 (0x00100093) x1  0x00000001
core   0: 0x8000102c (0xffffff17) auipc   t5, 0xfffff
core   0: 3 0x8000102c (0xffffff17) x30 0x8000002c
core   0: 0x80001030 (0xfc1f2a23) sw      ra, -44(t5)
core   0: 3 0x80001030 (0xfc1f2a23) mem 0x80000000 0x00000001
core   0: 0x80001034 (0xff5ff06f) j       pc - 0xc
core   0: 3 0x80001034 (0xff5ff06f)
core   0: 0x80001028 (0x00100093) li      ra, 1
core   0: 3 0x80001028 (0x00100093) x1  0x00000001
core   0: 0x8000102c (0xffffff17) auipc   t5, 0xfffff
core   0: 3 0x8000102c (0xffffff17) x30 0x8000002c
core   0: 0x80001030 (0xfc1f2a23) sw      ra, -44(t5)
core   0: 3 0x80001030 (0xfc1f2a23) mem 0x80000000 0x00000001
core   0: 0x80001034 (0xff5ff06f) j       pc - 0xc
core   0: 3 0x80001034 (0xff5ff06f)
core   0: 0x80001028 (0x00100093) li      ra, 1
core   0: 3 0x80001028 (0x00100093) x1  0x00000001
core   0: 0x8000102c (0xffffff17) auipc   t5, 0xfffff
core   0: 3 0x8000102c (0xffffff17) x30 0x8000002c
core   0: 0x80001030 (0xfc1f2a23) sw      ra, -44(t5)
core   0: 3 0x80001030 (0xfc1f2a23) mem 0x80000000 0x00000001
core   0: 0x80001034 (0xff5ff06f) j       pc - 0xc
core   0: 3 0x80001034 (0xff5ff06f)
core   0: 0x80001028 (0x00100093) li      ra, 1
core   0: 3 0x80001028 (0x00100093) x1  0x00000001
core   0: 0x8000102c (0xffffff17) auipc   t5, 0xfffff
core   0: 3 0x8000102c (0xffffff17) x30 0x8000002c
core   0: 0x80001030 (0xfc1f2a23) sw      ra, -44(t5)
core   0: 3 0x80001030 (0xfc1f2a23) mem 0x80000000 0x00000001
core   0: 0x80001034 (0xff5ff06f) j       pc - 0xc
core   0: 3 0x80001034 (0xff5ff06f)
core   0: 0x80001028 (0x00100093) li      ra, 1
core   0: 3 0x80001028 (0x00100093) x1  0x00000001
core   0: 0x8000102c (0xffffff17) auipc   t5, 0xfffff
core   0: 3 0x8000102c (0xffffff17) x30 0x8000002c
core   0: 0x80001030 (0xfc1f2a23) sw      ra, -44(t5)
core   0: 3 0x80001030 (0xfc1f2a23) mem 0x80000000 0x00000001
core   0: 0x80001034 (0xff5ff06f) j       pc - 0xc
core   0: 3 0x80001034 (0xff5ff06f)
core   0: 0x80001028 (0x00100093) li      ra, 1
core   0: 3 0x80001028 (0x00100093) x1  0x00000001
core   0: 0x8000102c (0xffffff17) auipc   t5, 0xfffff
core   0: 3 0x8000102c (0xffffff17) x30 0x8000002c
core   0: 0x80001030 (0xfc1f2a23) sw      ra, -44(t5)
core   0: 3 0x80001030 (0xfc1f2a23) mem 0x80000000 0x00000001
core   0: 0x80001034 (0xff5ff06f) j       pc - 0xc
core   0: 3 0x80001034 (0xff5ff06f)
core   0: 0x80001028 (0x00100093) li      ra, 1
core   0: 3 0x80001028 (0x00100093) x1  0x00000001
core   0: 0x8000102c (0xffffff17) auipc   t5, 0xfffff
core   0: 3 0x8000102c (0xffffff17) x30 0x8000002c
core   0: 0x80001030 (0xfc1f2a23) sw      ra, -44(t5)
core   0: 3 0x80001030 (0xfc1f2a23) mem 0x80000000 0x00000001
core   0: 0x80001034 (0xff5ff06f) j       pc - 0xc
core   0: 3 0x80001034 (0xff5ff06f)
core   0: 0x80001028 (0x00100093) li      ra, 1
core   0: 3 0x80001028 (0x00100093) x1  0x00000001
core   0: 0x8000102c (0xffffff17) auipc   t5, 0xfffff
core   0: 3 0x8000102c (0xffffff17) x30 0x8000002c
core   0: 0x80001030 (0xfc1f2a23) sw      ra, -44(t5)
core   0: 3 0x80001030 (0xfc1f2a23) mem 0x80000000 0x00000001
core   0: 0x80001034 (0xff5ff06f) j       pc - 0xc
core   0: 3 0x80001034 (0xff5ff06f)
core   0: 0x80001028 (0x00100093) li      ra, 1
core   0: 3 0x80001028 (0x00100093) x1  0x00000001
core   0: 0x8000102c (0xffffff17) auipc   t5, 0xfffff
core   0: 3 0x8000102c (0xffffff17) x30 0x8000002c
core   0: 0x80001030 (0xfc1f2a23) sw      ra, -44(t5)
core   0: 3 0x80001030 (0xfc1f2a23) mem 0x80000000 0x00000001
core   0: 0x80001034 (0xff5ff06f) j       pc - 0xc
core   0: 3 0x80001034 (0xff5ff06f)
core   0: 0x80001028 (0x00100093) li      ra, 1
core   0: 3 0x80001028 (0x00100093) x1  0x00000001
core   0: 0x8000102c (0xffffff17) auipc   t5, 0xfffff
core   0: 3 0x8000102c (0xffffff17) x30 0x8000002c
core   0: 0x80001030 (0xfc1f2a23) sw      ra, -44(t5)
core   0: 3 0x80001030 (0xfc1f2a23) mem 0x80000000 0x00000001
core   0: 0x80001034 (0xff5ff06f) j       pc - 0xc
core   0: 3 0x80001034 (0xff5ff06f)
core   0: 0x80001028 (0x00100093) li      ra, 1
core   0: 3 0x80001028 (0x00100093) x1  0x00000001
core   0: 0x8000102c (0xffffff17) auipc   t5, 0xfffff
core   0: 3 0x8000102c (0xffffff17) x30 0x8000002c
core   0: 0x80001030 (0xfc1f2a23) sw      ra, -44(t5)
core   0: 3 0x80001030 (0xfc1f2a23) mem 0x80000000 0x00000001
core   0: 0x80001034 (0xff5ff06f) j       pc - 0xc
core   0: 3 0x80001034 (0xff5ff06f)
core   0: 0x80001028 (0x00100093) li      ra, 1
core   0: 3 0x80001028 (0x00100093) x1  0x00000001
core   0: 0x8000102c (0xffffff17) auipc   t5, 0xfffff
core   0: 3 0x8000102c (0xffffff17) x30 0x8000002c
core   0: 0x80001030 (0xfc1f2a23) sw      ra, -44(t5)
core   0: 3 0x80001030 (0xfc1f2a23) mem 0x80000000 0x00000001
core   0: 0x80001034 (0xff5ff06f) j       pc - 0xc
core   0: 3 0x80001034 (0xff5ff06f)
core   0: 0x80001028 (0x00100093) li      ra, 1
core   0: 3 0x80001028 (0x00100093) x1  0x00000001
core   0: 0x8000102c (0xffffff17) auipc   t5, 0xfffff
core   0: 3 0x8000102c (0xffffff17) x30 0x8000002c
core   0: 0x80001030 (0xfc1f2a23) sw      ra, -44(t5)
core   0: 3 0x80001030 (0xfc1f2a23) mem 0x80000000 0x00000001
core   0: 0x80001034 (0xff5ff06f) j       pc - 0xc
core   0: 3 0x80001034 (0xff5ff06f)
core   0: 0x80001028 (0x00100093) li      ra, 1
core   0: 3 0x80001028 (0x00100093) x1  0x00000001
core   0: 0x8000102c (0xffffff17) auipc   t5, 0xfffff
core   0: 3 0x8000102c (0xffffff17) x30 0x8000002c
core   0: 0x80001030 (0xfc1f2a23) sw      ra, -44(t5)
core   0: 3 0x80001030 (0xfc1f2a23) mem 0x80000000 0x00000001
core   0: 0x80001034 (0xff5ff06f) j       pc - 0xc
core   0: 3 0x80001034 (0xff5ff06f)
core   0: 0x80001028 (0x00100093) li      ra, 1
core   0: 3 0x80001028 (0x00100093) x1  0x00000001
core   0: 0x8000102c (0xffffff17) auipc   t5, 0xfffff
core   0: 3 0x8000102c (0xffffff17) x30 0x8000002c
core   0: 0x80001030 (0xfc1f2a23) sw      ra, -44(t5)
core   0: 3 0x80001030 (0xfc1f2a23) mem 0x80000000 0x00000001
core   0: 0x80001034 (0xff5ff06f) j       pc - 0xc
core   0: 3 0x80001034 (0xff5ff06f)
core   0: 0x80001028 (0x00100093) li      ra, 1
core   0: 3 0x80001028 (0x00100093) x1  0x00000001
core   0: 0x8000102c (0xffffff17) auipc   t5, 0xfffff
core   0: 3 0x8000102c (0xffffff17) x30 0x8000002c
core   0: 0x80001030 (0xfc1f2a23) sw      ra, -44(t5)
core   0: 3 0x80001030 (0xfc1f2a23) mem 0x80000000 0x00000001
core   0: 0x80001034 (0xff5ff06f) j       pc - 0xc
core   0: 3 0x80001034 (0xff5ff06f)
core   0: 0x80001028 (0x00100093) li      ra, 1
core   0: 3 0x80001028 (0x00100093) x1  0x00000001
core   0: 0x8000102c (0xffffff17) auipc   t5, 0xfffff
core   0: 3 0x8000102c (0xffffff17) x30 0x8000002c
core   0: 0x80001030 (0xfc1f2a23) sw      ra, -44(t5)
core   0: 3 0x80001030 (0xfc1f2a23) mem 0x80000000 0x00000001
core   0: 0x80001034 (0xff5ff06f) j       pc - 0xc
core   0: 3 0x80001034 (0xff5ff06f)
core   0: 0x80001028 (0x00100093) li      ra, 1
core   0: 3 0x80001028 (0x00100093) x1  0x00000001
core   0: 0x8000102c (0xffffff17) auipc   t5, 0xfffff
core   0: 3 0x8000102c (0xffffff17) x30 0x8000002c
core   0: 0x80001030 (0xfc1f2a23) sw      ra, -44(t5)
core   0: 3 0x80001030 (0xfc1f2a23) mem 0x80000000 0x00000001
core   0: 0x80001034 (0xff5ff06f) j       pc - 0xc
core   0: 3 0x80001034 (0xff5ff06f)
core   0: 0x80001028 (0x00100093) li      ra, 1
core   0: 3 0x80001028 (0x00100093) x1  0x00000001
core   0: 0x8000102c (0xffffff17) auipc   t5, 0xfffff
core   0: 3 0x8000102c (0xffffff17) x30 0x8000002c
core   0: 0x80001030 (0xfc1f2a23) sw      ra, -44(t5)
core   0: 3 0x80001030 (0xfc1f2a23) mem 0x80000000 0x00000001
core   0: 0x80001034 (0xff5ff06f) j       pc - 0xc
core   0: 3 0x80001034 (0xff5ff06f)
core   0: 0x80001028 (0x00100093) li      ra, 1
core   0: 3 0x80001028 (0x00100093) x1  0x00000001
core   0: 0x8000102c (0xffffff17) auipc   t5, 0xfffff
core   0: 3 0x8000102c (0xffffff17) x30 0x8000002c
core   0: 0x80001030 (0xfc1f2a23) sw      ra, -44(t5)
core   0: 3 0x80001030 (0xfc1f2a23) mem 0x80000000 0x00000001
core   0: 0x80001034 (0xff5ff06f) j       pc - 0xc
core   0: 3 0x80001034 (0xff5ff06f)
core   0: 0x80001028 (0x00100093) li      ra, 1
core   0: 3 0x80001028 (0x00100093) x1  0x00000001
core   0: 0x8000102c (0xffffff17) auipc   t5, 0xfffff
core   0: 3 0x8000102c (0xffffff17) x30 0x8000002c
core   0: 0x80001030 (0xfc1f2a23) sw      ra, -44(t5)
core   0: 3 0x80001030 (0xfc1f2a23) mem 0x80000000 0x00000001
core   0: 0x80001034 (0xff5ff06f) j       pc - 0xc
core   0: 3 0x80001034 (0xff5ff06f)
core   0: 0x80001028 (0x00100093) li      ra, 1
core   0: 3 0x80001028 (0x00100093) x1  0x00000001
core   0: 0x8000102c (0xffffff17) auipc   t5, 0xfffff
core   0: 3 0x8000102c (0xffffff17) x30 0x8000002c
core   0: 0x80001030 (0xfc1f2a23) sw      ra, -44(t5)
core   0: 3 0x80001030 (0xfc1f2a23) mem 0x80000000 0x00000001
core   0: 0x80001034 (0xff5ff06f) j       pc - 0xc
core   0: 3 0x80001034 (0xff5ff06f)
core   0: 0x80001028 (0x00100093) li      ra, 1
core   0: 3 0x80001028 (0x00100093) x1  0x00000001
core   0: 0x8000102c (0xffffff17) auipc   t5, 0xfffff
core   0: 3 0x8000102c (0xffffff17) x30 0x8000002c
core   0: 0x80001030 (0xfc1f2a23) sw      ra, -44(t5)
core   0: 3 0x80001030 (0xfc1f2a23) mem 0x80000000 0x00000001
core   0: 0x80001034 (0xff5ff06f) j       pc - 0xc
core   0: 3 0x80001034 (0xff5ff06f)
core   0: 0x80001028 (0x00100093) li      ra, 1
core   0: 3 0x80001028 (0x00100093) x1  0x00000001
core   0: 0x8000102c (0xffffff17) auipc   t5, 0xfffff
core   0: 3 0x8000102c (0xffffff17) x30 0x8000002c
core   0: 0x80001030 (0xfc1f2a23) sw      ra, -44(t5)
core   0: 3 0x80001030 (0xfc1f2a23) mem 0x80000000 0x00000001
core   0: 0x80001034 (0xff5ff06f) j       pc - 0xc
core   0: 3 0x80001034 (0xff5ff06f)
core   0: 0x80001028 (0x00100093) li      ra, 1
core   0: 3 0x80001028 (0x00100093) x1  0x00000001
core   0: 0x8000102c (0xffffff17) auipc   t5, 0xfffff
core   0: 3 0x8000102c (0xffffff17) x30 0x8000002c
core   0: 0x80001030 (0xfc1f2a23) sw      ra, -44(t5)
core   0: 3 0x80001030 (0xfc1f2a23) mem 0x80000000 0x00000001
core   0: 0x80001034 (0xff5ff06f) j       pc - 0xc
core   0: 3 0x80001034 (0xff5ff06f)
core   0: 0x80001028 (0x00100093) li      ra, 1
core   0: 3 0x80001028 (0x00100093) x1  0x00000001
core   0: 0x8000102c (0xffffff17) auipc   t5, 0xfffff
core   0: 3 0x8000102c (0xffffff17) x30 0x8000002c
core   0: 0x80001030 (0xfc1f2a23) sw      ra, -44(t5)
core   0: 3 0x80001030 (0xfc1f2a23) mem 0x80000000 0x00000001
core   0: 0x80001034 (0xff5ff06f) j       pc - 0xc
core   0: 3 0x80001034 (0xff5ff06f)
core   0: 0x80001028 (0x00100093) li      ra, 1
core   0: 3 0x80001028 (0x00100093) x1  0x00000001
core   0: 0x8000102c (0xffffff17) auipc   t5, 0xfffff
core   0: 3 0x8000102c (0xffffff17) x30 0x8000002c
core   0: 0x80001030 (0xfc1f2a23) sw      ra, -44(t5)
core   0: 3 0x80001030 (0xfc1f2a23) mem 0x80000000 0x00000001
core   0: 0x80001034 (0xff5ff06f) j       pc - 0xc
core   0: 3 0x80001034 (0xff5ff06f)
core   0: 0x80001028 (0x00100093) li      ra, 1
core   0: 3 0x80001028 (0x00100093) x1  0x00000001
core   0: 0x8000102c (0xffffff17) auipc   t5, 0xfffff
core   0: 3 0x8000102c (0xffffff17) x30 0x8000002c
core   0: 0x80001030 (0xfc1f2a23) sw      ra, -44(t5)
core   0: 3 0x80001030 (0xfc1f2a23) mem 0x80000000 0x00000001
core   0: 0x80001034 (0xff5ff06f) j       pc - 0xc
core   0: 3 0x80001034 (0xff5ff06f)
core   0: 0x80001028 (0x00100093) li      ra, 1
core   0: 3 0x80001028 (0x00100093) x1  0x00000001
core   0: 0x8000102c (0xffffff17) auipc   t5, 0xfffff
core   0: 3 0x8000102c (0xffffff17) x30 0x8000002c
core   0: 0x80001030 (0xfc1f2a23) sw      ra, -44(t5)
core   0: 3 0x80001030 (0xfc1f2a23) mem 0x80000000 0x00000001
core   0: 0x80001034 (0xff5ff06f) j       pc - 0xc
core   0: 3 0x80001034 (0xff5ff06f)
core   0: 0x80001028 (0x00100093) li      ra, 1
core   0: 3 0x80001028 (0x00100093) x1  0x00000001
core   0: 0x8000102c (0xffffff17) auipc   t5, 0xfffff
core   0: 3 0x8000102c (0xffffff17) x30 0x8000002c
core   0: 0x80001030 (0xfc1f2a23) sw      ra, -44(t5)
core   0: 3 0x80001030 (0xfc1f2a23) mem 0x80000000 0x00000001
core   0: 0x80001034 (0xff5ff06f) j       pc - 0xc
core   0: 3 0x80001034 (0xff5ff06f)
core   0: 0x80001028 (0x00100093) li      ra, 1
core   0: 3 0x80001028 (0x00100093) x1  0x00000001
core   0: 0x8000102c (0xffffff17) auipc   t5, 0xfffff
core   0: 3 0x8000102c (0xffffff17) x30 0x8000002c
core   0: 0x80001030 (0xfc1f2a23) sw      ra, -44(t5)
core   0: 3 0x80001030 (0xfc1f2a23) mem 0x80000000 0x00000001
core   0: 0x80001034 (0xff5ff06f) j       pc - 0xc
core   0: 3 0x80001034 (0xff5ff06f)
core   0: 0x80001028 (0x00100093) li      ra, 1
core   0: 3 0x80001028 (0x00100093) x1  0x00000001
core   0: 0x8000102c (0xffffff17) auipc   t5, 0xfffff
core   0: 3 0x8000102c (0xffffff17) x30 0x8000002c
core   0: 0x80001030 (0xfc1f2a23) sw      ra, -44(t5)
core   0: 3 0x80001030 (0xfc1f2a23) mem 0x80000000 0x00000001
core   0: 0x80001034 (0xff5ff06f) j       pc - 0xc
core   0: 3 0x80001034 (0xff5ff06f)
core   0: 0x80001028 (0x00100093) li      ra, 1
core   0: 3 0x80001028 (0x00100093) x1  0x00000001
core   0: 0x8000102c (0xffffff17) auipc   t5, 0xfffff
core   0: 3 0x8000102c (0xffffff17) x30 0x8000002c
core   0: 0x80001030 (0xfc1f2a23) sw      ra, -44(t5)
core   0: 3 0x80001030 (0xfc1f2a23) mem 0x80000000 0x00000001
core   0: 0x80001034 (0xff5ff06f) j       pc - 0xc
core   0: 3 0x80001034 (0xff5ff06f)
core   0: 0x80001028 (0x00100093) li      ra, 1
core   0: 3 0x80001028 (0x00100093) x1  0x00000001
core   0: 0x8000102c (0xffffff17) auipc   t5, 0xfffff
core   0: 3 0x8000102c (0xffffff17) x30 0x8000002c
core   0: 0x80001030 (0xfc1f2a23) sw      ra, -44(t5)
core   0: 3 0x80001030 (0xfc1f2a23) mem 0x80000000 0x00000001
core   0: 0x80001034 (0xff5ff06f) j       pc - 0xc
core   0: 3 0x80001034 (0xff5ff06f)
core   0: 0x80001028 (0x00100093) li      ra, 1
core   0: 3 0x80001028 (0x00100093) x1  0x00000001
core   0: 0x8000102c (0xffffff17) auipc   t5, 0xfffff
core   0: 3 0x8000102c (0xffffff17) x30 0x8000002c
core   0: 0x80001030 (0xfc1f2a23) sw      ra, -44(t5)
core   0: 3 0x80001030 (0xfc1f2a23) mem 0x80000000 0x00000001
core   0: 0x80001034 (0xff5ff06f) j       pc - 0xc
core   0: 3 0x80001034 (0xff5ff06f)
core   0: 0x80001028 (0x00100093) li      ra, 1
core   0: 3 0x80001028 (0x00100093) x1  0x00000001
core   0: 0x8000102c (0xffffff17) auipc   t5, 0xfffff
core   0: 3 0x8000102c (0xffffff17) x30 0x8000002c
core   0: 0x80001030 (0xfc1f2a23) sw      ra, -44(t5)
core   0: 3 0x80001030 (0xfc1f2a23) mem 0x80000000 0x00000001
core   0: 0x80001034 (0xff5ff06f) j       pc - 0xc
core   0: 3 0x80001034 (0xff5ff06f)
core   0: 0x80001028 (0x00100093) li      ra, 1
core   0: 3 0x80001028 (0x00100093) x1  0x00000001
core   0: 0x8000102c (0xffffff17) auipc   t5, 0xfffff
core   0: 3 0x8000102c (0xffffff17) x30 0x8000002c
core   0: 0x80001030 (0xfc1f2a23) sw      ra, -44(t5)
core   0: 3 0x80001030 (0xfc1f2a23) mem 0x80000000 0x00000001
core   0: 0x80001034 (0xff5ff06f) j       pc - 0xc
core   0: 3 0x80001034 (0xff5ff06f)
core   0: 0x80001028 (0x00100093) li      ra, 1
core   0: 3 0x80001028 (0x00100093) x1  0x00000001
core   0: 0x8000102c (0xffffff17) auipc   t5, 0xfffff
core   0: 3 0x8000102c (0xffffff17) x30 0x8000002c
core   0: 0x80001030 (0xfc1f2a23) sw      ra, -44(t5)
core   0: 3 0x80001030 (0xfc1f2a23) mem 0x80000000 0x00000001
core   0: 0x80001034 (0xff5ff06f) j       pc - 0xc
core   0: 3 0x80001034 (0xff5ff06f)
core   0: 0x80001028 (0x00100093) li      ra, 1
core   0: 3 0x80001028 (0x00100093) x1  0x00000001
core   0: 0x8000102c (0xffffff17) auipc   t5, 0xfffff
core   0: 3 0x8000102c (0xffffff17) x30 0x8000002c
core   0: 0x80001030 (0xfc1f2a23) sw      ra, -44(t5)
core   0: 3 0x80001030 (0xfc1f2a23) mem 0x80000000 0x00000001
core   0: 0x80001034 (0xff5ff06f) j       pc - 0xc
core   0: 3 0x80001034 (0xff5ff06f)
core   0: 0x80001028 (0x00100093) li      ra, 1
core   0: 3 0x80001028 (0x00100093) x1  0x00000001
core   0: 0x8000102c (0xffffff17) auipc   t5, 0xfffff
core   0: 3 0x8000102c (0xffffff17) x30 0x8000002c
core   0: 0x80001030 (0xfc1f2a23) sw      ra, -44(t5)
core   0: 3 0x80001030 (0xfc1f2a23) mem 0x80000000 0x00000001
core   0: 0x80001034 (0xff5ff06f) j       pc - 0xc
core   0: 3 0x80001034 (0xff5ff06f)
core   0: 0x80001028 (0x00100093) li      ra, 1
core   0: 3 0x80001028 (0x00100093) x1  0x00000001
core   0: 0x8000102c (0xffffff17) auipc   t5, 0xfffff
core   0: 3 0x8000102c (0xffffff17) x30 0x8000002c
core   0: 0x80001030 (0xfc1f2a23) sw      ra, -44(t5)
core   0: 3 0x80001030 (0xfc1f2a23) mem 0x80000000 0x00000001
core   0: 0x80001034 (0xff5ff06f) j       pc - 0xc
core   0: 3 0x80001034 (0xff5ff06f)
core   0: 0x80001028 (0x00100093) li      ra, 1
core   0: 3 0x80001028 (0x00100093) x1  0x00000001
core   0: 0x8000102c (0xffffff17) auipc   t5, 0xfffff
core   0: 3 0x8000102c (0xffffff17) x30 0x8000002c
core   0: 0x80001030 (0xfc1f2a23) sw      ra, -44(t5)
core   0: 3 0x80001030 (0xfc1f2a23) mem 0x80000000 0x00000001
core   0: 0x80001034 (0xff5ff06f) j       pc - 0xc
core   0: 3 0x80001034 (0xff5ff06f)
core   0: 0x80001028 (0x00100093) li      ra, 1
core   0: 3 0x80001028 (0x00100093) x1  0x00000001
core   0: 0x8000102c (0xffffff17) auipc   t5, 0xfffff
core   0: 3 0x8000102c (0xffffff17) x30 0x8000002c
core   0: 0x80001030 (0xfc1f2a23) sw      ra, -44(t5)
core   0: 3 0x80001030 (0xfc1f2a23) mem 0x80000000 0x00000001
core   0: 0x80001034 (0xff5ff06f) j       pc - 0xc
core   0: 3 0x80001034 (0xff5ff06f)
core   0: 0x80001028 (0x00100093) li      ra, 1
core   0: 3 0x80001028 (0x00100093) x1  0x00000001
core   0: 0x8000102c (0xffffff17) auipc   t5, 0xfffff
core   0: 3 0x8000102c (0xffffff17) x30 0x8000002c
core   0: 0x80001030 (0xfc1f2a23) sw      ra, -44(t5)
core   0: 3 0x80001030 (0xfc1f2a23) mem 0x80000000 0x00000001
core   0: 0x80001034 (0xff5ff06f) j       pc - 0xc
core   0: 3 0x80001034 (0xff5ff06f)
core   0: 0x80001028 (0x00100093) li      ra, 1
core   0: 3 0x80001028 (0x00100093) x1  0x00000001
core   0: 0x8000102c (0xffffff17) auipc   t5, 0xfffff
core   0: 3 0x8000102c (0xffffff17) x30 0x8000002c
core   0: 0x80001030 (0xfc1f2a23) sw      ra, -44(t5)
core   0: 3 0x80001030 (0xfc1f2a23) mem 0x80000000 0x00000001
core   0: 0x80001034 (0xff5ff06f) j       pc - 0xc
core   0: 3 0x80001034 (0xff5ff06f)
core   0: 0x80001028 (0x00100093) li      ra, 1
core   0: 3 0x80001028 (0x00100093) x1  0x00000001
core   0: 0x8000102c (0xffffff17) auipc   t5, 0xfffff
core   0: 3 0x8000102c (0xffffff17) x30 0x8000002c
core   0: 0x80001030 (0xfc1f2a23) sw      ra, -44(t5)
core   0: 3 0x80001030 (0xfc1f2a23) mem 0x80000000 0x00000001
core   0: 0x80001034 (0xff5ff06f) j       pc - 0xc
core   0: 3 0x80001034 (0xff5ff06f)
core   0: 0x80001028 (0x00100093) li      ra, 1
core   0: 3 0x80001028 (0x00100093) x1  0x00000001
core   0: 0x8000102c (0xffffff17) auipc   t5, 0xfffff
core   0: 3 0x8000102c (0xffffff17) x30 0x8000002c
core   0: 0x80001030 (0xfc1f2a23) sw      ra, -44(t5)
core   0: 3 0x80001030 (0xfc1f2a23) mem 0x80000000 0x00000001
core   0: 0x80001034 (0xff5ff06f) j       pc - 0xc
core   0: 3 0x80001034 (0xff5ff06f)
core   0: 0x80001028 (0x00100093) li      ra, 1
core   0: 3 0x80001028 (0x00100093) x1  0x00000001
core   0: 0x8000102c (0xffffff17) auipc   t5, 0xfffff
core   0: 3 0x8000102c (0xffffff17) x30 0x8000002c
core   0: 0x80001030 (0xfc1f2a23) sw      ra, -44(t5)
core   0: 3 0x80001030 (0xfc1f2a23) mem 0x80000000 0x00000001
core   0: 0x80001034 (0xff5ff06f) j       pc - 0xc
core   0: 3 0x80001034 (0xff5ff06f)
core   0: 0x80001028 (0x00100093) li      ra, 1
core   0: 3 0x80001028 (0x00100093) x1  0x00000001
core   0: 0x8000102c (0xffffff17) auipc   t5, 0xfffff
core   0: 3 0x8000102c (0xffffff17) x30 0x8000002c
core   0: 0x80001030 (0xfc1f2a23) sw      ra, -44(t5)
core   0: 3 0x80001030 (0xfc1f2a23) mem 0x80000000 0x00000001
core   0: 0x80001034 (0xff5ff06f) j       pc - 0xc
core   0: 3 0x80001034 (0xff5ff06f)
core   0: 0x80001028 (0x00100093) li      ra, 1
core   0: 3 0x80001028 (0x00100093) x1  0x00000001
core   0: 0x8000102c (0xffffff17) auipc   t5, 0xfffff
core   0: 3 0x8000102c (0xffffff17) x30 0x8000002c
core   0: 0x80001030 (0xfc1f2a23) sw      ra, -44(t5)
core   0: 3 0x80001030 (0xfc1f2a23) mem 0x80000000 0x00000001
core   0: 0x80001034 (0xff5ff06f) j       pc - 0xc
core   0: 3 0x80001034 (0xff5ff06f)
core   0: 0x80001028 (0x00100093) li      ra, 1
core   0: 3 0x80001028 (0x00100093) x1  0x00000001
core   0: 0x8000102c (0xffffff17) auipc   t5, 0xfffff
core   0: 3 0x8000102c (0xffffff17) x30 0x8000002c
core   0: 0x80001030 (0xfc1f2a23) sw      ra, -44(t5)
core   0: 3 0x80001030 (0xfc1f2a23) mem 0x80000000 0x00000001
core   0: 0x80001034 (0xff5ff06f) j       pc - 0xc
core   0: 3 0x80001034 (0xff5ff06f)
core   0: 0x80001028 (0x00100093) li      ra, 1
core   0: 3 0x80001028 (0x00100093) x1  0x00000001
core   0: 0x8000102c (0xffffff17) auipc   t5, 0xfffff
core   0: 3 0x8000102c (0xffffff17) x30 0x8000002c
core   0: 0x80001030 (0xfc1f2a23) sw      ra, -44(t5)
core   0: 3 0x80001030 (0xfc1f2a23) mem 0x80000000 0x00000001
core   0: 0x80001034 (0xff5ff06f) j       pc - 0xc
core   0: 3 0x80001034 (0xff5ff06f)
core   0: 0x80001028 (0x00100093) li      ra, 1
core   0: 3 0x80001028 (0x00100093) x1  0x00000001
core   0: 0x8000102c (0xffffff17) auipc   t5, 0xfffff
core   0: 3 0x8000102c (0xffffff17) x30 0x8000002c
core   0: 0x80001030 (0xfc1f2a23) sw      ra, -44(t5)
core   0: 3 0x80001030 (0xfc1f2a23) mem 0x80000000 0x00000001
core   0: 0x80001034 (0xff5ff06f) j       pc - 0xc
core   0: 3 0x80001034 (0xff5ff06f)
core   0: 0x80001028 (0x00100093) li      ra, 1
core   0: 3 0x80001028 (0x00100093) x1  0x00000001
core   0: 0x8000102c (0xffffff17) auipc   t5, 0xfffff
core   0: 3 0x8000102c (0xffffff17) x30 0x8000002c
core   0: 0x80001030 (0xfc1f2a23) sw      ra, -44(t5)
core   0: 3 0x80001030 (0xfc1f2a23) mem 0x80000000 0x00000001
core   0: 0x80001034 (0xff5ff06f) j       pc - 0xc
core   0: 3 0x80001034 (0xff5ff06f)
core   0: 0x80001028 (0x00100093) li      ra, 1
core   0: 3 0x80001028 (0x00100093) x1  0x00000001
core   0: 0x8000102c (0xffffff17) auipc   t5, 0xfffff
core   0: 3 0x8000102c (0xffffff17) x30 0x8000002c
core   0: 0x80001030 (0xfc1f2a23) sw      ra, -44(t5)
core   0: 3 0x80001030 (0xfc1f2a23) mem 0x80000000 0x00000001
core   0: 0x80001034 (0xff5ff06f) j       pc - 0xc
core   0: 3 0x80001034 (0xff5ff06f)
core   0: 0x80001028 (0x00100093) li      ra, 1
core   0: 3 0x80001028 (0x00100093) x1  0x00000001
core   0: 0x8000102c (0xffffff17) auipc   t5, 0xfffff
core   0: 3 0x8000102c (0xffffff17) x30 0x8000002c
core   0: 0x80001030 (0xfc1f2a23) sw      ra, -44(t5)
core   0: 3 0x80001030 (0xfc1f2a23) mem 0x80000000 0x00000001
core   0: 0x80001034 (0xff5ff06f) j       pc - 0xc
core   0: 3 0x80001034 (0xff5ff06f)
core   0: 0x80001028 (0x00100093) li      ra, 1
core   0: 3 0x80001028 (0x00100093) x1  0x00000001
core   0: 0x8000102c (0xffffff17) auipc   t5, 0xfffff
core   0: 3 0x8000102c (0xffffff17) x30 0x8000002c
core   0: 0x80001030 (0xfc1f2a23) sw      ra, -44(t5)
core   0: 3 0x80001030 (0xfc1f2a23) mem 0x80000000 0x00000001
core   0: 0x80001034 (0xff5ff06f) j       pc - 0xc
core   0: 3 0x80001034 (0xff5ff06f)
core   0: 0x80001028 (0x00100093) li      ra, 1
core   0: 3 0x80001028 (0x00100093) x1  0x00000001
core   0: 0x8000102c (0xffffff17) auipc   t5, 0xfffff
core   0: 3 0x8000102c (0xffffff17) x30 0x8000002c
core   0: 0x80001030 (0xfc1f2a23) sw      ra, -44(t5)
core   0: 3 0x80001030 (0xfc1f2a23) mem 0x80000000 0x00000001
core   0: 0x80001034 (0xff5ff06f) j       pc - 0xc
core   0: 3 0x80001034 (0xff5ff06f)
core   0: 0x80001028 (0x00100093) li      ra, 1
core   0: 3 0x80001028 (0x00100093) x1  0x00000001
core   0: 0x8000102c (0xffffff17) auipc   t5, 0xfffff
core   0: 3 0x8000102c (0xffffff17) x30 0x8000002c
core   0: 0x80001030 (0xfc1f2a23) sw      ra, -44(t5)
core   0: 3 0x80001030 (0xfc1f2a23) mem 0x80000000 0x00000001
core   0: 0x80001034 (0xff5ff06f) j       pc - 0xc
core   0: 3 0x80001034 (0xff5ff06f)
core   0: 0x80001028 (0x00100093) li      ra, 1
core   0: 3 0x80001028 (0x00100093) x1  0x00000001
core   0: 0x8000102c (0xffffff17) auipc   t5, 0xfffff
core   0: 3 0x8000102c (0xffffff17) x30 0x8000002c
core   0: 0x80001030 (0xfc1f2a23) sw      ra, -44(t5)
core   0: 3 0x80001030 (0xfc1f2a23) mem 0x80000000 0x00000001
core   0: 0x80001034 (0xff5ff06f) j       pc - 0xc
core   0: 3 0x80001034 (0xff5ff06f)
core   0: 0x80001028 (0x00100093) li      ra, 1
core   0: 3 0x80001028 (0x00100093) x1  0x00000001
core   0: 0x8000102c (0xffffff17) auipc   t5, 0xfffff
core   0: 3 0x8000102c (0xffffff17) x30 0x8000002c
core   0: 0x80001030 (0xfc1f2a23) sw      ra, -44(t5)
core   0: 3 0x80001030 (0xfc1f2a23) mem 0x80000000 0x00000001
core   0: 0x80001034 (0xff5ff06f) j       pc - 0xc
core   0: 3 0x80001034 (0xff5ff06f)
core   0: 0x80001028 (0x00100093) li      ra, 1
core   0: 3 0x80001028 (0x00100093) x1  0x00000001
core   0: 0x8000102c (0xffffff17) auipc   t5, 0xfffff
core   0: 3 0x8000102c (0xffffff17) x30 0x8000002c
core   0: 0x80001030 (0xfc1f2a23) sw      ra, -44(t5)
core   0: 3 0x80001030 (0xfc1f2a23) mem 0x80000000 0x00000001
core   0: 0x80001034 (0xff5ff06f) j       pc - 0xc
core   0: 3 0x80001034 (0xff5ff06f)
core   0: 0x80001028 (0x00100093) li      ra, 1
core   0: 3 0x80001028 (0x00100093) x1  0x00000001
core   0: 0x8000102c (0xffffff17) auipc   t5, 0xfffff
core   0: 3 0x8000102c (0xffffff17) x30 0x8000002c
core   0: 0x80001030 (0xfc1f2a23) sw      ra, -44(t5)
core   0: 3 0x80001030 (0xfc1f2a23) mem 0x80000000 0x00000001
core   0: 0x80001034 (0xff5ff06f) j       pc - 0xc
core   0: 3 0x80001034 (0xff5ff06f)
core   0: 0x80001028 (0x00100093) li      ra, 1
core   0: 3 0x80001028 (0x00100093) x1  0x00000001
core   0: 0x8000102c (0xffffff17) auipc   t5, 0xfffff
core   0: 3 0x8000102c (0xffffff17) x30 0x8000002c
core   0: 0x80001030 (0xfc1f2a23) sw      ra, -44(t5)
core   0: 3 0x80001030 (0xfc1f2a23) mem 0x80000000 0x00000001
core   0: 0x80001034 (0xff5ff06f) j       pc - 0xc
core   0: 3 0x80001034 (0xff5ff06f)
core   0: 0x80001028 (0x00100093) li      ra, 1
core   0: 3 0x80001028 (0x00100093) x1  0x00000001
core   0: 0x8000102c (0xffffff17) auipc   t5, 0xfffff
core   0: 3 0x8000102c (0xffffff17) x30 0x8000002c
core   0: 0x80001030 (0xfc1f2a23) sw      ra, -44(t5)
core   0: 3 0x80001030 (0xfc1f2a23) mem 0x80000000 0x00000001
core   0: 0x80001034 (0xff5ff06f) j       pc - 0xc
core   0: 3 0x80001034 (0xff5ff06f)
core   0: 0x80001028 (0x00100093) li      ra, 1
core   0: 3 0x80001028 (0x00100093) x1  0x00000001
core   0: 0x8000102c (0xffffff17) auipc   t5, 0xfffff
core   0: 3 0x8000102c (0xffffff17) x30 0x8000002c
core   0: 0x80001030 (0xfc1f2a23) sw      ra, -44(t5)
core   0: 3 0x80001030 (0xfc1f2a23) mem 0x80000000 0x00000001
core   0: 0x80001034 (0xff5ff06f) j       pc - 0xc
core   0: 3 0x80001034 (0xff5ff06f)
core   0: 0x80001028 (0x00100093) li      ra, 1
core   0: 3 0x80001028 (0x00100093) x1  0x00000001
core   0: 0x8000102c (0xffffff17) auipc   t5, 0xfffff
core   0: 3 0x8000102c (0xffffff17) x30 0x8000002c
core   0: 0x80001030 (0xfc1f2a23) sw      ra, -44(t5)
core   0: 3 0x80001030 (0xfc1f2a23) mem 0x80000000 0x00000001
core   0: 0x80001034 (0xff5ff06f) j       pc - 0xc
core   0: 3 0x80001034 (0xff5ff06f)
core   0: 0x80001028 (0x00100093) li      ra, 1
core   0: 3 0x80001028 (0x00100093) x1  0x00000001
core   0: 0x8000102c (0xffffff17) auipc   t5, 0xfffff
core   0: 3 0x8000102c (0xffffff17) x30 0x8000002c
core   0: 0x80001030 (0xfc1f2a23) sw      ra, -44(t5)
core   0: 3 0x80001030 (0xfc1f2a23) mem 0x80000000 0x00000001
core   0: 0x80001034 (0xff5ff06f) j       pc - 0xc
core   0: 3 0x80001034 (0xff5ff06f)
core   0: 0x80001028 (0x00100093) li      ra, 1
core   0: 3 0x80001028 (0x00100093) x1  0x00000001
core   0: 0x8000102c (0xffffff17) auipc   t5, 0xfffff
core   0: 3 0x8000102c (0xffffff17) x30 0x8000002c
core   0: 0x80001030 (0xfc1f2a23) sw      ra, -44(t5)
core   0: 3 0x80001030 (0xfc1f2a23) mem 0x80000000 0x00000001
core   0: 0x80001034 (0xff5ff06f) j       pc - 0xc
core   0: 3 0x80001034 (0xff5ff06f)
core   0: 0x80001028 (0x00100093) li      ra, 1
core   0: 3 0x80001028 (0x00100093) x1  0x00000001
core   0: 0x8000102c (0xffffff17) auipc   t5, 0xfffff
core   0: 3 0x8000102c (0xffffff17) x30 0x8000002c
core   0: 0x80001030 (0xfc1f2a23) sw      ra, -44(t5)
core   0: 3 0x80001030 (0xfc1f2a23) mem 0x80000000 0x00000001
core   0: 0x80001034 (0xff5ff06f) j       pc - 0xc
core   0: 3 0x80001034 (0xff5ff06f)
core   0: 0x80001028 (0x00100093) li      ra, 1
core   0: 3 0x80001028 (0x00100093) x1  0x00000001
core   0: 0x8000102c (0xffffff17) auipc   t5, 0xfffff
core   0: 3 0x8000102c (0xffffff17) x30 0x8000002c
core   0: 0x80001030 (0xfc1f2a23) sw      ra, -44(t5)
core   0: 3 0x80001030 (0xfc1f2a23) mem 0x80000000 0x00000001
core   0: 0x80001034 (0xff5ff06f) j       pc - 0xc
core   0: 3 0x80001034 (0xff5ff06f)
core   0: 0x80001028 (0x00100093) li      ra, 1
core   0: 3 0x80001028 (0x00100093) x1  0x00000001
core   0: 0x8000102c (0xffffff17) auipc   t5, 0xfffff
core   0: 3 0x8000102c (0xffffff17) x30 0x8000002c
core   0: 0x80001030 (0xfc1f2a23) sw      ra, -44(t5)
core   0: 3 0x80001030 (0xfc1f2a23) mem 0x80000000 0x00000001
core   0: 0x80001034 (0xff5ff06f) j       pc - 0xc
core   0: 3 0x80001034 (0xff5ff06f)
core   0: 0x80001028 (0x00100093) li      ra, 1
core   0: 3 0x80001028 (0x00100093) x1  0x00000001
core   0: 0x8000102c (0xffffff17) auipc   t5, 0xfffff
core   0: 3 0x8000102c (0xffffff17) x30 0x8000002c
core   0: 0x80001030 (0xfc1f2a23) sw      ra, -44(t5)
core   0: 3 0x80001030 (0xfc1f2a23) mem 0x80000000 0x00000001
core   0: 0x80001034 (0xff5ff06f) j       pc - 0xc
core   0: 3 0x80001034 (0xff5ff06f)
core   0: 0x80001028 (0x00100093) li      ra, 1
core   0: 3 0x80001028 (0x00100093) x1  0x00000001
core   0: 0x8000102c (0xffffff17) auipc   t5, 0xfffff
core   0: 3 0x8000102c (0xffffff17) x30 0x8000002c
core   0: 0x80001030 (0xfc1f2a23) sw      ra, -44(t5)
core   0: 3 0x80001030 (0xfc1f2a23) mem 0x80000000 0x00000001
core   0: 0x80001034 (0xff5ff06f) j       pc - 0xc
core   0: 3 0x80001034 (0xff5ff06f)
core   0: 0x80001028 (0x00100093) li      ra, 1
core   0: 3 0x80001028 (0x00100093) x1  0x00000001
core   0: 0x8000102c (0xffffff17) auipc   t5, 0xfffff
core   0: 3 0x8000102c (0xffffff17) x30 0x8000002c
core   0: 0x80001030 (0xfc1f2a23) sw      ra, -44(t5)
core   0: 3 0x80001030 (0xfc1f2a23) mem 0x80000000 0x00000001
core   0: 0x80001034 (0xff5ff06f) j       pc - 0xc
core   0: 3 0x80001034 (0xff5ff06f)
core   0: 0x80001028 (0x00100093) li      ra, 1
core   0: 3 0x80001028 (0x00100093) x1  0x00000001
core   0: 0x8000102c (0xffffff17) auipc   t5, 0xfffff
core   0: 3 0x8000102c (0xffffff17) x30 0x8000002c
core   0: 0x80001030 (0xfc1f2a23) sw      ra, -44(t5)
core   0: 3 0x80001030 (0xfc1f2a23) mem 0x80000000 0x00000001
core   0: 0x80001034 (0xff5ff06f) j       pc - 0xc
core   0: 3 0x80001034 (0xff5ff06f)
core   0: 0x80001028 (0x00100093) li      ra, 1
core   0: 3 0x80001028 (0x00100093) x1  0x00000001
core   0: 0x8000102c (0xffffff17) auipc   t5, 0xfffff
core   0: 3 0x8000102c (0xffffff17) x30 0x8000002c
core   0: 0x80001030 (0xfc1f2a23) sw      ra, -44(t5)
core   0: 3 0x80001030 (0xfc1f2a23) mem 0x80000000 0x00000001
core   0: 0x80001034 (0xff5ff06f) j       pc - 0xc
core   0: 3 0x80001034 (0xff5ff06f)
core   0: 0x80001028 (0x00100093) li      ra, 1
core   0: 3 0x80001028 (0x00100093) x1  0x00000001
core   0: 0x8000102c (0xffffff17) auipc   t5, 0xfffff
core   0: 3 0x8000102c (0xffffff17) x30 0x8000002c
core   0: 0x80001030 (0xfc1f2a23) sw      ra, -44(t5)
core   0: 3 0x80001030 (0xfc1f2a23) mem 0x80000000 0x00000001
core   0: 0x80001034 (0xff5ff06f) j       pc - 0xc
core   0: 3 0x80001034 (0xff5ff06f)
core   0: 0x80001028 (0x00100093) li      ra, 1
core   0: 3 0x80001028 (0x00100093) x1  0x00000001
core   0: 0x8000102c (0xffffff17) auipc   t5, 0xfffff
core   0: 3 0x8000102c (0xffffff17) x30 0x8000002c
core   0: 0x80001030 (0xfc1f2a23) sw      ra, -44(t5)
core   0: 3 0x80001030 (0xfc1f2a23) mem 0x80000000 0x00000001
core   0: 0x80001034 (0xff5ff06f) j       pc - 0xc
core   0: 3 0x80001034 (0xff5ff06f)
core   0: 0x80001028 (0x00100093) li      ra, 1
core   0: 3 0x80001028 (0x00100093) x1  0x00000001
core   0: 0x8000102c (0xffffff17) auipc   t5, 0xfffff
core   0: 3 0x8000102c (0xffffff17) x30 0x8000002c
core   0: 0x80001030 (0xfc1f2a23) sw      ra, -44(t5)
core   0: 3 0x80001030 (0xfc1f2a23) mem 0x80000000 0x00000001
core   0: 0x80001034 (0xff5ff06f) j       pc - 0xc
core   0: 3 0x80001034 (0xff5ff06f)
core   0: 0x80001028 (0x00100093) li      ra, 1
core   0: 3 0x80001028 (0x00100093) x1  0x00000001
core   0: 0x8000102c (0xffffff17) auipc   t5, 0xfffff
core   0: 3 0x8000102c (0xffffff17) x30 0x8000002c
core   0: 0x80001030 (0xfc1f2a23) sw      ra, -44(t5)
core   0: 3 0x80001030 (0xfc1f2a23) mem 0x80000000 0x00000001
core   0: 0x80001034 (0xff5ff06f) j       pc - 0xc
core   0: 3 0x80001034 (0xff5ff06f)
core   0: 0x80001028 (0x00100093) li      ra, 1
core   0: 3 0x80001028 (0x00100093) x1  0x00000001
core   0: 0x8000102c (0xffffff17) auipc   t5, 0xfffff
core   0: 3 0x8000102c (0xffffff17) x30 0x8000002c
core   0: 0x80001030 (0xfc1f2a23) sw      ra, -44(t5)
core   0: 3 0x80001030 (0xfc1f2a23) mem 0x80000000 0x00000001
core   0: 0x80001034 (0xff5ff06f) j       pc - 0xc
core   0: 3 0x80001034 (0xff5ff06f)
core   0: 0x80001028 (0x00100093) li      ra, 1
core   0: 3 0x80001028 (0x00100093) x1  0x00000001
core   0: 0x8000102c (0xffffff17) auipc   t5, 0xfffff
core   0: 3 0x8000102c (0xffffff17) x30 0x8000002c
core   0: 0x80001030 (0xfc1f2a23) sw      ra, -44(t5)
core   0: 3 0x80001030 (0xfc1f2a23) mem 0x80000000 0x00000001
core   0: 0x80001034 (0xff5ff06f) j       pc - 0xc
core   0: 3 0x80001034 (0xff5ff06f)
core   0: 0x80001028 (0x00100093) li      ra, 1
core   0: 3 0x80001028 (0x00100093) x1  0x00000001
core   0: 0x8000102c (0xffffff17) auipc   t5, 0xfffff
core   0: 3 0x8000102c (0xffffff17) x30 0x8000002c
core   0: 0x80001030 (0xfc1f2a23) sw      ra, -44(t5)
core   0: 3 0x80001030 (0xfc1f2a23) mem 0x80000000 0x00000001
core   0: 0x80001034 (0xff5ff06f) j       pc - 0xc
core   0: 3 0x80001034 (0xff5ff06f)
core   0: 0x80001028 (0x00100093) li      ra, 1
core   0: 3 0x80001028 (0x00100093) x1  0x00000001
core   0: 0x8000102c (0xffffff17) auipc   t5, 0xfffff
core   0: 3 0x8000102c (0xffffff17) x30 0x8000002c
core   0: 0x80001030 (0xfc1f2a23) sw      ra, -44(t5)
core   0: 3 0x80001030 (0xfc1f2a23) mem 0x80000000 0x00000001
core   0: 0x80001034 (0xff5ff06f) j       pc - 0xc
core   0: 3 0x80001034 (0xff5ff06f)
core   0: 0x80001028 (0x00100093) li      ra, 1
core   0: 3 0x80001028 (0x00100093) x1  0x00000001
core   0: 0x8000102c (0xffffff17) auipc   t5, 0xfffff
core   0: 3 0x8000102c (0xffffff17) x30 0x8000002c
core   0: 0x80001030 (0xfc1f2a23) sw      ra, -44(t5)
core   0: 3 0x80001030 (0xfc1f2a23) mem 0x80000000 0x00000001
core   0: 0x80001034 (0xff5ff06f) j       pc - 0xc
core   0: 3 0x80001034 (0xff5ff06f)
core   0: 0x80001028 (0x00100093) li      ra, 1
core   0: 3 0x80001028 (0x00100093) x1  0x00000001
core   0: 0x8000102c (0xffffff17) auipc   t5, 0xfffff
core   0: 3 0x8000102c (0xffffff17) x30 0x8000002c
core   0: 0x80001030 (0xfc1f2a23) sw      ra, -44(t5)
core   0: 3 0x80001030 (0xfc1f2a23) mem 0x80000000 0x00000001
core   0: 0x80001034 (0xff5ff06f) j       pc - 0xc
core   0: 3 0x80001034 (0xff5ff06f)
core   0: 0x80001028 (0x00100093) li      ra, 1
core   0: 3 0x80001028 (0x00100093) x1  0x00000001
core   0: 0x8000102c (0xffffff17) auipc   t5, 0xfffff
core   0: 3 0x8000102c (0xffffff17) x30 0x8000002c
core   0: 0x80001030 (0xfc1f2a23) sw      ra, -44(t5)
core   0: 3 0x80001030 (0xfc1f2a23) mem 0x80000000 0x00000001
core   0: 0x80001034 (0xff5ff06f) j       pc - 0xc
core   0: 3 0x80001034 (0xff5ff06f)
core   0: 0x80001028 (0x00100093) li      ra, 1
core   0: 3 0x80001028 (0x00100093) x1  0x00000001
core   0: 0x8000102c (0xffffff17) auipc   t5, 0xfffff
core   0: 3 0x8000102c (0xffffff17) x30 0x8000002c
core   0: 0x80001030 (0xfc1f2a23) sw      ra, -44(t5)
core   0: 3 0x80001030 (0xfc1f2a23) mem 0x80000000 0x00000001
core   0: 0x80001034 (0xff5ff06f) j       pc - 0xc
core   0: 3 0x80001034 (0xff5ff06f)
core   0: 0x80001028 (0x00100093) li      ra, 1
core   0: 3 0x80001028 (0x00100093) x1  0x00000001
core   0: 0x8000102c (0xffffff17) auipc   t5, 0xfffff
core   0: 3 0x8000102c (0xffffff17) x30 0x8000002c
core   0: 0x80001030 (0xfc1f2a23) sw      ra, -44(t5)
core   0: 3 0x80001030 (0xfc1f2a23) mem 0x80000000 0x00000001
core   0: 0x80001034 (0xff5ff06f) j       pc - 0xc
core   0: 3 0x80001034 (0xff5ff06f)
core   0: 0x80001028 (0x00100093) li      ra, 1
core   0: 3 0x80001028 (0x00100093) x1  0x00000001
core   0: 0x8000102c (0xffffff17) auipc   t5, 0xfffff
core   0: 3 0x8000102c (0xffffff17) x30 0x8000002c
core   0: 0x80001030 (0xfc1f2a23) sw      ra, -44(t5)
core   0: 3 0x80001030 (0xfc1f2a23) mem 0x80000000 0x00000001
core   0: 0x80001034 (0xff5ff06f) j       pc - 0xc
core   0: 3 0x80001034 (0xff5ff06f)
core   0: 0x80001028 (0x00100093) li      ra, 1
core   0: 3 0x80001028 (0x00100093) x1  0x00000001
core   0: 0x8000102c (0xffffff17) auipc   t5, 0xfffff
core   0: 3 0x8000102c (0xffffff17) x30 0x8000002c
core   0: 0x80001030 (0xfc1f2a23) sw      ra, -44(t5)
core   0: 3 0x80001030 (0xfc1f2a23) mem 0x80000000 0x00000001
core   0: 0x80001034 (0xff5ff06f) j       pc - 0xc
core   0: 3 0x80001034 (0xff5ff06f)
core   0: 0x80001028 (0x00100093) li      ra, 1
core   0: 3 0x80001028 (0x00100093) x1  0x00000001
core   0: 0x8000102c (0xffffff17) auipc   t5, 0xfffff
core   0: 3 0x8000102c (0xffffff17) x30 0x8000002c
core   0: 0x80001030 (0xfc1f2a23) sw      ra, -44(t5)
core   0: 3 0x80001030 (0xfc1f2a23) mem 0x80000000 0x00000001
core   0: 0x80001034 (0xff5ff06f) j       pc - 0xc
core   0: 3 0x80001034 (0xff5ff06f)
core   0: 0x80001028 (0x00100093) li      ra, 1
core   0: 3 0x80001028 (0x00100093) x1  0x00000001
core   0: 0x8000102c (0xffffff17) auipc   t5, 0xfffff
core   0: 3 0x8000102c (0xffffff17) x30 0x8000002c
core   0: 0x80001030 (0xfc1f2a23) sw      ra, -44(t5)
core   0: 3 0x80001030 (0xfc1f2a23) mem 0x80000000 0x00000001
core   0: 0x80001034 (0xff5ff06f) j       pc - 0xc
core   0: 3 0x80001034 (0xff5ff06f)
core   0: 0x80001028 (0x00100093) li      ra, 1
core   0: 3 0x80001028 (0x00100093) x1  0x00000001
core   0: 0x8000102c (0xffffff17) auipc   t5, 0xfffff
core   0: 3 0x8000102c (0xffffff17) x30 0x8000002c
core   0: 0x80001030 (0xfc1f2a23) sw      ra, -44(t5)
core   0: 3 0x80001030 (0xfc1f2a23) mem 0x80000000 0x00000001
core   0: 0x80001034 (0xff5ff06f) j       pc - 0xc
core   0: 3 0x80001034 (0xff5ff06f)
core   0: 0x80001028 (0x00100093) li      ra, 1
core   0: 3 0x80001028 (0x00100093) x1  0x00000001
core   0: 0x8000102c (0xffffff17) auipc   t5, 0xfffff
core   0: 3 0x8000102c (0xffffff17) x30 0x8000002c
core   0: 0x80001030 (0xfc1f2a23) sw      ra, -44(t5)
core   0: 3 0x80001030 (0xfc1f2a23) mem 0x80000000 0x00000001
core   0: 0x80001034 (0xff5ff06f) j       pc - 0xc
core   0: 3 0x80001034 (0xff5ff06f)
core   0: 0x80001028 (0x00100093) li      ra, 1
core   0: 3 0x80001028 (0x00100093) x1  0x00000001
core   0: 0x8000102c (0xffffff17) auipc   t5, 0xfffff
core   0: 3 0x8000102c (0xffffff17) x30 0x8000002c
core   0: 0x80001030 (0xfc1f2a23) sw      ra, -44(t5)
core   0: 3 0x80001030 (0xfc1f2a23) mem 0x80000000 0x00000001
core   0: 0x80001034 (0xff5ff06f) j       pc - 0xc
core   0: 3 0x80001034 (0xff5ff06f)
core   0: 0x80001028 (0x00100093) li      ra, 1
core   0: 3 0x80001028 (0x00100093) x1  0x00000001
core   0: 0x8000102c (0xffffff17) auipc   t5, 0xfffff
core   0: 3 0x8000102c (0xffffff17) x30 0x8000002c
core   0: 0x80001030 (0xfc1f2a23) sw      ra, -44(t5)
core   0: 3 0x80001030 (0xfc1f2a23) mem 0x80000000 0x00000001
core   0: 0x80001034 (0xff5ff06f) j       pc - 0xc
core   0: 3 0x80001034 (0xff5ff06f)
core   0: 0x80001028 (0x00100093) li      ra, 1
core   0: 3 0x80001028 (0x00100093) x1  0x00000001
core   0: 0x8000102c (0xffffff17) auipc   t5, 0xfffff
core   0: 3 0x8000102c (0xffffff17) x30 0x8000002c
core   0: 0x80001030 (0xfc1f2a23) sw      ra, -44(t5)
core   0: 3 0x80001030 (0xfc1f2a23) mem 0x80000000 0x00000001
core   0: 0x80001034 (0xff5ff06f) j       pc - 0xc
core   0: 3 0x80001034 (0xff5ff06f)
core   0: 0x80001028 (0x00100093) li      ra, 1
core   0: 3 0x80001028 (0x00100093) x1  0x00000001
core   0: 0x8000102c (0xffffff17) auipc   t5, 0xfffff
core   0: 3 0x8000102c (0xffffff17) x30 0x8000002c
core   0: 0x80001030 (0xfc1f2a23) sw      ra, -44(t5)
core   0: 3 0x80001030 (0xfc1f2a23) mem 0x80000000 0x00000001
core   0: 0x80001034 (0xff5ff06f) j       pc - 0xc
core   0: 3 0x80001034 (0xff5ff06f)
core   0: 0x80001028 (0x00100093) li      ra, 1
core   0: 3 0x80001028 (0x00100093) x1  0x00000001
core   0: 0x8000102c (0xffffff17) auipc   t5, 0xfffff
core   0: 3 0x8000102c (0xffffff17) x30 0x8000002c
core   0: 0x80001030 (0xfc1f2a23) sw      ra, -44(t5)
core   0: 3 0x80001030 (0xfc1f2a23) mem 0x80000000 0x00000001
core   0: 0x80001034 (0xff5ff06f) j       pc - 0xc
core   0: 3 0x80001034 (0xff5ff06f)
core   0: 0x80001028 (0x00100093) li      ra, 1
core   0: 3 0x80001028 (0x00100093) x1  0x00000001
core   0: 0x8000102c (0xffffff17) auipc   t5, 0xfffff
core   0: 3 0x8000102c (0xffffff17) x30 0x8000002c
core   0: 0x80001030 (0xfc1f2a23) sw      ra, -44(t5)
core   0: 3 0x80001030 (0xfc1f2a23) mem 0x80000000 0x00000001
core   0: 0x80001034 (0xff5ff06f) j       pc - 0xc
core   0: 3 0x80001034 (0xff5ff06f)
core   0: 0x80001028 (0x00100093) li      ra, 1
core   0: 3 0x80001028 (0x00100093) x1  0x00000001
core   0: 0x8000102c (0xffffff17) auipc   t5, 0xfffff
core   0: 3 0x8000102c (0xffffff17) x30 0x8000002c
core   0: 0x80001030 (0xfc1f2a23) sw      ra, -44(t5)
core   0: 3 0x80001030 (0xfc1f2a23) mem 0x80000000 0x00000001
core   0: 0x80001034 (0xff5ff06f) j       pc - 0xc
core   0: 3 0x80001034 (0xff5ff06f)
core   0: 0x80001028 (0x00100093) li      ra, 1
core   0: 3 0x80001028 (0x00100093) x1  0x00000001
core   0: 0x8000102c (0xffffff17) auipc   t5, 0xfffff
core   0: 3 0x8000102c (0xffffff17) x30 0x8000002c
core   0: 0x80001030 (0xfc1f2a23) sw      ra, -44(t5)
core   0: 3 0x80001030 (0xfc1f2a23) mem 0x80000000 0x00000001
core   0: 0x80001034 (0xff5ff06f) j       pc - 0xc
core   0: 3 0x80001034 (0xff5ff06f)
core   0: 0x80001028 (0x00100093) li      ra, 1
core   0: 3 0x80001028 (0x00100093) x1  0x00000001
core   0: 0x8000102c (0xffffff17) auipc   t5, 0xfffff
core   0: 3 0x8000102c (0xffffff17) x30 0x8000002c
core   0: 0x80001030 (0xfc1f2a23) sw      ra, -44(t5)
core   0: 3 0x80001030 (0xfc1f2a23) mem 0x80000000 0x00000001
core   0: 0x80001034 (0xff5ff06f) j       pc - 0xc
core   0: 3 0x80001034 (0xff5ff06f)
core   0: 0x80001028 (0x00100093) li      ra, 1
core   0: 3 0x80001028 (0x00100093) x1  0x00000001
core   0: 0x8000102c (0xffffff17) auipc   t5, 0xfffff
core   0: 3 0x8000102c (0xffffff17) x30 0x8000002c
core   0: 0x80001030 (0xfc1f2a23) sw      ra, -44(t5)
core   0: 3 0x80001030 (0xfc1f2a23) mem 0x80000000 0x00000001
core   0: 0x80001034 (0xff5ff06f) j       pc - 0xc
core   0: 3 0x80001034 (0xff5ff06f)
core   0: 0x80001028 (0x00100093) li      ra, 1
core   0: 3 0x80001028 (0x00100093) x1  0x00000001
core   0: 0x8000102c (0xffffff17) auipc   t5, 0xfffff
core   0: 3 0x8000102c (0xffffff17) x30 0x8000002c
core   0: 0x80001030 (0xfc1f2a23) sw      ra, -44(t5)
core   0: 3 0x80001030 (0xfc1f2a23) mem 0x80000000 0x00000001
core   0: 0x80001034 (0xff5ff06f) j       pc - 0xc
core   0: 3 0x80001034 (0xff5ff06f)
core   0: 0x80001028 (0x00100093) li      ra, 1
core   0: 3 0x80001028 (0x00100093) x1  0x00000001
core   0: 0x8000102c (0xffffff17) auipc   t5, 0xfffff
core   0: 3 0x8000102c (0xffffff17) x30 0x8000002c
core   0: 0x80001030 (0xfc1f2a23) sw      ra, -44(t5)
core   0: 3 0x80001030 (0xfc1f2a23) mem 0x80000000 0x00000001
core   0: 0x80001034 (0xff5ff06f) j       pc - 0xc
core   0: 3 0x80001034 (0xff5ff06f)
core   0: 0x80001028 (0x00100093) li      ra, 1
core   0: 3 0x80001028 (0x00100093) x1  0x00000001
core   0: 0x8000102c (0xffffff17) auipc   t5, 0xfffff
core   0: 3 0x8000102c (0xffffff17) x30 0x8000002c
core   0: 0x80001030 (0xfc1f2a23) sw      ra, -44(t5)
core   0: 3 0x80001030 (0xfc1f2a23) mem 0x80000000 0x00000001
core   0: 0x80001034 (0xff5ff06f) j       pc - 0xc
core   0: 3 0x80001034 (0xff5ff06f)
core   0: 0x80001028 (0x00100093) li      ra, 1
core   0: 3 0x80001028 (0x00100093) x1  0x00000001
core   0: 0x8000102c (0xffffff17) auipc   t5, 0xfffff
core   0: 3 0x8000102c (0xffffff17) x30 0x8000002c
core   0: 0x80001030 (0xfc1f2a23) sw      ra, -44(t5)
core   0: 3 0x80001030 (0xfc1f2a23) mem 0x80000000 0x00000001
core   0: 0x80001034 (0xff5ff06f) j       pc - 0xc
core   0: 3 0x80001034 (0xff5ff06f)
core   0: 0x80001028 (0x00100093) li      ra, 1
core   0: 3 0x80001028 (0x00100093) x1  0x00000001
core   0: 0x8000102c (0xffffff17) auipc   t5, 0xfffff
core   0: 3 0x8000102c (0xffffff17) x30 0x8000002c
core   0: 0x80001030 (0xfc1f2a23) sw      ra, -44(t5)
core   0: 3 0x80001030 (0xfc1f2a23) mem 0x80000000 0x00000001
core   0: 0x80001034 (0xff5ff06f) j       pc - 0xc
core   0: 3 0x80001034 (0xff5ff06f)
core   0: 0x80001028 (0x00100093) li      ra, 1
core   0: 3 0x80001028 (0x00100093) x1  0x00000001
core   0: 0x8000102c (0xffffff17) auipc   t5, 0xfffff
core   0: 3 0x8000102c (0xffffff17) x30 0x8000002c
core   0: 0x80001030 (0xfc1f2a23) sw      ra, -44(t5)
core   0: 3 0x80001030 (0xfc1f2a23) mem 0x80000000 0x00000001
core   0: 0x80001034 (0xff5ff06f) j       pc - 0xc
core   0: 3 0x80001034 (0xff5ff06f)
core   0: 0x80001028 (0x00100093) li      ra, 1
core   0: 3 0x80001028 (0x00100093) x1  0x00000001
core   0: 0x8000102c (0xffffff17) auipc   t5, 0xfffff
core   0: 3 0x8000102c (0xffffff17) x30 0x8000002c
core   0: 0x80001030 (0xfc1f2a23) sw      ra, -44(t5)
core   0: 3 0x80001030 (0xfc1f2a23) mem 0x80000000 0x00000001
core   0: 0x80001034 (0xff5ff06f) j       pc - 0xc
core   0: 3 0x80001034 (0xff5ff06f)
core   0: 0x80001028 (0x00100093) li      ra, 1
core   0: 3 0x80001028 (0x00100093) x1  0x00000001
core   0: 0x8000102c (0xffffff17) auipc   t5, 0xfffff
core   0: 3 0x8000102c (0xffffff17) x30 0x8000002c
core   0: 0x80001030 (0xfc1f2a23) sw      ra, -44(t5)
core   0: 3 0x80001030 (0xfc1f2a23) mem 0x80000000 0x00000001
core   0: 0x80001034 (0xff5ff06f) j       pc - 0xc
core   0: 3 0x80001034 (0xff5ff06f)
core   0: 0x80001028 (0x00100093) li      ra, 1
core   0: 3 0x80001028 (0x00100093) x1  0x00000001
core   0: 0x8000102c (0xffffff17) auipc   t5, 0xfffff
core   0: 3 0x8000102c (0xffffff17) x30 0x8000002c
core   0: 0x80001030 (0xfc1f2a23) sw      ra, -44(t5)
core   0: 3 0x80001030 (0xfc1f2a23) mem 0x80000000 0x00000001
core   0: 0x80001034 (0xff5ff06f) j       pc - 0xc
core   0: 3 0x80001034 (0xff5ff06f)
core   0: 0x80001028 (0x00100093) li      ra, 1
core   0: 3 0x80001028 (0x00100093) x1  0x00000001
core   0: 0x8000102c (0xffffff17) auipc   t5, 0xfffff
core   0: 3 0x8000102c (0xffffff17) x30 0x8000002c
core   0: 0x80001030 (0xfc1f2a23) sw      ra, -44(t5)
core   0: 3 0x80001030 (0xfc1f2a23) mem 0x80000000 0x00000001
core   0: 0x80001034 (0xff5ff06f) j       pc - 0xc
core   0: 3 0x80001034 (0xff5ff06f)
core   0: 0x80001028 (0x00100093) li      ra, 1
core   0: 3 0x80001028 (0x00100093) x1  0x00000001
core   0: 0x8000102c (0xffffff17) auipc   t5, 0xfffff
core   0: 3 0x8000102c (0xffffff17) x30 0x8000002c
core   0: 0x80001030 (0xfc1f2a23) sw      ra, -44(t5)
core   0: 3 0x80001030 (0xfc1f2a23) mem 0x80000000 0x00000001
core   0: 0x80001034 (0xff5ff06f) j       pc - 0xc
core   0: 3 0x80001034 (0xff5ff06f)
core   0: 0x80001028 (0x00100093) li      ra, 1
core   0: 3 0x80001028 (0x00100093) x1  0x00000001
core   0: 0x8000102c (0xffffff17) auipc   t5, 0xfffff
core   0: 3 0x8000102c (0xffffff17) x30 0x8000002c
core   0: 0x80001030 (0xfc1f2a23) sw      ra, -44(t5)
core   0: 3 0x80001030 (0xfc1f2a23) mem 0x80000000 0x00000001
core   0: 0x80001034 (0xff5ff06f) j       pc - 0xc
core   0: 3 0x80001034 (0xff5ff06f)
core   0: 0x80001028 (0x00100093) li      ra, 1
core   0: 3 0x80001028 (0x00100093) x1  0x00000001
core   0: 0x8000102c (0xffffff17) auipc   t5, 0xfffff
core   0: 3 0x8000102c (0xffffff17) x30 0x8000002c
core   0: 0x80001030 (0xfc1f2a23) sw      ra, -44(t5)
core   0: 3 0x80001030 (0xfc1f2a23) mem 0x80000000 0x00000001
core   0: 0x80001034 (0xff5ff06f) j       pc - 0xc
core   0: 3 0x80001034 (0xff5ff06f)
core   0: 0x80001028 (0x00100093) li      ra, 1
core   0: 3 0x80001028 (0x00100093) x1  0x00000001
core   0: 0x8000102c (0xffffff17) auipc   t5, 0xfffff
core   0: 3 0x8000102c (0xffffff17) x30 0x8000002c
core   0: 0x80001030 (0xfc1f2a23) sw      ra, -44(t5)
core   0: 3 0x80001030 (0xfc1f2a23) mem 0x80000000 0x00000001
core   0: 0x80001034 (0xff5ff06f) j       pc - 0xc
core   0: 3 0x80001034 (0xff5ff06f)
core   0: 0x80001028 (0x00100093) li      ra, 1
core   0: 3 0x80001028 (0x00100093) x1  0x00000001
core   0: 0x8000102c (0xffffff17) auipc   t5, 0xfffff
core   0: 3 0x8000102c (0xffffff17) x30 0x8000002c
core   0: 0x80001030 (0xfc1f2a23) sw      ra, -44(t5)
core   0: 3 0x80001030 (0xfc1f2a23) mem 0x80000000 0x00000001
core   0: 0x80001034 (0xff5ff06f) j       pc - 0xc
core   0: 3 0x80001034 (0xff5ff06f)
core   0: 0x80001028 (0x00100093) li      ra, 1
core   0: 3 0x80001028 (0x00100093) x1  0x00000001
core   0: 0x8000102c (0xffffff17) auipc   t5, 0xfffff
core   0: 3 0x8000102c (0xffffff17) x30 0x8000002c
core   0: 0x80001030 (0xfc1f2a23) sw      ra, -44(t5)
core   0: 3 0x80001030 (0xfc1f2a23) mem 0x80000000 0x00000001
core   0: 0x80001034 (0xff5ff06f) j       pc - 0xc
core   0: 3 0x80001034 (0xff5ff06f)
core   0: 0x80001028 (0x00100093) li      ra, 1
core   0: 3 0x80001028 (0x00100093) x1  0x00000001
core   0: 0x8000102c (0xffffff17) auipc   t5, 0xfffff
core   0: 3 0x8000102c (0xffffff17) x30 0x8000002c
core   0: 0x80001030 (0xfc1f2a23) sw      ra, -44(t5)
core   0: 3 0x80001030 (0xfc1f2a23) mem 0x80000000 0x00000001
core   0: 0x80001034 (0xff5ff06f) j       pc - 0xc
core   0: 3 0x80001034 (0xff5ff06f)
core   0: 0x80001028 (0x00100093) li      ra, 1
core   0: 3 0x80001028 (0x00100093) x1  0x00000001
core   0: 0x8000102c (0xffffff17) auipc   t5, 0xfffff
core   0: 3 0x8000102c (0xffffff17) x30 0x8000002c
core   0: 0x80001030 (0xfc1f2a23) sw      ra, -44(t5)
core   0: 3 0x80001030 (0xfc1f2a23) mem 0x80000000 0x00000001
core   0: 0x80001034 (0xff5ff06f) j       pc - 0xc
core   0: 3 0x80001034 (0xff5ff06f)
core   0: 0x80001028 (0x00100093) li      ra, 1
core   0: 3 0x80001028 (0x00100093) x1  0x00000001
core   0: 0x8000102c (0xffffff17) auipc   t5, 0xfffff
core   0: 3 0x8000102c (0xffffff17) x30 0x8000002c
core   0: 0x80001030 (0xfc1f2a23) sw      ra, -44(t5)
core   0: 3 0x80001030 (0xfc1f2a23) mem 0x80000000 0x00000001
core   0: 0x80001034 (0xff5ff06f) j       pc - 0xc
core   0: 3 0x80001034 (0xff5ff06f)
core   0: 0x80001028 (0x00100093) li      ra, 1
core   0: 3 0x80001028 (0x00100093) x1  0x00000001
core   0: 0x8000102c (0xffffff17) auipc   t5, 0xfffff
core   0: 3 0x8000102c (0xffffff17) x30 0x8000002c
core   0: 0x80001030 (0xfc1f2a23) sw      ra, -44(t5)
core   0: 3 0x80001030 (0xfc1f2a23) mem 0x80000000 0x00000001
core   0: 0x80001034 (0xff5ff06f) j       pc - 0xc
core   0: 3 0x80001034 (0xff5ff06f)
core   0: 0x80001028 (0x00100093) li      ra, 1
core   0: 3 0x80001028 (0x00100093) x1  0x00000001
core   0: 0x8000102c (0xffffff17) auipc   t5, 0xfffff
core   0: 3 0x8000102c (0xffffff17) x30 0x8000002c
core   0: 0x80001030 (0xfc1f2a23) sw      ra, -44(t5)
core   0: 3 0x80001030 (0xfc1f2a23) mem 0x80000000 0x00000001
core   0: 0x80001034 (0xff5ff06f) j       pc - 0xc
core   0: 3 0x80001034 (0xff5ff06f)
core   0: 0x80001028 (0x00100093) li      ra, 1
core   0: 3 0x80001028 (0x00100093) x1  0x00000001
core   0: 0x8000102c (0xffffff17) auipc   t5, 0xfffff
core   0: 3 0x8000102c (0xffffff17) x30 0x8000002c
core   0: 0x80001030 (0xfc1f2a23) sw      ra, -44(t5)
core   0: 3 0x80001030 (0xfc1f2a23) mem 0x80000000 0x00000001
core   0: 0x80001034 (0xff5ff06f) j       pc - 0xc
core   0: 3 0x80001034 (0xff5ff06f)
core   0: 0x80001028 (0x00100093) li      ra, 1
core   0: 3 0x80001028 (0x00100093) x1  0x00000001
core   0: 0x8000102c (0xffffff17) auipc   t5, 0xfffff
core   0: 3 0x8000102c (0xffffff17) x30 0x8000002c
core   0: 0x80001030 (0xfc1f2a23) sw      ra, -44(t5)
core   0: 3 0x80001030 (0xfc1f2a23) mem 0x80000000 0x00000001
core   0: 0x80001034 (0xff5ff06f) j       pc - 0xc
core   0: 3 0x80001034 (0xff5ff06f)
core   0: 0x80001028 (0x00100093) li      ra, 1
core   0: 3 0x80001028 (0x00100093) x1  0x00000001
core   0: 0x8000102c (0xffffff17) auipc   t5, 0xfffff
core   0: 3 0x8000102c (0xffffff17) x30 0x8000002c
core   0: 0x80001030 (0xfc1f2a23) sw      ra, -44(t5)
core   0: 3 0x80001030 (0xfc1f2a23) mem 0x80000000 0x00000001
core   0: 0x80001034 (0xff5ff06f) j       pc - 0xc
core   0: 3 0x80001034 (0xff5ff06f)
core   0: 0x80001028 (0x00100093) li      ra, 1
core   0: 3 0x80001028 (0x00100093) x1  0x00000001
core   0: 0x8000102c (0xffffff17) auipc   t5, 0xfffff
core   0: 3 0x8000102c (0xffffff17) x30 0x8000002c
core   0: 0x80001030 (0xfc1f2a23) sw      ra, -44(t5)
core   0: 3 0x80001030 (0xfc1f2a23) mem 0x80000000 0x00000001
core   0: 0x80001034 (0xff5ff06f) j       pc - 0xc
core   0: 3 0x80001034 (0xff5ff06f)
core   0: 0x80001028 (0x00100093) li      ra, 1
core   0: 3 0x80001028 (0x00100093) x1  0x00000001
core   0: 0x8000102c (0xffffff17) auipc   t5, 0xfffff
core   0: 3 0x8000102c (0xffffff17) x30 0x8000002c
core   0: 0x80001030 (0xfc1f2a23) sw      ra, -44(t5)
core   0: 3 0x80001030 (0xfc1f2a23) mem 0x80000000 0x00000001
core   0: 0x80001034 (0xff5ff06f) j       pc - 0xc
core   0: 3 0x80001034 (0xff5ff06f)
core   0: 0x80001028 (0x00100093) li      ra, 1
core   0: 3 0x80001028 (0x00100093) x1  0x00000001
core   0: 0x8000102c (0xffffff17) auipc   t5, 0xfffff
core   0: 3 0x8000102c (0xffffff17) x30 0x8000002c
core   0: 0x80001030 (0xfc1f2a23) sw      ra, -44(t5)
core   0: 3 0x80001030 (0xfc1f2a23) mem 0x80000000 0x00000001
core   0: 0x80001034 (0xff5ff06f) j       pc - 0xc
core   0: 3 0x80001034 (0xff5ff06f)
core   0: 0x80001028 (0x00100093) li      ra, 1
core   0: 3 0x80001028 (0x00100093) x1  0x00000001
core   0: 0x8000102c (0xffffff17) auipc   t5, 0xfffff
core   0: 3 0x8000102c (0xffffff17) x30 0x8000002c
core   0: 0x80001030 (0xfc1f2a23) sw      ra, -44(t5)
core   0: 3 0x80001030 (0xfc1f2a23) mem 0x80000000 0x00000001
core   0: 0x80001034 (0xff5ff06f) j       pc - 0xc
core   0: 3 0x80001034 (0xff5ff06f)
core   0: 0x80001028 (0x00100093) li      ra, 1
core   0: 3 0x80001028 (0x00100093) x1  0x00000001
core   0: 0x8000102c (0xffffff17) auipc   t5, 0xfffff
core   0: 3 0x8000102c (0xffffff17) x30 0x8000002c
core   0: 0x80001030 (0xfc1f2a23) sw      ra, -44(t5)
core   0: 3 0x80001030 (0xfc1f2a23) mem 0x80000000 0x00000001
core   0: 0x80001034 (0xff5ff06f) j       pc - 0xc
core   0: 3 0x80001034 (0xff5ff06f)
core   0: 0x80001028 (0x00100093) li      ra, 1
core   0: 3 0x80001028 (0x00100093) x1  0x00000001
core   0: 0x8000102c (0xffffff17) auipc   t5, 0xfffff
core   0: 3 0x8000102c (0xffffff17) x30 0x8000002c
core   0: 0x80001030 (0xfc1f2a23) sw      ra, -44(t5)
core   0: 3 0x80001030 (0xfc1f2a23) mem 0x80000000 0x00000001
core   0: 0x80001034 (0xff5ff06f) j       pc - 0xc
core   0: 3 0x80001034 (0xff5ff06f)
core   0: 0x80001028 (0x00100093) li      ra, 1
core   0: 3 0x80001028 (0x00100093) x1  0x00000001
core   0: 0x8000102c (0xffffff17) auipc   t5, 0xfffff
core   0: 3 0x8000102c (0xffffff17) x30 0x8000002c
core   0: 0x80001030 (0xfc1f2a23) sw      ra, -44(t5)
core   0: 3 0x80001030 (0xfc1f2a23) mem 0x80000000 0x00000001
core   0: 0x80001034 (0xff5ff06f) j       pc - 0xc
core   0: 3 0x80001034 (0xff5ff06f)
core   0: 0x80001028 (0x00100093) li      ra, 1
core   0: 3 0x80001028 (0x00100093) x1  0x00000001
core   0: 0x8000102c (0xffffff17) auipc   t5, 0xfffff
core   0: 3 0x8000102c (0xffffff17) x30 0x8000002c
core   0: 0x80001030 (0xfc1f2a23) sw      ra, -44(t5)
core   0: 3 0x80001030 (0xfc1f2a23) mem 0x80000000 0x00000001
core   0: 0x80001034 (0xff5ff06f) j       pc - 0xc
core   0: 3 0x80001034 (0xff5ff06f)
core   0: 0x80001028 (0x00100093) li      ra, 1
core   0: 3 0x80001028 (0x00100093) x1  0x00000001
core   0: 0x8000102c (0xffffff17) auipc   t5, 0xfffff
core   0: 3 0x8000102c (0xffffff17) x30 0x8000002c
core   0: 0x80001030 (0xfc1f2a23) sw      ra, -44(t5)
core   0: 3 0x80001030 (0xfc1f2a23) mem 0x80000000 0x00000001
core   0: 0x80001034 (0xff5ff06f) j       pc - 0xc
core   0: 3 0x80001034 (0xff5ff06f)
core   0: 0x80001028 (0x00100093) li      ra, 1
core   0: 3 0x80001028 (0x00100093) x1  0x00000001
core   0: 0x8000102c (0xffffff17) auipc   t5, 0xfffff
core   0: 3 0x8000102c (0xffffff17) x30 0x8000002c
core   0: 0x80001030 (0xfc1f2a23) sw      ra, -44(t5)
core   0: 3 0x80001030 (0xfc1f2a23) mem 0x80000000 0x00000001
core   0: 0x80001034 (0xff5ff06f) j       pc - 0xc
core   0: 3 0x80001034 (0xff5ff06f)
core   0: 0x80001028 (0x00100093) li      ra, 1
core   0: 3 0x80001028 (0x00100093) x1  0x00000001
core   0: 0x8000102c (0xffffff17) auipc   t5, 0xfffff
core   0: 3 0x8000102c (0xffffff17) x30 0x8000002c
core   0: 0x80001030 (0xfc1f2a23) sw      ra, -44(t5)
core   0: 3 0x80001030 (0xfc1f2a23) mem 0x80000000 0x00000001
core   0: 0x80001034 (0xff5ff06f) j       pc - 0xc
core   0: 3 0x80001034 (0xff5ff06f)
core   0: 0x80001028 (0x00100093) li      ra, 1
core   0: 3 0x80001028 (0x00100093) x1  0x00000001
core   0: 0x8000102c (0xffffff17) auipc   t5, 0xfffff
core   0: 3 0x8000102c (0xffffff17) x30 0x8000002c
core   0: 0x80001030 (0xfc1f2a23) sw      ra, -44(t5)
core   0: 3 0x80001030 (0xfc1f2a23) mem 0x80000000 0x00000001
core   0: 0x80001034 (0xff5ff06f) j       pc - 0xc
core   0: 3 0x80001034 (0xff5ff06f)
core   0: 0x80001028 (0x00100093) li      ra, 1
core   0: 3 0x80001028 (0x00100093) x1  0x00000001
core   0: 0x8000102c (0xffffff17) auipc   t5, 0xfffff
core   0: 3 0x8000102c (0xffffff17) x30 0x8000002c
core   0: 0x80001030 (0xfc1f2a23) sw      ra, -44(t5)
core   0: 3 0x80001030 (0xfc1f2a23) mem 0x80000000 0x00000001
core   0: 0x80001034 (0xff5ff06f) j       pc - 0xc
core   0: 3 0x80001034 (0xff5ff06f)
core   0: 0x80001028 (0x00100093) li      ra, 1
core   0: 3 0x80001028 (0x00100093) x1  0x00000001
core   0: 0x8000102c (0xffffff17) auipc   t5, 0xfffff
core   0: 3 0x8000102c (0xffffff17) x30 0x8000002c
core   0: 0x80001030 (0xfc1f2a23) sw      ra, -44(t5)
core   0: 3 0x80001030 (0xfc1f2a23) mem 0x80000000 0x00000001
core   0: 0x80001034 (0xff5ff06f) j       pc - 0xc
core   0: 3 0x80001034 (0xff5ff06f)
core   0: 0x80001028 (0x00100093) li      ra, 1
core   0: 3 0x80001028 (0x00100093) x1  0x00000001
core   0: 0x8000102c (0xffffff17) auipc   t5, 0xfffff
core   0: 3 0x8000102c (0xffffff17) x30 0x8000002c
core   0: 0x80001030 (0xfc1f2a23) sw      ra, -44(t5)
core   0: 3 0x80001030 (0xfc1f2a23) mem 0x80000000 0x00000001
core   0: 0x80001034 (0xff5ff06f) j       pc - 0xc
core   0: 3 0x80001034 (0xff5ff06f)
core   0: 0x80001028 (0x00100093) li      ra, 1
core   0: 3 0x80001028 (0x00100093) x1  0x00000001
core   0: 0x8000102c (0xffffff17) auipc   t5, 0xfffff
core   0: 3 0x8000102c (0xffffff17) x30 0x8000002c
core   0: 0x80001030 (0xfc1f2a23) sw      ra, -44(t5)
core   0: 3 0x80001030 (0xfc1f2a23) mem 0x80000000 0x00000001
core   0: 0x80001034 (0xff5ff06f) j       pc - 0xc
core   0: 3 0x80001034 (0xff5ff06f)
core   0: 0x80001028 (0x00100093) li      ra, 1
core   0: 3 0x80001028 (0x00100093) x1  0x00000001
core   0: 0x8000102c (0xffffff17) auipc   t5, 0xfffff
core   0: 3 0x8000102c (0xffffff17) x30 0x8000002c
core   0: 0x80001030 (0xfc1f2a23) sw      ra, -44(t5)
core   0: 3 0x80001030 (0xfc1f2a23) mem 0x80000000 0x00000001
core   0: 0x80001034 (0xff5ff06f) j       pc - 0xc
core   0: 3 0x80001034 (0xff5ff06f)
core   0: 0x80001028 (0x00100093) li      ra, 1
core   0: 3 0x80001028 (0x00100093) x1  0x00000001
core   0: 0x8000102c (0xffffff17) auipc   t5, 0xfffff
core   0: 3 0x8000102c (0xffffff17) x30 0x8000002c
core   0: 0x80001030 (0xfc1f2a23) sw      ra, -44(t5)
core   0: 3 0x80001030 (0xfc1f2a23) mem 0x80000000 0x00000001
core   0: 0x80001034 (0xff5ff06f) j       pc - 0xc
core   0: 3 0x80001034 (0xff5ff06f)
core   0: 0x80001028 (0x00100093) li      ra, 1
core   0: 3 0x80001028 (0x00100093) x1  0x00000001
core   0: 0x8000102c (0xffffff17) auipc   t5, 0xfffff
core   0: 3 0x8000102c (0xffffff17) x30 0x8000002c
core   0: 0x80001030 (0xfc1f2a23) sw      ra, -44(t5)
core   0: 3 0x80001030 (0xfc1f2a23) mem 0x80000000 0x00000001
core   0: 0x80001034 (0xff5ff06f) j       pc - 0xc
core   0: 3 0x80001034 (0xff5ff06f)
core   0: 0x80001028 (0x00100093) li      ra, 1
core   0: 3 0x80001028 (0x00100093) x1  0x00000001
core   0: 0x8000102c (0xffffff17) auipc   t5, 0xfffff
core   0: 3 0x8000102c (0xffffff17) x30 0x8000002c
core   0: 0x80001030 (0xfc1f2a23) sw      ra, -44(t5)
core   0: 3 0x80001030 (0xfc1f2a23) mem 0x80000000 0x00000001
core   0: 0x80001034 (0xff5ff06f) j       pc - 0xc
core   0: 3 0x80001034 (0xff5ff06f)
core   0: 0x80001028 (0x00100093) li      ra, 1
core   0: 3 0x80001028 (0x00100093) x1  0x00000001
core   0: 0x8000102c (0xffffff17) auipc   t5, 0xfffff
core   0: 3 0x8000102c (0xffffff17) x30 0x8000002c
core   0: 0x80001030 (0xfc1f2a23) sw      ra, -44(t5)
core   0: 3 0x80001030 (0xfc1f2a23) mem 0x80000000 0x00000001
core   0: 0x80001034 (0xff5ff06f) j       pc - 0xc
core   0: 3 0x80001034 (0xff5ff06f)
core   0: 0x80001028 (0x00100093) li      ra, 1
core   0: 3 0x80001028 (0x00100093) x1  0x00000001
core   0: 0x8000102c (0xffffff17) auipc   t5, 0xfffff
core   0: 3 0x8000102c (0xffffff17) x30 0x8000002c
core   0: 0x80001030 (0xfc1f2a23) sw      ra, -44(t5)
core   0: 3 0x80001030 (0xfc1f2a23) mem 0x80000000 0x00000001
core   0: 0x80001034 (0xff5ff06f) j       pc - 0xc
core   0: 3 0x80001034 (0xff5ff06f)
core   0: 0x80001028 (0x00100093) li      ra, 1
core   0: 3 0x80001028 (0x00100093) x1  0x00000001
core   0: 0x8000102c (0xffffff17) auipc   t5, 0xfffff
core   0: 3 0x8000102c (0xffffff17) x30 0x8000002c
core   0: 0x80001030 (0xfc1f2a23) sw      ra, -44(t5)
core   0: 3 0x80001030 (0xfc1f2a23) mem 0x80000000 0x00000001
core   0: 0x80001034 (0xff5ff06f) j       pc - 0xc
core   0: 3 0x80001034 (0xff5ff06f)
core   0: 0x80001028 (0x00100093) li      ra, 1
core   0: 3 0x80001028 (0x00100093) x1  0x00000001
core   0: 0x8000102c (0xffffff17) auipc   t5, 0xfffff
core   0: 3 0x8000102c (0xffffff17) x30 0x8000002c
core   0: 0x80001030 (0xfc1f2a23) sw      ra, -44(t5)
core   0: 3 0x80001030 (0xfc1f2a23) mem 0x80000000 0x00000001
core   0: 0x80001034 (0xff5ff06f) j       pc - 0xc
core   0: 3 0x80001034 (0xff5ff06f)
core   0: 0x80001028 (0x00100093) li      ra, 1
core   0: 3 0x80001028 (0x00100093) x1  0x00000001
core   0: 0x8000102c (0xffffff17) auipc   t5, 0xfffff
core   0: 3 0x8000102c (0xffffff17) x30 0x8000002c
core   0: 0x80001030 (0xfc1f2a23) sw      ra, -44(t5)
core   0: 3 0x80001030 (0xfc1f2a23) mem 0x80000000 0x00000001
core   0: 0x80001034 (0xff5ff06f) j       pc - 0xc
core   0: 3 0x80001034 (0xff5ff06f)
core   0: 0x80001028 (0x00100093) li      ra, 1
core   0: 3 0x80001028 (0x00100093) x1  0x00000001
core   0: 0x8000102c (0xffffff17) auipc   t5, 0xfffff
core   0: 3 0x8000102c (0xffffff17) x30 0x8000002c
core   0: 0x80001030 (0xfc1f2a23) sw      ra, -44(t5)
core   0: 3 0x80001030 (0xfc1f2a23) mem 0x80000000 0x00000001
core   0: 0x80001034 (0xff5ff06f) j       pc - 0xc
core   0: 3 0x80001034 (0xff5ff06f)
core   0: 0x80001028 (0x00100093) li      ra, 1
core   0: 3 0x80001028 (0x00100093) x1  0x00000001
core   0: 0x8000102c (0xffffff17) auipc   t5, 0xfffff
core   0: 3 0x8000102c (0xffffff17) x30 0x8000002c
core   0: 0x80001030 (0xfc1f2a23) sw      ra, -44(t5)
core   0: 3 0x80001030 (0xfc1f2a23) mem 0x80000000 0x00000001
core   0: 0x80001034 (0xff5ff06f) j       pc - 0xc
core   0: 3 0x80001034 (0xff5ff06f)
core   0: 0x80001028 (0x00100093) li      ra, 1
core   0: 3 0x80001028 (0x00100093) x1  0x00000001
core   0: 0x8000102c (0xffffff17) auipc   t5, 0xfffff
core   0: 3 0x8000102c (0xffffff17) x30 0x8000002c
core   0: 0x80001030 (0xfc1f2a23) sw      ra, -44(t5)
core   0: 3 0x80001030 (0xfc1f2a23) mem 0x80000000 0x00000001
core   0: 0x80001034 (0xff5ff06f) j       pc - 0xc
core   0: 3 0x80001034 (0xff5ff06f)
core   0: 0x80001028 (0x00100093) li      ra, 1
core   0: 3 0x80001028 (0x00100093) x1  0x00000001
core   0: 0x8000102c (0xffffff17) auipc   t5, 0xfffff
core   0: 3 0x8000102c (0xffffff17) x30 0x8000002c
core   0: 0x80001030 (0xfc1f2a23) sw      ra, -44(t5)
core   0: 3 0x80001030 (0xfc1f2a23) mem 0x80000000 0x00000001
core   0: 0x80001034 (0xff5ff06f) j       pc - 0xc
core   0: 3 0x80001034 (0xff5ff06f)
core   0: 0x80001028 (0x00100093) li      ra, 1
core   0: 3 0x80001028 (0x00100093) x1  0x00000001
core   0: 0x8000102c (0xffffff17) auipc   t5, 0xfffff
core   0: 3 0x8000102c (0xffffff17) x30 0x8000002c
core   0: 0x80001030 (0xfc1f2a23) sw      ra, -44(t5)
core   0: 3 0x80001030 (0xfc1f2a23) mem 0x80000000 0x00000001
core   0: 0x80001034 (0xff5ff06f) j       pc - 0xc
core   0: 3 0x80001034 (0xff5ff06f)
core   0: 0x80001028 (0x00100093) li      ra, 1
core   0: 3 0x80001028 (0x00100093) x1  0x00000001
core   0: 0x8000102c (0xffffff17) auipc   t5, 0xfffff
core   0: 3 0x8000102c (0xffffff17) x30 0x8000002c
core   0: 0x80001030 (0xfc1f2a23) sw      ra, -44(t5)
core   0: 3 0x80001030 (0xfc1f2a23) mem 0x80000000 0x00000001
core   0: 0x80001034 (0xff5ff06f) j       pc - 0xc
core   0: 3 0x80001034 (0xff5ff06f)
core   0: 0x80001028 (0x00100093) li      ra, 1
core   0: 3 0x80001028 (0x00100093) x1  0x00000001
core   0: 0x8000102c (0xffffff17) auipc   t5, 0xfffff
core   0: 3 0x8000102c (0xffffff17) x30 0x8000002c
core   0: 0x80001030 (0xfc1f2a23) sw      ra, -44(t5)
core   0: 3 0x80001030 (0xfc1f2a23) mem 0x80000000 0x00000001
core   0: 0x80001034 (0xff5ff06f) j       pc - 0xc
core   0: 3 0x80001034 (0xff5ff06f)
core   0: 0x80001028 (0x00100093) li      ra, 1
core   0: 3 0x80001028 (0x00100093) x1  0x00000001
core   0: 0x8000102c (0xffffff17) auipc   t5, 0xfffff
core   0: 3 0x8000102c (0xffffff17) x30 0x8000002c
core   0: 0x80001030 (0xfc1f2a23) sw      ra, -44(t5)
core   0: 3 0x80001030 (0xfc1f2a23) mem 0x80000000 0x00000001
core   0: 0x80001034 (0xff5ff06f) j       pc - 0xc
core   0: 3 0x80001034 (0xff5ff06f)
core   0: 0x80001028 (0x00100093) li      ra, 1
core   0: 3 0x80001028 (0x00100093) x1  0x00000001
core   0: 0x8000102c (0xffffff17) auipc   t5, 0xfffff
core   0: 3 0x8000102c (0xffffff17) x30 0x8000002c
core   0: 0x80001030 (0xfc1f2a23) sw      ra, -44(t5)
core   0: 3 0x80001030 (0xfc1f2a23) mem 0x80000000 0x00000001
core   0: 0x80001034 (0xff5ff06f) j       pc - 0xc
core   0: 3 0x80001034 (0xff5ff06f)
core   0: 0x80001028 (0x00100093) li      ra, 1
core   0: 3 0x80001028 (0x00100093) x1  0x00000001
core   0: 0x8000102c (0xffffff17) auipc   t5, 0xfffff
core   0: 3 0x8000102c (0xffffff17) x30 0x8000002c
core   0: 0x80001030 (0xfc1f2a23) sw      ra, -44(t5)
core   0: 3 0x80001030 (0xfc1f2a23) mem 0x80000000 0x00000001
core   0: 0x80001034 (0xff5ff06f) j       pc - 0xc
core   0: 3 0x80001034 (0xff5ff06f)
core   0: 0x80001028 (0x00100093) li      ra, 1
core   0: 3 0x80001028 (0x00100093) x1  0x00000001
core   0: 0x8000102c (0xffffff17) auipc   t5, 0xfffff
core   0: 3 0x8000102c (0xffffff17) x30 0x8000002c
core   0: 0x80001030 (0xfc1f2a23) sw      ra, -44(t5)
core   0: 3 0x80001030 (0xfc1f2a23) mem 0x80000000 0x00000001
core   0: 0x80001034 (0xff5ff06f) j       pc - 0xc
core   0: 3 0x80001034 (0xff5ff06f)
core   0: 0x80001028 (0x00100093) li      ra, 1
core   0: 3 0x80001028 (0x00100093) x1  0x00000001
core   0: 0x8000102c (0xffffff17) auipc   t5, 0xfffff
core   0: 3 0x8000102c (0xffffff17) x30 0x8000002c
core   0: 0x80001030 (0xfc1f2a23) sw      ra, -44(t5)
core   0: 3 0x80001030 (0xfc1f2a23) mem 0x80000000 0x00000001
core   0: 0x80001034 (0xff5ff06f) j       pc - 0xc
core   0: 3 0x80001034 (0xff5ff06f)
core   0: 0x80001028 (0x00100093) li      ra, 1
core   0: 3 0x80001028 (0x00100093) x1  0x00000001
core   0: 0x8000102c (0xffffff17) auipc   t5, 0xfffff
core   0: 3 0x8000102c (0xffffff17) x30 0x8000002c
core   0: 0x80001030 (0xfc1f2a23) sw      ra, -44(t5)
core   0: 3 0x80001030 (0xfc1f2a23) mem 0x80000000 0x00000001
core   0: 0x80001034 (0xff5ff06f) j       pc - 0xc
core   0: 3 0x80001034 (0xff5ff06f)
core   0: 0x80001028 (0x00100093) li      ra, 1
core   0: 3 0x80001028 (0x00100093) x1  0x00000001
core   0: 0x8000102c (0xffffff17) auipc   t5, 0xfffff
core   0: 3 0x8000102c (0xffffff17) x30 0x8000002c
core   0: 0x80001030 (0xfc1f2a23) sw      ra, -44(t5)
core   0: 3 0x80001030 (0xfc1f2a23) mem 0x80000000 0x00000001
core   0: 0x80001034 (0xff5ff06f) j       pc - 0xc
core   0: 3 0x80001034 (0xff5ff06f)
core   0: 0x80001028 (0x00100093) li      ra, 1
core   0: 3 0x80001028 (0x00100093) x1  0x00000001
core   0: 0x8000102c (0xffffff17) auipc   t5, 0xfffff
core   0: 3 0x8000102c (0xffffff17) x30 0x8000002c
core   0: 0x80001030 (0xfc1f2a23) sw      ra, -44(t5)
core   0: 3 0x80001030 (0xfc1f2a23) mem 0x80000000 0x00000001
core   0: 0x80001034 (0xff5ff06f) j       pc - 0xc
core   0: 3 0x80001034 (0xff5ff06f)
core   0: 0x80001028 (0x00100093) li      ra, 1
core   0: 3 0x80001028 (0x00100093) x1  0x00000001
core   0: 0x8000102c (0xffffff17) auipc   t5, 0xfffff
core   0: 3 0x8000102c (0xffffff17) x30 0x8000002c
core   0: 0x80001030 (0xfc1f2a23) sw      ra, -44(t5)
core   0: 3 0x80001030 (0xfc1f2a23) mem 0x80000000 0x00000001
core   0: 0x80001034 (0xff5ff06f) j       pc - 0xc
core   0: 3 0x80001034 (0xff5ff06f)
core   0: 0x80001028 (0x00100093) li      ra, 1
core   0: 3 0x80001028 (0x00100093) x1  0x00000001
core   0: 0x8000102c (0xffffff17) auipc   t5, 0xfffff
core   0: 3 0x8000102c (0xffffff17) x30 0x8000002c
core   0: 0x80001030 (0xfc1f2a23) sw      ra, -44(t5)
core   0: 3 0x80001030 (0xfc1f2a23) mem 0x80000000 0x00000001
core   0: 0x80001034 (0xff5ff06f) j       pc - 0xc
core   0: 3 0x80001034 (0xff5ff06f)
core   0: 0x80001028 (0x00100093) li      ra, 1
core   0: 3 0x80001028 (0x00100093) x1  0x00000001
core   0: 0x8000102c (0xffffff17) auipc   t5, 0xfffff
core   0: 3 0x8000102c (0xffffff17) x30 0x8000002c
core   0: 0x80001030 (0xfc1f2a23) sw      ra, -44(t5)
core   0: 3 0x80001030 (0xfc1f2a23) mem 0x80000000 0x00000001
core   0: 0x80001034 (0xff5ff06f) j       pc - 0xc
core   0: 3 0x80001034 (0xff5ff06f)
core   0: 0x80001028 (0x00100093) li      ra, 1
core   0: 3 0x80001028 (0x00100093) x1  0x00000001
core   0: 0x8000102c (0xffffff17) auipc   t5, 0xfffff
core   0: 3 0x8000102c (0xffffff17) x30 0x8000002c
core   0: 0x80001030 (0xfc1f2a23) sw      ra, -44(t5)
core   0: 3 0x80001030 (0xfc1f2a23) mem 0x80000000 0x00000001
core   0: 0x80001034 (0xff5ff06f) j       pc - 0xc
core   0: 3 0x80001034 (0xff5ff06f)
core   0: 0x80001028 (0x00100093) li      ra, 1
core   0: 3 0x80001028 (0x00100093) x1  0x00000001
core   0: 0x8000102c (0xffffff17) auipc   t5, 0xfffff
core   0: 3 0x8000102c (0xffffff17) x30 0x8000002c
core   0: 0x80001030 (0xfc1f2a23) sw      ra, -44(t5)
core   0: 3 0x80001030 (0xfc1f2a23) mem 0x80000000 0x00000001
core   0: 0x80001034 (0xff5ff06f) j       pc - 0xc
core   0: 3 0x80001034 (0xff5ff06f)
core   0: 0x80001028 (0x00100093) li      ra, 1
core   0: 3 0x80001028 (0x00100093) x1  0x00000001
core   0: 0x8000102c (0xffffff17) auipc   t5, 0xfffff
core   0: 3 0x8000102c (0xffffff17) x30 0x8000002c
core   0: 0x80001030 (0xfc1f2a23) sw      ra, -44(t5)
core   0: 3 0x80001030 (0xfc1f2a23) mem 0x80000000 0x00000001
core   0: 0x80001034 (0xff5ff06f) j       pc - 0xc
core   0: 3 0x80001034 (0xff5ff06f)
core   0: 0x80001028 (0x00100093) li      ra, 1
core   0: 3 0x80001028 (0x00100093) x1  0x00000001
core   0: 0x8000102c (0xffffff17) auipc   t5, 0xfffff
core   0: 3 0x8000102c (0xffffff17) x30 0x8000002c
core   0: 0x80001030 (0xfc1f2a23) sw      ra, -44(t5)
core   0: 3 0x80001030 (0xfc1f2a23) mem 0x80000000 0x00000001
core   0: 0x80001034 (0xff5ff06f) j       pc - 0xc
core   0: 3 0x80001034 (0xff5ff06f)
core   0: 0x80001028 (0x00100093) li      ra, 1
core   0: 3 0x80001028 (0x00100093) x1  0x00000001
core   0: 0x8000102c (0xffffff17) auipc   t5, 0xfffff
core   0: 3 0x8000102c (0xffffff17) x30 0x8000002c
core   0: 0x80001030 (0xfc1f2a23) sw      ra, -44(t5)
core   0: 3 0x80001030 (0xfc1f2a23) mem 0x80000000 0x00000001
core   0: 0x80001034 (0xff5ff06f) j       pc - 0xc
core   0: 3 0x80001034 (0xff5ff06f)
core   0: 0x80001028 (0x00100093) li      ra, 1
core   0: 3 0x80001028 (0x00100093) x1  0x00000001
core   0: 0x8000102c (0xffffff17) auipc   t5, 0xfffff
core   0: 3 0x8000102c (0xffffff17) x30 0x8000002c
core   0: 0x80001030 (0xfc1f2a23) sw      ra, -44(t5)
core   0: 3 0x80001030 (0xfc1f2a23) mem 0x80000000 0x00000001
core   0: 0x80001034 (0xff5ff06f) j       pc - 0xc
core   0: 3 0x80001034 (0xff5ff06f)
core   0: 0x80001028 (0x00100093) li      ra, 1
core   0: 3 0x80001028 (0x00100093) x1  0x00000001
core   0: 0x8000102c (0xffffff17) auipc   t5, 0xfffff
core   0: 3 0x8000102c (0xffffff17) x30 0x8000002c
core   0: 0x80001030 (0xfc1f2a23) sw      ra, -44(t5)
core   0: 3 0x80001030 (0xfc1f2a23) mem 0x80000000 0x00000001
core   0: 0x80001034 (0xff5ff06f) j       pc - 0xc
core   0: 3 0x80001034 (0xff5ff06f)
core   0: 0x80001028 (0x00100093) li      ra, 1
core   0: 3 0x80001028 (0x00100093) x1  0x00000001
core   0: 0x8000102c (0xffffff17) auipc   t5, 0xfffff
core   0: 3 0x8000102c (0xffffff17) x30 0x8000002c
core   0: 0x80001030 (0xfc1f2a23) sw      ra, -44(t5)
core   0: 3 0x80001030 (0xfc1f2a23) mem 0x80000000 0x00000001
core   0: 0x80001034 (0xff5ff06f) j       pc - 0xc
core   0: 3 0x80001034 (0xff5ff06f)
core   0: 0x80001028 (0x00100093) li      ra, 1
core   0: 3 0x80001028 (0x00100093) x1  0x00000001
core   0: 0x8000102c (0xffffff17) auipc   t5, 0xfffff
core   0: 3 0x8000102c (0xffffff17) x30 0x8000002c
core   0: 0x80001030 (0xfc1f2a23) sw      ra, -44(t5)
core   0: 3 0x80001030 (0xfc1f2a23) mem 0x80000000 0x00000001
core   0: 0x80001034 (0xff5ff06f) j       pc - 0xc
core   0: 3 0x80001034 (0xff5ff06f)
core   0: 0x80001028 (0x00100093) li      ra, 1
core   0: 3 0x80001028 (0x00100093) x1  0x00000001
core   0: 0x8000102c (0xffffff17) auipc   t5, 0xfffff
core   0: 3 0x8000102c (0xffffff17) x30 0x8000002c
core   0: 0x80001030 (0xfc1f2a23) sw      ra, -44(t5)
core   0: 3 0x80001030 (0xfc1f2a23) mem 0x80000000 0x00000001
core   0: 0x80001034 (0xff5ff06f) j       pc - 0xc
core   0: 3 0x80001034 (0xff5ff06f)
core   0: 0x80001028 (0x00100093) li      ra, 1
core   0: 3 0x80001028 (0x00100093) x1  0x00000001
core   0: 0x8000102c (0xffffff17) auipc   t5, 0xfffff
core   0: 3 0x8000102c (0xffffff17) x30 0x8000002c
core   0: 0x80001030 (0xfc1f2a23) sw      ra, -44(t5)
core   0: 3 0x80001030 (0xfc1f2a23) mem 0x80000000 0x00000001
core   0: 0x80001034 (0xff5ff06f) j       pc - 0xc
core   0: 3 0x80001034 (0xff5ff06f)
core   0: 0x80001028 (0x00100093) li      ra, 1
core   0: 3 0x80001028 (0x00100093) x1  0x00000001
core   0: 0x8000102c (0xffffff17) auipc   t5, 0xfffff
core   0: 3 0x8000102c (0xffffff17) x30 0x8000002c
core   0: 0x80001030 (0xfc1f2a23) sw      ra, -44(t5)
core   0: 3 0x80001030 (0xfc1f2a23) mem 0x80000000 0x00000001
core   0: 0x80001034 (0xff5ff06f) j       pc - 0xc
core   0: 3 0x80001034 (0xff5ff06f)
core   0: 0x80001028 (0x00100093) li      ra, 1
core   0: 3 0x80001028 (0x00100093) x1  0x00000001
core   0: 0x8000102c (0xffffff17) auipc   t5, 0xfffff
core   0: 3 0x8000102c (0xffffff17) x30 0x8000002c
core   0: 0x80001030 (0xfc1f2a23) sw      ra, -44(t5)
core   0: 3 0x80001030 (0xfc1f2a23) mem 0x80000000 0x00000001
core   0: 0x80001034 (0xff5ff06f) j       pc - 0xc
core   0: 3 0x80001034 (0xff5ff06f)
core   0: 0x80001028 (0x00100093) li      ra, 1
core   0: 3 0x80001028 (0x00100093) x1  0x00000001
core   0: 0x8000102c (0xffffff17) auipc   t5, 0xfffff
core   0: 3 0x8000102c (0xffffff17) x30 0x8000002c
core   0: 0x80001030 (0xfc1f2a23) sw      ra, -44(t5)
core   0: 3 0x80001030 (0xfc1f2a23) mem 0x80000000 0x00000001
core   0: 0x80001034 (0xff5ff06f) j       pc - 0xc
core   0: 3 0x80001034 (0xff5ff06f)
core   0: 0x80001028 (0x00100093) li      ra, 1
core   0: 3 0x80001028 (0x00100093) x1  0x00000001
core   0: 0x8000102c (0xffffff17) auipc   t5, 0xfffff
core   0: 3 0x8000102c (0xffffff17) x30 0x8000002c
core   0: 0x80001030 (0xfc1f2a23) sw      ra, -44(t5)
core   0: 3 0x80001030 (0xfc1f2a23) mem 0x80000000 0x00000001
core   0: 0x80001034 (0xff5ff06f) j       pc - 0xc
core   0: 3 0x80001034 (0xff5ff06f)
core   0: 0x80001028 (0x00100093) li      ra, 1
core   0: 3 0x80001028 (0x00100093) x1  0x00000001
core   0: 0x8000102c (0xffffff17) auipc   t5, 0xfffff
core   0: 3 0x8000102c (0xffffff17) x30 0x8000002c
core   0: 0x80001030 (0xfc1f2a23) sw      ra, -44(t5)
core   0: 3 0x80001030 (0xfc1f2a23) mem 0x80000000 0x00000001
core   0: 0x80001034 (0xff5ff06f) j       pc - 0xc
core   0: 3 0x80001034 (0xff5ff06f)
core   0: 0x80001028 (0x00100093) li      ra, 1
core   0: 3 0x80001028 (0x00100093) x1  0x00000001
core   0: 0x8000102c (0xffffff17) auipc   t5, 0xfffff
core   0: 3 0x8000102c (0xffffff17) x30 0x8000002c
core   0: 0x80001030 (0xfc1f2a23) sw      ra, -44(t5)
core   0: 3 0x80001030 (0xfc1f2a23) mem 0x80000000 0x00000001
core   0: 0x80001034 (0xff5ff06f) j       pc - 0xc
core   0: 3 0x80001034 (0xff5ff06f)
core   0: 0x80001028 (0x00100093) li      ra, 1
core   0: 3 0x80001028 (0x00100093) x1  0x00000001
core   0: 0x8000102c (0xffffff17) auipc   t5, 0xfffff
core   0: 3 0x8000102c (0xffffff17) x30 0x8000002c
core   0: 0x80001030 (0xfc1f2a23) sw      ra, -44(t5)
core   0: 3 0x80001030 (0xfc1f2a23) mem 0x80000000 0x00000001
core   0: 0x80001034 (0xff5ff06f) j       pc - 0xc
core   0: 3 0x80001034 (0xff5ff06f)
core   0: 0x80001028 (0x00100093) li      ra, 1
core   0: 3 0x80001028 (0x00100093) x1  0x00000001
core   0: 0x8000102c (0xffffff17) auipc   t5, 0xfffff
core   0: 3 0x8000102c (0xffffff17) x30 0x8000002c
core   0: 0x80001030 (0xfc1f2a23) sw      ra, -44(t5)
core   0: 3 0x80001030 (0xfc1f2a23) mem 0x80000000 0x00000001
core   0: 0x80001034 (0xff5ff06f) j       pc - 0xc
core   0: 3 0x80001034 (0xff5ff06f)
core   0: 0x80001028 (0x00100093) li      ra, 1
core   0: 3 0x80001028 (0x00100093) x1  0x00000001
core   0: 0x8000102c (0xffffff17) auipc   t5, 0xfffff
core   0: 3 0x8000102c (0xffffff17) x30 0x8000002c
core   0: 0x80001030 (0xfc1f2a23) sw      ra, -44(t5)
core   0: 3 0x80001030 (0xfc1f2a23) mem 0x80000000 0x00000001
core   0: 0x80001034 (0xff5ff06f) j       pc - 0xc
core   0: 3 0x80001034 (0xff5ff06f)
core   0: 0x80001028 (0x00100093) li      ra, 1
core   0: 3 0x80001028 (0x00100093) x1  0x00000001
core   0: 0x8000102c (0xffffff17) auipc   t5, 0xfffff
core   0: 3 0x8000102c (0xffffff17) x30 0x8000002c
core   0: 0x80001030 (0xfc1f2a23) sw      ra, -44(t5)
core   0: 3 0x80001030 (0xfc1f2a23) mem 0x80000000 0x00000001
core   0: 0x80001034 (0xff5ff06f) j       pc - 0xc
core   0: 3 0x80001034 (0xff5ff06f)
core   0: 0x80001028 (0x00100093) li      ra, 1
core   0: 3 0x80001028 (0x00100093) x1  0x00000001
core   0: 0x8000102c (0xffffff17) auipc   t5, 0xfffff
core   0: 3 0x8000102c (0xffffff17) x30 0x8000002c
core   0: 0x80001030 (0xfc1f2a23) sw      ra, -44(t5)
core   0: 3 0x80001030 (0xfc1f2a23) mem 0x80000000 0x00000001
core   0: 0x80001034 (0xff5ff06f) j       pc - 0xc
core   0: 3 0x80001034 (0xff5ff06f)
core   0: 0x80001028 (0x00100093) li      ra, 1
core   0: 3 0x80001028 (0x00100093) x1  0x00000001
core   0: 0x8000102c (0xffffff17) auipc   t5, 0xfffff
core   0: 3 0x8000102c (0xffffff17) x30 0x8000002c
core   0: 0x80001030 (0xfc1f2a23) sw      ra, -44(t5)
core   0: 3 0x80001030 (0xfc1f2a23) mem 0x80000000 0x00000001
core   0: 0x80001034 (0xff5ff06f) j       pc - 0xc
core   0: 3 0x80001034 (0xff5ff06f)
core   0: 0x80001028 (0x00100093) li      ra, 1
core   0: 3 0x80001028 (0x00100093) x1  0x00000001
core   0: 0x8000102c (0xffffff17) auipc   t5, 0xfffff
core   0: 3 0x8000102c (0xffffff17) x30 0x8000002c
core   0: 0x80001030 (0xfc1f2a23) sw      ra, -44(t5)
core   0: 3 0x80001030 (0xfc1f2a23) mem 0x80000000 0x00000001
core   0: 0x80001034 (0xff5ff06f) j       pc - 0xc
core   0: 3 0x80001034 (0xff5ff06f)
core   0: 0x80001028 (0x00100093) li      ra, 1
core   0: 3 0x80001028 (0x00100093) x1  0x00000001
core   0: 0x8000102c (0xffffff17) auipc   t5, 0xfffff
core   0: 3 0x8000102c (0xffffff17) x30 0x8000002c
core   0: 0x80001030 (0xfc1f2a23) sw      ra, -44(t5)
core   0: 3 0x80001030 (0xfc1f2a23) mem 0x80000000 0x00000001
core   0: 0x80001034 (0xff5ff06f) j       pc - 0xc
core   0: 3 0x80001034 (0xff5ff06f)
core   0: 0x80001028 (0x00100093) li      ra, 1
core   0: 3 0x80001028 (0x00100093) x1  0x00000001
core   0: 0x8000102c (0xffffff17) auipc   t5, 0xfffff
core   0: 3 0x8000102c (0xffffff17) x30 0x8000002c
core   0: 0x80001030 (0xfc1f2a23) sw      ra, -44(t5)
core   0: 3 0x80001030 (0xfc1f2a23) mem 0x80000000 0x00000001
core   0: 0x80001034 (0xff5ff06f) j       pc - 0xc
core   0: 3 0x80001034 (0xff5ff06f)
core   0: 0x80001028 (0x00100093) li      ra, 1
core   0: 3 0x80001028 (0x00100093) x1  0x00000001
core   0: 0x8000102c (0xffffff17) auipc   t5, 0xfffff
core   0: 3 0x8000102c (0xffffff17) x30 0x8000002c
core   0: 0x80001030 (0xfc1f2a23) sw      ra, -44(t5)
core   0: 3 0x80001030 (0xfc1f2a23) mem 0x80000000 0x00000001
core   0: 0x80001034 (0xff5ff06f) j       pc - 0xc
core   0: 3 0x80001034 (0xff5ff06f)
core   0: 0x80001028 (0x00100093) li      ra, 1
core   0: 3 0x80001028 (0x00100093) x1  0x00000001
core   0: 0x8000102c (0xffffff17) auipc   t5, 0xfffff
core   0: 3 0x8000102c (0xffffff17) x30 0x8000002c
core   0: 0x80001030 (0xfc1f2a23) sw      ra, -44(t5)
core   0: 3 0x80001030 (0xfc1f2a23) mem 0x80000000 0x00000001
core   0: 0x80001034 (0xff5ff06f) j       pc - 0xc
core   0: 3 0x80001034 (0xff5ff06f)
core   0: 0x80001028 (0x00100093) li      ra, 1
core   0: 3 0x80001028 (0x00100093) x1  0x00000001
core   0: 0x8000102c (0xffffff17) auipc   t5, 0xfffff
core   0: 3 0x8000102c (0xffffff17) x30 0x8000002c
core   0: 0x80001030 (0xfc1f2a23) sw      ra, -44(t5)
core   0: 3 0x80001030 (0xfc1f2a23) mem 0x80000000 0x00000001
core   0: 0x80001034 (0xff5ff06f) j       pc - 0xc
core   0: 3 0x80001034 (0xff5ff06f)
core   0: 0x80001028 (0x00100093) li      ra, 1
core   0: 3 0x80001028 (0x00100093) x1  0x00000001
core   0: 0x8000102c (0xffffff17) auipc   t5, 0xfffff
core   0: 3 0x8000102c (0xffffff17) x30 0x8000002c
core   0: 0x80001030 (0xfc1f2a23) sw      ra, -44(t5)
core   0: 3 0x80001030 (0xfc1f2a23) mem 0x80000000 0x00000001
core   0: 0x80001034 (0xff5ff06f) j       pc - 0xc
core   0: 3 0x80001034 (0xff5ff06f)
core   0: 0x80001028 (0x00100093) li      ra, 1
core   0: 3 0x80001028 (0x00100093) x1  0x00000001
core   0: 0x8000102c (0xffffff17) auipc   t5, 0xfffff
core   0: 3 0x8000102c (0xffffff17) x30 0x8000002c
core   0: 0x80001030 (0xfc1f2a23) sw      ra, -44(t5)
core   0: 3 0x80001030 (0xfc1f2a23) mem 0x80000000 0x00000001
core   0: 0x80001034 (0xff5ff06f) j       pc - 0xc
core   0: 3 0x80001034 (0xff5ff06f)
core   0: 0x80001028 (0x00100093) li      ra, 1
core   0: 3 0x80001028 (0x00100093) x1  0x00000001
core   0: 0x8000102c (0xffffff17) auipc   t5, 0xfffff
core   0: 3 0x8000102c (0xffffff17) x30 0x8000002c
core   0: 0x80001030 (0xfc1f2a23) sw      ra, -44(t5)
core   0: 3 0x80001030 (0xfc1f2a23) mem 0x80000000 0x00000001
core   0: 0x80001034 (0xff5ff06f) j       pc - 0xc
core   0: 3 0x80001034 (0xff5ff06f)
core   0: 0x80001028 (0x00100093) li      ra, 1
core   0: 3 0x80001028 (0x00100093) x1  0x00000001
core   0: 0x8000102c (0xffffff17) auipc   t5, 0xfffff
core   0: 3 0x8000102c (0xffffff17) x30 0x8000002c
core   0: 0x80001030 (0xfc1f2a23) sw      ra, -44(t5)
core   0: 3 0x80001030 (0xfc1f2a23) mem 0x80000000 0x00000001
core   0: 0x80001034 (0xff5ff06f) j       pc - 0xc
core   0: 3 0x80001034 (0xff5ff06f)
core   0: 0x80001028 (0x00100093) li      ra, 1
core   0: 3 0x80001028 (0x00100093) x1  0x00000001
core   0: 0x8000102c (0xffffff17) auipc   t5, 0xfffff
core   0: 3 0x8000102c (0xffffff17) x30 0x8000002c
core   0: 0x80001030 (0xfc1f2a23) sw      ra, -44(t5)
core   0: 3 0x80001030 (0xfc1f2a23) mem 0x80000000 0x00000001
core   0: 0x80001034 (0xff5ff06f) j       pc - 0xc
core   0: 3 0x80001034 (0xff5ff06f)
core   0: 0x80001028 (0x00100093) li      ra, 1
core   0: 3 0x80001028 (0x00100093) x1  0x00000001
core   0: 0x8000102c (0xffffff17) auipc   t5, 0xfffff
core   0: 3 0x8000102c (0xffffff17) x30 0x8000002c
core   0: 0x80001030 (0xfc1f2a23) sw      ra, -44(t5)
core   0: 3 0x80001030 (0xfc1f2a23) mem 0x80000000 0x00000001
core   0: 0x80001034 (0xff5ff06f) j       pc - 0xc
core   0: 3 0x80001034 (0xff5ff06f)
core   0: 0x80001028 (0x00100093) li      ra, 1
core   0: 3 0x80001028 (0x00100093) x1  0x00000001
core   0: 0x8000102c (0xffffff17) auipc   t5, 0xfffff
core   0: 3 0x8000102c (0xffffff17) x30 0x8000002c
core   0: 0x80001030 (0xfc1f2a23) sw      ra, -44(t5)
core   0: 3 0x80001030 (0xfc1f2a23) mem 0x80000000 0x00000001
core   0: 0x80001034 (0xff5ff06f) j       pc - 0xc
core   0: 3 0x80001034 (0xff5ff06f)
core   0: 0x80001028 (0x00100093) li      ra, 1
core   0: 3 0x80001028 (0x00100093) x1  0x00000001
core   0: 0x8000102c (0xffffff17) auipc   t5, 0xfffff
core   0: 3 0x8000102c (0xffffff17) x30 0x8000002c
core   0: 0x80001030 (0xfc1f2a23) sw      ra, -44(t5)
core   0: 3 0x80001030 (0xfc1f2a23) mem 0x80000000 0x00000001
core   0: 0x80001034 (0xff5ff06f) j       pc - 0xc
core   0: 3 0x80001034 (0xff5ff06f)
core   0: 0x80001028 (0x00100093) li      ra, 1
core   0: 3 0x80001028 (0x00100093) x1  0x00000001
core   0: 0x8000102c (0xffffff17) auipc   t5, 0xfffff
core   0: 3 0x8000102c (0xffffff17) x30 0x8000002c
core   0: 0x80001030 (0xfc1f2a23) sw      ra, -44(t5)
core   0: 3 0x80001030 (0xfc1f2a23) mem 0x80000000 0x00000001
core   0: 0x80001034 (0xff5ff06f) j       pc - 0xc
core   0: 3 0x80001034 (0xff5ff06f)
core   0: 0x80001028 (0x00100093) li      ra, 1
core   0: 3 0x80001028 (0x00100093) x1  0x00000001
core   0: 0x8000102c (0xffffff17) auipc   t5, 0xfffff
core   0: 3 0x8000102c (0xffffff17) x30 0x8000002c
core   0: 0x80001030 (0xfc1f2a23) sw      ra, -44(t5)
core   0: 3 0x80001030 (0xfc1f2a23) mem 0x80000000 0x00000001
core   0: 0x80001034 (0xff5ff06f) j       pc - 0xc
core   0: 3 0x80001034 (0xff5ff06f)
core   0: 0x80001028 (0x00100093) li      ra, 1
core   0: 3 0x80001028 (0x00100093) x1  0x00000001
core   0: 0x8000102c (0xffffff17) auipc   t5, 0xfffff
core   0: 3 0x8000102c (0xffffff17) x30 0x8000002c
core   0: 0x80001030 (0xfc1f2a23) sw      ra, -44(t5)
core   0: 3 0x80001030 (0xfc1f2a23) mem 0x80000000 0x00000001
core   0: 0x80001034 (0xff5ff06f) j       pc - 0xc
core   0: 3 0x80001034 (0xff5ff06f)
core   0: 0x80001028 (0x00100093) li      ra, 1
core   0: 3 0x80001028 (0x00100093) x1  0x00000001
core   0: 0x8000102c (0xffffff17) auipc   t5, 0xfffff
core   0: 3 0x8000102c (0xffffff17) x30 0x8000002c
core   0: 0x80001030 (0xfc1f2a23) sw      ra, -44(t5)
core   0: 3 0x80001030 (0xfc1f2a23) mem 0x80000000 0x00000001
core   0: 0x80001034 (0xff5ff06f) j       pc - 0xc
core   0: 3 0x80001034 (0xff5ff06f)
core   0: 0x80001028 (0x00100093) li      ra, 1
core   0: 3 0x80001028 (0x00100093) x1  0x00000001
core   0: 0x8000102c (0xffffff17) auipc   t5, 0xfffff
core   0: 3 0x8000102c (0xffffff17) x30 0x8000002c
core   0: 0x80001030 (0xfc1f2a23) sw      ra, -44(t5)
core   0: 3 0x80001030 (0xfc1f2a23) mem 0x80000000 0x00000001
core   0: 0x80001034 (0xff5ff06f) j       pc - 0xc
core   0: 3 0x80001034 (0xff5ff06f)
core   0: 0x80001028 (0x00100093) li      ra, 1
core   0: 3 0x80001028 (0x00100093) x1  0x00000001
core   0: 0x8000102c (0xffffff17) auipc   t5, 0xfffff
core   0: 3 0x8000102c (0xffffff17) x30 0x8000002c
core   0: 0x80001030 (0xfc1f2a23) sw      ra, -44(t5)
core   0: 3 0x80001030 (0xfc1f2a23) mem 0x80000000 0x00000001
core   0: 0x80001034 (0xff5ff06f) j       pc - 0xc
core   0: 3 0x80001034 (0xff5ff06f)
core   0: 0x80001028 (0x00100093) li      ra, 1
core   0: 3 0x80001028 (0x00100093) x1  0x00000001
core   0: 0x8000102c (0xffffff17) auipc   t5, 0xfffff
core   0: 3 0x8000102c (0xffffff17) x30 0x8000002c
core   0: 0x80001030 (0xfc1f2a23) sw      ra, -44(t5)
core   0: 3 0x80001030 (0xfc1f2a23) mem 0x80000000 0x00000001
core   0: 0x80001034 (0xff5ff06f) j       pc - 0xc
core   0: 3 0x80001034 (0xff5ff06f)
core   0: 0x80001028 (0x00100093) li      ra, 1
core   0: 3 0x80001028 (0x00100093) x1  0x00000001
core   0: 0x8000102c (0xffffff17) auipc   t5, 0xfffff
core   0: 3 0x8000102c (0xffffff17) x30 0x8000002c
core   0: 0x80001030 (0xfc1f2a23) sw      ra, -44(t5)
core   0: 3 0x80001030 (0xfc1f2a23) mem 0x80000000 0x00000001
core   0: 0x80001034 (0xff5ff06f) j       pc - 0xc
core   0: 3 0x80001034 (0xff5ff06f)
core   0: 0x80001028 (0x00100093) li      ra, 1
core   0: 3 0x80001028 (0x00100093) x1  0x00000001
core   0: 0x8000102c (0xffffff17) auipc   t5, 0xfffff
core   0: 3 0x8000102c (0xffffff17) x30 0x8000002c
core   0: 0x80001030 (0xfc1f2a23) sw      ra, -44(t5)
core   0: 3 0x80001030 (0xfc1f2a23) mem 0x80000000 0x00000001
core   0: 0x80001034 (0xff5ff06f) j       pc - 0xc
core   0: 3 0x80001034 (0xff5ff06f)
core   0: 0x80001028 (0x00100093) li      ra, 1
core   0: 3 0x80001028 (0x00100093) x1  0x00000001
core   0: 0x8000102c (0xffffff17) auipc   t5, 0xfffff
core   0: 3 0x8000102c (0xffffff17) x30 0x8000002c
core   0: 0x80001030 (0xfc1f2a23) sw      ra, -44(t5)
core   0: 3 0x80001030 (0xfc1f2a23) mem 0x80000000 0x00000001
core   0: 0x80001034 (0xff5ff06f) j       pc - 0xc
core   0: 3 0x80001034 (0xff5ff06f)
core   0: 0x80001028 (0x00100093) li      ra, 1
core   0: 3 0x80001028 (0x00100093) x1  0x00000001
core   0: 0x8000102c (0xffffff17) auipc   t5, 0xfffff
core   0: 3 0x8000102c (0xffffff17) x30 0x8000002c
core   0: 0x80001030 (0xfc1f2a23) sw      ra, -44(t5)
core   0: 3 0x80001030 (0xfc1f2a23) mem 0x80000000 0x00000001
core   0: 0x80001034 (0xff5ff06f) j       pc - 0xc
core   0: 3 0x80001034 (0xff5ff06f)
core   0: 0x80001028 (0x00100093) li      ra, 1
core   0: 3 0x80001028 (0x00100093) x1  0x00000001
core   0: 0x8000102c (0xffffff17) auipc   t5, 0xfffff
core   0: 3 0x8000102c (0xffffff17) x30 0x8000002c
core   0: 0x80001030 (0xfc1f2a23) sw      ra, -44(t5)
core   0: 3 0x80001030 (0xfc1f2a23) mem 0x80000000 0x00000001
core   0: 0x80001034 (0xff5ff06f) j       pc - 0xc
core   0: 3 0x80001034 (0xff5ff06f)
core   0: 0x80001028 (0x00100093) li      ra, 1
core   0: 3 0x80001028 (0x00100093) x1  0x00000001
core   0: 0x8000102c (0xffffff17) auipc   t5, 0xfffff
core   0: 3 0x8000102c (0xffffff17) x30 0x8000002c
core   0: 0x80001030 (0xfc1f2a23) sw      ra, -44(t5)
core   0: 3 0x80001030 (0xfc1f2a23) mem 0x80000000 0x00000001
core   0: 0x80001034 (0xff5ff06f) j       pc - 0xc
core   0: 3 0x80001034 (0xff5ff06f)
core   0: 0x80001028 (0x00100093) li      ra, 1
core   0: 3 0x80001028 (0x00100093) x1  0x00000001
